[ +162 ms] Artifact Instance of 'MaterialFonts' is not required, skipping update.
[   +2 ms] Artifact Instance of 'GradleWrapper' is not required, skipping update.
[        ] Artifact Instance of 'AndroidGenSnapshotArtifacts' is not required, skipping update.
[        ] Artifact Instance of 'AndroidInternalBuildArtifacts' is not required, skipping update.
[        ] Artifact Instance of 'IOSEngineArtifacts' is not required, skipping update.
[        ] Artifact Instance of 'FlutterWebSdk' is not required, skipping update.
[        ] Artifact Instance of 'LegacyCanvasKitRemover' is not required, skipping update.
[        ] Artifact Instance of 'FlutterSdk' is not required, skipping update.
[        ] Artifact Instance of 'WindowsEngineArtifacts' is not required, skipping update.
[        ] Artifact Instance of 'MacOSEngineArtifacts' is not required, skipping update.
[        ] Artifact Instance of 'LinuxEngineArtifacts' is not required, skipping update.
[        ] Artifact Instance of 'LinuxFuchsiaSDKArtifacts' is not required, skipping update.
[        ] Artifact Instance of 'MacOSFuchsiaSDKArtifacts' is not required, skipping update.
[        ] Artifact Instance of 'FlutterRunnerSDKArtifacts' is not required, skipping update.
[        ] Artifact Instance of 'FlutterRunnerDebugSymbols' is not required, skipping update.
[        ] Artifact Instance of 'IosUsbArtifacts' is not required, skipping update.
[        ] Artifact Instance of 'IosUsbArtifacts' is not required, skipping update.
[        ] Artifact Instance of 'IosUsbArtifacts' is not required, skipping update.
[        ] Artifact Instance of 'IosUsbArtifacts' is not required, skipping update.
[        ] Artifact Instance of 'IosUsbArtifacts' is not required, skipping update.
[        ] Artifact Instance of 'IosUsbArtifacts' is not required, skipping update.
[        ] Artifact Instance of 'FontSubsetArtifacts' is not required, skipping update.
[        ] Artifact Instance of 'PubDependencies' is not required, skipping update.
[        ] executing: [C:\src\flutter/] git -c log.showSignature=false log HEAD -n 1 --pretty=format:%ad --date=iso
[  +68 ms] Exit code 0 from: git -c log.showSignature=false log HEAD -n 1 --pretty=format:%ad --date=iso
[        ] 2026-03-17 16:14:01 -0700
[  +25 ms] Artifact Instance of 'AndroidGenSnapshotArtifacts' is not required, skipping update.
[        ] Artifact Instance of 'AndroidInternalBuildArtifacts' is not required, skipping update.
[        ] Artifact Instance of 'IOSEngineArtifacts' is not required, skipping update.
[        ] Artifact Instance of 'FlutterWebSdk' is not required, skipping update.
[        ] Artifact Instance of 'FlutterEngineStamp' is not required, skipping update.
[        ] Artifact Instance of 'LegacyCanvasKitRemover' is not required, skipping update.
[   +2 ms] Artifact Instance of 'WindowsEngineArtifacts' is not required, skipping update.
[        ] Artifact Instance of 'MacOSEngineArtifacts' is not required, skipping update.
[        ] Artifact Instance of 'LinuxEngineArtifacts' is not required, skipping update.
[        ] Artifact Instance of 'LinuxFuchsiaSDKArtifacts' is not required, skipping update.
[        ] Artifact Instance of 'MacOSFuchsiaSDKArtifacts' is not required, skipping update.
[        ] Artifact Instance of 'FlutterRunnerSDKArtifacts' is not required, skipping update.
[        ] Artifact Instance of 'FlutterRunnerDebugSymbols' is not required, skipping update.
[  +44 ms] executing: C:\Users\H\AppData\Local\Android\Sdk\platform-tools\adb.exe devices -l
[  +63 ms] List of devices attached
           R58M88A642L            device product:a20dv model:SM_A205YN device:a20 transport_id:4
[   +4 ms] C:\Users\H\AppData\Local\Android\Sdk\platform-tools\adb.exe -s R58M88A642L shell getprop
[ +141 ms] Artifact Instance of 'AndroidInternalBuildArtifacts' is not required, skipping update.
[        ] Artifact Instance of 'IOSEngineArtifacts' is not required, skipping update.
[        ] Artifact Instance of 'FlutterWebSdk' is not required, skipping update.
[        ] Artifact Instance of 'FlutterEngineStamp' is not required, skipping update.
[        ] Artifact Instance of 'LegacyCanvasKitRemover' is not required, skipping update.
[   +1 ms] Artifact Instance of 'WindowsEngineArtifacts' is not required, skipping update.
[        ] Artifact Instance of 'MacOSEngineArtifacts' is not required, skipping update.
[        ] Artifact Instance of 'LinuxEngineArtifacts' is not required, skipping update.
[        ] Artifact Instance of 'LinuxFuchsiaSDKArtifacts' is not required, skipping update.
[        ] Artifact Instance of 'MacOSFuchsiaSDKArtifacts' is not required, skipping update.
[        ] Artifact Instance of 'FlutterRunnerSDKArtifacts' is not required, skipping update.
[        ] Artifact Instance of 'FlutterRunnerDebugSymbols' is not required, skipping update.
[  +96 ms] Skipping pub get: version match.
[  +82 ms] Found plugin integration_test at C:\src\flutter\packages\integration_test\
[  +53 ms] Found plugin workmanager at C:\Users\H\AppData\Local\Pub\Cache\hosted\pub.dev\workmanager-0.9.0+3\
[   +2 ms] Found plugin workmanager_apple at C:\Users\H\AppData\Local\Pub\Cache\hosted\pub.dev\workmanager_apple-0.9.1+2\
[   +1 ms] Found plugin workmanager_android at C:\Users\H\AppData\Local\Pub\Cache\hosted\pub.dev\workmanager_android-0.9.0+2\
[   +2 ms] Found plugin url_launcher at C:\Users\H\AppData\Local\Pub\Cache\hosted\pub.dev\url_launcher-6.3.2\
[   +1 ms] Found plugin url_launcher_windows at C:\Users\H\AppData\Local\Pub\Cache\hosted\pub.dev\url_launcher_windows-3.1.5\
[   +2 ms] Found plugin url_launcher_web at C:\Users\H\AppData\Local\Pub\Cache\hosted\pub.dev\url_launcher_web-2.4.2\
[   +4 ms] Found plugin url_launcher_macos at C:\Users\H\AppData\Local\Pub\Cache\hosted\pub.dev\url_launcher_macos-3.2.5\
[   +1 ms] Found plugin url_launcher_linux at C:\Users\H\AppData\Local\Pub\Cache\hosted\pub.dev\url_launcher_linux-3.2.2\
[   +1 ms] Found plugin url_launcher_ios at C:\Users\H\AppData\Local\Pub\Cache\hosted\pub.dev\url_launcher_ios-6.4.1\
[   +1 ms] Found plugin url_launcher_android at C:\Users\H\AppData\Local\Pub\Cache\hosted\pub.dev\url_launcher_android-6.3.29\
[  +18 ms] Found plugin shared_preferences at C:\Users\H\AppData\Local\Pub\Cache\hosted\pub.dev\shared_preferences-2.5.5\
[   +1 ms] Found plugin shared_preferences_windows at C:\Users\H\AppData\Local\Pub\Cache\hosted\pub.dev\shared_preferences_windows-2.4.1\
[   +2 ms] Found plugin path_provider_windows at C:\Users\H\AppData\Local\Pub\Cache\hosted\pub.dev\path_provider_windows-2.3.0\
[   +2 ms] Found plugin shared_preferences_web at C:\Users\H\AppData\Local\Pub\Cache\hosted\pub.dev\shared_preferences_web-2.4.3\
[   +1 ms] Found plugin shared_preferences_linux at C:\Users\H\AppData\Local\Pub\Cache\hosted\pub.dev\shared_preferences_linux-2.4.1\
[   +1 ms] Found plugin path_provider_linux at C:\Users\H\AppData\Local\Pub\Cache\hosted\pub.dev\path_provider_linux-2.2.1\
[   +2 ms] Found plugin shared_preferences_foundation at C:\Users\H\AppData\Local\Pub\Cache\hosted\pub.dev\shared_preferences_foundation-2.5.6\
[   +1 ms] Found plugin shared_preferences_android at C:\Users\H\AppData\Local\Pub\Cache\hosted\pub.dev\shared_preferences_android-2.4.23\
[   +1 ms] Found plugin path_provider at C:\Users\H\AppData\Local\Pub\Cache\hosted\pub.dev\path_provider-2.1.5\
[   +1 ms] Found plugin path_provider_foundation at C:\Users\H\AppData\Local\Pub\Cache\hosted\pub.dev\path_provider_foundation-2.6.0\
[   +6 ms] Found plugin path_provider_android at C:\Users\H\AppData\Local\Pub\Cache\hosted\pub.dev\path_provider_android-2.2.23\
[   +1 ms] Found plugin app_links at C:\Users\H\AppData\Local\Pub\Cache\hosted\pub.dev\app_links-7.0.0\
[   +1 ms] Found plugin app_links_web at C:\Users\H\AppData\Local\Pub\Cache\hosted\pub.dev\app_links_web-1.0.4\
[   +1 ms] Found plugin app_links_linux at C:\Users\H\AppData\Local\Pub\Cache\hosted\pub.dev\app_links_linux-1.0.3\
[   +1 ms] Found plugin gtk at C:\Users\H\AppData\Local\Pub\Cache\hosted\pub.dev\gtk-2.1.0\
[   +1 ms] Found plugin speech_to_text at C:\Users\H\AppData\Local\Pub\Cache\hosted\pub.dev\speech_to_text-7.3.0\
[   +1 ms] Found plugin speech_to_text_windows at C:\Users\H\AppData\Local\Pub\Cache\hosted\pub.dev\speech_to_text_windows-1.0.0+beta.8\
[   +4 ms] Found plugin share_plus at C:\Users\H\AppData\Local\Pub\Cache\hosted\pub.dev\share_plus-12.0.1\
[   +6 ms] Found plugin sentry_flutter at C:\Users\H\AppData\Local\Pub\Cache\hosted\pub.dev\sentry_flutter-9.16.0\
[   +2 ms] Found plugin package_info_plus at C:\Users\H\AppData\Local\Pub\Cache\hosted\pub.dev\package_info_plus-9.0.0\
[   +2 ms] Found plugin jni at C:\Users\H\AppData\Local\Pub\Cache\hosted\pub.dev\jni-0.14.2\
[   +1 ms] Found plugin record at C:\Users\H\AppData\Local\Pub\Cache\hosted\pub.dev\record-6.2.0\
[   +1 ms] Found plugin record_windows at C:\Users\H\AppData\Local\Pub\Cache\hosted\pub.dev\record_windows-1.0.7\
[   +2 ms] Found plugin record_web at C:\Users\H\AppData\Local\Pub\Cache\hosted\pub.dev\record_web-1.3.0\
[   +1 ms] Found plugin record_macos at C:\Users\H\AppData\Local\Pub\Cache\hosted\pub.dev\record_macos-1.2.1\
[   +1 ms] Found plugin record_linux at C:\Users\H\AppData\Local\Pub\Cache\hosted\pub.dev\record_linux-1.3.0\
[   +1 ms] Found plugin record_ios at C:\Users\H\AppData\Local\Pub\Cache\hosted\pub.dev\record_ios-1.2.0\
[   +1 ms] Found plugin record_android at C:\Users\H\AppData\Local\Pub\Cache\hosted\pub.dev\record_android-1.5.1\
[   +1 ms] Found plugin permission_handler at C:\Users\H\AppData\Local\Pub\Cache\hosted\pub.dev\permission_handler-12.0.1\
[   +1 ms] Found plugin permission_handler_windows at C:\Users\H\AppData\Local\Pub\Cache\hosted\pub.dev\permission_handler_windows-0.2.1\
[   +1 ms] Found plugin permission_handler_html at C:\Users\H\AppData\Local\Pub\Cache\hosted\pub.dev\permission_handler_html-0.1.3+5\
[   +1 ms] Found plugin permission_handler_apple at C:\Users\H\AppData\Local\Pub\Cache\hosted\pub.dev\permission_handler_apple-9.4.7\
[   +1 ms] Found plugin permission_handler_android at C:\Users\H\AppData\Local\Pub\Cache\hosted\pub.dev\permission_handler_android-13.0.1\
[   +4 ms] Found plugin local_auth at C:\Users\H\AppData\Local\Pub\Cache\hosted\pub.dev\local_auth-3.0.1\
[   +1 ms] Found plugin local_auth_windows at C:\Users\H\AppData\Local\Pub\Cache\hosted\pub.dev\local_auth_windows-2.0.1\
[   +2 ms] Found plugin local_auth_darwin at C:\Users\H\AppData\Local\Pub\Cache\hosted\pub.dev\local_auth_darwin-2.0.3\
[   +2 ms] Found plugin local_auth_android at C:\Users\H\AppData\Local\Pub\Cache\hosted\pub.dev\local_auth_android-2.0.7\
[   +1 ms] Found plugin flutter_plugin_android_lifecycle at C:\Users\H\AppData\Local\Pub\Cache\hosted\pub.dev\flutter_plugin_android_lifecycle-2.0.34\
[   +1 ms] Found plugin just_audio at C:\Users\H\AppData\Local\Pub\Cache\hosted\pub.dev\just_audio-0.10.5\
[   +2 ms] Found plugin just_audio_web at C:\Users\H\AppData\Local\Pub\Cache\hosted\pub.dev\just_audio_web-0.4.16\
[   +1 ms] Found plugin audio_session at C:\Users\H\AppData\Local\Pub\Cache\hosted\pub.dev\audio_session-0.2.3\
[   +1 ms] Found plugin haptic_feedback at C:\Users\H\AppData\Local\Pub\Cache\hosted\pub.dev\haptic_feedback-0.6.4+3\
[   +6 ms] Found plugin flutter_secure_storage at C:\Users\H\AppData\Local\Pub\Cache\hosted\pub.dev\flutter_secure_storage-10.0.0\
[   +1 ms] Found plugin flutter_secure_storage_windows at C:\Users\H\AppData\Local\Pub\Cache\hosted\pub.dev\flutter_secure_storage_windows-4.1.0\
[   +1 ms] Found plugin flutter_secure_storage_web at C:\Users\H\AppData\Local\Pub\Cache\hosted\pub.dev\flutter_secure_storage_web-2.1.0\
[   +1 ms] Found plugin flutter_secure_storage_linux at C:\Users\H\AppData\Local\Pub\Cache\hosted\pub.dev\flutter_secure_storage_linux-3.0.0\
[   +1 ms] Found plugin flutter_secure_storage_darwin at C:\Users\H\AppData\Local\Pub\Cache\hosted\pub.dev\flutter_secure_storage_darwin-0.2.0\
[   +1 ms] Found plugin flutter_native_splash at C:\Users\H\AppData\Local\Pub\Cache\hosted\pub.dev\flutter_native_splash-2.4.7\
[   +8 ms] Found plugin flutter_local_notifications at C:\Users\H\AppData\Local\Pub\Cache\hosted\pub.dev\flutter_local_notifications-21.0.0\
[   +1 ms] Found plugin flutter_local_notifications_windows at C:\Users\H\AppData\Local\Pub\Cache\hosted\pub.dev\flutter_local_notifications_windows-3.0.0\
[   +2 ms] Found plugin flutter_local_notifications_linux at C:\Users\H\AppData\Local\Pub\Cache\hosted\pub.dev\flutter_local_notifications_linux-8.0.0\
[  +15 ms] Found plugin device_info_plus at C:\Users\H\AppData\Local\Pub\Cache\hosted\pub.dev\device_info_plus-12.3.0\
[   +3 ms] Found plugin connectivity_plus at C:\Users\H\AppData\Local\Pub\Cache\hosted\pub.dev\connectivity_plus-7.0.0\
[   +2 ms] Found plugin battery_plus at C:\Users\H\AppData\Local\Pub\Cache\hosted\pub.dev\battery_plus-7.0.0\
[  +62 ms] Found plugin integration_test at C:\src\flutter\packages\integration_test\
[  +28 ms] Found plugin workmanager at C:\Users\H\AppData\Local\Pub\Cache\hosted\pub.dev\workmanager-0.9.0+3\
[   +1 ms] Found plugin workmanager_apple at C:\Users\H\AppData\Local\Pub\Cache\hosted\pub.dev\workmanager_apple-0.9.1+2\
[        ] Found plugin workmanager_android at C:\Users\H\AppData\Local\Pub\Cache\hosted\pub.dev\workmanager_android-0.9.0+2\
[   +1 ms] Found plugin url_launcher at C:\Users\H\AppData\Local\Pub\Cache\hosted\pub.dev\url_launcher-6.3.2\
[        ] Found plugin url_launcher_windows at C:\Users\H\AppData\Local\Pub\Cache\hosted\pub.dev\url_launcher_windows-3.1.5\
[   +1 ms] Found plugin url_launcher_web at C:\Users\H\AppData\Local\Pub\Cache\hosted\pub.dev\url_launcher_web-2.4.2\
[   +1 ms] Found plugin url_launcher_macos at C:\Users\H\AppData\Local\Pub\Cache\hosted\pub.dev\url_launcher_macos-3.2.5\
[   +1 ms] Found plugin url_launcher_linux at C:\Users\H\AppData\Local\Pub\Cache\hosted\pub.dev\url_launcher_linux-3.2.2\
[        ] Found plugin url_launcher_ios at C:\Users\H\AppData\Local\Pub\Cache\hosted\pub.dev\url_launcher_ios-6.4.1\
[   +1 ms] Found plugin url_launcher_android at C:\Users\H\AppData\Local\Pub\Cache\hosted\pub.dev\url_launcher_android-6.3.29\
[  +12 ms] Found plugin shared_preferences at C:\Users\H\AppData\Local\Pub\Cache\hosted\pub.dev\shared_preferences-2.5.5\
[        ] Found plugin shared_preferences_windows at C:\Users\H\AppData\Local\Pub\Cache\hosted\pub.dev\shared_preferences_windows-2.4.1\
[   +1 ms] Found plugin path_provider_windows at C:\Users\H\AppData\Local\Pub\Cache\hosted\pub.dev\path_provider_windows-2.3.0\
[   +1 ms] Found plugin shared_preferences_web at C:\Users\H\AppData\Local\Pub\Cache\hosted\pub.dev\shared_preferences_web-2.4.3\
[        ] Found plugin shared_preferences_linux at C:\Users\H\AppData\Local\Pub\Cache\hosted\pub.dev\shared_preferences_linux-2.4.1\
[        ] Found plugin path_provider_linux at C:\Users\H\AppData\Local\Pub\Cache\hosted\pub.dev\path_provider_linux-2.2.1\
[   +1 ms] Found plugin shared_preferences_foundation at C:\Users\H\AppData\Local\Pub\Cache\hosted\pub.dev\shared_preferences_foundation-2.5.6\
[        ] Found plugin shared_preferences_android at C:\Users\H\AppData\Local\Pub\Cache\hosted\pub.dev\shared_preferences_android-2.4.23\
[        ] Found plugin path_provider at C:\Users\H\AppData\Local\Pub\Cache\hosted\pub.dev\path_provider-2.1.5\
[        ] Found plugin path_provider_foundation at C:\Users\H\AppData\Local\Pub\Cache\hosted\pub.dev\path_provider_foundation-2.6.0\
[   +3 ms] Found plugin path_provider_android at C:\Users\H\AppData\Local\Pub\Cache\hosted\pub.dev\path_provider_android-2.2.23\
[        ] Found plugin app_links at C:\Users\H\AppData\Local\Pub\Cache\hosted\pub.dev\app_links-7.0.0\
[        ] Found plugin app_links_web at C:\Users\H\AppData\Local\Pub\Cache\hosted\pub.dev\app_links_web-1.0.4\
[   +1 ms] Found plugin app_links_linux at C:\Users\H\AppData\Local\Pub\Cache\hosted\pub.dev\app_links_linux-1.0.3\
[        ] Found plugin gtk at C:\Users\H\AppData\Local\Pub\Cache\hosted\pub.dev\gtk-2.1.0\
[        ] Found plugin speech_to_text at C:\Users\H\AppData\Local\Pub\Cache\hosted\pub.dev\speech_to_text-7.3.0\
[        ] Found plugin speech_to_text_windows at C:\Users\H\AppData\Local\Pub\Cache\hosted\pub.dev\speech_to_text_windows-1.0.0+beta.8\
[   +3 ms] Found plugin share_plus at C:\Users\H\AppData\Local\Pub\Cache\hosted\pub.dev\share_plus-12.0.1\
[   +4 ms] Found plugin sentry_flutter at C:\Users\H\AppData\Local\Pub\Cache\hosted\pub.dev\sentry_flutter-9.16.0\
[   +2 ms] Found plugin package_info_plus at C:\Users\H\AppData\Local\Pub\Cache\hosted\pub.dev\package_info_plus-9.0.0\
[   +1 ms] Found plugin jni at C:\Users\H\AppData\Local\Pub\Cache\hosted\pub.dev\jni-0.14.2\
[        ] Found plugin record at C:\Users\H\AppData\Local\Pub\Cache\hosted\pub.dev\record-6.2.0\
[        ] Found plugin record_windows at C:\Users\H\AppData\Local\Pub\Cache\hosted\pub.dev\record_windows-1.0.7\
[   +1 ms] Found plugin record_web at C:\Users\H\AppData\Local\Pub\Cache\hosted\pub.dev\record_web-1.3.0\
[        ] Found plugin record_macos at C:\Users\H\AppData\Local\Pub\Cache\hosted\pub.dev\record_macos-1.2.1\
[        ] Found plugin record_linux at C:\Users\H\AppData\Local\Pub\Cache\hosted\pub.dev\record_linux-1.3.0\
[        ] Found plugin record_ios at C:\Users\H\AppData\Local\Pub\Cache\hosted\pub.dev\record_ios-1.2.0\
[        ] Found plugin record_android at C:\Users\H\AppData\Local\Pub\Cache\hosted\pub.dev\record_android-1.5.1\
[        ] Found plugin permission_handler at C:\Users\H\AppData\Local\Pub\Cache\hosted\pub.dev\permission_handler-12.0.1\
[        ] Found plugin permission_handler_windows at C:\Users\H\AppData\Local\Pub\Cache\hosted\pub.dev\permission_handler_windows-0.2.1\
[   +1 ms] Found plugin permission_handler_html at C:\Users\H\AppData\Local\Pub\Cache\hosted\pub.dev\permission_handler_html-0.1.3+5\
[        ] Found plugin permission_handler_apple at C:\Users\H\AppData\Local\Pub\Cache\hosted\pub.dev\permission_handler_apple-9.4.7\
[        ] Found plugin permission_handler_android at C:\Users\H\AppData\Local\Pub\Cache\hosted\pub.dev\permission_handler_android-13.0.1\
[   +2 ms] Found plugin local_auth at C:\Users\H\AppData\Local\Pub\Cache\hosted\pub.dev\local_auth-3.0.1\
[        ] Found plugin local_auth_windows at C:\Users\H\AppData\Local\Pub\Cache\hosted\pub.dev\local_auth_windows-2.0.1\
[   +1 ms] Found plugin local_auth_darwin at C:\Users\H\AppData\Local\Pub\Cache\hosted\pub.dev\local_auth_darwin-2.0.3\
[   +1 ms] Found plugin local_auth_android at C:\Users\H\AppData\Local\Pub\Cache\hosted\pub.dev\local_auth_android-2.0.7\
[        ] Found plugin flutter_plugin_android_lifecycle at C:\Users\H\AppData\Local\Pub\Cache\hosted\pub.dev\flutter_plugin_android_lifecycle-2.0.34\
[        ] Found plugin just_audio at C:\Users\H\AppData\Local\Pub\Cache\hosted\pub.dev\just_audio-0.10.5\
[   +1 ms] Found plugin just_audio_web at C:\Users\H\AppData\Local\Pub\Cache\hosted\pub.dev\just_audio_web-0.4.16\
[   +1 ms] Found plugin audio_session at C:\Users\H\AppData\Local\Pub\Cache\hosted\pub.dev\audio_session-0.2.3\
[        ] Found plugin haptic_feedback at C:\Users\H\AppData\Local\Pub\Cache\hosted\pub.dev\haptic_feedback-0.6.4+3\
[   +4 ms] Found plugin flutter_secure_storage at C:\Users\H\AppData\Local\Pub\Cache\hosted\pub.dev\flutter_secure_storage-10.0.0\
[        ] Found plugin flutter_secure_storage_windows at C:\Users\H\AppData\Local\Pub\Cache\hosted\pub.dev\flutter_secure_storage_windows-4.1.0\
[        ] Found plugin flutter_secure_storage_web at C:\Users\H\AppData\Local\Pub\Cache\hosted\pub.dev\flutter_secure_storage_web-2.1.0\
[        ] Found plugin flutter_secure_storage_linux at C:\Users\H\AppData\Local\Pub\Cache\hosted\pub.dev\flutter_secure_storage_linux-3.0.0\
[        ] Found plugin flutter_secure_storage_darwin at C:\Users\H\AppData\Local\Pub\Cache\hosted\pub.dev\flutter_secure_storage_darwin-0.2.0\
[        ] Found plugin flutter_native_splash at C:\Users\H\AppData\Local\Pub\Cache\hosted\pub.dev\flutter_native_splash-2.4.7\
[   +3 ms] Found plugin flutter_local_notifications at C:\Users\H\AppData\Local\Pub\Cache\hosted\pub.dev\flutter_local_notifications-21.0.0\
[        ] Found plugin flutter_local_notifications_windows at C:\Users\H\AppData\Local\Pub\Cache\hosted\pub.dev\flutter_local_notifications_windows-3.0.0\
[   +1 ms] Found plugin flutter_local_notifications_linux at C:\Users\H\AppData\Local\Pub\Cache\hosted\pub.dev\flutter_local_notifications_linux-8.0.0\
[   +8 ms] Found plugin device_info_plus at C:\Users\H\AppData\Local\Pub\Cache\hosted\pub.dev\device_info_plus-12.3.0\
[   +2 ms] Found plugin connectivity_plus at C:\Users\H\AppData\Local\Pub\Cache\hosted\pub.dev\connectivity_plus-7.0.0\
[   +2 ms] Found plugin battery_plus at C:\Users\H\AppData\Local\Pub\Cache\hosted\pub.dev\battery_plus-7.0.0\
[  +12 ms] Skipping generating web_plugin_registrant.dart because it is up-to-date.
[  +31 ms] Found plugin integration_test at C:\src\flutter\packages\integration_test\
[  +26 ms] Found plugin workmanager at C:\Users\H\AppData\Local\Pub\Cache\hosted\pub.dev\workmanager-0.9.0+3\
[   +1 ms] Found plugin workmanager_apple at C:\Users\H\AppData\Local\Pub\Cache\hosted\pub.dev\workmanager_apple-0.9.1+2\
[        ] Found plugin workmanager_android at C:\Users\H\AppData\Local\Pub\Cache\hosted\pub.dev\workmanager_android-0.9.0+2\
[   +1 ms] Found plugin url_launcher at C:\Users\H\AppData\Local\Pub\Cache\hosted\pub.dev\url_launcher-6.3.2\
[        ] Found plugin url_launcher_windows at C:\Users\H\AppData\Local\Pub\Cache\hosted\pub.dev\url_launcher_windows-3.1.5\
[   +1 ms] Found plugin url_launcher_web at C:\Users\H\AppData\Local\Pub\Cache\hosted\pub.dev\url_launcher_web-2.4.2\
[   +1 ms] Found plugin url_launcher_macos at C:\Users\H\AppData\Local\Pub\Cache\hosted\pub.dev\url_launcher_macos-3.2.5\
[        ] Found plugin url_launcher_linux at C:\Users\H\AppData\Local\Pub\Cache\hosted\pub.dev\url_launcher_linux-3.2.2\
[        ] Found plugin url_launcher_ios at C:\Users\H\AppData\Local\Pub\Cache\hosted\pub.dev\url_launcher_ios-6.4.1\
[        ] Found plugin url_launcher_android at C:\Users\H\AppData\Local\Pub\Cache\hosted\pub.dev\url_launcher_android-6.3.29\
[  +11 ms] Found plugin shared_preferences at C:\Users\H\AppData\Local\Pub\Cache\hosted\pub.dev\shared_preferences-2.5.5\
[        ] Found plugin shared_preferences_windows at C:\Users\H\AppData\Local\Pub\Cache\hosted\pub.dev\shared_preferences_windows-2.4.1\
[   +1 ms] Found plugin path_provider_windows at C:\Users\H\AppData\Local\Pub\Cache\hosted\pub.dev\path_provider_windows-2.3.0\
[   +1 ms] Found plugin shared_preferences_web at C:\Users\H\AppData\Local\Pub\Cache\hosted\pub.dev\shared_preferences_web-2.4.3\
[   +1 ms] Found plugin shared_preferences_linux at C:\Users\H\AppData\Local\Pub\Cache\hosted\pub.dev\shared_preferences_linux-2.4.1\
[        ] Found plugin path_provider_linux at C:\Users\H\AppData\Local\Pub\Cache\hosted\pub.dev\path_provider_linux-2.2.1\
[   +1 ms] Found plugin shared_preferences_foundation at C:\Users\H\AppData\Local\Pub\Cache\hosted\pub.dev\shared_preferences_foundation-2.5.6\
[        ] Found plugin shared_preferences_android at C:\Users\H\AppData\Local\Pub\Cache\hosted\pub.dev\shared_preferences_android-2.4.23\
[        ] Found plugin path_provider at C:\Users\H\AppData\Local\Pub\Cache\hosted\pub.dev\path_provider-2.1.5\
[        ] Found plugin path_provider_foundation at C:\Users\H\AppData\Local\Pub\Cache\hosted\pub.dev\path_provider_foundation-2.6.0\
[   +3 ms] Found plugin path_provider_android at C:\Users\H\AppData\Local\Pub\Cache\hosted\pub.dev\path_provider_android-2.2.23\
[        ] Found plugin app_links at C:\Users\H\AppData\Local\Pub\Cache\hosted\pub.dev\app_links-7.0.0\
[        ] Found plugin app_links_web at C:\Users\H\AppData\Local\Pub\Cache\hosted\pub.dev\app_links_web-1.0.4\
[   +1 ms] Found plugin app_links_linux at C:\Users\H\AppData\Local\Pub\Cache\hosted\pub.dev\app_links_linux-1.0.3\
[        ] Found plugin gtk at C:\Users\H\AppData\Local\Pub\Cache\hosted\pub.dev\gtk-2.1.0\
[        ] Found plugin speech_to_text at C:\Users\H\AppData\Local\Pub\Cache\hosted\pub.dev\speech_to_text-7.3.0\
[        ] Found plugin speech_to_text_windows at C:\Users\H\AppData\Local\Pub\Cache\hosted\pub.dev\speech_to_text_windows-1.0.0+beta.8\
[   +4 ms] Found plugin share_plus at C:\Users\H\AppData\Local\Pub\Cache\hosted\pub.dev\share_plus-12.0.1\
[   +2 ms] Found plugin sentry_flutter at C:\Users\H\AppData\Local\Pub\Cache\hosted\pub.dev\sentry_flutter-9.16.0\
[   +1 ms] Found plugin package_info_plus at C:\Users\H\AppData\Local\Pub\Cache\hosted\pub.dev\package_info_plus-9.0.0\
[   +1 ms] Found plugin jni at C:\Users\H\AppData\Local\Pub\Cache\hosted\pub.dev\jni-0.14.2\
[        ] Found plugin record at C:\Users\H\AppData\Local\Pub\Cache\hosted\pub.dev\record-6.2.0\
[        ] Found plugin record_windows at C:\Users\H\AppData\Local\Pub\Cache\hosted\pub.dev\record_windows-1.0.7\
[   +1 ms] Found plugin record_web at C:\Users\H\AppData\Local\Pub\Cache\hosted\pub.dev\record_web-1.3.0\
[        ] Found plugin record_macos at C:\Users\H\AppData\Local\Pub\Cache\hosted\pub.dev\record_macos-1.2.1\
[        ] Found plugin record_linux at C:\Users\H\AppData\Local\Pub\Cache\hosted\pub.dev\record_linux-1.3.0\
[        ] Found plugin record_ios at C:\Users\H\AppData\Local\Pub\Cache\hosted\pub.dev\record_ios-1.2.0\
[        ] Found plugin record_android at C:\Users\H\AppData\Local\Pub\Cache\hosted\pub.dev\record_android-1.5.1\
[        ] Found plugin permission_handler at C:\Users\H\AppData\Local\Pub\Cache\hosted\pub.dev\permission_handler-12.0.1\
[        ] Found plugin permission_handler_windows at C:\Users\H\AppData\Local\Pub\Cache\hosted\pub.dev\permission_handler_windows-0.2.1\
[   +1 ms] Found plugin permission_handler_html at C:\Users\H\AppData\Local\Pub\Cache\hosted\pub.dev\permission_handler_html-0.1.3+5\
[        ] Found plugin permission_handler_apple at C:\Users\H\AppData\Local\Pub\Cache\hosted\pub.dev\permission_handler_apple-9.4.7\
[        ] Found plugin permission_handler_android at C:\Users\H\AppData\Local\Pub\Cache\hosted\pub.dev\permission_handler_android-13.0.1\
[   +2 ms] Found plugin local_auth at C:\Users\H\AppData\Local\Pub\Cache\hosted\pub.dev\local_auth-3.0.1\
[        ] Found plugin local_auth_windows at C:\Users\H\AppData\Local\Pub\Cache\hosted\pub.dev\local_auth_windows-2.0.1\
[   +1 ms] Found plugin local_auth_darwin at C:\Users\H\AppData\Local\Pub\Cache\hosted\pub.dev\local_auth_darwin-2.0.3\
[   +1 ms] Found plugin local_auth_android at C:\Users\H\AppData\Local\Pub\Cache\hosted\pub.dev\local_auth_android-2.0.7\
[        ] Found plugin flutter_plugin_android_lifecycle at C:\Users\H\AppData\Local\Pub\Cache\hosted\pub.dev\flutter_plugin_android_lifecycle-2.0.34\
[   +1 ms] Found plugin just_audio at C:\Users\H\AppData\Local\Pub\Cache\hosted\pub.dev\just_audio-0.10.5\
[   +1 ms] Found plugin just_audio_web at C:\Users\H\AppData\Local\Pub\Cache\hosted\pub.dev\just_audio_web-0.4.16\
[   +1 ms] Found plugin audio_session at C:\Users\H\AppData\Local\Pub\Cache\hosted\pub.dev\audio_session-0.2.3\
[        ] Found plugin haptic_feedback at C:\Users\H\AppData\Local\Pub\Cache\hosted\pub.dev\haptic_feedback-0.6.4+3\
[   +4 ms] Found plugin flutter_secure_storage at C:\Users\H\AppData\Local\Pub\Cache\hosted\pub.dev\flutter_secure_storage-10.0.0\
[        ] Found plugin flutter_secure_storage_windows at C:\Users\H\AppData\Local\Pub\Cache\hosted\pub.dev\flutter_secure_storage_windows-4.1.0\
[        ] Found plugin flutter_secure_storage_web at C:\Users\H\AppData\Local\Pub\Cache\hosted\pub.dev\flutter_secure_storage_web-2.1.0\
[        ] Found plugin flutter_secure_storage_linux at C:\Users\H\AppData\Local\Pub\Cache\hosted\pub.dev\flutter_secure_storage_linux-3.0.0\
[        ] Found plugin flutter_secure_storage_darwin at C:\Users\H\AppData\Local\Pub\Cache\hosted\pub.dev\flutter_secure_storage_darwin-0.2.0\
[        ] Found plugin flutter_native_splash at C:\Users\H\AppData\Local\Pub\Cache\hosted\pub.dev\flutter_native_splash-2.4.7\
[   +2 ms] Found plugin flutter_local_notifications at C:\Users\H\AppData\Local\Pub\Cache\hosted\pub.dev\flutter_local_notifications-21.0.0\
[        ] Found plugin flutter_local_notifications_windows at C:\Users\H\AppData\Local\Pub\Cache\hosted\pub.dev\flutter_local_notifications_windows-3.0.0\
[   +1 ms] Found plugin flutter_local_notifications_linux at C:\Users\H\AppData\Local\Pub\Cache\hosted\pub.dev\flutter_local_notifications_linux-8.0.0\
[   +7 ms] Found plugin device_info_plus at C:\Users\H\AppData\Local\Pub\Cache\hosted\pub.dev\device_info_plus-12.3.0\
[   +2 ms] Found plugin connectivity_plus at C:\Users\H\AppData\Local\Pub\Cache\hosted\pub.dev\connectivity_plus-7.0.0\
[   +1 ms] Found plugin battery_plus at C:\Users\H\AppData\Local\Pub\Cache\hosted\pub.dev\battery_plus-7.0.0\
[   +9 ms] Generating C:\Users\H\Steps-to-recovery-flutter\android\app\src\main\java\io\flutter\plugins\GeneratedPluginRegistrant.java
[   +1 ms] Skipping generating GeneratedPluginRegistrant.java because it is up-to-date.
[   +5 ms] Skipping generating generated_plugin_registrant.h because it is up-to-date.
[   +1 ms] Skipping generating generated_plugin_registrant.cc because it is up-to-date.
[   +1 ms] Skipping generating generated_plugins.cmake because it is up-to-date.
[   +1 ms] Skipping generating generated_plugin_registrant.h because it is up-to-date.
[        ] Skipping generating generated_plugin_registrant.cc because it is up-to-date.
[   +1 ms] Skipping generating generated_plugins.cmake because it is up-to-date.
[   +1 ms] Skipping generating GeneratedPluginRegistrant.h because it is up-to-date.
[   +1 ms] Skipping generating GeneratedPluginRegistrant.m because it is up-to-date.
[   +1 ms] Skipping generating GeneratedPluginRegistrant.swift because it is up-to-date.
[  +66 ms] ro.hardware = exynos7884B
[        ] ro.build.characteristics = phone
[  +73 ms] Initializing file store
[  +13 ms] gen_localizations: Starting due to {InvalidatedReasonKind.inputChanged: The following inputs have updated contents: C:\src\flutter\packages\flutter_tools\lib\src\build_system\targets\localizations.dart,C:\Users\H\Steps-to-recovery-flutter\l10n.yaml,C:\Users\H\Steps-to-recovery-flutter\lib\l10n\app_en.arb,C:\Users\H\Steps-to-recovery-flutter\lib\l10n\app_localizations_en.dart,C:\Users\H\Steps-to-recovery-flutter\lib\l10n\app_localizations.dart}
[  +79 ms] gen_dart_plugin_registrant: Starting due to {InvalidatedReasonKind.inputChanged: The following inputs have updated contents: C:\Users\H\Steps-to-recovery-flutter\.dart_tool\package_config.json,C:\Users\H\Steps-to-recovery-flutter\.dart_tool\flutter_build\dart_plugin_registrant.dart}
[  +86 ms] Found plugin integration_test at C:\src\flutter\packages\integration_test\
[  +34 ms] Found plugin workmanager at C:\Users\H\AppData\Local\Pub\Cache\hosted\pub.dev\workmanager-0.9.0+3\
[   +1 ms] Found plugin workmanager_apple at C:\Users\H\AppData\Local\Pub\Cache\hosted\pub.dev\workmanager_apple-0.9.1+2\
[        ] Found plugin workmanager_android at C:\Users\H\AppData\Local\Pub\Cache\hosted\pub.dev\workmanager_android-0.9.0+2\
[   +1 ms] Found plugin url_launcher at C:\Users\H\AppData\Local\Pub\Cache\hosted\pub.dev\url_launcher-6.3.2\
[   +1 ms] Found plugin url_launcher_windows at C:\Users\H\AppData\Local\Pub\Cache\hosted\pub.dev\url_launcher_windows-3.1.5\
[   +1 ms] Found plugin url_launcher_web at C:\Users\H\AppData\Local\Pub\Cache\hosted\pub.dev\url_launcher_web-2.4.2\
[   +1 ms] Found plugin url_launcher_macos at C:\Users\H\AppData\Local\Pub\Cache\hosted\pub.dev\url_launcher_macos-3.2.5\
[        ] Found plugin url_launcher_linux at C:\Users\H\AppData\Local\Pub\Cache\hosted\pub.dev\url_launcher_linux-3.2.2\
[        ] Found plugin url_launcher_ios at C:\Users\H\AppData\Local\Pub\Cache\hosted\pub.dev\url_launcher_ios-6.4.1\
[        ] Found plugin url_launcher_android at C:\Users\H\AppData\Local\Pub\Cache\hosted\pub.dev\url_launcher_android-6.3.29\
[  +15 ms] Found plugin shared_preferences at C:\Users\H\AppData\Local\Pub\Cache\hosted\pub.dev\shared_preferences-2.5.5\
[   +1 ms] Found plugin shared_preferences_windows at C:\Users\H\AppData\Local\Pub\Cache\hosted\pub.dev\shared_preferences_windows-2.4.1\
[   +1 ms] Found plugin path_provider_windows at C:\Users\H\AppData\Local\Pub\Cache\hosted\pub.dev\path_provider_windows-2.3.0\
[   +1 ms] Found plugin shared_preferences_web at C:\Users\H\AppData\Local\Pub\Cache\hosted\pub.dev\shared_preferences_web-2.4.3\
[        ] Found plugin shared_preferences_linux at C:\Users\H\AppData\Local\Pub\Cache\hosted\pub.dev\shared_preferences_linux-2.4.1\
[        ] Found plugin path_provider_linux at C:\Users\H\AppData\Local\Pub\Cache\hosted\pub.dev\path_provider_linux-2.2.1\
[   +1 ms] Found plugin shared_preferences_foundation at C:\Users\H\AppData\Local\Pub\Cache\hosted\pub.dev\shared_preferences_foundation-2.5.6\
[        ] Found plugin shared_preferences_android at C:\Users\H\AppData\Local\Pub\Cache\hosted\pub.dev\shared_preferences_android-2.4.23\
[   +1 ms] Found plugin path_provider at C:\Users\H\AppData\Local\Pub\Cache\hosted\pub.dev\path_provider-2.1.5\
[        ] Found plugin path_provider_foundation at C:\Users\H\AppData\Local\Pub\Cache\hosted\pub.dev\path_provider_foundation-2.6.0\
[   +3 ms] Found plugin path_provider_android at C:\Users\H\AppData\Local\Pub\Cache\hosted\pub.dev\path_provider_android-2.2.23\
[   +1 ms] Found plugin app_links at C:\Users\H\AppData\Local\Pub\Cache\hosted\pub.dev\app_links-7.0.0\
[        ] Found plugin app_links_web at C:\Users\H\AppData\Local\Pub\Cache\hosted\pub.dev\app_links_web-1.0.4\
[   +1 ms] Found plugin app_links_linux at C:\Users\H\AppData\Local\Pub\Cache\hosted\pub.dev\app_links_linux-1.0.3\
[        ] Found plugin gtk at C:\Users\H\AppData\Local\Pub\Cache\hosted\pub.dev\gtk-2.1.0\
[        ] Found plugin speech_to_text at C:\Users\H\AppData\Local\Pub\Cache\hosted\pub.dev\speech_to_text-7.3.0\
[        ] Found plugin speech_to_text_windows at C:\Users\H\AppData\Local\Pub\Cache\hosted\pub.dev\speech_to_text_windows-1.0.0+beta.8\
[   +3 ms] Found plugin share_plus at C:\Users\H\AppData\Local\Pub\Cache\hosted\pub.dev\share_plus-12.0.1\
[   +3 ms] Found plugin sentry_flutter at C:\Users\H\AppData\Local\Pub\Cache\hosted\pub.dev\sentry_flutter-9.16.0\
[  +25 ms] Found plugin package_info_plus at C:\Users\H\AppData\Local\Pub\Cache\hosted\pub.dev\package_info_plus-9.0.0\
[   +1 ms] Found plugin jni at C:\Users\H\AppData\Local\Pub\Cache\hosted\pub.dev\jni-0.14.2\
[        ] Found plugin record at C:\Users\H\AppData\Local\Pub\Cache\hosted\pub.dev\record-6.2.0\
[        ] Found plugin record_windows at C:\Users\H\AppData\Local\Pub\Cache\hosted\pub.dev\record_windows-1.0.7\
[   +5 ms] Found plugin record_web at C:\Users\H\AppData\Local\Pub\Cache\hosted\pub.dev\record_web-1.3.0\
[   +1 ms] Found plugin record_macos at C:\Users\H\AppData\Local\Pub\Cache\hosted\pub.dev\record_macos-1.2.1\
[        ] Found plugin record_linux at C:\Users\H\AppData\Local\Pub\Cache\hosted\pub.dev\record_linux-1.3.0\
[        ] Found plugin record_ios at C:\Users\H\AppData\Local\Pub\Cache\hosted\pub.dev\record_ios-1.2.0\
[        ] Found plugin record_android at C:\Users\H\AppData\Local\Pub\Cache\hosted\pub.dev\record_android-1.5.1\
[   +1 ms] Found plugin permission_handler at C:\Users\H\AppData\Local\Pub\Cache\hosted\pub.dev\permission_handler-12.0.1\
[        ] Found plugin permission_handler_windows at C:\Users\H\AppData\Local\Pub\Cache\hosted\pub.dev\permission_handler_windows-0.2.1\
[   +1 ms] Found plugin permission_handler_html at C:\Users\H\AppData\Local\Pub\Cache\hosted\pub.dev\permission_handler_html-0.1.3+5\
[   +1 ms] Found plugin permission_handler_apple at C:\Users\H\AppData\Local\Pub\Cache\hosted\pub.dev\permission_handler_apple-9.4.7\
[   +1 ms] Found plugin permission_handler_android at C:\Users\H\AppData\Local\Pub\Cache\hosted\pub.dev\permission_handler_android-13.0.1\
[   +3 ms] Found plugin local_auth at C:\Users\H\AppData\Local\Pub\Cache\hosted\pub.dev\local_auth-3.0.1\
[   +1 ms] Found plugin local_auth_windows at C:\Users\H\AppData\Local\Pub\Cache\hosted\pub.dev\local_auth_windows-2.0.1\
[   +2 ms] Found plugin local_auth_darwin at C:\Users\H\AppData\Local\Pub\Cache\hosted\pub.dev\local_auth_darwin-2.0.3\
[   +1 ms] Found plugin local_auth_android at C:\Users\H\AppData\Local\Pub\Cache\hosted\pub.dev\local_auth_android-2.0.7\
[   +1 ms] Found plugin flutter_plugin_android_lifecycle at C:\Users\H\AppData\Local\Pub\Cache\hosted\pub.dev\flutter_plugin_android_lifecycle-2.0.34\
[   +1 ms] Found plugin just_audio at C:\Users\H\AppData\Local\Pub\Cache\hosted\pub.dev\just_audio-0.10.5\
[   +1 ms] Found plugin just_audio_web at C:\Users\H\AppData\Local\Pub\Cache\hosted\pub.dev\just_audio_web-0.4.16\
[   +1 ms] Found plugin audio_session at C:\Users\H\AppData\Local\Pub\Cache\hosted\pub.dev\audio_session-0.2.3\
[   +1 ms] Found plugin haptic_feedback at C:\Users\H\AppData\Local\Pub\Cache\hosted\pub.dev\haptic_feedback-0.6.4+3\
[   +5 ms] Found plugin flutter_secure_storage at C:\Users\H\AppData\Local\Pub\Cache\hosted\pub.dev\flutter_secure_storage-10.0.0\
[   +2 ms] Found plugin flutter_secure_storage_windows at C:\Users\H\AppData\Local\Pub\Cache\hosted\pub.dev\flutter_secure_storage_windows-4.1.0\
[   +1 ms] Found plugin flutter_secure_storage_web at C:\Users\H\AppData\Local\Pub\Cache\hosted\pub.dev\flutter_secure_storage_web-2.1.0\
[   +1 ms] Found plugin flutter_secure_storage_linux at C:\Users\H\AppData\Local\Pub\Cache\hosted\pub.dev\flutter_secure_storage_linux-3.0.0\
[        ] Found plugin flutter_secure_storage_darwin at C:\Users\H\AppData\Local\Pub\Cache\hosted\pub.dev\flutter_secure_storage_darwin-0.2.0\
[        ] Found plugin flutter_native_splash at C:\Users\H\AppData\Local\Pub\Cache\hosted\pub.dev\flutter_native_splash-2.4.7\
[   +4 ms] Found plugin flutter_local_notifications at C:\Users\H\AppData\Local\Pub\Cache\hosted\pub.dev\flutter_local_notifications-21.0.0\
[        ] Found plugin flutter_local_notifications_windows at C:\Users\H\AppData\Local\Pub\Cache\hosted\pub.dev\flutter_local_notifications_windows-3.0.0\
[   +1 ms] Found plugin flutter_local_notifications_linux at C:\Users\H\AppData\Local\Pub\Cache\hosted\pub.dev\flutter_local_notifications_linux-8.0.0\
[   +7 ms] Found plugin device_info_plus at C:\Users\H\AppData\Local\Pub\Cache\hosted\pub.dev\device_info_plus-12.3.0\
[   +2 ms] Found plugin connectivity_plus at C:\Users\H\AppData\Local\Pub\Cache\hosted\pub.dev\connectivity_plus-7.0.0\
[   +2 ms] Found plugin battery_plus at C:\Users\H\AppData\Local\Pub\Cache\hosted\pub.dev\battery_plus-7.0.0\
[   +6 ms] Skipping generating dart_plugin_registrant.dart because it is up-to-date.
[        ] gen_dart_plugin_registrant: Complete
[ +174 ms] gen_localizations: Complete
[   +9 ms] Skipping target: _composite
[   +1 ms] complete
[   +4 ms] Launching lib\main.dart on SM A205YN in debug mode...
[   +2 ms] C:\src\flutter\bin\cache\dart-sdk\bin\dartaotruntime.exe C:\src\flutter\bin\cache\dart-sdk\bin\snapshots\frontend_server_aot.dart.snapshot --sdk-root C:\src\flutter\bin\cache\artifacts\engine\common\flutter_patched_sdk/ --incremental --target=flutter --experimental-emit-debug-metadata -DFLUTTER_VERSION=3.41.5 -DFLUTTER_CHANNEL=stable -DFLUTTER_GIT_URL=https://github.com/flutter/flutter.git -DFLUTTER_FRAMEWORK_REVISION=2c9eb20739 -DFLUTTER_ENGINE_REVISION=052f31d115 -DFLUTTER_DART_VERSION=3.11.3 --output-dill C:\Users\H\AppData\Local\Temp\flutter_tools.c51046c9\flutter_tool.32e0f393\app.dill --packages C:\Users\H\Steps-to-recovery-flutter\.dart_tool\package_config.json -Ddart.vm.profile=false -Ddart.vm.product=false --enable-asserts --track-widget-creation --filesystem-scheme org-dartlang-root --initialize-from-dill build\99111e0c5b6228829e100ef67db14ea2.cache.dill.track.dill --source file:///C:/Users/H/Steps-to-recovery-flutter/.dart_tool/flutter_build/dart_plugin_registrant.dart --source package:flutter/src/dart_plugin_registrant.dart -Dflutter.dart_plugin_registrant=file:///C:/Users/H/Steps-to-recovery-flutter/.dart_tool/flutter_build/dart_plugin_registrant.dart --verbosity=error --enable-experiment=alternative-invalidation-strategy
[   +6 ms] executing: C:\Users\H\AppData\Local\Android\Sdk\build-tools\36.1.0\aapt dump xmltree C:\Users\H\Steps-to-recovery-flutter\build\app\outputs\flutter-apk\app-debug.apk AndroidManifest.xml
[  +35 ms] Exit code 0 from: C:\Users\H\AppData\Local\Android\Sdk\build-tools\36.1.0\aapt dump xmltree C:\Users\H\Steps-to-recovery-flutter\build\app\outputs\flutter-apk\app-debug.apk AndroidManifest.xml
[        ] N: android=http://schemas.android.com/apk/res/android
             E: manifest (line=2)
               A: android:versionCode(0x0101021b)=(type 0x10)0x1
               A: android:versionName(0x0101021c)="1.0.0" (Raw: "1.0.0")
               A: android:compileSdkVersion(0x01010572)=(type 0x10)0x24
               A: android:compileSdkVersionCodename(0x01010573)="16" (Raw: "16")
               A: package="com.example.steps_recovery_flutter" (Raw: "com.example.steps_recovery_flutter")
               A: platformBuildVersionCode=(type 0x10)0x24
               A: platformBuildVersionName=(type 0x10)0x10
               E: uses-sdk (line=7)
                 A: android:minSdkVersion(0x0101020c)=(type 0x10)0x18
                 A: android:targetSdkVersion(0x01010270)=(type 0x10)0x24
               E: uses-permission (line=15)
                 A: android:name(0x01010003)="android.permission.INTERNET" (Raw: "android.permission.INTERNET")
               E: queries (line=23)
                 E: intent (line=24)
                   E: action (line=25)
                     A: android:name(0x01010003)="android.intent.action.PROCESS_TEXT" (Raw: "android.intent.action.PROCESS_TEXT")
                   E: data (line=27)
                     A: android:mimeType(0x01010026)="text/plain" (Raw: "text/plain")
               E: uses-permission (line=31)
                 A: android:name(0x01010003)="android.permission.POST_NOTIFICATIONS" (Raw: "android.permission.POST_NOTIFICATIONS")
               E: uses-permission (line=32)
                 A: android:name(0x01010003)="android.permission.VIBRATE" (Raw: "android.permission.VIBRATE")
               E: uses-permission (line=33)
                 A: android:name(0x01010003)="android.permission.USE_BIOMETRIC" (Raw: "android.permission.USE_BIOMETRIC")
               E: uses-permission (line=34)
                 A: android:name(0x01010003)="android.permission.ACCESS_NETWORK_STATE" (Raw: "android.permission.ACCESS_NETWORK_STATE")
               E: uses-permission (line=35)
                 A: android:name(0x01010003)="android.permission.USE_FINGERPRINT" (Raw: "android.permission.USE_FINGERPRINT")
               E: uses-permission (line=36)
                 A: android:name(0x01010003)="android.permission.WAKE_LOCK" (Raw: "android.permission.WAKE_LOCK")
               E: uses-permission (line=37)
                 A: android:name(0x01010003)="android.permission.RECEIVE_BOOT_COMPLETED" (Raw: "android.permission.RECEIVE_BOOT_COMPLETED")
               E: uses-permission (line=38)
                 A: android:name(0x01010003)="android.permission.FOREGROUND_SERVICE" (Raw: "android.permission.FOREGROUND_SERVICE")
               E: permission (line=40)
                 A: android:name(0x01010003)="com.example.steps_recovery_flutter.DYNAMIC_RECEIVER_NOT_EXPORTED_PERMISSION" (Raw: "com.example.steps_recovery_flutter.DYNAMIC_RECEIVER_NOT_EXPORTED_PERMISSION")
                 A: android:protectionLevel(0x01010009)=(type 0x11)0x2
               E: uses-permission (line=44)
                 A: android:name(0x01010003)="com.example.steps_recovery_flutter.DYNAMIC_RECEIVER_NOT_EXPORTED_PERMISSION" (Raw: "com.example.steps_recovery_flutter.DYNAMIC_RECEIVER_NOT_EXPORTED_PERMISSION")
               E: application (line=46)
                 A: android:label(0x01010001)="Steps to Recovery" (Raw: "Steps to Recovery")
                 A: android:icon(0x01010002)=@0x7f0d0000
                 A: android:name(0x01010003)="android.app.Application" (Raw: "android.app.Application")
                 A: android:debuggable(0x0101000f)=(type 0x12)0xffffffff
                 A: android:extractNativeLibs(0x010104ea)=(type 0x12)0x0
                 A: android:appComponentFactory(0x0101057a)="androidx.core.app.CoreComponentFactory" (Raw: "androidx.core.app.CoreComponentFactory")
                 A: android:enableOnBackInvokedCallback(0x0101066c)=(type 0x12)0xffffffff
                 E: activity (line=54)
                   A: android:theme(0x01010000)=@0x7f0f00a3
                   A: android:name(0x01010003)="com.example.steps_recovery_flutter.MainActivity" (Raw: "com.example.steps_recovery_flutter.MainActivity")
                   A: android:exported(0x01010010)=(type 0x12)0xffffffff
                   A: android:taskAffinity(0x01010012)="" (Raw: "")
                   A: android:launchMode(0x0101001d)=(type 0x10)0x1
                   A: android:configChanges(0x0101001f)=(type 0x11)0x40003fb4
                   A: android:windowSoftInputMode(0x0101022b)=(type 0x11)0x10
                   A: android:hardwareAccelerated(0x010102d3)=(type 0x12)0xffffffff
                   E: meta-data (line=70)
                     A: android:name(0x01010003)="io.flutter.embedding.android.NormalTheme" (Raw: "io.flutter.embedding.android.NormalTheme")
                     A: android:resource(0x01010025)=@0x7f0f00a4
                   E: intent-filter (line=74)
                     E: action (line=75)
                       A: android:name(0x01010003)="android.intent.action.MAIN" (Raw: "android.intent.action.MAIN")
                     E: category (line=77)
                       A: android:name(0x01010003)="android.intent.category.LAUNCHER" (Raw: "android.intent.category.LAUNCHER")
                 E: meta-data (line=84)
                   A: android:name(0x01010003)="flutterEmbedding" (Raw: "flutterEmbedding")
                   A: android:value(0x01010024)=(type 0x10)0x2
                 E: provider (line=91)
                   A: android:name(0x01010003)="dev.fluttercommunity.plus.share.ShareFileProvider" (Raw: "dev.fluttercommunity.plus.share.ShareFileProvider")
                   A: android:exported(0x01010010)=(type 0x12)0x0
                   A: android:authorities(0x01010018)="com.example.steps_recovery_flutter.flutter.share_provider" (Raw: "com.example.steps_recovery_flutter.flutter.share_provider")
                   A: android:grantUriPermissions(0x0101001b)=(type 0x12)0xffffffff
                   E: meta-data (line=96)
                     A: android:name(0x01010003)="android.support.FILE_PROVIDER_PATHS" (Raw: "android.support.FILE_PROVIDER_PATHS")
                     A: android:resource(0x01010025)=@0x7f110000
                 E: receiver (line=104)
                   A: android:name(0x01010003)="dev.fluttercommunity.plus.share.SharePlusPendingIntent" (Raw: "dev.fluttercommunity.plus.share.SharePlusPendingIntent")
                   A: android:exported(0x01010010)=(type 0x12)0x0
                   E: intent-filter (line=107)
                     E: action (line=108)
                       A: android:name(0x01010003)="EXTRA_CHOSEN_COMPONENT" (Raw: "EXTRA_CHOSEN_COMPONENT")
                 E: activity (line=112)
                   A: android:theme(0x01010000)=@0x01030007
                   A: android:name(0x01010003)="io.flutter.plugins.urllauncher.WebViewActivity" (Raw: "io.flutter.plugins.urllauncher.WebViewActivity")
                   A: android:exported(0x01010010)=(type 0x12)0x0
                 E: provider (line=117)
                   A: android:name(0x01010003)="androidx.startup.InitializationProvider" (Raw: "androidx.startup.InitializationProvider")
                   A: android:exported(0x01010010)=(type 0x12)0x0
                   A: android:authorities(0x01010018)="com.example.steps_recovery_flutter.androidx-startup" (Raw: "com.example.steps_recovery_flutter.androidx-startup")
                   E: meta-data (line=121)
                     A: android:name(0x01010003)="androidx.work.WorkManagerInitializer" (Raw: "androidx.work.WorkManagerInitializer")
                     A: android:value(0x01010024)="androidx.startup" (Raw: "androidx.startup")
                   E: meta-data (line=124)
                     A: android:name(0x01010003)="androidx.lifecycle.ProcessLifecycleInitializer" (Raw: "androidx.lifecycle.ProcessLifecycleInitializer")
                     A: android:value(0x01010024)="androidx.startup" (Raw: "androidx.startup")
                   E: meta-data (line=127)
                     A: android:name(0x01010003)="androidx.profileinstaller.ProfileInstallerInitializer" (Raw: "androidx.profileinstaller.ProfileInstallerInitializer")
                     A: android:value(0x01010024)="androidx.startup" (Raw: "androidx.startup")
                 E: service (line=132)
                   A: android:name(0x01010003)="androidx.work.impl.background.systemalarm.SystemAlarmService" (Raw: "androidx.work.impl.background.systemalarm.SystemAlarmService")
                   A: android:enabled(0x0101000e)=@0x7f050004
                   A: android:exported(0x01010010)=(type 0x12)0x0
                   A: android:directBootAware(0x01010505)=(type 0x12)0x0
                 E: service (line=137)
                   A: android:name(0x01010003)="androidx.work.impl.background.systemjob.SystemJobService" (Raw: "androidx.work.impl.background.systemjob.SystemJobService")
                   A: android:permission(0x01010006)="android.permission.BIND_JOB_SERVICE" (Raw: "android.permission.BIND_JOB_SERVICE")
                   A: android:enabled(0x0101000e)=@0x7f050006
                   A: android:exported(0x01010010)=(type 0x12)0xffffffff
                   A: android:directBootAware(0x01010505)=(type 0x12)0x0
                 E: service (line=143)
                   A: android:name(0x01010003)="androidx.work.impl.foreground.SystemForegroundService" (Raw: "androidx.work.impl.foreground.SystemForegroundService")
                   A: android:enabled(0x0101000e)=@0x7f050005
                   A: android:exported(0x01010010)=(type 0x12)0x0
                   A: android:directBootAware(0x01010505)=(type 0x12)0x0
                 E: receiver (line=149)
                   A: android:name(0x01010003)="androidx.work.impl.utils.ForceStopRunnable$BroadcastReceiver" (Raw: "androidx.work.impl.utils.ForceStopRunnable$BroadcastReceiver")
                   A: android:enabled(0x0101000e)=(type 0x12)0xffffffff
                   A: android:exported(0x01010010)=(type 0x12)0x0
                   A: android:directBootAware(0x01010505)=(type 0x12)0x0
                 E: receiver (line=154)
                   A: android:name(0x01010003)="androidx.work.impl.background.systemalarm.ConstraintProxy$BatteryChargingProxy" (Raw: "androidx.work.impl.background.systemalarm.ConstraintProxy$BatteryChargingProxy")
                   A: android:enabled(0x0101000e)=(type 0x12)0x0
                   A: android:exported(0x01010010)=(type 0x12)0x0
                   A: android:directBootAware(0x01010505)=(type 0x12)0x0
                   E: intent-filter (line=159)
                     E: action (line=160)
                       A: android:name(0x01010003)="android.intent.action.ACTION_POWER_CONNECTED" (Raw: "android.intent.action.ACTION_POWER_CONNECTED")
                     E: action (line=161)
                       A: android:name(0x01010003)="android.intent.action.ACTION_POWER_DISCONNECTED" (Raw: "android.intent.action.ACTION_POWER_DISCONNECTED")
                 E: receiver (line=164)
                   A: android:name(0x01010003)="androidx.work.impl.background.systemalarm.ConstraintProxy$BatteryNotLowProxy" (Raw: "androidx.work.impl.background.systemalarm.ConstraintProxy$BatteryNotLowProxy")
                   A: android:enabled(0x0101000e)=(type 0x12)0x0
                   A: android:exported(0x01010010)=(type 0x12)0x0
                   A: android:directBootAware(0x01010505)=(type 0x12)0x0
                   E: intent-filter (line=169)
                     E: action (line=170)
                       A: android:name(0x01010003)="android.intent.action.BATTERY_OKAY" (Raw: "android.intent.action.BATTERY_OKAY")
                     E: action (line=171)
                       A: android:name(0x01010003)="android.intent.action.BATTERY_LOW" (Raw: "android.intent.action.BATTERY_LOW")
                 E: receiver (line=174)
                   A: android:name(0x01010003)="androidx.work.impl.background.systemalarm.ConstraintProxy$StorageNotLowProxy" (Raw: "androidx.work.impl.background.systemalarm.ConstraintProxy$StorageNotLowProxy")
                   A: android:enabled(0x0101000e)=(type 0x12)0x0
                   A: android:exported(0x01010010)=(type 0x12)0x0
                   A: android:directBootAware(0x01010505)=(type 0x12)0x0
                   E: intent-filter (line=179)
                     E: action (line=180)
                       A: android:name(0x01010003)="android.intent.action.DEVICE_STORAGE_LOW" (Raw: "android.intent.action.DEVICE_STORAGE_LOW")
                     E: action (line=181)
                       A: android:name(0x01010003)="android.intent.action.DEVICE_STORAGE_OK" (Raw: "android.intent.action.DEVICE_STORAGE_OK")
                 E: receiver (line=184)
                   A: android:name(0x01010003)="androidx.work.impl.background.systemalarm.ConstraintProxy$NetworkStateProxy" (Raw: "androidx.work.impl.background.systemalarm.ConstraintProxy$NetworkStateProxy")
                   A: android:enabled(0x0101000e)=(type 0x12)0x0
                   A: android:exported(0x01010010)=(type 0x12)0x0
                   A: android:directBootAware(0x01010505)=(type 0x12)0x0
                   E: intent-filter (line=189)
                     E: action (line=190)
                       A: android:name(0x01010003)="android.net.conn.CONNECTIVITY_CHANGE" (Raw: "android.net.conn.CONNECTIVITY_CHANGE")
                 E: receiver (line=193)
                   A: android:name(0x01010003)="androidx.work.impl.background.systemalarm.RescheduleReceiver" (Raw: "androidx.work.impl.background.systemalarm.RescheduleReceiver")
                   A: android:enabled(0x0101000e)=(type 0x12)0x0
                   A: android:exported(0x01010010)=(type 0x12)0x0
                   A: android:directBootAware(0x01010505)=(type 0x12)0x0
                   E: intent-filter (line=198)
                     E: action (line=199)
                       A: android:name(0x01010003)="android.intent.action.BOOT_COMPLETED" (Raw: "android.intent.action.BOOT_COMPLETED")
                     E: action (line=200)
                       A: android:name(0x01010003)="android.intent.action.TIME_SET" (Raw: "android.intent.action.TIME_SET")
                     E: action (line=201)
                       A: android:name(0x01010003)="android.intent.action.TIMEZONE_CHANGED" (Raw: "android.intent.action.TIMEZONE_CHANGED")
                 E: receiver (line=204)
                   A: android:name(0x01010003)="androidx.work.impl.background.systemalarm.ConstraintProxyUpdateReceiver" (Raw: "androidx.work.impl.background.systemalarm.ConstraintProxyUpdateReceiver")
                   A: android:enabled(0x0101000e)=@0x7f050004
                   A: android:exported(0x01010010)=(type 0x12)0x0
                   A: android:directBootAware(0x01010505)=(type 0x12)0x0
                   E: intent-filter (line=209)
                     E: action (line=210)
                       A: android:name(0x01010003)="androidx.work.impl.background.systemalarm.UpdateProxies" (Raw: "androidx.work.impl.background.systemalarm.UpdateProxies")
                 E: receiver (line=213)
                   A: android:name(0x01010003)="androidx.work.impl.diagnostics.DiagnosticsReceiver" (Raw: "androidx.work.impl.diagnostics.DiagnosticsReceiver")
                   A: android:permission(0x01010006)="android.permission.DUMP" (Raw: "android.permission.DUMP")
                   A: android:enabled(0x0101000e)=(type 0x12)0xffffffff
                   A: android:exported(0x01010010)=(type 0x12)0xffffffff
                   A: android:directBootAware(0x01010505)=(type 0x12)0x0
                   E: intent-filter (line=219)
                     E: action (line=220)
                       A: android:name(0x01010003)="androidx.work.diagnostics.REQUEST_DIAGNOSTICS" (Raw: "androidx.work.diagnostics.REQUEST_DIAGNOSTICS")
                 E: uses-library (line=224)
                   A: android:name(0x01010003)="androidx.window.extensions" (Raw: "androidx.window.extensions")
                   A: android:required(0x0101028e)=(type 0x12)0x0
                 E: uses-library (line=227)
                   A: android:name(0x01010003)="androidx.window.sidecar" (Raw: "androidx.window.sidecar")
                   A: android:required(0x0101028e)=(type 0x12)0x0
                 E: provider (line=231)
                   A: android:name(0x01010003)="io.sentry.android.core.SentryPerformanceProvider" (Raw: "io.sentry.android.core.SentryPerformanceProvider")
                   A: android:exported(0x01010010)=(type 0x12)0x0
                   A: android:authorities(0x01010018)="com.example.steps_recovery_flutter.SentryPerformanceProvider" (Raw: "com.example.steps_recovery_flutter.SentryPerformanceProvider")
                   A: android:initOrder(0x0101001a)=(type 0x10)0xc8
                 E: receiver (line=237)
                   A: android:name(0x01010003)="androidx.profileinstaller.ProfileInstallReceiver" (Raw: "androidx.profileinstaller.ProfileInstallReceiver")
                   A: android:permission(0x01010006)="android.permission.DUMP" (Raw: "android.permission.DUMP")
                   A: android:enabled(0x0101000e)=(type 0x12)0xffffffff
                   A: android:exported(0x01010010)=(type 0x12)0xffffffff
                   A: android:directBootAware(0x01010505)=(type 0x12)0x0
                   E: intent-filter (line=243)
                     E: action (line=244)
                       A: android:name(0x01010003)="androidx.profileinstaller.action.INSTALL_PROFILE" (Raw: "androidx.profileinstaller.action.INSTALL_PROFILE")
                   E: intent-filter (line=246)
                     E: action (line=247)
                       A: android:name(0x01010003)="androidx.profileinstaller.action.SKIP_FILE" (Raw: "androidx.profileinstaller.action.SKIP_FILE")
                   E: intent-filter (line=249)
                     E: action (line=250)
                       A: android:name(0x01010003)="androidx.profileinstaller.action.SAVE_PROFILE" (Raw: "androidx.profileinstaller.action.SAVE_PROFILE")
                   E: intent-filter (line=252)
                     E: action (line=253)
                       A: android:name(0x01010003)="androidx.profileinstaller.action.BENCHMARK_OPERATION" (Raw: "androidx.profileinstaller.action.BENCHMARK_OPERATION")
                 E: service (line=257)
                   A: android:name(0x01010003)="androidx.room.MultiInstanceInvalidationService" (Raw: "androidx.room.MultiInstanceInvalidationService")
                   A: android:exported(0x01010010)=(type 0x12)0x0
                   A: android:directBootAware(0x01010505)=(type 0x12)0xffffffff
[   +5 ms] executing: C:\Users\H\AppData\Local\Android\Sdk\platform-tools\adb.exe -s R58M88A642L shell -x logcat -v time -t 1
[   +8 ms] <- compile package:steps_recovery_flutter/main.dart
[+1015 ms] --------- beginning of main
           03-27 12:05:36.723 D/wpa_supplicant( 4522): nl80211: Ignore unsupported vendor event
[   +7 ms] executing: C:\Users\H\AppData\Local\Android\Sdk\platform-tools\adb.exe version
[  +56 ms] Android Debug Bridge version 1.0.41
           Version 37.0.0-14910828
           Installed as C:\Users\H\AppData\Local\Android\Sdk\platform-tools\adb.exe
           Running on Windows 10.0.26220
[   +1 ms] executing: C:\Users\H\AppData\Local\Android\Sdk\platform-tools\adb.exe start-server
[  +47 ms] Building APK
[  +14 ms] Top-level Gradle build file not found, skipping migration of task "clean".
[        ] Android Studio version could not be detected, skipping Gradle-Java version compatibility check.
[  +11 ms] CMake project not found, skipping support Android 15 16k page size migration.
[   +4 ms] Using gradle from C:\Users\H\Steps-to-recovery-flutter\android\gradlew.bat.
[   +9 ms] LocalFile: 'C:\Users\H\Steps-to-recovery-flutter\android\build.gradle.kts' doesn't provide an AGP version. Checking settings.
[   +1 ms] LocalFile: 'C:\Users\H\Steps-to-recovery-flutter\android\settings.gradle.kts' provides AGP version: 8.11.1
[  +25 ms] Running Gradle task 'assembleDebug'...
[   +1 ms] executing: [C:\Users\H\Steps-to-recovery-flutter\android/] C:\Users\H\Steps-to-recovery-flutter\android\gradlew.bat --full-stacktrace --info -Pverbose=true -Ptarget-platform=android-arm64 -Ptarget=C:\Users\H\Steps-to-recovery-flutter\lib\main.dart -Pbase-application-name=android.app.Application -Pdart-defines=RkxVVFRFUl9WRVJTSU9OPTMuNDEuNQ==,RkxVVFRFUl9DSEFOTkVMPXN0YWJsZQ==,RkxVVFRFUl9HSVRfVVJMPWh0dHBzOi8vZ2l0aHViLmNvbS9mbHV0dGVyL2ZsdXR0ZXIuZ2l0,RkxVVFRFUl9GUkFNRVdPUktfUkVWSVNJT049MmM5ZWIyMDczOQ==,RkxVVFRFUl9FTkdJTkVfUkVWSVNJT049MDUyZjMxZDExNQ==,RkxVVFRFUl9EQVJUX1ZFUlNJT049My4xMS4z -Pdart-obfuscation=false -Ptrack-widget-creation=true -Ptree-shake-icons=false -Pfilesystem-scheme=org-dartlang-root assembleDebug
[ +762 ms] Initialized native services in: C:\Users\H\.gradle\native
[        ] Initialized jansi services in: C:\Users\H\.gradle\native
[ +622 ms] The client will now receive all logging from the daemon (pid: 16556). The daemon log file: C:\Users\H\.gradle\daemon\8.14\daemon-16556.out.log
[        ] Starting 9th build in daemon [uptime: 3 hrs 1 mins 55.583 secs, performance: 100%, GC rate: 0.00/s, heap usage: 0% of 8 GiB, non-heap usage: 6% of 4 GiB]
[        ] Using 6 worker leases.
[ +109 ms] Now considering [C:\Users\H\Steps-to-recovery-flutter\android, C:\src\flutter\packages\flutter_tools\gradle] as hierarchies to watch
[        ] Watching the file system is configured to be enabled if available
[        ] File system watching is active
[        ] Starting Build
[        ] Now considering [C:\src\flutter\packages\flutter_tools\gradle, C:\Users\H\Steps-to-recovery-flutter\android] as hierarchies to watch
[  +94 ms] > Configure project :gradle
[        ] Evaluating project ':gradle' using build file 'C:\src\flutter\packages\flutter_tools\gradle\build.gradle.kts'.
[        ] Resolved plugin [id: 'org.gradle.java-gradle-plugin']
[        ] Resolved plugin [id: 'org.gradle.groovy']
[        ] Resolved plugin [id: 'org.gradle.kotlin.kotlin-dsl', version: '5.2.0']
[        ] Resolved plugin [id: 'org.jetbrains.kotlin.jvm', version: '1.9.20']
[        ] Using Kotlin Gradle Plugin gradle85 variant
[        ] kotlin scripting plugin: created the scripting discovery configuration: kotlinScriptDef
[        ] kotlin scripting plugin: created the scripting discovery configuration: testKotlinScriptDef
[        ] file or directory 'C:\src\flutter\packages\flutter_tools\gradle\src\main\java', not found
[        ] Resolved plugin [id: 'dev.flutter.flutter-plugin-loader', version: '1.0.0']
[        ] Resolved plugin [id: 'com.android.application', version: '8.11.1', apply: false]
[        ] Resolved plugin [id: 'org.jetbrains.kotlin.android', version: '2.2.20', apply: false]
[        ] Resolve mutations for :gradle:checkKotlinGradlePluginConfigurationErrors (Thread[Execution worker,5,main]) started.
[        ] :gradle:checkKotlinGradlePluginConfigurationErrors (Thread[Execution worker,5,main]) started.
[        ] > Task :gradle:checkKotlinGradlePluginConfigurationErrors SKIPPED
[        ] Skipping task ':gradle:checkKotlinGradlePluginConfigurationErrors' as task onlyIf 'errorDiagnostics are present' is false.
[        ] Resolve mutations for :gradle:compileKotlin (Thread[Execution worker,5,main]) started.
[        ] :gradle:compileKotlin (Thread[Execution worker,5,main]) started.
[  +90 ms] > Task :gradle:compileKotlin UP-TO-DATE
[        ] Caching disabled for task ':gradle:compileKotlin' because:
[        ]   Build cache is disabled
[        ] Skipping task ':gradle:compileKotlin' as it is up-to-date.
[        ] Resolve mutations for :gradle:compileJava (Thread[Execution worker,5,main]) started.
[        ] :gradle:compileJava (Thread[Execution worker,5,main]) started.
[        ] > Task :gradle:compileJava NO-SOURCE
[        ] Skipping task ':gradle:compileJava' as it has no source files and no previous output files.
[        ] Resolve mutations for :gradle:compileGroovy (Thread[Execution worker,5,main]) started.
[        ] :gradle:compileGroovy (Thread[Execution worker,5,main]) started.
[        ] > Task :gradle:compileGroovy NO-SOURCE
[        ] Skipping task ':gradle:compileGroovy' as it has no source files and no previous output files.
[        ] Resolve mutations for :gradle:pluginDescriptors (Thread[Execution worker,5,main]) started.
[        ] :gradle:pluginDescriptors (Thread[Execution worker,5,main]) started.
[        ] > Task :gradle:pluginDescriptors UP-TO-DATE
[        ] Caching disabled for task ':gradle:pluginDescriptors' because:
[        ]   Build cache is disabled
[        ]   Not worth caching
[        ] Skipping task ':gradle:pluginDescriptors' as it is up-to-date.
[        ] Resolve mutations for :gradle:processResources (Thread[Execution worker,5,main]) started.
[        ] :gradle:processResources (Thread[Execution worker,5,main]) started.
[        ] > Task :gradle:processResources UP-TO-DATE
[        ] Caching disabled for task ':gradle:processResources' because:
[        ]   Build cache is disabled
[        ]   Not worth caching
[        ] Skipping task ':gradle:processResources' as it is up-to-date.
[        ] Resolve mutations for :gradle:classes (Thread[Execution worker,5,main]) started.
[        ] :gradle:classes (Thread[Execution worker,5,main]) started.
[        ] > Task :gradle:classes UP-TO-DATE
[        ] Skipping task ':gradle:classes' as it has no actions.
[        ] Resolve mutations for :gradle:jar (Thread[Execution worker,5,main]) started.
[        ] :gradle:jar (Thread[Execution worker,5,main]) started.
[        ] > Task :gradle:jar UP-TO-DATE
[        ] Caching disabled for task ':gradle:jar' because:
[        ]   Build cache is disabled
[        ]   Not worth caching
[        ] Skipping task ':gradle:jar' as it is up-to-date.
[ +105 ms] Settings evaluated using settings file 'C:\Users\H\Steps-to-recovery-flutter\android\settings.gradle.kts'.
[        ] Projects loaded. Root project using build file 'C:\Users\H\Steps-to-recovery-flutter\android\build.gradle.kts'.
[        ] Included projects: [root project 'android', project ':app', project ':app_links', project ':audio_session', project ':battery_plus', project ':connectivity_plus', project ':device_info_plus', project ':flutter_local_notifications', project ':flutter_native_splash', project ':flutter_plugin_android_lifecycle', project ':flutter_secure_storage', project ':haptic_feedback', project ':integration_test', project ':jni', project ':just_audio', project ':local_auth_android', project ':package_info_plus', project ':path_provider_android', project ':permission_handler_android', project ':record_android', project ':sentry_flutter', project ':share_plus', project ':shared_preferences_android', project ':speech_to_text', project ':url_launcher_android', project ':workmanager_android']
[ +202 ms] > Configure project :app
[        ] Evaluating project ':app' using build file 'C:\Users\H\Steps-to-recovery-flutter\android\app\build.gradle.kts'.
[        ] Resolved plugin [id: 'com.android.application']
[   +4 ms] Resolved plugin [id: 'kotlin-android']
[        ] Resolved plugin [id: 'dev.flutter.flutter-gradle-plugin']
[        ] Using default execution profile
[        ] Build 49473c52-89bf-447e-8c60-2efad87610b8 is started
[        ] Using Kotlin Gradle Plugin gradle813 variant
[        ] C/C++: android.ndkVersion from module build.gradle is [28.2.13676358]
[        ] C/C++: android.ndkPath from module build.gradle is not set
[        ] C/C++: ndk.dir in local.properties is not set
[        ] C/C++: Not considering ANDROID_NDK_HOME because support was removed after deprecation period.
[        ] C/C++: sdkFolder is C:\Users\H\AppData\Local\Android\Sdk
[        ] C/C++: android.ndkVersion from module build.gradle is [28.2.13676358]
[        ] C/C++: android.ndkPath from module build.gradle is not set
[   +1 ms] C/C++: ndk.dir in local.properties is not set
[   +2 ms] C/C++: Not considering ANDROID_NDK_HOME because support was removed after deprecation period.
[        ] C/C++: sdkFolder is C:\Users\H\AppData\Local\Android\Sdk
[        ] C/C++: android.ndkVersion from module build.gradle is [28.2.13676358]
[        ] C/C++: android.ndkPath from module build.gradle is not set
[        ] C/C++: ndk.dir in local.properties is not set
[        ] C/C++: Not considering ANDROID_NDK_HOME because support was removed after deprecation period.
[        ] C/C++: sdkFolder is C:\Users\H\AppData\Local\Android\Sdk
[        ] C/C++: android.ndkVersion from module build.gradle is [28.2.13676358]
[        ] C/C++: android.ndkPath from module build.gradle is not set
[        ] C/C++: ndk.dir in local.properties is not set
[        ] C/C++: Not considering ANDROID_NDK_HOME because support was removed after deprecation period.
[        ] C/C++: sdkFolder is C:\Users\H\AppData\Local\Android\Sdk
[        ] C/C++: android.ndkVersion from module build.gradle is [28.2.13676358]
[        ] C/C++: android.ndkPath from module build.gradle is not set
[        ] C/C++: ndk.dir in local.properties is not set
[        ] C/C++: Not considering ANDROID_NDK_HOME because support was removed after deprecation period.
[        ] C/C++: sdkFolder is C:\Users\H\AppData\Local\Android\Sdk
[        ] C/C++: android.ndkVersion from module build.gradle is [28.2.13676358]
[        ] C/C++: android.ndkPath from module build.gradle is not set
[        ] C/C++: ndk.dir in local.properties is not set
[        ] C/C++: Not considering ANDROID_NDK_HOME because support was removed after deprecation period.
[        ] C/C++: sdkFolder is C:\Users\H\AppData\Local\Android\Sdk
[        ] C/C++: android.ndkVersion from module build.gradle is [28.2.13676358]
[        ] C/C++: android.ndkPath from module build.gradle is not set
[        ] C/C++: ndk.dir in local.properties is not set
[        ] C/C++: Not considering ANDROID_NDK_HOME because support was removed after deprecation period.
[        ] C/C++: sdkFolder is C:\Users\H\AppData\Local\Android\Sdk
[        ] C/C++: android.ndkVersion from module build.gradle is [28.2.13676358]
[        ] C/C++: android.ndkPath from module build.gradle is not set
[        ] C/C++: ndk.dir in local.properties is not set
[        ] C/C++: Not considering ANDROID_NDK_HOME because support was removed after deprecation period.
[        ] C/C++: sdkFolder is C:\Users\H\AppData\Local\Android\Sdk
[        ] C/C++: android.ndkVersion from module build.gradle is [28.2.13676358]
[        ] C/C++: android.ndkPath from module build.gradle is not set
[        ] C/C++: ndk.dir in local.properties is not set
[        ] C/C++: Not considering ANDROID_NDK_HOME because support was removed after deprecation period.
[        ] C/C++: sdkFolder is C:\Users\H\AppData\Local\Android\Sdk
[        ] C/C++: android.ndkVersion from module build.gradle is [28.2.13676358]
[        ] C/C++: android.ndkPath from module build.gradle is not set
[        ] C/C++: ndk.dir in local.properties is not set
[        ] C/C++: Not considering ANDROID_NDK_HOME because support was removed after deprecation period.
[        ] C/C++: sdkFolder is C:\Users\H\AppData\Local\Android\Sdk
[        ] C/C++: android.ndkVersion from module build.gradle is [28.2.13676358]
[        ] C/C++: android.ndkPath from module build.gradle is not set
[        ] C/C++: ndk.dir in local.properties is not set
[        ] C/C++: Not considering ANDROID_NDK_HOME because support was removed after deprecation period.
[        ] C/C++: sdkFolder is C:\Users\H\AppData\Local\Android\Sdk
[        ] C/C++: android.ndkVersion from module build.gradle is [28.2.13676358]
[        ] C/C++: android.ndkPath from module build.gradle is not set
[        ] C/C++: ndk.dir in local.properties is not set
[        ] C/C++: Not considering ANDROID_NDK_HOME because support was removed after deprecation period.
[        ] C/C++: sdkFolder is C:\Users\H\AppData\Local\Android\Sdk
[        ] C/C++: android.ndkVersion from module build.gradle is [28.2.13676358]
[        ] C/C++: android.ndkPath from module build.gradle is not set
[        ] C/C++: ndk.dir in local.properties is not set
[        ] C/C++: Not considering ANDROID_NDK_HOME because support was removed after deprecation period.
[        ] C/C++: sdkFolder is C:\Users\H\AppData\Local\Android\Sdk
[        ] C/C++: android.ndkVersion from module build.gradle is [28.2.13676358]
[        ] C/C++: android.ndkPath from module build.gradle is not set
[        ] C/C++: ndk.dir in local.properties is not set
[        ] C/C++: Not considering ANDROID_NDK_HOME because support was removed after deprecation period.
[        ] C/C++: sdkFolder is C:\Users\H\AppData\Local\Android\Sdk
[        ] C/C++: android.ndkVersion from module build.gradle is [28.2.13676358]
[        ] C/C++: android.ndkPath from module build.gradle is not set
[        ] C/C++: ndk.dir in local.properties is not set
[        ] C/C++: Not considering ANDROID_NDK_HOME because support was removed after deprecation period.
[        ] C/C++: sdkFolder is C:\Users\H\AppData\Local\Android\Sdk
[        ] C/C++: android.ndkVersion from module build.gradle is [28.2.13676358]
[        ] C/C++: android.ndkPath from module build.gradle is not set
[        ] C/C++: ndk.dir in local.properties is not set
[        ] C/C++: Not considering ANDROID_NDK_HOME because support was removed after deprecation period.
[        ] C/C++: sdkFolder is C:\Users\H\AppData\Local\Android\Sdk
[        ] C/C++: android.ndkVersion from module build.gradle is [28.2.13676358]
[        ] C/C++: android.ndkPath from module build.gradle is not set
[        ] C/C++: ndk.dir in local.properties is not set
[        ] C/C++: Not considering ANDROID_NDK_HOME because support was removed after deprecation period.
[        ] C/C++: sdkFolder is C:\Users\H\AppData\Local\Android\Sdk
[        ] C/C++: android.ndkVersion from module build.gradle is [28.2.13676358]
[        ] C/C++: android.ndkPath from module build.gradle is not set
[        ] C/C++: ndk.dir in local.properties is not set
[        ] C/C++: Not considering ANDROID_NDK_HOME because support was removed after deprecation period.
[        ] C/C++: sdkFolder is C:\Users\H\AppData\Local\Android\Sdk
[        ] C/C++: android.ndkVersion from module build.gradle is [28.2.13676358]
[        ] C/C++: android.ndkPath from module build.gradle is not set
[        ] C/C++: ndk.dir in local.properties is not set
[        ] C/C++: Not considering ANDROID_NDK_HOME because support was removed after deprecation period.
[        ] C/C++: sdkFolder is C:\Users\H\AppData\Local\Android\Sdk
[        ] > Configure project :
[        ] Evaluating root project 'android' using build file 'C:\Users\H\Steps-to-recovery-flutter\android\build.gradle.kts'.
[        ] > Configure project :app_links
[        ] Evaluating project ':app_links' using build file 'C:\Users\H\AppData\Local\Pub\Cache\hosted\pub.dev\app_links-7.0.0\android\build.gradle'.
[        ] Using default execution profile
[ +165 ms] > Configure project :audio_session
[        ] Evaluating project ':audio_session' using build file 'C:\Users\H\AppData\Local\Pub\Cache\hosted\pub.dev\audio_session-0.2.3\android\build.gradle'.
[        ] Using default execution profile
[        ] Using Kotlin Gradle Plugin gradle813 variant
[        ] > Configure project :battery_plus
[        ] Evaluating project ':battery_plus' using build file 'C:\Users\H\AppData\Local\Pub\Cache\hosted\pub.dev\battery_plus-7.0.0\android\build.gradle'.
[        ] Using default execution profile
[        ] Using Kotlin Gradle Plugin gradle813 variant
[ +108 ms] > Configure project :connectivity_plus
[        ] Evaluating project ':connectivity_plus' using build file 'C:\Users\H\AppData\Local\Pub\Cache\hosted\pub.dev\connectivity_plus-7.0.0\android\build.gradle'.
[        ] Using default execution profile
[        ] > Configure project :device_info_plus
[        ] Evaluating project ':device_info_plus' using build file 'C:\Users\H\AppData\Local\Pub\Cache\hosted\pub.dev\device_info_plus-12.3.0\android\build.gradle'.
[        ] Using default execution profile
[        ] Using Kotlin Gradle Plugin gradle813 variant
[  +92 ms] > Configure project :flutter_local_notifications
[        ] Evaluating project ':flutter_local_notifications' using build file 'C:\Users\H\AppData\Local\Pub\Cache\hosted\pub.dev\flutter_local_notifications-21.0.0\android\build.gradle'.
[        ] Using default execution profile
[ +108 ms] > Configure project :flutter_native_splash
[        ] Evaluating project ':flutter_native_splash' using build file 'C:\Users\H\AppData\Local\Pub\Cache\hosted\pub.dev\flutter_native_splash-2.4.7\android\build.gradle'.
[        ] Using default execution profile
[        ] > Configure project :flutter_plugin_android_lifecycle
[        ] Evaluating project ':flutter_plugin_android_lifecycle' using build file 'C:\Users\H\AppData\Local\Pub\Cache\hosted\pub.dev\flutter_plugin_android_lifecycle-2.0.34\android\build.gradle.kts'.
[        ] Resolved plugin [id: 'com.android.library']
[        ] Using default execution profile
[        ] > Configure project :flutter_secure_storage
[        ] Evaluating project ':flutter_secure_storage' using build file 'C:\Users\H\AppData\Local\Pub\Cache\hosted\pub.dev\flutter_secure_storage-10.0.0\android\build.gradle'.
[        ] Using default execution profile
[  +93 ms] > Configure project :haptic_feedback
[        ] Evaluating project ':haptic_feedback' using build file 'C:\Users\H\AppData\Local\Pub\Cache\hosted\pub.dev\haptic_feedback-0.6.4+3\android\build.gradle'.
[        ] Using default execution profile
[        ] Using Kotlin Gradle Plugin gradle813 variant
[  +94 ms] > Configure project :integration_test
[        ] Evaluating project ':integration_test' using build file 'C:\src\flutter\packages\integration_test\android\build.gradle.kts'.
[        ] Resolved plugin [id: 'com.android.library']
[        ] Using default execution profile
[        ] > Configure project :jni
[        ] Evaluating project ':jni' using build file 'C:\Users\H\AppData\Local\Pub\Cache\hosted\pub.dev\jni-0.14.2\android\build.gradle'.
[        ] Using default execution profile
[        ] C/C++: android.ndkVersion from module build.gradle is [28.2.13676358]
[        ] C/C++: android.ndkPath from module build.gradle is not set
[        ] C/C++: ndk.dir in local.properties is not set
[        ] C/C++: Not considering ANDROID_NDK_HOME because support was removed after deprecation period.
[        ] C/C++: sdkFolder is C:\Users\H\AppData\Local\Android\Sdk
[        ] C/C++: android.ndkVersion from module build.gradle is [28.2.13676358]
[        ] C/C++: android.ndkPath from module build.gradle is not set
[        ] C/C++: ndk.dir in local.properties is not set
[        ] C/C++: Not considering ANDROID_NDK_HOME because support was removed after deprecation period.
[        ] C/C++: sdkFolder is C:\Users\H\AppData\Local\Android\Sdk
[        ] C/C++: android.ndkVersion from module build.gradle is [28.2.13676358]
[        ] C/C++: android.ndkPath from module build.gradle is not set
[        ] C/C++: ndk.dir in local.properties is not set
[        ] C/C++: Not considering ANDROID_NDK_HOME because support was removed after deprecation period.
[        ] C/C++: sdkFolder is C:\Users\H\AppData\Local\Android\Sdk
[        ] C/C++: android.ndkVersion from module build.gradle is [28.2.13676358]
[        ] C/C++: android.ndkPath from module build.gradle is not set
[        ] C/C++: ndk.dir in local.properties is not set
[        ] C/C++: Not considering ANDROID_NDK_HOME because support was removed after deprecation period.
[        ] C/C++: sdkFolder is C:\Users\H\AppData\Local\Android\Sdk
[        ] C/C++: android.ndkVersion from module build.gradle is [28.2.13676358]
[        ] C/C++: android.ndkPath from module build.gradle is not set
[        ] C/C++: ndk.dir in local.properties is not set
[        ] C/C++: Not considering ANDROID_NDK_HOME because support was removed after deprecation period.
[        ] C/C++: sdkFolder is C:\Users\H\AppData\Local\Android\Sdk
[        ] C/C++: android.ndkVersion from module build.gradle is [28.2.13676358]
[        ] C/C++: android.ndkPath from module build.gradle is not set
[        ] C/C++: ndk.dir in local.properties is not set
[        ] C/C++: Not considering ANDROID_NDK_HOME because support was removed after deprecation period.
[        ] C/C++: sdkFolder is C:\Users\H\AppData\Local\Android\Sdk
[        ] C/C++: android.ndkVersion from module build.gradle is [28.2.13676358]
[        ] C/C++: android.ndkPath from module build.gradle is not set
[        ] C/C++: ndk.dir in local.properties is not set
[        ] C/C++: Not considering ANDROID_NDK_HOME because support was removed after deprecation period.
[        ] C/C++: sdkFolder is C:\Users\H\AppData\Local\Android\Sdk
[        ] C/C++: android.ndkVersion from module build.gradle is [28.2.13676358]
[        ] C/C++: android.ndkPath from module build.gradle is not set
[        ] C/C++: ndk.dir in local.properties is not set
[        ] C/C++: Not considering ANDROID_NDK_HOME because support was removed after deprecation period.
[        ] C/C++: sdkFolder is C:\Users\H\AppData\Local\Android\Sdk
[        ] C/C++: android.ndkVersion from module build.gradle is [28.2.13676358]
[        ] C/C++: android.ndkPath from module build.gradle is not set
[        ] C/C++: ndk.dir in local.properties is not set
[        ] C/C++: Not considering ANDROID_NDK_HOME because support was removed after deprecation period.
[        ] C/C++: sdkFolder is C:\Users\H\AppData\Local\Android\Sdk
[        ] C/C++: android.ndkVersion from module build.gradle is [28.2.13676358]
[        ] C/C++: android.ndkPath from module build.gradle is not set
[        ] C/C++: ndk.dir in local.properties is not set
[        ] C/C++: Not considering ANDROID_NDK_HOME because support was removed after deprecation period.
[        ] C/C++: sdkFolder is C:\Users\H\AppData\Local\Android\Sdk
[        ] C/C++: android.ndkVersion from module build.gradle is [28.2.13676358]
[        ] C/C++: android.ndkPath from module build.gradle is not set
[        ] C/C++: ndk.dir in local.properties is not set
[        ] C/C++: Not considering ANDROID_NDK_HOME because support was removed after deprecation period.
[        ] C/C++: sdkFolder is C:\Users\H\AppData\Local\Android\Sdk
[        ] C/C++: android.ndkVersion from module build.gradle is [28.2.13676358]
[        ] C/C++: android.ndkPath from module build.gradle is not set
[        ] C/C++: ndk.dir in local.properties is not set
[        ] C/C++: Not considering ANDROID_NDK_HOME because support was removed after deprecation period.
[        ] C/C++: sdkFolder is C:\Users\H\AppData\Local\Android\Sdk
[        ] C/C++: android.ndkVersion from module build.gradle is [28.2.13676358]
[        ] C/C++: android.ndkPath from module build.gradle is not set
[        ] C/C++: ndk.dir in local.properties is not set
[        ] C/C++: Not considering ANDROID_NDK_HOME because support was removed after deprecation period.
[        ] C/C++: sdkFolder is C:\Users\H\AppData\Local\Android\Sdk
[        ] C/C++: android.ndkVersion from module build.gradle is [28.2.13676358]
[        ] C/C++: android.ndkPath from module build.gradle is not set
[        ] C/C++: ndk.dir in local.properties is not set
[        ] C/C++: Not considering ANDROID_NDK_HOME because support was removed after deprecation period.
[        ] C/C++: sdkFolder is C:\Users\H\AppData\Local\Android\Sdk
[        ] C/C++: android.ndkVersion from module build.gradle is [28.2.13676358]
[        ] C/C++: android.ndkPath from module build.gradle is not set
[        ] C/C++: ndk.dir in local.properties is not set
[        ] C/C++: Not considering ANDROID_NDK_HOME because support was removed after deprecation period.
[        ] C/C++: sdkFolder is C:\Users\H\AppData\Local\Android\Sdk
[        ] C/C++: android.ndkVersion from module build.gradle is [28.2.13676358]
[        ] C/C++: android.ndkPath from module build.gradle is not set
[        ] C/C++: ndk.dir in local.properties is not set
[        ] C/C++: Not considering ANDROID_NDK_HOME because support was removed after deprecation period.
[        ] C/C++: sdkFolder is C:\Users\H\AppData\Local\Android\Sdk
[        ] C/C++: android.ndkVersion from module build.gradle is [28.2.13676358]
[        ] C/C++: android.ndkPath from module build.gradle is not set
[        ] C/C++: ndk.dir in local.properties is not set
[        ] C/C++: Not considering ANDROID_NDK_HOME because support was removed after deprecation period.
[        ] C/C++: sdkFolder is C:\Users\H\AppData\Local\Android\Sdk
[        ] C/C++: android.ndkVersion from module build.gradle is [28.2.13676358]
[        ] C/C++: android.ndkPath from module build.gradle is not set
[        ] C/C++: ndk.dir in local.properties is not set
[        ] C/C++: Not considering ANDROID_NDK_HOME because support was removed after deprecation period.
[        ] C/C++: sdkFolder is C:\Users\H\AppData\Local\Android\Sdk
[        ] C/C++: android.ndkVersion from module build.gradle is [28.2.13676358]
[        ] C/C++: android.ndkPath from module build.gradle is not set
[        ] C/C++: ndk.dir in local.properties is not set
[        ] C/C++: Not considering ANDROID_NDK_HOME because support was removed after deprecation period.
[        ] C/C++: sdkFolder is C:\Users\H\AppData\Local\Android\Sdk
[ +137 ms] > Configure project :just_audio
[        ] Evaluating project ':just_audio' using build file 'C:\Users\H\AppData\Local\Pub\Cache\hosted\pub.dev\just_audio-0.10.5\android\build.gradle'.
[        ] Using default execution profile
[        ] > Configure project :local_auth_android
[        ] Evaluating project ':local_auth_android' using build file 'C:\Users\H\AppData\Local\Pub\Cache\hosted\pub.dev\local_auth_android-2.0.7\android\build.gradle.kts'.
[        ] Resolved plugin [id: 'com.android.library']
[        ] Using default execution profile
[  +56 ms] > Configure project :package_info_plus
[        ] Evaluating project ':package_info_plus' using build file 'C:\Users\H\AppData\Local\Pub\Cache\hosted\pub.dev\package_info_plus-9.0.0\android\build.gradle'.
[        ] Using default execution profile
[        ] Using Kotlin Gradle Plugin gradle813 variant
[  +93 ms] > Configure project :path_provider_android
[        ] Evaluating project ':path_provider_android' using build file 'C:\Users\H\AppData\Local\Pub\Cache\hosted\pub.dev\path_provider_android-2.2.23\android\build.gradle.kts'.
[        ] Resolved plugin [id: 'com.android.library']
[        ] Using default execution profile
[        ] > Configure project :permission_handler_android
[        ] Evaluating project ':permission_handler_android' using build file 'C:\Users\H\AppData\Local\Pub\Cache\hosted\pub.dev\permission_handler_android-13.0.1\android\build.gradle'.
[        ] Using default execution profile
[ +109 ms] > Configure project :record_android
[        ] Evaluating project ':record_android' using build file 'C:\Users\H\AppData\Local\Pub\Cache\hosted\pub.dev\record_android-1.5.1\android\build.gradle'.
[        ] Using default execution profile
[        ] Using Kotlin Gradle Plugin gradle813 variant
[  +95 ms] > Configure project :sentry_flutter
[        ] Evaluating project ':sentry_flutter' using build file 'C:\Users\H\AppData\Local\Pub\Cache\hosted\pub.dev\sentry_flutter-9.16.0\android\build.gradle'.
[        ] Using default execution profile
[        ] Using Kotlin Gradle Plugin gradle813 variant
[  +94 ms] > Configure project :share_plus
[        ] Evaluating project ':share_plus' using build file 'C:\Users\H\AppData\Local\Pub\Cache\hosted\pub.dev\share_plus-12.0.1\android\build.gradle'.
[        ] Using default execution profile
[        ] Using Kotlin Gradle Plugin gradle813 variant
[ +109 ms] > Configure project :shared_preferences_android
[        ] Evaluating project ':shared_preferences_android' using build file 'C:\Users\H\AppData\Local\Pub\Cache\hosted\pub.dev\shared_preferences_android-2.4.23\android\build.gradle.kts'.
[        ] Resolved plugin [id: 'com.android.library']
[        ] Resolved plugin [id: 'kotlin-android']
[        ] Using default execution profile
[        ] Using Kotlin Gradle Plugin gradle813 variant
[        ] > Configure project :speech_to_text
[        ] Evaluating project ':speech_to_text' using build file 'C:\Users\H\AppData\Local\Pub\Cache\hosted\pub.dev\speech_to_text-7.3.0\android\build.gradle'.
[        ] Using default execution profile
[        ] Using Kotlin Gradle Plugin gradle813 variant
[        ] > Configure project :url_launcher_android
[        ] Evaluating project ':url_launcher_android' using build file 'C:\Users\H\AppData\Local\Pub\Cache\hosted\pub.dev\url_launcher_android-6.3.29\android\build.gradle.kts'.
[        ] Resolved plugin [id: 'com.android.library']
[        ] Using default execution profile
[  +91 ms] > Configure project :workmanager_android
[        ] Evaluating project ':workmanager_android' using build file 'C:\Users\H\AppData\Local\Pub\Cache\hosted\pub.dev\workmanager_android-0.9.0+2\android\build.gradle'.
[        ] Using default execution profile
[        ] Using Kotlin Gradle Plugin gradle813 variant
[        ] All projects evaluated.
[        ] Task name matched 'assembleDebug'
[        ] Selected primary task 'assembleDebug' from project :
[        ] Adding -Xuse-inline-scopes-numbers Kotlin compiler flag for task :app:compileDebugKotlin
[ +303 ms] Tasks to be executed: [task ':app:DebugMinSdkCheck', task ':app:preBuild', task ':app:preDebugBuild', task ':app:mergeDebugNativeDebugMetadata', task ':app:checkKotlinGradlePluginConfigurationErrors', task ':app:compileFlutterBuildDebug', task ':app:packJniLibsflutterBuildDebug', task ':app_links:preBuild', task ':app_links:preDebugBuild', task ':app_links:writeDebugAarMetadata', task ':audio_session:preBuild', task ':audio_session:preDebugBuild', task ':audio_session:writeDebugAarMetadata', task ':battery_plus:preBuild', task ':battery_plus:preDebugBuild', task ':battery_plus:writeDebugAarMetadata', task ':connectivity_plus:preBuild', task ':connectivity_plus:preDebugBuild', task ':connectivity_plus:writeDebugAarMetadata', task ':device_info_plus:preBuild', task ':device_info_plus:preDebugBuild', task ':device_info_plus:writeDebugAarMetadata', task ':flutter_local_notifications:preBuild', task ':flutter_local_notifications:preDebugBuild', task ':flutter_local_notifications:writeDebugAarMetadata', task ':flutter_native_splash:preBuild', task ':flutter_native_splash:preDebugBuild', task ':flutter_native_splash:writeDebugAarMetadata', task ':flutter_plugin_android_lifecycle:preBuild', task ':flutter_plugin_android_lifecycle:preDebugBuild', task ':flutter_plugin_android_lifecycle:writeDebugAarMetadata', task ':flutter_secure_storage:preBuild', task ':flutter_secure_storage:preDebugBuild', task ':flutter_secure_storage:writeDebugAarMetadata', task ':haptic_feedback:preBuild', task ':haptic_feedback:preDebugBuild', task ':haptic_feedback:writeDebugAarMetadata', task ':integration_test:preBuild', task ':integration_test:preDebugBuild', task ':integration_test:writeDebugAarMetadata', task ':jni:preBuild', task ':jni:preDebugBuild', task ':jni:writeDebugAarMetadata', task ':just_audio:preBuild', task ':just_audio:preDebugBuild', task ':just_audio:writeDebugAarMetadata', task ':local_auth_android:preBuild', task ':local_auth_android:preDebugBuild', task ':local_auth_android:writeDebugAarMetadata', task ':package_info_plus:preBuild', task ':package_info_plus:preDebugBuild', task ':package_info_plus:writeDebugAarMetadata', task ':path_provider_android:preBuild', task ':path_provider_android:preDebugBuild', task ':path_provider_android:writeDebugAarMetadata', task ':permission_handler_android:preBuild', task ':permission_handler_android:preDebugBuild', task ':permission_handler_android:writeDebugAarMetadata', task ':record_android:preBuild', task ':record_android:preDebugBuild', task ':record_android:writeDebugAarMetadata', task ':sentry_flutter:preBuild', task ':sentry_flutter:preDebugBuild', task ':sentry_flutter:writeDebugAarMetadata', task ':share_plus:preBuild', task ':share_plus:preDebugBuild', task ':share_plus:writeDebugAarMetadata', task ':shared_preferences_android:preBuild', task ':shared_preferences_android:preDebugBuild', task ':shared_preferences_android:writeDebugAarMetadata', task ':speech_to_text:preBuild', task ':speech_to_text:preDebugBuild', task ':speech_to_text:writeDebugAarMetadata', task ':url_launcher_android:preBuild', task ':url_launcher_android:preDebugBuild', task ':url_launcher_android:writeDebugAarMetadata', task ':workmanager_android:preBuild', task ':workmanager_android:preDebugBuild', task ':workmanager_android:writeDebugAarMetadata', task ':app:checkDebugAarMetadata', task ':app:cleanMergeDebugAssets', task ':app:mergeDebugShaders', task ':app:compileDebugShaders', task ':app:generateDebugAssets', task ':app_links:mergeDebugShaders', task ':app_links:compileDebugShaders', task ':app_links:generateDebugAssets', task ':app_links:mergeDebugAssets', task ':audio_session:mergeDebugShaders', task ':audio_session:compileDebugShaders', task ':audio_session:generateDebugAssets', task ':audio_session:mergeDebugAssets', task ':battery_plus:mergeDebugShaders', task ':battery_plus:compileDebugShaders', task ':battery_plus:generateDebugAssets', task ':battery_plus:mergeDebugAssets', task ':connectivity_plus:mergeDebugShaders', task ':connectivity_plus:compileDebugShaders', task ':connectivity_plus:generateDebugAssets', task ':connectivity_plus:mergeDebugAssets', task ':device_info_plus:mergeDebugShaders', task ':device_info_plus:compileDebugShaders', task ':device_info_plus:generateDebugAssets', task ':device_info_plus:mergeDebugAssets', task ':flutter_local_notifications:mergeDebugShaders', task ':flutter_local_notifications:compileDebugShaders', task ':flutter_local_notifications:generateDebugAssets', task ':flutter_local_notifications:mergeDebugAssets', task ':flutter_native_splash:mergeDebugShaders', task ':flutter_native_splash:compileDebugShaders', task ':flutter_native_splash:generateDebugAssets', task ':flutter_native_splash:mergeDebugAssets', task ':flutter_plugin_android_lifecycle:mergeDebugShaders', task ':flutter_plugin_android_lifecycle:compileDebugShaders', task ':flutter_plugin_android_lifecycle:generateDebugAssets', task ':flutter_plugin_android_lifecycle:mergeDebugAssets', task ':flutter_secure_storage:mergeDebugShaders', task ':flutter_secure_storage:compileDebugShaders', task ':flutter_secure_storage:generateDebugAssets', task ':flutter_secure_storage:mergeDebugAssets', task ':haptic_feedback:mergeDebugShaders', task ':haptic_feedback:compileDebugShaders', task ':haptic_feedback:generateDebugAssets', task ':haptic_feedback:mergeDebugAssets', task ':integration_test:mergeDebugShaders', task ':integration_test:compileDebugShaders', task ':integration_test:generateDebugAssets', task ':integration_test:mergeDebugAssets', task ':jni:mergeDebugShaders', task ':jni:compileDebugShaders', task ':jni:generateDebugAssets', task ':jni:mergeDebugAssets', task ':just_audio:mergeDebugShaders', task ':just_audio:compileDebugShaders', task ':just_audio:generateDebugAssets', task ':just_audio:mergeDebugAssets', task ':local_auth_android:mergeDebugShaders', task ':local_auth_android:compileDebugShaders', task ':local_auth_android:generateDebugAssets', task ':local_auth_android:mergeDebugAssets', task ':package_info_plus:mergeDebugShaders', task ':package_info_plus:compileDebugShaders', task ':package_info_plus:generateDebugAssets', task ':package_info_plus:mergeDebugAssets', task ':path_provider_android:mergeDebugShaders', task ':path_provider_android:compileDebugShaders', task ':path_provider_android:generateDebugAssets', task ':path_provider_android:mergeDebugAssets', task ':permission_handler_android:mergeDebugShaders', task ':permission_handler_android:compileDebugShaders', task ':permission_handler_android:generateDebugAssets', task ':permission_handler_android:mergeDebugAssets', task ':record_android:mergeDebugShaders', task ':record_android:compileDebugShaders', task ':record_android:generateDebugAssets', task ':record_android:mergeDebugAssets', task ':sentry_flutter:mergeDebugShaders', task ':sentry_flutter:compileDebugShaders', task ':sentry_flutter:generateDebugAssets', task ':sentry_flutter:mergeDebugAssets', task ':share_plus:mergeDebugShaders', task ':share_plus:compileDebugShaders', task ':share_plus:generateDebugAssets', task ':share_plus:mergeDebugAssets', task ':shared_preferences_android:mergeDebugShaders', task ':shared_preferences_android:compileDebugShaders', task ':shared_preferences_android:generateDebugAssets', task ':shared_preferences_android:mergeDebugAssets', task ':speech_to_text:mergeDebugShaders', task ':speech_to_text:compileDebugShaders', task ':speech_to_text:generateDebugAssets', task ':speech_to_text:mergeDebugAssets', task ':url_launcher_android:mergeDebugShaders', task ':url_launcher_android:compileDebugShaders', task ':url_launcher_android:generateDebugAssets', task ':url_launcher_android:mergeDebugAssets', task ':workmanager_android:mergeDebugShaders', task ':workmanager_android:compileDebugShaders', task ':workmanager_android:generateDebugAssets', task ':workmanager_android:mergeDebugAssets', task ':app:mergeDebugAssets', task ':app:copyFlutterAssetsDebug', task ':app:generateDebugResValues', task ':app_links:generateDebugResValues', task ':app_links:generateDebugResources', task ':app_links:packageDebugResources', task ':audio_session:generateDebugResValues', task ':audio_session:generateDebugResources', task ':audio_session:packageDebugResources', task ':battery_plus:generateDebugResValues', task ':battery_plus:generateDebugResources', task ':battery_plus:packageDebugResources', task ':connectivity_plus:generateDebugResValues', task ':connectivity_plus:generateDebugResources', task ':connectivity_plus:packageDebugResources', task ':device_info_plus:generateDebugResValues', task ':device_info_plus:generateDebugResources', task ':device_info_plus:packageDebugResources', task ':flutter_local_notifications:generateDebugResValues', task ':flutter_local_notifications:generateDebugResources', task ':flutter_local_notifications:packageDebugResources', task ':flutter_native_splash:generateDebugResValues', task ':flutter_native_splash:generateDebugResources', task ':flutter_native_splash:packageDebugResources', task ':flutter_plugin_android_lifecycle:generateDebugResValues', task ':flutter_plugin_android_lifecycle:generateDebugResources', task ':flutter_plugin_android_lifecycle:packageDebugResources', task ':flutter_secure_storage:generateDebugResValues', task ':flutter_secure_storage:generateDebugResources', task ':flutter_secure_storage:packageDebugResources', task ':haptic_feedback:generateDebugResValues', task ':haptic_feedback:generateDebugResources', task ':haptic_feedback:packageDebugResources', task ':integration_test:generateDebugResValues', task ':integration_test:generateDebugResources', task ':integration_test:packageDebugResources', task ':jni:generateDebugResValues', task ':jni:generateDebugResources', task ':jni:packageDebugResources', task ':just_audio:generateDebugResValues', task ':just_audio:generateDebugResources', task ':just_audio:packageDebugResources', task ':local_auth_android:generateDebugResValues', task ':local_auth_android:generateDebugResources', task ':local_auth_android:packageDebugResources', task ':package_info_plus:generateDebugResValues', task ':package_info_plus:generateDebugResources', task ':package_info_plus:packageDebugResources', task ':path_provider_android:generateDebugResValues', task ':path_provider_android:generateDebugResources', task ':path_provider_android:packageDebugResources', task ':permission_handler_android:generateDebugResValues', task ':permission_handler_android:generateDebugResources', task ':permission_handler_android:packageDebugResources', task ':record_android:generateDebugResValues', task ':record_android:generateDebugResources', task ':record_android:packageDebugResources', task ':sentry_flutter:generateDebugResValues', task ':sentry_flutter:generateDebugResources', task ':sentry_flutter:packageDebugResources', task ':share_plus:generateDebugResValues', task ':share_plus:generateDebugResources', task ':share_plus:packageDebugResources', task ':shared_preferences_android:generateDebugResValues', task ':shared_preferences_android:generateDebugResources', task ':shared_preferences_android:packageDebugResources', task ':speech_to_text:generateDebugResValues', task ':speech_to_text:generateDebugResources', task ':speech_to_text:packageDebugResources', task ':url_launcher_android:generateDebugResValues', task ':url_launcher_android:generateDebugResources', task ':url_launcher_android:packageDebugResources', task ':workmanager_android:generateDebugResValues', task ':workmanager_android:generateDebugResources', task ':workmanager_android:packageDebugResources', task ':app:mapDebugSourceSetPaths', task ':app:generateDebugResources', task ':app:mergeDebugResources', task ':app:packageDebugResources', task ':app:parseDebugLocalResources', task ':app:createDebugCompatibleScreenManifests', task ':app:extractDeepLinksDebug', task ':app_links:extractDeepLinksDebug', task ':app_links:processDebugManifest', task ':audio_session:extractDeepLinksDebug', task ':audio_session:processDebugManifest', task ':battery_plus:extractDeepLinksDebug', task ':battery_plus:processDebugManifest', task ':connectivity_plus:extractDeepLinksDebug', task ':connectivity_plus:processDebugManifest', task ':device_info_plus:extractDeepLinksDebug', task ':device_info_plus:processDebugManifest', task ':flutter_local_notifications:extractDeepLinksDebug', task ':flutter_local_notifications:processDebugManifest', task ':flutter_native_splash:extractDeepLinksDebug', task ':flutter_native_splash:processDebugManifest', task ':flutter_plugin_android_lifecycle:extractDeepLinksDebug', task ':flutter_plugin_android_lifecycle:processDebugManifest', task ':flutter_secure_storage:extractDeepLinksDebug', task ':flutter_secure_storage:processDebugManifest', task ':haptic_feedback:extractDeepLinksDebug', task ':haptic_feedback:processDebugManifest', task ':integration_test:extractDeepLinksDebug', task ':integration_test:processDebugManifest', task ':jni:extractDeepLinksDebug', task ':jni:processDebugManifest', task ':just_audio:extractDeepLinksDebug', task ':just_audio:processDebugManifest', task ':local_auth_android:extractDeepLinksDebug', task ':local_auth_android:processDebugManifest', task ':package_info_plus:extractDeepLinksDebug', task ':package_info_plus:processDebugManifest', task ':path_provider_android:extractDeepLinksDebug', task ':path_provider_android:processDebugManifest', task ':permission_handler_android:extractDeepLinksDebug', task ':permission_handler_android:processDebugManifest', task ':record_android:extractDeepLinksDebug', task ':record_android:processDebugManifest', task ':sentry_flutter:extractDeepLinksDebug', task ':sentry_flutter:processDebugManifest', task ':share_plus:extractDeepLinksDebug', task ':share_plus:processDebugManifest', task ':shared_preferences_android:extractDeepLinksDebug', task ':shared_preferences_android:processDebugManifest', task ':speech_to_text:extractDeepLinksDebug', task ':speech_to_text:processDebugManifest', task ':url_launcher_android:extractDeepLinksDebug', task ':url_launcher_android:processDebugManifest', task ':workmanager_android:extractDeepLinksDebug', task ':workmanager_android:processDebugManifest', task ':app:processDebugMainManifest', task ':app:outputDebugAppLinkSettings', task ':app:processDebugManifest', task ':app:processDebugManifestForPackage', task ':app_links:compileDebugLibraryResources', task ':app_links:parseDebugLocalResources', task ':app_links:generateDebugRFile', task ':audio_session:compileDebugLibraryResources', task ':audio_session:parseDebugLocalResources', task ':audio_session:generateDebugRFile', task ':battery_plus:compileDebugLibraryResources', task ':battery_plus:parseDebugLocalResources', task ':battery_plus:generateDebugRFile', task ':connectivity_plus:compileDebugLibraryResources', task ':connectivity_plus:parseDebugLocalResources', task ':connectivity_plus:generateDebugRFile', task ':device_info_plus:compileDebugLibraryResources', task ':device_info_plus:parseDebugLocalResources', task ':device_info_plus:generateDebugRFile', task ':flutter_local_notifications:compileDebugLibraryResources', task ':flutter_local_notifications:parseDebugLocalResources', task ':flutter_local_notifications:generateDebugRFile', task ':flutter_native_splash:compileDebugLibraryResources', task ':flutter_native_splash:parseDebugLocalResources', task ':flutter_native_splash:generateDebugRFile', task ':flutter_plugin_android_lifecycle:compileDebugLibraryResources', task ':flutter_plugin_android_lifecycle:parseDebugLocalResources', task ':flutter_plugin_android_lifecycle:generateDebugRFile', task ':flutter_secure_storage:compileDebugLibraryResources', task ':flutter_secure_storage:parseDebugLocalResources', task ':flutter_secure_storage:generateDebugRFile', task ':haptic_feedback:compileDebugLibraryResources', task ':haptic_feedback:parseDebugLocalResources', task ':haptic_feedback:generateDebugRFile', task ':integration_test:compileDebugLibraryResources', task ':integration_test:parseDebugLocalResources', task ':integration_test:generateDebugRFile', task ':jni:compileDebugLibraryResources', task ':jni:parseDebugLocalResources', task ':jni:generateDebugRFile', task ':just_audio:compileDebugLibraryResources', task ':just_audio:parseDebugLocalResources', task ':just_audio:generateDebugRFile', task ':local_auth_android:compileDebugLibraryResources', task ':local_auth_android:parseDebugLocalResources', task ':local_auth_android:generateDebugRFile', task ':package_info_plus:compileDebugLibraryResources', task ':package_info_plus:parseDebugLocalResources', task ':package_info_plus:generateDebugRFile', task ':path_provider_android:compileDebugLibraryResources', task ':path_provider_android:parseDebugLocalResources', task ':path_provider_android:generateDebugRFile', task ':permission_handler_android:compileDebugLibraryResources', task ':permission_handler_android:parseDebugLocalResources', task ':permission_handler_android:generateDebugRFile', task ':record_android:compileDebugLibraryResources', task ':record_android:parseDebugLocalResources', task ':record_android:generateDebugRFile', task ':sentry_flutter:compileDebugLibraryResources', task ':sentry_flutter:parseDebugLocalResources', task ':sentry_flutter:generateDebugRFile', task ':share_plus:compileDebugLibraryResources', task ':share_plus:parseDebugLocalResources', task ':share_plus:generateDebugRFile', task ':shared_preferences_android:compileDebugLibraryResources', task ':shared_preferences_android:parseDebugLocalResources', task ':shared_preferences_android:generateDebugRFile', task ':speech_to_text:compileDebugLibraryResources', task ':speech_to_text:parseDebugLocalResources', task ':speech_to_text:generateDebugRFile', task ':url_launcher_android:compileDebugLibraryResources', task ':url_launcher_android:parseDebugLocalResources', task ':url_launcher_android:generateDebugRFile', task ':workmanager_android:compileDebugLibraryResources', task ':workmanager_android:parseDebugLocalResources', task ':workmanager_android:generateDebugRFile', task ':app:processDebugResources', task ':app_links:javaPreCompileDebug', task ':app_links:compileDebugJavaWithJavac', task ':app_links:bundleLibCompileToJarDebug', task ':audio_session:checkKotlinGradlePluginConfigurationErrors', task ':audio_session:compileDebugKotlin', task ':audio_session:javaPreCompileDebug', task ':audio_session:compileDebugJavaWithJavac', task ':audio_session:bundleLibCompileToJarDebug', task ':battery_plus:checkKotlinGradlePluginConfigurationErrors', task ':battery_plus:compileDebugKotlin', task ':battery_plus:javaPreCompileDebug', task ':battery_plus:compileDebugJavaWithJavac', task ':battery_plus:bundleLibCompileToJarDebug', task ':connectivity_plus:javaPreCompileDebug', task ':connectivity_plus:compileDebugJavaWithJavac', task ':connectivity_plus:bundleLibCompileToJarDebug', task ':device_info_plus:checkKotlinGradlePluginConfigurationErrors', task ':device_info_plus:compileDebugKotlin', task ':device_info_plus:javaPreCompileDebug', task ':device_info_plus:compileDebugJavaWithJavac', task ':device_info_plus:bundleLibCompileToJarDebug', task ':flutter_local_notifications:javaPreCompileDebug', task ':flutter_local_notifications:compileDebugJavaWithJavac', task ':flutter_local_notifications:bundleLibCompileToJarDebug', task ':flutter_native_splash:javaPreCompileDebug', task ':flutter_native_splash:compileDebugJavaWithJavac', task ':flutter_native_splash:bundleLibCompileToJarDebug', task ':flutter_plugin_android_lifecycle:javaPreCompileDebug', task ':flutter_plugin_android_lifecycle:compileDebugJavaWithJavac', task ':flutter_plugin_android_lifecycle:bundleLibCompileToJarDebug', task ':flutter_secure_storage:generateDebugBuildConfig', task ':flutter_secure_storage:javaPreCompileDebug', task ':flutter_secure_storage:compileDebugJavaWithJavac', task ':flutter_secure_storage:bundleLibCompileToJarDebug', task ':haptic_feedback:checkKotlinGradlePluginConfigurationErrors', task ':haptic_feedback:compileDebugKotlin', task ':haptic_feedback:javaPreCompileDebug', task ':haptic_feedback:compileDebugJavaWithJavac', task ':haptic_feedback:bundleLibCompileToJarDebug', task ':integration_test:javaPreCompileDebug', task ':integration_test:compileDebugJavaWithJavac', task ':integration_test:bundleLibCompileToJarDebug', task ':jni:javaPreCompileDebug', task ':jni:compileDebugJavaWithJavac', task ':jni:bundleLibCompileToJarDebug', task ':just_audio:javaPreCompileDebug', task ':just_audio:compileDebugJavaWithJavac', task ':just_audio:bundleLibCompileToJarDebug', task ':local_auth_android:javaPreCompileDebug', task ':local_auth_android:compileDebugJavaWithJavac', task ':local_auth_android:bundleLibCompileToJarDebug', task ':package_info_plus:checkKotlinGradlePluginConfigurationErrors', task ':package_info_plus:compileDebugKotlin', task ':package_info_plus:javaPreCompileDebug', task ':package_info_plus:compileDebugJavaWithJavac', task ':package_info_plus:bundleLibCompileToJarDebug', task ':path_provider_android:javaPreCompileDebug', task ':path_provider_android:compileDebugJavaWithJavac', task ':path_provider_android:bundleLibCompileToJarDebug', task ':permission_handler_android:javaPreCompileDebug', task ':permission_handler_android:compileDebugJavaWithJavac', task ':permission_handler_android:bundleLibCompileToJarDebug', task ':record_android:checkKotlinGradlePluginConfigurationErrors', task ':record_android:compileDebugKotlin', task ':record_android:javaPreCompileDebug', task ':record_android:compileDebugJavaWithJavac', task ':record_android:bundleLibCompileToJarDebug', task ':sentry_flutter:checkKotlinGradlePluginConfigurationErrors', task ':sentry_flutter:compileDebugKotlin', task ':sentry_flutter:javaPreCompileDebug', task ':sentry_flutter:compileDebugJavaWithJavac', task ':sentry_flutter:bundleLibCompileToJarDebug', task ':share_plus:checkKotlinGradlePluginConfigurationErrors', task ':share_plus:compileDebugKotlin', task ':share_plus:javaPreCompileDebug', task ':share_plus:compileDebugJavaWithJavac', task ':share_plus:bundleLibCompileToJarDebug', task ':shared_preferences_android:checkKotlinGradlePluginConfigurationErrors', task ':shared_preferences_android:compileDebugKotlin', task ':shared_preferences_android:javaPreCompileDebug', task ':shared_preferences_android:compileDebugJavaWithJavac', task ':shared_preferences_android:bundleLibCompileToJarDebug', task ':speech_to_text:checkKotlinGradlePluginConfigurationErrors', task ':speech_to_text:compileDebugKotlin', task ':speech_to_text:javaPreCompileDebug', task ':speech_to_text:compileDebugJavaWithJavac', task ':speech_to_text:bundleLibCompileToJarDebug', task ':url_launcher_android:generateDebugBuildConfig', task ':url_launcher_android:javaPreCompileDebug', task ':url_launcher_android:compileDebugJavaWithJavac', task ':url_launcher_android:bundleLibCompileToJarDebug', task ':workmanager_android:checkKotlinGradlePluginConfigurationErrors', task ':workmanager_android:compileDebugKotlin', task ':workmanager_android:javaPreCompileDebug', task ':workmanager_android:compileDebugJavaWithJavac', task ':workmanager_android:bundleLibCompileToJarDebug', task ':app:compileDebugKotlin', task ':app:javaPreCompileDebug', task ':app:compileDebugJavaWithJavac', task ':app:compressDebugAssets', task ':app:l8DexDesugarLibDebug', task ':app_links:bundleLibRuntimeToJarDebug', task ':just_audio:bundleLibRuntimeToJarDebug', task ':audio_session:bundleLibRuntimeToJarDebug', task ':battery_plus:bundleLibRuntimeToJarDebug', task ':connectivity_plus:bundleLibRuntimeToJarDebug', task ':device_info_plus:bundleLibRuntimeToJarDebug', task ':flutter_local_notifications:bundleLibRuntimeToJarDebug', task ':flutter_native_splash:bundleLibRuntimeToJarDebug', task ':local_auth_android:bundleLibRuntimeToJarDebug', task ':flutter_plugin_android_lifecycle:bundleLibRuntimeToJarDebug', task ':flutter_secure_storage:bundleLibRuntimeToJarDebug', task ':haptic_feedback:bundleLibRuntimeToJarDebug', task ':integration_test:bundleLibRuntimeToJarDebug', task ':sentry_flutter:bundleLibRuntimeToJarDebug', task ':jni:bundleLibRuntimeToJarDebug', task ':package_info_plus:bundleLibRuntimeToJarDebug', task ':path_provider_android:bundleLibRuntimeToJarDebug', task ':permission_handler_android:bundleLibRuntimeToJarDebug', task ':record_android:bundleLibRuntimeToJarDebug', task ':share_plus:bundleLibRuntimeToJarDebug', task ':shared_preferences_android:bundleLibRuntimeToJarDebug', task ':speech_to_text:bundleLibRuntimeToJarDebug', task ':url_launcher_android:bundleLibRuntimeToJarDebug', task ':workmanager_android:bundleLibRuntimeToJarDebug', task ':app:desugarDebugFileDependencies', task ':app:dexBuilderDebug', task ':app:mergeDebugGlobalSynthetics', task ':app:processDebugJavaRes', task ':app_links:processDebugJavaRes', task ':audio_session:processDebugJavaRes', task ':battery_plus:processDebugJavaRes', task ':connectivity_plus:processDebugJavaRes', task ':device_info_plus:processDebugJavaRes', task ':flutter_local_notifications:processDebugJavaRes', task ':flutter_native_splash:processDebugJavaRes', task ':flutter_plugin_android_lifecycle:processDebugJavaRes', task ':flutter_secure_storage:processDebugJavaRes', task ':haptic_feedback:processDebugJavaRes', task ':integration_test:processDebugJavaRes', task ':jni:processDebugJavaRes', task ':just_audio:processDebugJavaRes', task ':local_auth_android:processDebugJavaRes', task ':package_info_plus:processDebugJavaRes', task ':path_provider_android:processDebugJavaRes', task ':permission_handler_android:processDebugJavaRes', task ':record_android:processDebugJavaRes', task ':sentry_flutter:processDebugJavaRes', task ':share_plus:processDebugJavaRes', task ':shared_preferences_android:processDebugJavaRes', task ':speech_to_text:processDebugJavaRes', task ':url_launcher_android:processDebugJavaRes', task ':workmanager_android:processDebugJavaRes', task ':app:mergeDebugJavaResource', task ':app:checkDebugDuplicateClasses', task ':app:mergeExtDexDebug', task ':app_links:bundleLibRuntimeToDirDebug', task ':just_audio:bundleLibRuntimeToDirDebug', task ':audio_session:bundleLibRuntimeToDirDebug', task ':battery_plus:bundleLibRuntimeToDirDebug', task ':connectivity_plus:bundleLibRuntimeToDirDebug', task ':device_info_plus:bundleLibRuntimeToDirDebug', task ':flutter_local_notifications:bundleLibRuntimeToDirDebug', task ':flutter_native_splash:bundleLibRuntimeToDirDebug', task ':local_auth_android:bundleLibRuntimeToDirDebug', task ':flutter_plugin_android_lifecycle:bundleLibRuntimeToDirDebug', task ':flutter_secure_storage:bundleLibRuntimeToDirDebug', task ':haptic_feedback:bundleLibRuntimeToDirDebug', task ':integration_test:bundleLibRuntimeToDirDebug', task ':sentry_flutter:bundleLibRuntimeToDirDebug', task ':jni:bundleLibRuntimeToDirDebug', task ':package_info_plus:bundleLibRuntimeToDirDebug', task ':path_provider_android:bundleLibRuntimeToDirDebug', task ':permission_handler_android:bundleLibRuntimeToDirDebug', task ':record_android:bundleLibRuntimeToDirDebug', task ':share_plus:bundleLibRuntimeToDirDebug', task ':shared_preferences_android:bundleLibRuntimeToDirDebug', task ':speech_to_text:bundleLibRuntimeToDirDebug', task ':url_launcher_android:bundleLibRuntimeToDirDebug', task ':workmanager_android:bundleLibRuntimeToDirDebug', task ':app:mergeLibDexDebug', task ':app:mergeProjectDexDebug', task ':app:configureCMakeDebug[arm64-v8a]', task ':app:buildCMakeDebug[arm64-v8a]', task ':app:configureCMakeDebug[armeabi-v7a]', task ':app:buildCMakeDebug[armeabi-v7a]', task ':app:configureCMakeDebug[x86_64]', task ':app:buildCMakeDebug[x86_64]', task ':app:mergeDebugJniLibFolders', task ':app_links:mergeDebugJniLibFolders', task ':app_links:mergeDebugNativeLibs', task ':app_links:copyDebugJniLibsProjectOnly', task ':audio_session:mergeDebugJniLibFolders', task ':audio_session:mergeDebugNativeLibs', task ':audio_session:copyDebugJniLibsProjectOnly', task ':battery_plus:mergeDebugJniLibFolders', task ':battery_plus:mergeDebugNativeLibs', task ':battery_plus:copyDebugJniLibsProjectOnly', task ':connectivity_plus:mergeDebugJniLibFolders', task ':connectivity_plus:mergeDebugNativeLibs', task ':connectivity_plus:copyDebugJniLibsProjectOnly', task ':device_info_plus:mergeDebugJniLibFolders', task ':device_info_plus:mergeDebugNativeLibs', task ':device_info_plus:copyDebugJniLibsProjectOnly', task ':flutter_local_notifications:mergeDebugJniLibFolders', task ':flutter_local_notifications:mergeDebugNativeLibs', task ':flutter_local_notifications:copyDebugJniLibsProjectOnly', task ':flutter_native_splash:mergeDebugJniLibFolders', task ':flutter_native_splash:mergeDebugNativeLibs', task ':flutter_native_splash:copyDebugJniLibsProjectOnly', task ':flutter_plugin_android_lifecycle:mergeDebugJniLibFolders', task ':flutter_plugin_android_lifecycle:mergeDebugNativeLibs', task ':flutter_plugin_android_lifecycle:copyDebugJniLibsProjectOnly', task ':flutter_secure_storage:mergeDebugJniLibFolders', task ':flutter_secure_storage:mergeDebugNativeLibs', task ':flutter_secure_storage:copyDebugJniLibsProjectOnly', task ':haptic_feedback:mergeDebugJniLibFolders', task ':haptic_feedback:mergeDebugNativeLibs', task ':haptic_feedback:copyDebugJniLibsProjectOnly', task ':integration_test:mergeDebugJniLibFolders', task ':integration_test:mergeDebugNativeLibs', task ':integration_test:copyDebugJniLibsProjectOnly', task ':jni:preProfileBuild', task ':jni:configureCMakeDebug[arm64-v8a]', task ':jni:buildCMakeDebug[arm64-v8a]', task ':jni:configureCMakeDebug[armeabi-v7a]', task ':jni:buildCMakeDebug[armeabi-v7a]', task ':jni:configureCMakeDebug[x86]', task ':jni:buildCMakeDebug[x86]', task ':jni:configureCMakeDebug[x86_64]', task ':jni:buildCMakeDebug[x86_64]', task ':jni:mergeDebugJniLibFolders', task ':jni:mergeDebugNativeLibs', task ':jni:copyDebugJniLibsProjectOnly', task ':just_audio:mergeDebugJniLibFolders', task ':just_audio:mergeDebugNativeLibs', task ':just_audio:copyDebugJniLibsProjectOnly', task ':local_auth_android:mergeDebugJniLibFolders', task ':local_auth_android:mergeDebugNativeLibs', task ':local_auth_android:copyDebugJniLibsProjectOnly', task ':package_info_plus:mergeDebugJniLibFolders', task ':package_info_plus:mergeDebugNativeLibs', task ':package_info_plus:copyDebugJniLibsProjectOnly', task ':path_provider_android:mergeDebugJniLibFolders', task ':path_provider_android:mergeDebugNativeLibs', task ':path_provider_android:copyDebugJniLibsProjectOnly', task ':permission_handler_android:mergeDebugJniLibFolders', task ':permission_handler_android:mergeDebugNativeLibs', task ':permission_handler_android:copyDebugJniLibsProjectOnly', task ':record_android:mergeDebugJniLibFolders', task ':record_android:mergeDebugNativeLibs', task ':record_android:copyDebugJniLibsProjectOnly', task ':sentry_flutter:mergeDebugJniLibFolders', task ':sentry_flutter:mergeDebugNativeLibs', task ':sentry_flutter:copyDebugJniLibsProjectOnly', task ':share_plus:mergeDebugJniLibFolders', task ':share_plus:mergeDebugNativeLibs', task ':share_plus:copyDebugJniLibsProjectOnly', task ':shared_preferences_android:mergeDebugJniLibFolders', task ':shared_preferences_android:mergeDebugNativeLibs', task ':shared_preferences_android:copyDebugJniLibsProjectOnly', task ':speech_to_text:mergeDebugJniLibFolders', task ':speech_to_text:mergeDebugNativeLibs', task ':speech_to_text:copyDebugJniLibsProjectOnly', task ':url_launcher_android:mergeDebugJniLibFolders', task ':url_launcher_android:mergeDebugNativeLibs', task ':url_launcher_android:copyDebugJniLibsProjectOnly', task ':workmanager_android:mergeDebugJniLibFolders', task ':workmanager_android:mergeDebugNativeLibs', task ':workmanager_android:copyDebugJniLibsProjectOnly', task ':app:mergeDebugNativeLibs', task ':app:stripDebugDebugSymbols', task ':app:validateSigningDebug', task ':app:writeDebugAppMetadata', task ':app:writeDebugSigningConfigVersions', task ':app:packageDebug', task ':app:createDebugApkListingFileRedirect', task ':app:assembleDebug', task ':app_links:stripDebugDebugSymbols', task ':app_links:copyDebugJniLibsProjectAndLocalJars', task ':app_links:extractDebugAnnotations', task ':app_links:extractDeepLinksForAarDebug', task ':app_links:mergeDebugGeneratedProguardFiles', task ':app_links:mergeDebugConsumerProguardFiles', task ':app_links:prepareDebugArtProfile', task ':app_links:prepareLintJarForPublish', task ':app_links:mergeDebugJavaResource', task ':app_links:syncDebugLibJars', task ':app_links:bundleDebugAar', task ':app_links:assembleDebug', task ':audio_session:stripDebugDebugSymbols', task ':audio_session:copyDebugJniLibsProjectAndLocalJars', task ':audio_session:extractDebugAnnotations', task ':audio_session:extractDeepLinksForAarDebug', task ':audio_session:mergeDebugGeneratedProguardFiles', task ':audio_session:mergeDebugConsumerProguardFiles', task ':audio_session:prepareDebugArtProfile', task ':audio_session:prepareLintJarForPublish', task ':audio_session:mergeDebugJavaResource', task ':audio_session:syncDebugLibJars', task ':audio_session:bundleDebugAar', task ':audio_session:assembleDebug', task ':battery_plus:stripDebugDebugSymbols', task ':battery_plus:copyDebugJniLibsProjectAndLocalJars', task ':battery_plus:extractDebugAnnotations', task ':battery_plus:extractDeepLinksForAarDebug', task ':battery_plus:mergeDebugGeneratedProguardFiles', task ':battery_plus:mergeDebugConsumerProguardFiles', task ':battery_plus:prepareDebugArtProfile', task ':battery_plus:prepareLintJarForPublish', task ':battery_plus:mergeDebugJavaResource', task ':battery_plus:syncDebugLibJars', task ':battery_plus:bundleDebugAar', task ':battery_plus:assembleDebug', task ':connectivity_plus:stripDebugDebugSymbols', task ':connectivity_plus:copyDebugJniLibsProjectAndLocalJars', task ':connectivity_plus:extractDebugAnnotations', task ':connectivity_plus:extractDeepLinksForAarDebug', task ':connectivity_plus:mergeDebugGeneratedProguardFiles', task ':connectivity_plus:mergeDebugConsumerProguardFiles', task ':connectivity_plus:prepareDebugArtProfile', task ':connectivity_plus:prepareLintJarForPublish', task ':connectivity_plus:mergeDebugJavaResource', task ':connectivity_plus:syncDebugLibJars', task ':connectivity_plus:bundleDebugAar', task ':connectivity_plus:assembleDebug', task ':device_info_plus:stripDebugDebugSymbols', task ':device_info_plus:copyDebugJniLibsProjectAndLocalJars', task ':device_info_plus:extractDebugAnnotations', task ':device_info_plus:extractDeepLinksForAarDebug', task ':device_info_plus:mergeDebugGeneratedProguardFiles', task ':device_info_plus:mergeDebugConsumerProguardFiles', task ':device_info_plus:prepareDebugArtProfile', task ':device_info_plus:prepareLintJarForPublish', task ':device_info_plus:mergeDebugJavaResource', task ':device_info_plus:syncDebugLibJars', task ':device_info_plus:bundleDebugAar', task ':device_info_plus:assembleDebug', task ':flutter_local_notifications:stripDebugDebugSymbols', task ':flutter_local_notifications:copyDebugJniLibsProjectAndLocalJars', task ':flutter_local_notifications:extractDebugAnnotations', task ':flutter_local_notifications:extractDeepLinksForAarDebug', task ':flutter_local_notifications:mergeDebugGeneratedProguardFiles', task ':flutter_local_notifications:mergeDebugConsumerProguardFiles', task ':flutter_local_notifications:prepareDebugArtProfile', task ':flutter_local_notifications:prepareLintJarForPublish', task ':flutter_local_notifications:mergeDebugJavaResource', task ':flutter_local_notifications:syncDebugLibJars', task ':flutter_local_notifications:bundleDebugAar', task ':flutter_local_notifications:assembleDebug', task ':flutter_native_splash:stripDebugDebugSymbols', task ':flutter_native_splash:copyDebugJniLibsProjectAndLocalJars', task ':flutter_native_splash:extractDebugAnnotations', task ':flutter_native_splash:extractDeepLinksForAarDebug', task ':flutter_native_splash:mergeDebugGeneratedProguardFiles', task ':flutter_native_splash:mergeDebugConsumerProguardFiles', task ':flutter_native_splash:prepareDebugArtProfile', task ':flutter_native_splash:prepareLintJarForPublish', task ':flutter_native_splash:mergeDebugJavaResource', task ':flutter_native_splash:syncDebugLibJars', task ':flutter_native_splash:bundleDebugAar', task ':flutter_native_splash:assembleDebug', task ':flutter_plugin_android_lifecycle:stripDebugDebugSymbols', task ':flutter_plugin_android_lifecycle:copyDebugJniLibsProjectAndLocalJars', task ':flutter_plugin_android_lifecycle:extractDebugAnnotations', task ':flutter_plugin_android_lifecycle:extractDeepLinksForAarDebug', task ':flutter_plugin_android_lifecycle:mergeDebugGeneratedProguardFiles', task ':flutter_plugin_android_lifecycle:mergeDebugConsumerProguardFiles', task ':flutter_plugin_android_lifecycle:prepareDebugArtProfile', task ':flutter_plugin_android_lifecycle:prepareLintJarForPublish', task ':flutter_plugin_android_lifecycle:mergeDebugJavaResource', task ':flutter_plugin_android_lifecycle:syncDebugLibJars', task ':flutter_plugin_android_lifecycle:bundleDebugAar', task ':flutter_plugin_android_lifecycle:assembleDebug', task ':flutter_secure_storage:stripDebugDebugSymbols', task ':flutter_secure_storage:copyDebugJniLibsProjectAndLocalJars', task ':flutter_secure_storage:extractDebugAnnotations', task ':flutter_secure_storage:extractDeepLinksForAarDebug', task ':flutter_secure_storage:mergeDebugGeneratedProguardFiles', task ':flutter_secure_storage:mergeDebugConsumerProguardFiles', task ':flutter_secure_storage:prepareDebugArtProfile', task ':flutter_secure_storage:prepareLintJarForPublish', task ':flutter_secure_storage:mergeDebugJavaResource', task ':flutter_secure_storage:syncDebugLibJars', task ':flutter_secure_storage:bundleDebugAar', task ':flutter_secure_storage:assembleDebug', task ':haptic_feedback:stripDebugDebugSymbols', task ':haptic_feedback:copyDebugJniLibsProjectAndLocalJars', task ':haptic_feedback:extractDebugAnnotations', task ':haptic_feedback:extractDeepLinksForAarDebug', task ':haptic_feedback:mergeDebugGeneratedProguardFiles', task ':haptic_feedback:mergeDebugConsumerProguardFiles', task ':haptic_feedback:prepareDebugArtProfile', task ':haptic_feedback:prepareLintJarForPublish', task ':haptic_feedback:mergeDebugJavaResource', task ':haptic_feedback:syncDebugLibJars', task ':haptic_feedback:bundleDebugAar', task ':haptic_feedback:assembleDebug', task ':integration_test:stripDebugDebugSymbols', task ':integration_test:copyDebugJniLibsProjectAndLocalJars', task ':integration_test:extractDebugAnnotations', task ':integration_test:extractDeepLinksForAarDebug', task ':integration_test:mergeDebugGeneratedProguardFiles', task ':integration_test:mergeDebugConsumerProguardFiles', task ':integration_test:prepareDebugArtProfile', task ':integration_test:prepareLintJarForPublish', task ':integration_test:mergeDebugJavaResource', task ':integration_test:syncDebugLibJars', task ':integration_test:bundleDebugAar', task ':integration_test:assembleDebug', task ':jni:stripDebugDebugSymbols', task ':jni:copyDebugJniLibsProjectAndLocalJars', task ':jni:extractDebugAnnotations', task ':jni:extractDeepLinksForAarDebug', task ':jni:mergeDebugGeneratedProguardFiles', task ':jni:mergeDebugConsumerProguardFiles', task ':jni:prepareDebugArtProfile', task ':jni:prepareLintJarForPublish', task ':jni:mergeDebugJavaResource', task ':jni:syncDebugLibJars', task ':jni:bundleDebugAar', task ':jni:assembleDebug', task ':just_audio:stripDebugDebugSymbols', task ':just_audio:copyDebugJniLibsProjectAndLocalJars', task ':just_audio:extractDebugAnnotations', task ':just_audio:extractDeepLinksForAarDebug', task ':just_audio:mergeDebugGeneratedProguardFiles', task ':just_audio:mergeDebugConsumerProguardFiles', task ':just_audio:prepareDebugArtProfile', task ':just_audio:prepareLintJarForPublish', task ':just_audio:mergeDebugJavaResource', task ':just_audio:syncDebugLibJars', task ':just_audio:bundleDebugAar', task ':just_audio:assembleDebug', task ':local_auth_android:stripDebugDebugSymbols', task ':local_auth_android:copyDebugJniLibsProjectAndLocalJars', task ':local_auth_android:extractDebugAnnotations', task ':local_auth_android:extractDeepLinksForAarDebug', task ':local_auth_android:mergeDebugGeneratedProguardFiles', task ':local_auth_android:mergeDebugConsumerProguardFiles', task ':local_auth_android:prepareDebugArtProfile', task ':local_auth_android:prepareLintJarForPublish', task ':local_auth_android:mergeDebugJavaResource', task ':local_auth_android:syncDebugLibJars', task ':local_auth_android:bundleDebugAar', task ':local_auth_android:assembleDebug', task ':package_info_plus:stripDebugDebugSymbols', task ':package_info_plus:copyDebugJniLibsProjectAndLocalJars', task ':package_info_plus:extractDebugAnnotations', task ':package_info_plus:extractDeepLinksForAarDebug', task ':package_info_plus:mergeDebugGeneratedProguardFiles', task ':package_info_plus:mergeDebugConsumerProguardFiles', task ':package_info_plus:prepareDebugArtProfile', task ':package_info_plus:prepareLintJarForPublish', task ':package_info_plus:mergeDebugJavaResource', task ':package_info_plus:syncDebugLibJars', task ':package_info_plus:bundleDebugAar', task ':package_info_plus:assembleDebug', task ':path_provider_android:stripDebugDebugSymbols', task ':path_provider_android:copyDebugJniLibsProjectAndLocalJars', task ':path_provider_android:extractDebugAnnotations', task ':path_provider_android:extractDeepLinksForAarDebug', task ':path_provider_android:mergeDebugGeneratedProguardFiles', task ':path_provider_android:mergeDebugConsumerProguardFiles', task ':path_provider_android:prepareDebugArtProfile', task ':path_provider_android:prepareLintJarForPublish', task ':path_provider_android:mergeDebugJavaResource', task ':path_provider_android:syncDebugLibJars', task ':path_provider_android:bundleDebugAar', task ':path_provider_android:assembleDebug', task ':permission_handler_android:stripDebugDebugSymbols', task ':permission_handler_android:copyDebugJniLibsProjectAndLocalJars', task ':permission_handler_android:extractDebugAnnotations', task ':permission_handler_android:extractDeepLinksForAarDebug', task ':permission_handler_android:mergeDebugGeneratedProguardFiles', task ':permission_handler_android:mergeDebugConsumerProguardFiles', task ':permission_handler_android:prepareDebugArtProfile', task ':permission_handler_android:prepareLintJarForPublish', task ':permission_handler_android:mergeDebugJavaResource', task ':permission_handler_android:syncDebugLibJars', task ':permission_handler_android:bundleDebugAar', task ':permission_handler_android:assembleDebug', task ':record_android:stripDebugDebugSymbols', task ':record_android:copyDebugJniLibsProjectAndLocalJars', task ':record_android:extractDebugAnnotations', task ':record_android:extractDeepLinksForAarDebug', task ':record_android:mergeDebugGeneratedProguardFiles', task ':record_android:mergeDebugConsumerProguardFiles', task ':record_android:prepareDebugArtProfile', task ':record_android:prepareLintJarForPublish', task ':record_android:mergeDebugJavaResource', task ':record_android:syncDebugLibJars', task ':record_android:bundleDebugAar', task ':record_android:assembleDebug', task ':sentry_flutter:stripDebugDebugSymbols', task ':sentry_flutter:copyDebugJniLibsProjectAndLocalJars', task ':sentry_flutter:extractDebugAnnotations', task ':sentry_flutter:extractDeepLinksForAarDebug', task ':sentry_flutter:mergeDebugGeneratedProguardFiles', task ':sentry_flutter:mergeDebugConsumerProguardFiles', task ':sentry_flutter:prepareDebugArtProfile', task ':sentry_flutter:prepareLintJarForPublish', task ':sentry_flutter:mergeDebugJavaResource', task ':sentry_flutter:syncDebugLibJars', task ':sentry_flutter:bundleDebugAar', task ':sentry_flutter:assembleDebug', task ':share_plus:stripDebugDebugSymbols', task ':share_plus:copyDebugJniLibsProjectAndLocalJars', task ':share_plus:extractDebugAnnotations', task ':share_plus:extractDeepLinksForAarDebug', task ':share_plus:mergeDebugGeneratedProguardFiles', task ':share_plus:mergeDebugConsumerProguardFiles', task ':share_plus:prepareDebugArtProfile', task ':share_plus:prepareLintJarForPublish', task ':share_plus:mergeDebugJavaResource', task ':share_plus:syncDebugLibJars', task ':share_plus:bundleDebugAar', task ':share_plus:assembleDebug', task ':shared_preferences_android:stripDebugDebugSymbols', task ':shared_preferences_android:copyDebugJniLibsProjectAndLocalJars', task ':shared_preferences_android:extractDebugAnnotations', task ':shared_preferences_android:extractDeepLinksForAarDebug', task ':shared_preferences_android:mergeDebugGeneratedProguardFiles', task ':shared_preferences_android:mergeDebugConsumerProguardFiles', task ':shared_preferences_android:prepareDebugArtProfile', task ':shared_preferences_android:prepareLintJarForPublish', task ':shared_preferences_android:mergeDebugJavaResource', task ':shared_preferences_android:syncDebugLibJars', task ':shared_preferences_android:bundleDebugAar', task ':shared_preferences_android:assembleDebug', task ':speech_to_text:stripDebugDebugSymbols', task ':speech_to_text:copyDebugJniLibsProjectAndLocalJars', task ':speech_to_text:extractDebugAnnotations', task ':speech_to_text:extractDeepLinksForAarDebug', task ':speech_to_text:mergeDebugGeneratedProguardFiles', task ':speech_to_text:mergeDebugConsumerProguardFiles', task ':speech_to_text:prepareDebugArtProfile', task ':speech_to_text:prepareLintJarForPublish', task ':speech_to_text:mergeDebugJavaResource', task ':speech_to_text:syncDebugLibJars', task ':speech_to_text:bundleDebugAar', task ':speech_to_text:assembleDebug', task ':url_launcher_android:stripDebugDebugSymbols', task ':url_launcher_android:copyDebugJniLibsProjectAndLocalJars', task ':url_launcher_android:extractDebugAnnotations', task ':url_launcher_android:extractDeepLinksForAarDebug', task ':url_launcher_android:mergeDebugGeneratedProguardFiles', task ':url_launcher_android:mergeDebugConsumerProguardFiles', task ':url_launcher_android:prepareDebugArtProfile', task ':url_launcher_android:prepareLintJarForPublish', task ':url_launcher_android:mergeDebugJavaResource', task ':url_launcher_android:syncDebugLibJars', task ':url_launcher_android:bundleDebugAar', task ':url_launcher_android:assembleDebug', task ':workmanager_android:stripDebugDebugSymbols', task ':workmanager_android:copyDebugJniLibsProjectAndLocalJars', task ':workmanager_android:extractDebugAnnotations', task ':workmanager_android:extractDeepLinksForAarDebug', task ':workmanager_android:mergeDebugGeneratedProguardFiles', task ':workmanager_android:mergeDebugConsumerProguardFiles', task ':workmanager_android:prepareDebugArtProfile', task ':workmanager_android:prepareLintJarForPublish', task ':workmanager_android:mergeDebugJavaResource', task ':workmanager_android:syncDebugLibJars', task ':workmanager_android:bundleDebugAar', task ':workmanager_android:assembleDebug']
[   +1 ms] Tasks that were excluded: []
[        ] work action Parameters of IdentityTransform (Thread[Execution worker Thread 2,5,main]) started.
[        ] work action Parameters of DexingNoClasspathTransform (Thread[Execution worker Thread 2,5,main]) started.
[        ] work action Parameters of DexingOutputSplitTransform (Thread[Execution worker,5,main]) started.
[        ] work action Parameters of ClassesDirToClassesTransform (Thread[Execution worker,5,main]) started.
[        ] work action Parameters of DexingOutputSplitTransform (Thread[Execution worker,5,main]) started.
[        ] Resolve mutations for :app:DebugMinSdkCheck (Thread[Execution worker,5,main]) started.
[        ] :app:DebugMinSdkCheck (Thread[Execution worker,5,main]) started.
[        ] > Task :app:DebugMinSdkCheck
[        ] Caching disabled for task ':app:DebugMinSdkCheck' because:
[        ]   Build cache is disabled
[        ] Task ':app:DebugMinSdkCheck' is not up-to-date because:
[        ]   Task has not declared any outputs despite executing actions.
[        ] Resolve mutations for :app:preBuild (Thread[Execution worker,5,main]) started.
[        ] :app:preBuild (Thread[Execution worker,5,main]) started.
[        ] > Task :app:preBuild UP-TO-DATE
[        ] Skipping task ':app:preBuild' as it has no actions.
[        ] Resolve mutations for :app:preDebugBuild (Thread[Execution worker,5,main]) started.
[        ] :app:preDebugBuild (Thread[Execution worker,5,main]) started.
[        ] > Task :app:preDebugBuild UP-TO-DATE
[        ] Skipping task ':app:preDebugBuild' as it has no actions.
[        ] Resolve mutations for :app:mergeDebugNativeDebugMetadata (Thread[Execution worker,5,main]) started.
[        ] :app:mergeDebugNativeDebugMetadata (Thread[Execution worker,5,main]) started.
[        ] > Task :app:mergeDebugNativeDebugMetadata NO-SOURCE
[        ] Skipping task ':app:mergeDebugNativeDebugMetadata' as it has no source files and no previous output files.
[        ] Resolve mutations for :app:checkKotlinGradlePluginConfigurationErrors (Thread[Execution worker,5,main]) started.
[        ] :app:checkKotlinGradlePluginConfigurationErrors (Thread[Execution worker,5,main]) started.
[        ] > Task :app:checkKotlinGradlePluginConfigurationErrors SKIPPED
[        ] Skipping task ':app:checkKotlinGradlePluginConfigurationErrors' as task onlyIf 'errorDiagnostics are present' is false.
[  +97 ms] Resolve mutations for :app:compileFlutterBuildDebug (Thread[Execution worker,5,main]) started.
[        ] :app:compileFlutterBuildDebug (Thread[Execution worker,5,main]) started.
[+1893 ms] > Task :app:compileFlutterBuildDebug
[        ] Caching disabled for task ':app:compileFlutterBuildDebug' because:
[        ]   Build cache is disabled
[        ]   Caching has not been enabled for the task
[        ] Task ':app:compileFlutterBuildDebug' is not up-to-date because:
[        ]   Value of input property 'verbose' has changed for task ':app:compileFlutterBuildDebug'
[        ] Starting process 'command 'C:\src\flutter\bin\flutter.bat''. Working directory: C:\Users\H\Steps-to-recovery-flutter Command: C:\src\flutter\bin\flutter.bat --verbose assemble --no-version-check --depfile C:\Users\H\Steps-to-recovery-flutter\android\build\app\intermediates\flutter\debug/flutter_build.d --output C:\Users\H\Steps-to-recovery-flutter\android\build\app\intermediates\flutter\debug -dTargetFile=C:\Users\H\Steps-to-recovery-flutter\lib\main.dart -dTargetPlatform=android -dBuildMode=debug -dTrackWidgetCreation=true --DartDefines=RkxVVFRFUl9WRVJTSU9OPTMuNDEuNQ==,RkxVVFRFUl9DSEFOTkVMPXN0YWJsZQ==,RkxVVFRFUl9HSVRfVVJMPWh0dHBzOi8vZ2l0aHViLmNvbS9mbHV0dGVyL2ZsdXR0ZXIuZ2l0,RkxVVFRFUl9GUkFNRVdPUktfUkVWSVNJT049MmM5ZWIyMDczOQ==,RkxVVFRFUl9FTkdJTkVfUkVWSVNJT049MDUyZjMxZDExNQ==,RkxVVFRFUl9EQVJUX1ZFUlNJT049My4xMS4z -dFlavor= -dAndroidArchs=android-arm64 -dMinSdkVersion=24 debug_android_application
[        ] Successfully started process 'command 'C:\src\flutter\bin\flutter.bat''
[        ] [ +103 ms] Artifact Instance of 'MaterialFonts' is not required, skipping update.
[        ] [   +2 ms] Artifact Instance of 'GradleWrapper' is not required, skipping update.
[        ] [        ] Artifact Instance of 'AndroidGenSnapshotArtifacts' is not required, skipping update.
[        ] [        ] Artifact Instance of 'AndroidInternalBuildArtifacts' is not required, skipping update.
[        ] [        ] Artifact Instance of 'IOSEngineArtifacts' is not required, skipping update.
[        ] [        ] Artifact Instance of 'FlutterWebSdk' is not required, skipping update.
[        ] [        ] Artifact Instance of 'LegacyCanvasKitRemover' is not required, skipping update.
[        ] [        ] Artifact Instance of 'FlutterSdk' is not required, skipping update.
[        ] [        ] Artifact Instance of 'WindowsEngineArtifacts' is not required, skipping update.
[        ] [        ] Artifact Instance of 'MacOSEngineArtifacts' is not required, skipping update.
[        ] [        ] Artifact Instance of 'LinuxEngineArtifacts' is not required, skipping update.
[        ] [        ] Artifact Instance of 'LinuxFuchsiaSDKArtifacts' is not required, skipping update.
[        ] [        ] Artifact Instance of 'MacOSFuchsiaSDKArtifacts' is not required, skipping update.
[        ] [        ] Artifact Instance of 'FlutterRunnerSDKArtifacts' is not required, skipping update.
[        ] [        ] Artifact Instance of 'FlutterRunnerDebugSymbols' is not required, skipping update.
[        ] [        ] Artifact Instance of 'IosUsbArtifacts' is not required, skipping update.
[        ] [        ] Artifact Instance of 'IosUsbArtifacts' is not required, skipping update.
[        ] [        ] Artifact Instance of 'IosUsbArtifacts' is not required, skipping update.
[        ] [        ] Artifact Instance of 'IosUsbArtifacts' is not required, skipping update.
[        ] [        ] Artifact Instance of 'IosUsbArtifacts' is not required, skipping update.
[        ] [        ] Artifact Instance of 'IosUsbArtifacts' is not required, skipping update.
[        ] [        ] Artifact Instance of 'FontSubsetArtifacts' is not required, skipping update.
[        ] [        ] Artifact Instance of 'PubDependencies' is not required, skipping update.
[        ] [  +10 ms] Artifact Instance of 'AndroidGenSnapshotArtifacts' is not required, skipping update.
[        ] [        ] Artifact Instance of 'AndroidInternalBuildArtifacts' is not required, skipping update.
[        ] [        ] Artifact Instance of 'IOSEngineArtifacts' is not required, skipping update.
[        ] [        ] Artifact Instance of 'FlutterWebSdk' is not required, skipping update.
[        ] [        ] Artifact Instance of 'FlutterEngineStamp' is not required, skipping update.
[        ] [        ] Artifact Instance of 'LegacyCanvasKitRemover' is not required, skipping update.
[        ] [   +2 ms] Artifact Instance of 'WindowsEngineArtifacts' is not required, skipping update.
[        ] [        ] Artifact Instance of 'MacOSEngineArtifacts' is not required, skipping update.
[        ] [        ] Artifact Instance of 'LinuxEngineArtifacts' is not required, skipping update.
[        ] [        ] Artifact Instance of 'LinuxFuchsiaSDKArtifacts' is not required, skipping update.
[        ] [        ] Artifact Instance of 'MacOSFuchsiaSDKArtifacts' is not required, skipping update.
[        ] [        ] Artifact Instance of 'FlutterRunnerSDKArtifacts' is not required, skipping update.
[        ] [        ] Artifact Instance of 'FlutterRunnerDebugSymbols' is not required, skipping update.
[        ] [  +79 ms] Artifact Instance of 'MaterialFonts' is not required, skipping update.
[        ] [        ] Artifact Instance of 'GradleWrapper' is not required, skipping update.
[        ] [   +2 ms] Artifact Instance of 'AndroidInternalBuildArtifacts' is not required, skipping update.
[        ] [        ] Artifact Instance of 'IOSEngineArtifacts' is not required, skipping update.
[        ] [        ] Artifact Instance of 'FlutterWebSdk' is not required, skipping update.
[        ] [        ] Artifact Instance of 'FlutterEngineStamp' is not required, skipping update.
[        ] [        ] Artifact Instance of 'LegacyCanvasKitRemover' is not required, skipping update.
[        ] [        ] Artifact Instance of 'FlutterSdk' is not required, skipping update.
[        ] [        ] Artifact Instance of 'WindowsEngineArtifacts' is not required, skipping update.
[        ] [        ] Artifact Instance of 'MacOSEngineArtifacts' is not required, skipping update.
[        ] [        ] Artifact Instance of 'LinuxEngineArtifacts' is not required, skipping update.
[        ] [        ] Artifact Instance of 'LinuxFuchsiaSDKArtifacts' is not required, skipping update.
[        ] [        ] Artifact Instance of 'MacOSFuchsiaSDKArtifacts' is not required, skipping update.
[        ] [        ] Artifact Instance of 'FlutterRunnerSDKArtifacts' is not required, skipping update.
[        ] [        ] Artifact Instance of 'FlutterRunnerDebugSymbols' is not required, skipping update.
[        ] [        ] Artifact Instance of 'IosUsbArtifacts' is not required, skipping update.
[        ] [        ] Artifact Instance of 'IosUsbArtifacts' is not required, skipping update.
[        ] [        ] Artifact Instance of 'IosUsbArtifacts' is not required, skipping update.
[        ] [        ] Artifact Instance of 'IosUsbArtifacts' is not required, skipping update.
[        ] [        ] Artifact Instance of 'IosUsbArtifacts' is not required, skipping update.
[        ] [        ] Artifact Instance of 'IosUsbArtifacts' is not required, skipping update.
[        ] [        ] Artifact Instance of 'FontSubsetArtifacts' is not required, skipping update.
[        ] [        ] Artifact Instance of 'PubDependencies' is not required, skipping update.
[        ] [  +48 ms] Initializing file store
[        ] [  +27 ms] Done initializing file store
[        ] [  +83 ms] Skipping target: dart_build
[        ] [   +3 ms] Skipping target: gen_localizations
[        ] [        ] Skipping target: gen_dart_plugin_registrant
[        ] [        ] Skipping target: install_code_assets
[ +893 ms] [+1542 ms] Skipping target: kernel_snapshot_program
[        ] [  +17 ms] invalidated build due to missing files: C:\Users\H\Steps-to-recovery-flutter\DOES_NOT_EXIST_RERUN_FOR_WILDCARD603228411
[ +704 ms] [ +665 ms] debug_android_application: Starting due to {InvalidatedReasonKind.inputMissing: The following inputs were missing: C:\Users\H\Steps-to-recovery-flutter\DOES_NOT_EXIST_RERUN_FOR_WILDCARD603228411}
[ +390 ms] [ +394 ms] Manifest contained wildcard assets. Inserting missing file into build graph to force rerun. for more information see #56466.
[        ] [  +15 ms] shaderc command: [C:\src\flutter\bin\cache\artifacts\engine\windows-x64\impellerc.exe, --sksl, --runtime-stage-gles, --runtime-stage-gles3, --runtime-stage-vulkan, --iplr, --sl=C:\Users\H\Steps-to-recovery-flutter\android\build\app\intermediates\flutter\debug\flutter_assets\shaders/ink_sparkle.frag, --spirv=C:\Users\H\Steps-to-recovery-flutter\android\build\app\intermediates\flutter\debug\flutter_assets\shaders/ink_sparkle.frag.spirv, --input=C:\src\flutter\packages\flutter\lib\src\material\shaders\ink_sparkle.frag, --input-type=frag, --include=C:\src\flutter\packages\flutter\lib\src\material\shaders, --include=C:\src\flutter\bin\cache\artifacts\engine\windows-x64\shader_lib]
[        ] [   +1 ms] shaderc command: [C:\src\flutter\bin\cache\artifacts\engine\windows-x64\impellerc.exe, --sksl, --runtime-stage-gles, --runtime-stage-gles3, --runtime-stage-vulkan, --iplr, --sl=C:\Users\H\Steps-to-recovery-flutter\android\build\app\intermediates\flutter\debug\flutter_assets\shaders/stretch_effect.frag, --spirv=C:\Users\H\Steps-to-recovery-flutter\android\build\app\intermediates\flutter\debug\flutter_assets\shaders/stretch_effect.frag.spirv, --input=C:\src\flutter\packages\flutter\lib\src\material\shaders\stretch_effect.frag, --input-type=frag, --include=C:\src\flutter\packages\flutter\lib\src\material\shaders, --include=C:\src\flutter\bin\cache\artifacts\engine\windows-x64\shader_lib]
[ +907 ms] [ +886 ms] debug_android_application: Complete
[ +701 ms] [ +751 ms] Persisting file store
[  +94 ms] [  +18 ms] Done persisting file store
[        ] [  +29 ms] build succeeded.
[        ] [  +13 ms] "flutter assemble" took 4,590ms.
[ +108 ms] [  +96 ms] Running 1 shutdown hook
[        ] [   +1 ms] Shutdown hooks complete
[ +296 ms] [ +255 ms] exiting with code 0
[        ] Resolve mutations for :app:packJniLibsflutterBuildDebug (Thread[Execution worker,5,main]) started.
[        ] :app:packJniLibsflutterBuildDebug (Thread[Execution worker,5,main]) started.
[        ] > Task :app:packJniLibsflutterBuildDebug UP-TO-DATE
[        ] Caching disabled for task ':app:packJniLibsflutterBuildDebug' because:
[        ]   Build cache is disabled
[        ]   Not worth caching
[        ] Skipping task ':app:packJniLibsflutterBuildDebug' as it is up-to-date.
[        ] Resolve mutations for :app_links:preBuild (Thread[Execution worker,5,main]) started.
[        ] :app_links:preBuild (Thread[Execution worker,5,main]) started.
[        ] > Task :app_links:preBuild UP-TO-DATE
[        ] Skipping task ':app_links:preBuild' as it has no actions.
[        ] Resolve mutations for :app_links:preDebugBuild (Thread[Execution worker,5,main]) started.
[        ] :app_links:preDebugBuild (Thread[Execution worker Thread 2,5,main]) started.
[        ] > Task :app_links:preDebugBuild UP-TO-DATE
[        ] Skipping task ':app_links:preDebugBuild' as it has no actions.
[        ] Resolve mutations for :app_links:writeDebugAarMetadata (Thread[Execution worker Thread 2,5,main]) started.
[        ] :app_links:writeDebugAarMetadata (Thread[Execution worker Thread 2,5,main]) started.
[        ] > Task :app_links:writeDebugAarMetadata UP-TO-DATE
[        ] Caching disabled for task ':app_links:writeDebugAarMetadata' because:
[        ]   Build cache is disabled
[        ]   Caching has been disabled for the task
[        ] Skipping task ':app_links:writeDebugAarMetadata' as it is up-to-date.
[        ] work action resolve aar-metadata.properties (project :app_links) (Thread[Execution worker Thread 2,5,main]) started.
[        ] Resolve mutations for :audio_session:preBuild (Thread[Execution worker Thread 2,5,main]) started.
[        ] :audio_session:preBuild (Thread[Execution worker Thread 2,5,main]) started.
[        ] > Task :audio_session:preBuild UP-TO-DATE
[        ] Skipping task ':audio_session:preBuild' as it has no actions.
[        ] Resolve mutations for :audio_session:preDebugBuild (Thread[Execution worker Thread 2,5,main]) started.
[        ] :audio_session:preDebugBuild (Thread[Execution worker Thread 2,5,main]) started.
[        ] > Task :audio_session:preDebugBuild UP-TO-DATE
[        ] Skipping task ':audio_session:preDebugBuild' as it has no actions.
[        ] Resolve mutations for :audio_session:writeDebugAarMetadata (Thread[Execution worker Thread 2,5,main]) started.
[        ] :audio_session:writeDebugAarMetadata (Thread[Execution worker Thread 2,5,main]) started.
[        ] > Task :audio_session:writeDebugAarMetadata UP-TO-DATE
[        ] Caching disabled for task ':audio_session:writeDebugAarMetadata' because:
[        ]   Build cache is disabled
[        ]   Caching has been disabled for the task
[        ] Skipping task ':audio_session:writeDebugAarMetadata' as it is up-to-date.
[        ] work action resolve aar-metadata.properties (project :audio_session) (Thread[Execution worker,5,main]) started.
[        ] Resolve mutations for :battery_plus:preBuild (Thread[Execution worker Thread 2,5,main]) started.
[        ] :battery_plus:preBuild (Thread[Execution worker Thread 2,5,main]) started.
[        ] > Task :battery_plus:preBuild UP-TO-DATE
[        ] Skipping task ':battery_plus:preBuild' as it has no actions.
[        ] Resolve mutations for :battery_plus:preDebugBuild (Thread[Execution worker,5,main]) started.
[        ] :battery_plus:preDebugBuild (Thread[Execution worker,5,main]) started.
[        ] > Task :battery_plus:preDebugBuild UP-TO-DATE
[        ] Skipping task ':battery_plus:preDebugBuild' as it has no actions.
[        ] Resolve mutations for :battery_plus:writeDebugAarMetadata (Thread[Execution worker,5,main]) started.
[        ] :battery_plus:writeDebugAarMetadata (Thread[Execution worker,5,main]) started.
[        ] > Task :battery_plus:writeDebugAarMetadata UP-TO-DATE
[        ] Caching disabled for task ':battery_plus:writeDebugAarMetadata' because:
[        ]   Build cache is disabled
[        ]   Caching has been disabled for the task
[        ] Skipping task ':battery_plus:writeDebugAarMetadata' as it is up-to-date.
[        ] work action resolve aar-metadata.properties (project :battery_plus) (Thread[Execution worker,5,main]) started.
[        ] Resolve mutations for :connectivity_plus:preBuild (Thread[Execution worker Thread 5,5,main]) started.
[        ] :connectivity_plus:preBuild (Thread[Execution worker Thread 5,5,main]) started.
[        ] > Task :connectivity_plus:preBuild UP-TO-DATE
[        ] Skipping task ':connectivity_plus:preBuild' as it has no actions.
[        ] Resolve mutations for :connectivity_plus:preDebugBuild (Thread[Execution worker Thread 5,5,main]) started.
[        ] :connectivity_plus:preDebugBuild (Thread[Execution worker Thread 5,5,main]) started.
[        ] > Task :connectivity_plus:preDebugBuild UP-TO-DATE
[        ] Skipping task ':connectivity_plus:preDebugBuild' as it has no actions.
[        ] Resolve mutations for :connectivity_plus:writeDebugAarMetadata (Thread[Execution worker Thread 5,5,main]) started.
[        ] :connectivity_plus:writeDebugAarMetadata (Thread[Execution worker Thread 5,5,main]) started.
[        ] > Task :connectivity_plus:writeDebugAarMetadata UP-TO-DATE
[        ] Caching disabled for task ':connectivity_plus:writeDebugAarMetadata' because:
[        ]   Build cache is disabled
[        ]   Caching has been disabled for the task
[        ] Skipping task ':connectivity_plus:writeDebugAarMetadata' as it is up-to-date.
[        ] work action resolve aar-metadata.properties (project :connectivity_plus) (Thread[Execution worker Thread 5,5,main]) started.
[        ] Resolve mutations for :device_info_plus:preBuild (Thread[Execution worker Thread 5,5,main]) started.
[        ] :device_info_plus:preBuild (Thread[Execution worker Thread 5,5,main]) started.
[        ] > Task :device_info_plus:preBuild UP-TO-DATE
[        ] Skipping task ':device_info_plus:preBuild' as it has no actions.
[        ] Resolve mutations for :device_info_plus:preDebugBuild (Thread[Execution worker Thread 5,5,main]) started.
[        ] :device_info_plus:preDebugBuild (Thread[Execution worker Thread 5,5,main]) started.
[        ] > Task :device_info_plus:preDebugBuild UP-TO-DATE
[        ] Skipping task ':device_info_plus:preDebugBuild' as it has no actions.
[        ] Resolve mutations for :device_info_plus:writeDebugAarMetadata (Thread[Execution worker,5,main]) started.
[        ] :device_info_plus:writeDebugAarMetadata (Thread[Execution worker,5,main]) started.
[        ] > Task :device_info_plus:writeDebugAarMetadata UP-TO-DATE
[        ] Caching disabled for task ':device_info_plus:writeDebugAarMetadata' because:
[        ]   Build cache is disabled
[        ]   Caching has been disabled for the task
[        ] Skipping task ':device_info_plus:writeDebugAarMetadata' as it is up-to-date.
[        ] work action resolve aar-metadata.properties (project :device_info_plus) (Thread[Execution worker,5,main]) started.
[        ] Resolve mutations for :flutter_local_notifications:preBuild (Thread[Execution worker,5,main]) started.
[        ] :flutter_local_notifications:preBuild (Thread[Execution worker,5,main]) started.
[        ] > Task :flutter_local_notifications:preBuild UP-TO-DATE
[        ] Skipping task ':flutter_local_notifications:preBuild' as it has no actions.
[        ] Resolve mutations for :flutter_local_notifications:preDebugBuild (Thread[Execution worker,5,main]) started.
[        ] :flutter_local_notifications:preDebugBuild (Thread[Execution worker,5,main]) started.
[        ] > Task :flutter_local_notifications:preDebugBuild UP-TO-DATE
[        ] Skipping task ':flutter_local_notifications:preDebugBuild' as it has no actions.
[        ] Resolve mutations for :flutter_local_notifications:writeDebugAarMetadata (Thread[Execution worker,5,main]) started.
[        ] :flutter_local_notifications:writeDebugAarMetadata (Thread[Execution worker,5,main]) started.
[        ] > Task :flutter_local_notifications:writeDebugAarMetadata UP-TO-DATE
[        ] Caching disabled for task ':flutter_local_notifications:writeDebugAarMetadata' because:
[        ]   Build cache is disabled
[        ]   Caching has been disabled for the task
[        ] Skipping task ':flutter_local_notifications:writeDebugAarMetadata' as it is up-to-date.
[        ] work action resolve aar-metadata.properties (project :flutter_local_notifications) (Thread[Execution worker,5,main]) started.
[        ] Resolve mutations for :flutter_native_splash:preBuild (Thread[Execution worker,5,main]) started.
[        ] :flutter_native_splash:preBuild (Thread[Execution worker,5,main]) started.
[        ] > Task :flutter_native_splash:preBuild UP-TO-DATE
[        ] Skipping task ':flutter_native_splash:preBuild' as it has no actions.
[        ] Resolve mutations for :flutter_native_splash:preDebugBuild (Thread[Execution worker,5,main]) started.
[        ] :flutter_native_splash:preDebugBuild (Thread[Execution worker,5,main]) started.
[        ] > Task :flutter_native_splash:preDebugBuild UP-TO-DATE
[        ] Skipping task ':flutter_native_splash:preDebugBuild' as it has no actions.
[        ] Resolve mutations for :flutter_native_splash:writeDebugAarMetadata (Thread[Execution worker,5,main]) started.
[        ] :flutter_native_splash:writeDebugAarMetadata (Thread[Execution worker,5,main]) started.
[        ] > Task :flutter_native_splash:writeDebugAarMetadata UP-TO-DATE
[        ] Caching disabled for task ':flutter_native_splash:writeDebugAarMetadata' because:
[        ]   Build cache is disabled
[        ]   Caching has been disabled for the task
[        ] Skipping task ':flutter_native_splash:writeDebugAarMetadata' as it is up-to-date.
[        ] work action resolve aar-metadata.properties (project :flutter_native_splash) (Thread[Execution worker,5,main]) started.
[        ] Resolve mutations for :flutter_plugin_android_lifecycle:preBuild (Thread[Execution worker,5,main]) started.
[        ] :flutter_plugin_android_lifecycle:preBuild (Thread[Execution worker,5,main]) started.
[        ] > Task :flutter_plugin_android_lifecycle:preBuild UP-TO-DATE
[        ] Skipping task ':flutter_plugin_android_lifecycle:preBuild' as it has no actions.
[        ] Resolve mutations for :flutter_plugin_android_lifecycle:preDebugBuild (Thread[Execution worker,5,main]) started.
[        ] :flutter_plugin_android_lifecycle:preDebugBuild (Thread[Execution worker Thread 4,5,main]) started.
[        ] > Task :flutter_plugin_android_lifecycle:preDebugBuild UP-TO-DATE
[        ] Skipping task ':flutter_plugin_android_lifecycle:preDebugBuild' as it has no actions.
[        ] Resolve mutations for :flutter_plugin_android_lifecycle:writeDebugAarMetadata (Thread[Execution worker Thread 4,5,main]) started.
[        ] :flutter_plugin_android_lifecycle:writeDebugAarMetadata (Thread[Execution worker Thread 4,5,main]) started.
[        ] > Task :flutter_plugin_android_lifecycle:writeDebugAarMetadata UP-TO-DATE
[        ] Caching disabled for task ':flutter_plugin_android_lifecycle:writeDebugAarMetadata' because:
[        ]   Build cache is disabled
[        ]   Caching has been disabled for the task
[        ] Skipping task ':flutter_plugin_android_lifecycle:writeDebugAarMetadata' as it is up-to-date.
[        ] work action resolve aar-metadata.properties (project :flutter_plugin_android_lifecycle) (Thread[Execution worker Thread 4,5,main]) started.
[        ] Resolve mutations for :flutter_secure_storage:preBuild (Thread[Execution worker Thread 4,5,main]) started.
[        ] :flutter_secure_storage:preBuild (Thread[Execution worker Thread 5,5,main]) started.
[        ] > Task :flutter_secure_storage:preBuild UP-TO-DATE
[        ] Skipping task ':flutter_secure_storage:preBuild' as it has no actions.
[        ] Resolve mutations for :flutter_secure_storage:preDebugBuild (Thread[Execution worker Thread 5,5,main]) started.
[        ] :flutter_secure_storage:preDebugBuild (Thread[Execution worker Thread 5,5,main]) started.
[        ] > Task :flutter_secure_storage:preDebugBuild UP-TO-DATE
[        ] Skipping task ':flutter_secure_storage:preDebugBuild' as it has no actions.
[        ] Resolve mutations for :flutter_secure_storage:writeDebugAarMetadata (Thread[Execution worker Thread 5,5,main]) started.
[        ] :flutter_secure_storage:writeDebugAarMetadata (Thread[Execution worker Thread 5,5,main]) started.
[        ] > Task :flutter_secure_storage:writeDebugAarMetadata UP-TO-DATE
[        ] Caching disabled for task ':flutter_secure_storage:writeDebugAarMetadata' because:
[        ]   Build cache is disabled
[        ]   Caching has been disabled for the task
[        ] Skipping task ':flutter_secure_storage:writeDebugAarMetadata' as it is up-to-date.
[        ] work action resolve aar-metadata.properties (project :flutter_secure_storage) (Thread[Execution worker Thread 5,5,main]) started.
[        ] Resolve mutations for :haptic_feedback:preBuild (Thread[Execution worker Thread 5,5,main]) started.
[        ] :haptic_feedback:preBuild (Thread[Execution worker Thread 4,5,main]) started.
[        ] > Task :haptic_feedback:preBuild UP-TO-DATE
[        ] Skipping task ':haptic_feedback:preBuild' as it has no actions.
[        ] Resolve mutations for :haptic_feedback:preDebugBuild (Thread[Execution worker Thread 4,5,main]) started.
[        ] :haptic_feedback:preDebugBuild (Thread[Execution worker Thread 4,5,main]) started.
[        ] > Task :haptic_feedback:preDebugBuild UP-TO-DATE
[        ] Skipping task ':haptic_feedback:preDebugBuild' as it has no actions.
[        ] Resolve mutations for :haptic_feedback:writeDebugAarMetadata (Thread[Execution worker Thread 4,5,main]) started.
[        ] :haptic_feedback:writeDebugAarMetadata (Thread[Execution worker Thread 4,5,main]) started.
[        ] > Task :haptic_feedback:writeDebugAarMetadata UP-TO-DATE
[        ] Caching disabled for task ':haptic_feedback:writeDebugAarMetadata' because:
[        ]   Build cache is disabled
[        ]   Caching has been disabled for the task
[        ] Skipping task ':haptic_feedback:writeDebugAarMetadata' as it is up-to-date.
[        ] work action resolve aar-metadata.properties (project :haptic_feedback) (Thread[Execution worker Thread 4,5,main]) started.
[        ] Resolve mutations for :integration_test:preBuild (Thread[Execution worker,5,main]) started.
[        ] :integration_test:preBuild (Thread[Execution worker,5,main]) started.
[        ] > Task :integration_test:preBuild UP-TO-DATE
[        ] Skipping task ':integration_test:preBuild' as it has no actions.
[        ] Resolve mutations for :integration_test:preDebugBuild (Thread[Execution worker,5,main]) started.
[        ] :integration_test:preDebugBuild (Thread[Execution worker,5,main]) started.
[        ] > Task :integration_test:preDebugBuild UP-TO-DATE
[        ] Skipping task ':integration_test:preDebugBuild' as it has no actions.
[        ] Resolve mutations for :integration_test:writeDebugAarMetadata (Thread[Execution worker,5,main]) started.
[        ] :integration_test:writeDebugAarMetadata (Thread[Execution worker,5,main]) started.
[        ] > Task :integration_test:writeDebugAarMetadata UP-TO-DATE
[        ] Caching disabled for task ':integration_test:writeDebugAarMetadata' because:
[        ]   Build cache is disabled
[        ]   Caching has been disabled for the task
[        ] Skipping task ':integration_test:writeDebugAarMetadata' as it is up-to-date.
[        ] work action resolve aar-metadata.properties (project :integration_test) (Thread[Execution worker Thread 3,5,main]) started.
[        ] Resolve mutations for :jni:preBuild (Thread[included builds,5,main]) started.
[        ] :jni:preBuild (Thread[included builds,5,main]) started.
[        ] > Task :jni:preBuild UP-TO-DATE
[        ] Skipping task ':jni:preBuild' as it has no actions.
[        ] Resolve mutations for :jni:preDebugBuild (Thread[included builds,5,main]) started.
[        ] :jni:preDebugBuild (Thread[included builds,5,main]) started.
[        ] > Task :jni:preDebugBuild UP-TO-DATE
[        ] Skipping task ':jni:preDebugBuild' as it has no actions.
[        ] Resolve mutations for :jni:writeDebugAarMetadata (Thread[included builds,5,main]) started.
[        ] :jni:writeDebugAarMetadata (Thread[included builds,5,main]) started.
[        ] > Task :jni:writeDebugAarMetadata UP-TO-DATE
[        ] Caching disabled for task ':jni:writeDebugAarMetadata' because:
[        ]   Build cache is disabled
[        ]   Caching has been disabled for the task
[        ] Skipping task ':jni:writeDebugAarMetadata' as it is up-to-date.
[        ] work action resolve aar-metadata.properties (project :jni) (Thread[included builds,5,main]) started.
[        ] Resolve mutations for :just_audio:preBuild (Thread[included builds,5,main]) started.
[        ] :just_audio:preBuild (Thread[included builds,5,main]) started.
[        ] > Task :just_audio:preBuild UP-TO-DATE
[        ] Skipping task ':just_audio:preBuild' as it has no actions.
[        ] Resolve mutations for :just_audio:preDebugBuild (Thread[included builds,5,main]) started.
[        ] :just_audio:preDebugBuild (Thread[included builds,5,main]) started.
[        ] > Task :just_audio:preDebugBuild UP-TO-DATE
[        ] Skipping task ':just_audio:preDebugBuild' as it has no actions.
[        ] Resolve mutations for :just_audio:writeDebugAarMetadata (Thread[included builds,5,main]) started.
[        ] :just_audio:writeDebugAarMetadata (Thread[included builds,5,main]) started.
[        ] > Task :just_audio:writeDebugAarMetadata UP-TO-DATE
[        ] Caching disabled for task ':just_audio:writeDebugAarMetadata' because:
[        ]   Build cache is disabled
[        ]   Caching has been disabled for the task
[        ] Skipping task ':just_audio:writeDebugAarMetadata' as it is up-to-date.
[        ] work action resolve aar-metadata.properties (project :just_audio) (Thread[included builds,5,main]) started.
[        ] Resolve mutations for :local_auth_android:preBuild (Thread[included builds,5,main]) started.
[        ] :local_auth_android:preBuild (Thread[included builds,5,main]) started.
[        ] > Task :local_auth_android:preBuild UP-TO-DATE
[        ] Skipping task ':local_auth_android:preBuild' as it has no actions.
[        ] Resolve mutations for :local_auth_android:preDebugBuild (Thread[Execution worker Thread 4,5,main]) started.
[        ] :local_auth_android:preDebugBuild (Thread[Execution worker Thread 4,5,main]) started.
[        ] > Task :local_auth_android:preDebugBuild UP-TO-DATE
[        ] Skipping task ':local_auth_android:preDebugBuild' as it has no actions.
[        ] Resolve mutations for :local_auth_android:writeDebugAarMetadata (Thread[Execution worker Thread 4,5,main]) started.
[        ] :local_auth_android:writeDebugAarMetadata (Thread[Execution worker Thread 4,5,main]) started.
[        ] > Task :local_auth_android:writeDebugAarMetadata UP-TO-DATE
[        ] Caching disabled for task ':local_auth_android:writeDebugAarMetadata' because:
[        ]   Build cache is disabled
[        ]   Caching has been disabled for the task
[        ] Skipping task ':local_auth_android:writeDebugAarMetadata' as it is up-to-date.
[        ] work action resolve aar-metadata.properties (project :local_auth_android) (Thread[Execution worker Thread 4,5,main]) started.
[        ] Resolve mutations for :package_info_plus:preBuild (Thread[Execution worker Thread 4,5,main]) started.
[        ] :package_info_plus:preBuild (Thread[Execution worker Thread 4,5,main]) started.
[        ] > Task :package_info_plus:preBuild UP-TO-DATE
[        ] Skipping task ':package_info_plus:preBuild' as it has no actions.
[        ] Resolve mutations for :package_info_plus:preDebugBuild (Thread[Execution worker Thread 4,5,main]) started.
[        ] :package_info_plus:preDebugBuild (Thread[Execution worker Thread 4,5,main]) started.
[        ] > Task :package_info_plus:preDebugBuild UP-TO-DATE
[        ] Skipping task ':package_info_plus:preDebugBuild' as it has no actions.
[        ] Resolve mutations for :package_info_plus:writeDebugAarMetadata (Thread[Execution worker Thread 4,5,main]) started.
[        ] :package_info_plus:writeDebugAarMetadata (Thread[Execution worker Thread 4,5,main]) started.
[        ] > Task :package_info_plus:writeDebugAarMetadata UP-TO-DATE
[        ] Caching disabled for task ':package_info_plus:writeDebugAarMetadata' because:
[        ]   Build cache is disabled
[        ]   Caching has been disabled for the task
[        ] Skipping task ':package_info_plus:writeDebugAarMetadata' as it is up-to-date.
[        ] work action resolve aar-metadata.properties (project :package_info_plus) (Thread[included builds,5,main]) started.
[        ] Resolve mutations for :path_provider_android:preBuild (Thread[Execution worker Thread 5,5,main]) started.
[        ] :path_provider_android:preBuild (Thread[Execution worker Thread 5,5,main]) started.
[        ] > Task :path_provider_android:preBuild UP-TO-DATE
[        ] Skipping task ':path_provider_android:preBuild' as it has no actions.
[        ] Resolve mutations for :path_provider_android:preDebugBuild (Thread[Execution worker Thread 5,5,main]) started.
[        ] :path_provider_android:preDebugBuild (Thread[Execution worker Thread 4,5,main]) started.
[        ] > Task :path_provider_android:preDebugBuild UP-TO-DATE
[        ] Skipping task ':path_provider_android:preDebugBuild' as it has no actions.
[        ] Resolve mutations for :path_provider_android:writeDebugAarMetadata (Thread[Execution worker Thread 4,5,main]) started.
[        ] :path_provider_android:writeDebugAarMetadata (Thread[Execution worker Thread 4,5,main]) started.
[        ] > Task :path_provider_android:writeDebugAarMetadata UP-TO-DATE
[        ] Caching disabled for task ':path_provider_android:writeDebugAarMetadata' because:
[        ]   Build cache is disabled
[        ]   Caching has been disabled for the task
[        ] Skipping task ':path_provider_android:writeDebugAarMetadata' as it is up-to-date.
[        ] work action resolve aar-metadata.properties (project :path_provider_android) (Thread[Execution worker Thread 4,5,main]) started.
[        ] Resolve mutations for :permission_handler_android:preBuild (Thread[Execution worker Thread 4,5,main]) started.
[        ] :permission_handler_android:preBuild (Thread[Execution worker Thread 4,5,main]) started.
[        ] > Task :permission_handler_android:preBuild UP-TO-DATE
[        ] Skipping task ':permission_handler_android:preBuild' as it has no actions.
[        ] Resolve mutations for :permission_handler_android:preDebugBuild (Thread[Execution worker Thread 4,5,main]) started.
[        ] :permission_handler_android:preDebugBuild (Thread[Execution worker Thread 3,5,main]) started.
[        ] > Task :permission_handler_android:preDebugBuild UP-TO-DATE
[        ] Skipping task ':permission_handler_android:preDebugBuild' as it has no actions.
[        ] Resolve mutations for :permission_handler_android:writeDebugAarMetadata (Thread[Execution worker Thread 3,5,main]) started.
[        ] :permission_handler_android:writeDebugAarMetadata (Thread[Execution worker Thread 3,5,main]) started.
[        ] > Task :permission_handler_android:writeDebugAarMetadata UP-TO-DATE
[        ] Caching disabled for task ':permission_handler_android:writeDebugAarMetadata' because:
[        ]   Build cache is disabled
[        ]   Caching has been disabled for the task
[        ] Skipping task ':permission_handler_android:writeDebugAarMetadata' as it is up-to-date.
[        ] work action resolve aar-metadata.properties (project :permission_handler_android) (Thread[Execution worker Thread 3,5,main]) started.
[        ] Resolve mutations for :record_android:preBuild (Thread[Execution worker Thread 4,5,main]) started.
[        ] :record_android:preBuild (Thread[Execution worker Thread 4,5,main]) started.
[        ] > Task :record_android:preBuild UP-TO-DATE
[        ] Skipping task ':record_android:preBuild' as it has no actions.
[        ] Resolve mutations for :record_android:preDebugBuild (Thread[Execution worker Thread 4,5,main]) started.
[        ] :record_android:preDebugBuild (Thread[Execution worker Thread 4,5,main]) started.
[        ] > Task :record_android:preDebugBuild UP-TO-DATE
[        ] Skipping task ':record_android:preDebugBuild' as it has no actions.
[        ] Resolve mutations for :record_android:writeDebugAarMetadata (Thread[Execution worker Thread 4,5,main]) started.
[        ] :record_android:writeDebugAarMetadata (Thread[Execution worker Thread 4,5,main]) started.
[        ] > Task :record_android:writeDebugAarMetadata UP-TO-DATE
[        ] Caching disabled for task ':record_android:writeDebugAarMetadata' because:
[        ]   Build cache is disabled
[        ]   Caching has been disabled for the task
[        ] Skipping task ':record_android:writeDebugAarMetadata' as it is up-to-date.
[        ] work action resolve aar-metadata.properties (project :record_android) (Thread[Execution worker Thread 4,5,main]) started.
[        ] Resolve mutations for :sentry_flutter:preBuild (Thread[Execution worker Thread 4,5,main]) started.
[        ] :sentry_flutter:preBuild (Thread[Execution worker Thread 4,5,main]) started.
[        ] > Task :sentry_flutter:preBuild UP-TO-DATE
[        ] Skipping task ':sentry_flutter:preBuild' as it has no actions.
[        ] Resolve mutations for :sentry_flutter:preDebugBuild (Thread[Execution worker Thread 4,5,main]) started.
[        ] :sentry_flutter:preDebugBuild (Thread[Execution worker Thread 4,5,main]) started.
[        ] > Task :sentry_flutter:preDebugBuild UP-TO-DATE
[        ] Skipping task ':sentry_flutter:preDebugBuild' as it has no actions.
[        ] Resolve mutations for :sentry_flutter:writeDebugAarMetadata (Thread[Execution worker Thread 4,5,main]) started.
[        ] :sentry_flutter:writeDebugAarMetadata (Thread[Execution worker Thread 4,5,main]) started.
[        ] > Task :sentry_flutter:writeDebugAarMetadata UP-TO-DATE
[        ] Caching disabled for task ':sentry_flutter:writeDebugAarMetadata' because:
[        ]   Build cache is disabled
[        ]   Caching has been disabled for the task
[        ] Skipping task ':sentry_flutter:writeDebugAarMetadata' as it is up-to-date.
[        ] work action resolve aar-metadata.properties (project :sentry_flutter) (Thread[Execution worker Thread 4,5,main]) started.
[        ] Resolve mutations for :share_plus:preBuild (Thread[Execution worker Thread 4,5,main]) started.
[        ] :share_plus:preBuild (Thread[Execution worker Thread 4,5,main]) started.
[        ] > Task :share_plus:preBuild UP-TO-DATE
[        ] Skipping task ':share_plus:preBuild' as it has no actions.
[        ] Resolve mutations for :share_plus:preDebugBuild (Thread[Execution worker Thread 4,5,main]) started.
[        ] :share_plus:preDebugBuild (Thread[Execution worker,5,main]) started.
[        ] > Task :share_plus:preDebugBuild UP-TO-DATE
[        ] Skipping task ':share_plus:preDebugBuild' as it has no actions.
[        ] Resolve mutations for :share_plus:writeDebugAarMetadata (Thread[Execution worker,5,main]) started.
[        ] :share_plus:writeDebugAarMetadata (Thread[included builds,5,main]) started.
[        ] > Task :share_plus:writeDebugAarMetadata UP-TO-DATE
[        ] Caching disabled for task ':share_plus:writeDebugAarMetadata' because:
[        ]   Build cache is disabled
[        ]   Caching has been disabled for the task
[        ] Skipping task ':share_plus:writeDebugAarMetadata' as it is up-to-date.
[        ] work action resolve aar-metadata.properties (project :share_plus) (Thread[included builds,5,main]) started.
[        ] Resolve mutations for :shared_preferences_android:preBuild (Thread[included builds,5,main]) started.
[        ] :shared_preferences_android:preBuild (Thread[included builds,5,main]) started.
[        ] > Task :shared_preferences_android:preBuild UP-TO-DATE
[        ] Skipping task ':shared_preferences_android:preBuild' as it has no actions.
[        ] Resolve mutations for :shared_preferences_android:preDebugBuild (Thread[included builds,5,main]) started.
[        ] :shared_preferences_android:preDebugBuild (Thread[included builds,5,main]) started.
[        ] > Task :shared_preferences_android:preDebugBuild UP-TO-DATE
[        ] Skipping task ':shared_preferences_android:preDebugBuild' as it has no actions.
[        ] Resolve mutations for :shared_preferences_android:writeDebugAarMetadata (Thread[included builds,5,main]) started.
[        ] :shared_preferences_android:writeDebugAarMetadata (Thread[included builds,5,main]) started.
[        ] > Task :shared_preferences_android:writeDebugAarMetadata UP-TO-DATE
[        ] Caching disabled for task ':shared_preferences_android:writeDebugAarMetadata' because:
[        ]   Build cache is disabled
[        ]   Caching has been disabled for the task
[        ] Skipping task ':shared_preferences_android:writeDebugAarMetadata' as it is up-to-date.
[        ] work action resolve aar-metadata.properties (project :shared_preferences_android) (Thread[Execution worker Thread 5,5,main]) started.
[        ] Resolve mutations for :speech_to_text:preBuild (Thread[Execution worker Thread 5,5,main]) started.
[        ] :speech_to_text:preBuild (Thread[Execution worker Thread 5,5,main]) started.
[        ] > Task :speech_to_text:preBuild UP-TO-DATE
[        ] Skipping task ':speech_to_text:preBuild' as it has no actions.
[        ] Resolve mutations for :speech_to_text:preDebugBuild (Thread[Execution worker Thread 5,5,main]) started.
[        ] :speech_to_text:preDebugBuild (Thread[Execution worker Thread 5,5,main]) started.
[        ] > Task :speech_to_text:preDebugBuild UP-TO-DATE
[        ] Skipping task ':speech_to_text:preDebugBuild' as it has no actions.
[        ] Resolve mutations for :speech_to_text:writeDebugAarMetadata (Thread[Execution worker Thread 5,5,main]) started.
[        ] :speech_to_text:writeDebugAarMetadata (Thread[Execution worker Thread 5,5,main]) started.
[        ] > Task :speech_to_text:writeDebugAarMetadata UP-TO-DATE
[        ] Caching disabled for task ':speech_to_text:writeDebugAarMetadata' because:
[        ]   Build cache is disabled
[        ]   Caching has been disabled for the task
[        ] Skipping task ':speech_to_text:writeDebugAarMetadata' as it is up-to-date.
[        ] work action resolve aar-metadata.properties (project :speech_to_text) (Thread[Execution worker Thread 5,5,main]) started.
[        ] Resolve mutations for :url_launcher_android:preBuild (Thread[Execution worker Thread 5,5,main]) started.
[        ] :url_launcher_android:preBuild (Thread[Execution worker Thread 5,5,main]) started.
[        ] > Task :url_launcher_android:preBuild UP-TO-DATE
[        ] Skipping task ':url_launcher_android:preBuild' as it has no actions.
[        ] Resolve mutations for :url_launcher_android:preDebugBuild (Thread[Execution worker Thread 5,5,main]) started.
[        ] :url_launcher_android:preDebugBuild (Thread[Execution worker Thread 5,5,main]) started.
[        ] > Task :url_launcher_android:preDebugBuild UP-TO-DATE
[        ] Skipping task ':url_launcher_android:preDebugBuild' as it has no actions.
[        ] Resolve mutations for :url_launcher_android:writeDebugAarMetadata (Thread[Execution worker Thread 5,5,main]) started.
[        ] :url_launcher_android:writeDebugAarMetadata (Thread[Execution worker Thread 5,5,main]) started.
[        ] > Task :url_launcher_android:writeDebugAarMetadata UP-TO-DATE
[        ] Caching disabled for task ':url_launcher_android:writeDebugAarMetadata' because:
[        ]   Build cache is disabled
[        ]   Caching has been disabled for the task
[        ] Skipping task ':url_launcher_android:writeDebugAarMetadata' as it is up-to-date.
[        ] work action resolve aar-metadata.properties (project :url_launcher_android) (Thread[Execution worker Thread 5,5,main]) started.
[        ] Resolve mutations for :workmanager_android:preBuild (Thread[Execution worker Thread 5,5,main]) started.
[        ] :workmanager_android:preBuild (Thread[Execution worker Thread 5,5,main]) started.
[        ] > Task :workmanager_android:preBuild UP-TO-DATE
[        ] Skipping task ':workmanager_android:preBuild' as it has no actions.
[        ] Resolve mutations for :workmanager_android:preDebugBuild (Thread[Execution worker Thread 5,5,main]) started.
[        ] :workmanager_android:preDebugBuild (Thread[Execution worker Thread 5,5,main]) started.
[        ] > Task :workmanager_android:preDebugBuild UP-TO-DATE
[        ] Skipping task ':workmanager_android:preDebugBuild' as it has no actions.
[        ] Resolve mutations for :workmanager_android:writeDebugAarMetadata (Thread[Execution worker Thread 2,5,main]) started.
[        ] :workmanager_android:writeDebugAarMetadata (Thread[Execution worker Thread 2,5,main]) started.
[        ] > Task :workmanager_android:writeDebugAarMetadata UP-TO-DATE
[        ] Caching disabled for task ':workmanager_android:writeDebugAarMetadata' because:
[        ]   Build cache is disabled
[        ]   Caching has been disabled for the task
[        ] Skipping task ':workmanager_android:writeDebugAarMetadata' as it is up-to-date.
[        ] work action resolve aar-metadata.properties (project :workmanager_android) (Thread[Execution worker Thread 2,5,main]) started.
[        ] Resolve mutations for :app:checkDebugAarMetadata (Thread[Execution worker Thread 2,5,main]) started.
[        ] :app:checkDebugAarMetadata (Thread[Execution worker Thread 2,5,main]) started.
[ +162 ms] > Task :app:checkDebugAarMetadata UP-TO-DATE
[        ] Caching disabled for task ':app:checkDebugAarMetadata' because:
[        ]   Build cache is disabled
[        ]   Caching has been disabled for the task
[        ] Skipping task ':app:checkDebugAarMetadata' as it is up-to-date.
[        ] Resolve mutations for :app:cleanMergeDebugAssets (Thread[Execution worker Thread 2,5,main]) started.
[        ] :app:cleanMergeDebugAssets (Thread[Execution worker Thread 2,5,main]) started.
[        ] > Task :app:cleanMergeDebugAssets
[        ] Caching disabled for task ':app:cleanMergeDebugAssets' because:
[        ]   Build cache is disabled
[        ] Task ':app:cleanMergeDebugAssets' is not up-to-date because:
[        ]   Task has not declared any outputs despite executing actions.
[        ] Resolve mutations for :app:mergeDebugShaders (Thread[Execution worker Thread 2,5,main]) started.
[        ] :app:mergeDebugShaders (Thread[Execution worker Thread 2,5,main]) started.
[        ] > Task :app:mergeDebugShaders UP-TO-DATE
[        ] Caching disabled for task ':app:mergeDebugShaders' because:
[        ]   Build cache is disabled
[        ]   Simple merging task
[        ] Skipping task ':app:mergeDebugShaders' as it is up-to-date.
[        ] Resolve mutations for :app:compileDebugShaders (Thread[Execution worker Thread 2,5,main]) started.
[        ] :app:compileDebugShaders (Thread[Execution worker Thread 2,5,main]) started.
[        ] > Task :app:compileDebugShaders NO-SOURCE
[        ] Skipping task ':app:compileDebugShaders' as it has no source files and no previous output files.
[        ] Resolve mutations for :app:generateDebugAssets (Thread[Execution worker Thread 2,5,main]) started.
[        ] :app:generateDebugAssets (Thread[Execution worker Thread 2,5,main]) started.
[        ] > Task :app:generateDebugAssets UP-TO-DATE
[        ] Skipping task ':app:generateDebugAssets' as it has no actions.
[        ] Resolve mutations for :app_links:mergeDebugShaders (Thread[Execution worker Thread 2,5,main]) started.
[        ] :app_links:mergeDebugShaders (Thread[Execution worker Thread 2,5,main]) started.
[        ] > Task :app_links:mergeDebugShaders UP-TO-DATE
[        ] Caching disabled for task ':app_links:mergeDebugShaders' because:
[        ]   Build cache is disabled
[        ]   Simple merging task
[        ] Skipping task ':app_links:mergeDebugShaders' as it is up-to-date.
[        ] Resolve mutations for :app_links:compileDebugShaders (Thread[Execution worker Thread 2,5,main]) started.
[        ] :app_links:compileDebugShaders (Thread[Execution worker Thread 2,5,main]) started.
[        ] > Task :app_links:compileDebugShaders NO-SOURCE
[        ] Skipping task ':app_links:compileDebugShaders' as it has no source files and no previous output files.
[        ] Resolve mutations for :app_links:generateDebugAssets (Thread[Execution worker Thread 2,5,main]) started.
[        ] :app_links:generateDebugAssets (Thread[Execution worker Thread 5,5,main]) started.
[        ] > Task :app_links:generateDebugAssets UP-TO-DATE
[        ] Skipping task ':app_links:generateDebugAssets' as it has no actions.
[        ] Resolve mutations for :app_links:mergeDebugAssets (Thread[Execution worker Thread 5,5,main]) started.
[        ] :app_links:mergeDebugAssets (Thread[Execution worker Thread 5,5,main]) started.
[        ] > Task :app_links:mergeDebugAssets UP-TO-DATE
[        ] Caching disabled for task ':app_links:mergeDebugAssets' because:
[        ]   Build cache is disabled
[        ]   Simple merging task
[        ] Skipping task ':app_links:mergeDebugAssets' as it is up-to-date.
[        ] work action resolve mergeDebugAssets (project :app_links) (Thread[Execution worker Thread 5,5,main]) started.
[        ] Resolve mutations for :audio_session:mergeDebugShaders (Thread[Execution worker Thread 5,5,main]) started.
[        ] :audio_session:mergeDebugShaders (Thread[Execution worker Thread 5,5,main]) started.
[        ] > Task :audio_session:mergeDebugShaders UP-TO-DATE
[        ] Caching disabled for task ':audio_session:mergeDebugShaders' because:
[        ]   Build cache is disabled
[        ]   Simple merging task
[        ] Skipping task ':audio_session:mergeDebugShaders' as it is up-to-date.
[        ] Resolve mutations for :audio_session:compileDebugShaders (Thread[Execution worker Thread 5,5,main]) started.
[        ] :audio_session:compileDebugShaders (Thread[Execution worker Thread 5,5,main]) started.
[        ] > Task :audio_session:compileDebugShaders NO-SOURCE
[        ] Skipping task ':audio_session:compileDebugShaders' as it has no source files and no previous output files.
[        ] Resolve mutations for :audio_session:generateDebugAssets (Thread[Execution worker Thread 5,5,main]) started.
[        ] :audio_session:generateDebugAssets (Thread[Execution worker Thread 5,5,main]) started.
[        ] > Task :audio_session:generateDebugAssets UP-TO-DATE
[        ] Skipping task ':audio_session:generateDebugAssets' as it has no actions.
[        ] Resolve mutations for :audio_session:mergeDebugAssets (Thread[Execution worker Thread 5,5,main]) started.
[        ] :audio_session:mergeDebugAssets (Thread[Execution worker Thread 5,5,main]) started.
[        ] > Task :audio_session:mergeDebugAssets UP-TO-DATE
[        ] Caching disabled for task ':audio_session:mergeDebugAssets' because:
[        ]   Build cache is disabled
[        ]   Simple merging task
[        ] Skipping task ':audio_session:mergeDebugAssets' as it is up-to-date.
[        ] work action resolve mergeDebugAssets (project :audio_session) (Thread[Execution worker Thread 5,5,main]) started.
[        ] Resolve mutations for :battery_plus:mergeDebugShaders (Thread[Execution worker Thread 5,5,main]) started.
[        ] :battery_plus:mergeDebugShaders (Thread[Execution worker Thread 5,5,main]) started.
[        ] > Task :battery_plus:mergeDebugShaders UP-TO-DATE
[        ] Caching disabled for task ':battery_plus:mergeDebugShaders' because:
[        ]   Build cache is disabled
[        ]   Simple merging task
[        ] Skipping task ':battery_plus:mergeDebugShaders' as it is up-to-date.
[        ] Resolve mutations for :battery_plus:compileDebugShaders (Thread[Execution worker Thread 3,5,main]) started.
[        ] :battery_plus:compileDebugShaders (Thread[Execution worker Thread 3,5,main]) started.
[        ] > Task :battery_plus:compileDebugShaders NO-SOURCE
[        ] Skipping task ':battery_plus:compileDebugShaders' as it has no source files and no previous output files.
[        ] Resolve mutations for :battery_plus:generateDebugAssets (Thread[Execution worker Thread 3,5,main]) started.
[        ] :battery_plus:generateDebugAssets (Thread[Execution worker Thread 3,5,main]) started.
[        ] > Task :battery_plus:generateDebugAssets UP-TO-DATE
[        ] Skipping task ':battery_plus:generateDebugAssets' as it has no actions.
[        ] Resolve mutations for :battery_plus:mergeDebugAssets (Thread[Execution worker Thread 3,5,main]) started.
[        ] :battery_plus:mergeDebugAssets (Thread[Execution worker Thread 3,5,main]) started.
[        ] > Task :battery_plus:mergeDebugAssets UP-TO-DATE
[        ] Caching disabled for task ':battery_plus:mergeDebugAssets' because:
[        ]   Build cache is disabled
[        ]   Simple merging task
[        ] Skipping task ':battery_plus:mergeDebugAssets' as it is up-to-date.
[        ] work action resolve mergeDebugAssets (project :battery_plus) (Thread[Execution worker Thread 3,5,main]) started.
[        ] Resolve mutations for :connectivity_plus:mergeDebugShaders (Thread[Execution worker Thread 3,5,main]) started.
[        ] :connectivity_plus:mergeDebugShaders (Thread[Execution worker Thread 3,5,main]) started.
[        ] > Task :connectivity_plus:mergeDebugShaders UP-TO-DATE
[        ] Caching disabled for task ':connectivity_plus:mergeDebugShaders' because:
[        ]   Build cache is disabled
[        ]   Simple merging task
[        ] Skipping task ':connectivity_plus:mergeDebugShaders' as it is up-to-date.
[        ] Resolve mutations for :connectivity_plus:compileDebugShaders (Thread[Execution worker Thread 3,5,main]) started.
[        ] :connectivity_plus:compileDebugShaders (Thread[Execution worker Thread 3,5,main]) started.
[        ] > Task :connectivity_plus:compileDebugShaders NO-SOURCE
[        ] Skipping task ':connectivity_plus:compileDebugShaders' as it has no source files and no previous output files.
[        ] Resolve mutations for :connectivity_plus:generateDebugAssets (Thread[Execution worker Thread 3,5,main]) started.
[        ] :connectivity_plus:generateDebugAssets (Thread[Execution worker Thread 3,5,main]) started.
[        ] > Task :connectivity_plus:generateDebugAssets UP-TO-DATE
[        ] Skipping task ':connectivity_plus:generateDebugAssets' as it has no actions.
[        ] Resolve mutations for :connectivity_plus:mergeDebugAssets (Thread[Execution worker,5,main]) started.
[        ] :connectivity_plus:mergeDebugAssets (Thread[Execution worker,5,main]) started.
[        ] > Task :connectivity_plus:mergeDebugAssets UP-TO-DATE
[        ] Caching disabled for task ':connectivity_plus:mergeDebugAssets' because:
[        ]   Build cache is disabled
[        ]   Simple merging task
[        ] Skipping task ':connectivity_plus:mergeDebugAssets' as it is up-to-date.
[        ] work action resolve mergeDebugAssets (project :connectivity_plus) (Thread[Execution worker,5,main]) started.
[        ] Resolve mutations for :device_info_plus:mergeDebugShaders (Thread[Execution worker,5,main]) started.
[        ] :device_info_plus:mergeDebugShaders (Thread[Execution worker,5,main]) started.
[        ] > Task :device_info_plus:mergeDebugShaders UP-TO-DATE
[        ] Caching disabled for task ':device_info_plus:mergeDebugShaders' because:
[        ]   Build cache is disabled
[        ]   Simple merging task
[        ] Skipping task ':device_info_plus:mergeDebugShaders' as it is up-to-date.
[        ] Resolve mutations for :device_info_plus:compileDebugShaders (Thread[Execution worker Thread 3,5,main]) started.
[        ] :device_info_plus:compileDebugShaders (Thread[Execution worker Thread 3,5,main]) started.
[        ] > Task :device_info_plus:compileDebugShaders NO-SOURCE
[        ] Skipping task ':device_info_plus:compileDebugShaders' as it has no source files and no previous output files.
[        ] Resolve mutations for :device_info_plus:generateDebugAssets (Thread[Execution worker Thread 3,5,main]) started.
[        ] :device_info_plus:generateDebugAssets (Thread[Execution worker Thread 3,5,main]) started.
[        ] > Task :device_info_plus:generateDebugAssets UP-TO-DATE
[        ] Skipping task ':device_info_plus:generateDebugAssets' as it has no actions.
[        ] Resolve mutations for :device_info_plus:mergeDebugAssets (Thread[Execution worker Thread 3,5,main]) started.
[        ] :device_info_plus:mergeDebugAssets (Thread[Execution worker Thread 3,5,main]) started.
[        ] > Task :device_info_plus:mergeDebugAssets UP-TO-DATE
[        ] Caching disabled for task ':device_info_plus:mergeDebugAssets' because:
[        ]   Build cache is disabled
[        ]   Simple merging task
[        ] Skipping task ':device_info_plus:mergeDebugAssets' as it is up-to-date.
[        ] work action resolve mergeDebugAssets (project :device_info_plus) (Thread[Execution worker Thread 3,5,main]) started.
[        ] Resolve mutations for :flutter_local_notifications:mergeDebugShaders (Thread[Execution worker Thread 3,5,main]) started.
[        ] :flutter_local_notifications:mergeDebugShaders (Thread[Execution worker,5,main]) started.
[        ] > Task :flutter_local_notifications:mergeDebugShaders UP-TO-DATE
[        ] Caching disabled for task ':flutter_local_notifications:mergeDebugShaders' because:
[        ]   Build cache is disabled
[        ]   Simple merging task
[        ] Skipping task ':flutter_local_notifications:mergeDebugShaders' as it is up-to-date.
[        ] Resolve mutations for :flutter_local_notifications:compileDebugShaders (Thread[Execution worker Thread 3,5,main]) started.
[        ] :flutter_local_notifications:compileDebugShaders (Thread[Execution worker Thread 3,5,main]) started.
[        ] > Task :flutter_local_notifications:compileDebugShaders NO-SOURCE
[        ] Skipping task ':flutter_local_notifications:compileDebugShaders' as it has no source files and no previous output files.
[        ] Resolve mutations for :flutter_local_notifications:generateDebugAssets (Thread[Execution worker Thread 3,5,main]) started.
[        ] :flutter_local_notifications:generateDebugAssets (Thread[Execution worker Thread 4,5,main]) started.
[        ] > Task :flutter_local_notifications:generateDebugAssets UP-TO-DATE
[        ] Skipping task ':flutter_local_notifications:generateDebugAssets' as it has no actions.
[        ] Resolve mutations for :flutter_local_notifications:mergeDebugAssets (Thread[Execution worker Thread 4,5,main]) started.
[        ] :flutter_local_notifications:mergeDebugAssets (Thread[Execution worker Thread 4,5,main]) started.
[        ] > Task :flutter_local_notifications:mergeDebugAssets UP-TO-DATE
[        ] Caching disabled for task ':flutter_local_notifications:mergeDebugAssets' because:
[        ]   Build cache is disabled
[        ]   Simple merging task
[        ] Skipping task ':flutter_local_notifications:mergeDebugAssets' as it is up-to-date.
[        ] work action resolve mergeDebugAssets (project :flutter_local_notifications) (Thread[Execution worker Thread 4,5,main]) started.
[        ] Resolve mutations for :flutter_native_splash:mergeDebugShaders (Thread[Execution worker Thread 4,5,main]) started.
[        ] :flutter_native_splash:mergeDebugShaders (Thread[Execution worker Thread 4,5,main]) started.
[        ] > Task :flutter_native_splash:mergeDebugShaders UP-TO-DATE
[        ] Caching disabled for task ':flutter_native_splash:mergeDebugShaders' because:
[        ]   Build cache is disabled
[        ]   Simple merging task
[        ] Skipping task ':flutter_native_splash:mergeDebugShaders' as it is up-to-date.
[        ] Resolve mutations for :flutter_native_splash:compileDebugShaders (Thread[Execution worker Thread 4,5,main]) started.
[        ] :flutter_native_splash:compileDebugShaders (Thread[Execution worker Thread 4,5,main]) started.
[        ] > Task :flutter_native_splash:compileDebugShaders NO-SOURCE
[        ] Skipping task ':flutter_native_splash:compileDebugShaders' as it has no source files and no previous output files.
[        ] Resolve mutations for :flutter_native_splash:generateDebugAssets (Thread[Execution worker Thread 4,5,main]) started.
[        ] :flutter_native_splash:generateDebugAssets (Thread[Execution worker Thread 5,5,main]) started.
[        ] > Task :flutter_native_splash:generateDebugAssets UP-TO-DATE
[        ] Skipping task ':flutter_native_splash:generateDebugAssets' as it has no actions.
[        ] Resolve mutations for :flutter_native_splash:mergeDebugAssets (Thread[Execution worker Thread 5,5,main]) started.
[        ] :flutter_native_splash:mergeDebugAssets (Thread[Execution worker Thread 5,5,main]) started.
[        ] > Task :flutter_native_splash:mergeDebugAssets UP-TO-DATE
[        ] Caching disabled for task ':flutter_native_splash:mergeDebugAssets' because:
[        ]   Build cache is disabled
[        ]   Simple merging task
[        ] Skipping task ':flutter_native_splash:mergeDebugAssets' as it is up-to-date.
[        ] work action resolve mergeDebugAssets (project :flutter_native_splash) (Thread[Execution worker Thread 5,5,main]) started.
[        ] Resolve mutations for :flutter_plugin_android_lifecycle:mergeDebugShaders (Thread[Execution worker Thread 5,5,main]) started.
[        ] :flutter_plugin_android_lifecycle:mergeDebugShaders (Thread[Execution worker Thread 5,5,main]) started.
[        ] > Task :flutter_plugin_android_lifecycle:mergeDebugShaders UP-TO-DATE
[        ] Caching disabled for task ':flutter_plugin_android_lifecycle:mergeDebugShaders' because:
[        ]   Build cache is disabled
[        ]   Simple merging task
[        ] Skipping task ':flutter_plugin_android_lifecycle:mergeDebugShaders' as it is up-to-date.
[        ] Resolve mutations for :flutter_plugin_android_lifecycle:compileDebugShaders (Thread[Execution worker Thread 4,5,main]) started.
[        ] :flutter_plugin_android_lifecycle:compileDebugShaders (Thread[Execution worker Thread 4,5,main]) started.
[        ] > Task :flutter_plugin_android_lifecycle:compileDebugShaders NO-SOURCE
[        ] Skipping task ':flutter_plugin_android_lifecycle:compileDebugShaders' as it has no source files and no previous output files.
[        ] Resolve mutations for :flutter_plugin_android_lifecycle:generateDebugAssets (Thread[Execution worker Thread 4,5,main]) started.
[        ] :flutter_plugin_android_lifecycle:generateDebugAssets (Thread[Execution worker Thread 4,5,main]) started.
[        ] > Task :flutter_plugin_android_lifecycle:generateDebugAssets UP-TO-DATE
[        ] Skipping task ':flutter_plugin_android_lifecycle:generateDebugAssets' as it has no actions.
[        ] Resolve mutations for :flutter_plugin_android_lifecycle:mergeDebugAssets (Thread[Execution worker,5,main]) started.
[        ] :flutter_plugin_android_lifecycle:mergeDebugAssets (Thread[Execution worker,5,main]) started.
[        ] > Task :flutter_plugin_android_lifecycle:mergeDebugAssets UP-TO-DATE
[        ] Caching disabled for task ':flutter_plugin_android_lifecycle:mergeDebugAssets' because:
[        ]   Build cache is disabled
[        ]   Simple merging task
[        ] Skipping task ':flutter_plugin_android_lifecycle:mergeDebugAssets' as it is up-to-date.
[        ] work action resolve mergeDebugAssets (project :flutter_plugin_android_lifecycle) (Thread[Execution worker,5,main]) started.
[        ] Resolve mutations for :flutter_secure_storage:mergeDebugShaders (Thread[Execution worker,5,main]) started.
[        ] :flutter_secure_storage:mergeDebugShaders (Thread[Execution worker,5,main]) started.
[        ] > Task :flutter_secure_storage:mergeDebugShaders UP-TO-DATE
[        ] Caching disabled for task ':flutter_secure_storage:mergeDebugShaders' because:
[        ]   Build cache is disabled
[        ]   Simple merging task
[        ] Skipping task ':flutter_secure_storage:mergeDebugShaders' as it is up-to-date.
[        ] Resolve mutations for :flutter_secure_storage:compileDebugShaders (Thread[Execution worker,5,main]) started.
[        ] :flutter_secure_storage:compileDebugShaders (Thread[Execution worker,5,main]) started.
[        ] > Task :flutter_secure_storage:compileDebugShaders NO-SOURCE
[        ] Skipping task ':flutter_secure_storage:compileDebugShaders' as it has no source files and no previous output files.
[        ] Resolve mutations for :flutter_secure_storage:generateDebugAssets (Thread[Execution worker,5,main]) started.
[        ] :flutter_secure_storage:generateDebugAssets (Thread[Execution worker,5,main]) started.
[        ] > Task :flutter_secure_storage:generateDebugAssets UP-TO-DATE
[        ] Skipping task ':flutter_secure_storage:generateDebugAssets' as it has no actions.
[        ] Resolve mutations for :flutter_secure_storage:mergeDebugAssets (Thread[Execution worker,5,main]) started.
[        ] :flutter_secure_storage:mergeDebugAssets (Thread[Execution worker,5,main]) started.
[        ] > Task :flutter_secure_storage:mergeDebugAssets UP-TO-DATE
[        ] Caching disabled for task ':flutter_secure_storage:mergeDebugAssets' because:
[        ]   Build cache is disabled
[        ]   Simple merging task
[        ] Skipping task ':flutter_secure_storage:mergeDebugAssets' as it is up-to-date.
[        ] work action resolve mergeDebugAssets (project :flutter_secure_storage) (Thread[Execution worker,5,main]) started.
[        ] Resolve mutations for :haptic_feedback:mergeDebugShaders (Thread[Execution worker,5,main]) started.
[        ] :haptic_feedback:mergeDebugShaders (Thread[Execution worker,5,main]) started.
[        ] > Task :haptic_feedback:mergeDebugShaders UP-TO-DATE
[        ] Caching disabled for task ':haptic_feedback:mergeDebugShaders' because:
[        ]   Build cache is disabled
[        ]   Simple merging task
[        ] Skipping task ':haptic_feedback:mergeDebugShaders' as it is up-to-date.
[        ] Resolve mutations for :haptic_feedback:compileDebugShaders (Thread[Execution worker Thread 3,5,main]) started.
[        ] :haptic_feedback:compileDebugShaders (Thread[Execution worker Thread 3,5,main]) started.
[        ] > Task :haptic_feedback:compileDebugShaders NO-SOURCE
[        ] Skipping task ':haptic_feedback:compileDebugShaders' as it has no source files and no previous output files.
[        ] Resolve mutations for :haptic_feedback:generateDebugAssets (Thread[Execution worker Thread 3,5,main]) started.
[        ] :haptic_feedback:generateDebugAssets (Thread[Execution worker Thread 3,5,main]) started.
[        ] > Task :haptic_feedback:generateDebugAssets UP-TO-DATE
[        ] Skipping task ':haptic_feedback:generateDebugAssets' as it has no actions.
[        ] Resolve mutations for :haptic_feedback:mergeDebugAssets (Thread[Execution worker Thread 3,5,main]) started.
[        ] :haptic_feedback:mergeDebugAssets (Thread[Execution worker Thread 3,5,main]) started.
[        ] > Task :haptic_feedback:mergeDebugAssets UP-TO-DATE
[        ] Caching disabled for task ':haptic_feedback:mergeDebugAssets' because:
[        ]   Build cache is disabled
[        ]   Simple merging task
[        ] Skipping task ':haptic_feedback:mergeDebugAssets' as it is up-to-date.
[        ] work action resolve mergeDebugAssets (project :haptic_feedback) (Thread[Execution worker Thread 3,5,main]) started.
[        ] Resolve mutations for :integration_test:mergeDebugShaders (Thread[Execution worker Thread 3,5,main]) started.
[        ] :integration_test:mergeDebugShaders (Thread[Execution worker Thread 3,5,main]) started.
[        ] > Task :integration_test:mergeDebugShaders UP-TO-DATE
[        ] Caching disabled for task ':integration_test:mergeDebugShaders' because:
[        ]   Build cache is disabled
[        ]   Simple merging task
[        ] Skipping task ':integration_test:mergeDebugShaders' as it is up-to-date.
[        ] Resolve mutations for :integration_test:compileDebugShaders (Thread[Execution worker Thread 3,5,main]) started.
[        ] :integration_test:compileDebugShaders (Thread[Execution worker Thread 3,5,main]) started.
[        ] > Task :integration_test:compileDebugShaders NO-SOURCE
[        ] Skipping task ':integration_test:compileDebugShaders' as it has no source files and no previous output files.
[        ] Resolve mutations for :integration_test:generateDebugAssets (Thread[Execution worker Thread 3,5,main]) started.
[        ] :integration_test:generateDebugAssets (Thread[Execution worker Thread 3,5,main]) started.
[        ] > Task :integration_test:generateDebugAssets UP-TO-DATE
[        ] Skipping task ':integration_test:generateDebugAssets' as it has no actions.
[        ] Resolve mutations for :integration_test:mergeDebugAssets (Thread[Execution worker Thread 3,5,main]) started.
[        ] :integration_test:mergeDebugAssets (Thread[Execution worker Thread 3,5,main]) started.
[        ] > Task :integration_test:mergeDebugAssets UP-TO-DATE
[   +2 ms] Caching disabled for task ':integration_test:mergeDebugAssets' because:
[        ]   Build cache is disabled
[        ]   Simple merging task
[        ] Skipping task ':integration_test:mergeDebugAssets' as it is up-to-date.
[        ] work action resolve mergeDebugAssets (project :integration_test) (Thread[Execution worker Thread 3,5,main]) started.
[        ] Resolve mutations for :jni:mergeDebugShaders (Thread[Execution worker Thread 3,5,main]) started.
[        ] :jni:mergeDebugShaders (Thread[Execution worker Thread 3,5,main]) started.
[        ] > Task :jni:mergeDebugShaders UP-TO-DATE
[        ] Caching disabled for task ':jni:mergeDebugShaders' because:
[        ]   Build cache is disabled
[        ]   Simple merging task
[        ] Skipping task ':jni:mergeDebugShaders' as it is up-to-date.
[        ] Resolve mutations for :jni:compileDebugShaders (Thread[Execution worker Thread 3,5,main]) started.
[        ] :jni:compileDebugShaders (Thread[Execution worker Thread 3,5,main]) started.
[        ] > Task :jni:compileDebugShaders NO-SOURCE
[        ] Skipping task ':jni:compileDebugShaders' as it has no source files and no previous output files.
[        ] Resolve mutations for :jni:generateDebugAssets (Thread[Execution worker Thread 3,5,main]) started.
[        ] :jni:generateDebugAssets (Thread[Execution worker Thread 3,5,main]) started.
[        ] > Task :jni:generateDebugAssets UP-TO-DATE
[        ] Skipping task ':jni:generateDebugAssets' as it has no actions.
[        ] Resolve mutations for :jni:mergeDebugAssets (Thread[Execution worker Thread 2,5,main]) started.
[        ] :jni:mergeDebugAssets (Thread[Execution worker Thread 2,5,main]) started.
[        ] > Task :jni:mergeDebugAssets UP-TO-DATE
[        ] Caching disabled for task ':jni:mergeDebugAssets' because:
[        ]   Build cache is disabled
[        ]   Simple merging task
[        ] Skipping task ':jni:mergeDebugAssets' as it is up-to-date.
[        ] work action resolve mergeDebugAssets (project :jni) (Thread[Execution worker Thread 2,5,main]) started.
[  +12 ms] Resolve mutations for :just_audio:mergeDebugShaders (Thread[Execution worker Thread 2,5,main]) started.
[        ] :just_audio:mergeDebugShaders (Thread[Execution worker Thread 2,5,main]) started.
[        ] > Task :just_audio:mergeDebugShaders UP-TO-DATE
[        ] Caching disabled for task ':just_audio:mergeDebugShaders' because:
[        ]   Build cache is disabled
[        ]   Simple merging task
[        ] Skipping task ':just_audio:mergeDebugShaders' as it is up-to-date.
[        ] Resolve mutations for :just_audio:compileDebugShaders (Thread[Execution worker Thread 2,5,main]) started.
[        ] :just_audio:compileDebugShaders (Thread[Execution worker Thread 2,5,main]) started.
[        ] > Task :just_audio:compileDebugShaders NO-SOURCE
[        ] Skipping task ':just_audio:compileDebugShaders' as it has no source files and no previous output files.
[        ] Resolve mutations for :just_audio:generateDebugAssets (Thread[Execution worker Thread 3,5,main]) started.
[        ] :just_audio:generateDebugAssets (Thread[Execution worker Thread 3,5,main]) started.
[        ] > Task :just_audio:generateDebugAssets UP-TO-DATE
[        ] Skipping task ':just_audio:generateDebugAssets' as it has no actions.
[        ] Resolve mutations for :just_audio:mergeDebugAssets (Thread[Execution worker Thread 3,5,main]) started.
[        ] :just_audio:mergeDebugAssets (Thread[Execution worker Thread 3,5,main]) started.
[        ] > Task :just_audio:mergeDebugAssets UP-TO-DATE
[        ] Caching disabled for task ':just_audio:mergeDebugAssets' because:
[        ]   Build cache is disabled
[        ]   Simple merging task
[        ] Skipping task ':just_audio:mergeDebugAssets' as it is up-to-date.
[        ] work action resolve mergeDebugAssets (project :just_audio) (Thread[Execution worker Thread 3,5,main]) started.
[        ] Resolve mutations for :local_auth_android:mergeDebugShaders (Thread[Execution worker Thread 3,5,main]) started.
[        ] :local_auth_android:mergeDebugShaders (Thread[Execution worker Thread 3,5,main]) started.
[        ] > Task :local_auth_android:mergeDebugShaders UP-TO-DATE
[        ] Caching disabled for task ':local_auth_android:mergeDebugShaders' because:
[        ]   Build cache is disabled
[        ]   Simple merging task
[        ] Skipping task ':local_auth_android:mergeDebugShaders' as it is up-to-date.
[        ] Resolve mutations for :local_auth_android:compileDebugShaders (Thread[Execution worker Thread 3,5,main]) started.
[        ] :local_auth_android:compileDebugShaders (Thread[Execution worker Thread 3,5,main]) started.
[        ] > Task :local_auth_android:compileDebugShaders NO-SOURCE
[        ] Skipping task ':local_auth_android:compileDebugShaders' as it has no source files and no previous output files.
[        ] Resolve mutations for :local_auth_android:generateDebugAssets (Thread[Execution worker Thread 3,5,main]) started.
[        ] :local_auth_android:generateDebugAssets (Thread[Execution worker Thread 5,5,main]) started.
[        ] > Task :local_auth_android:generateDebugAssets UP-TO-DATE
[        ] Skipping task ':local_auth_android:generateDebugAssets' as it has no actions.
[        ] Resolve mutations for :local_auth_android:mergeDebugAssets (Thread[Execution worker Thread 5,5,main]) started.
[        ] :local_auth_android:mergeDebugAssets (Thread[Execution worker Thread 5,5,main]) started.
[        ] > Task :local_auth_android:mergeDebugAssets UP-TO-DATE
[        ] Caching disabled for task ':local_auth_android:mergeDebugAssets' because:
[        ]   Build cache is disabled
[        ]   Simple merging task
[        ] Skipping task ':local_auth_android:mergeDebugAssets' as it is up-to-date.
[        ] work action resolve mergeDebugAssets (project :local_auth_android) (Thread[Execution worker Thread 5,5,main]) started.
[        ] Resolve mutations for :package_info_plus:mergeDebugShaders (Thread[Execution worker Thread 5,5,main]) started.
[        ] :package_info_plus:mergeDebugShaders (Thread[Execution worker Thread 5,5,main]) started.
[        ] > Task :package_info_plus:mergeDebugShaders UP-TO-DATE
[        ] Caching disabled for task ':package_info_plus:mergeDebugShaders' because:
[        ]   Build cache is disabled
[        ]   Simple merging task
[        ] Skipping task ':package_info_plus:mergeDebugShaders' as it is up-to-date.
[        ] Resolve mutations for :package_info_plus:compileDebugShaders (Thread[Execution worker Thread 3,5,main]) started.
[        ] :package_info_plus:compileDebugShaders (Thread[Execution worker Thread 3,5,main]) started.
[        ] > Task :package_info_plus:compileDebugShaders NO-SOURCE
[        ] Skipping task ':package_info_plus:compileDebugShaders' as it has no source files and no previous output files.
[        ] Resolve mutations for :package_info_plus:generateDebugAssets (Thread[Execution worker Thread 3,5,main]) started.
[        ] :package_info_plus:generateDebugAssets (Thread[Execution worker Thread 3,5,main]) started.
[        ] > Task :package_info_plus:generateDebugAssets UP-TO-DATE
[        ] Skipping task ':package_info_plus:generateDebugAssets' as it has no actions.
[        ] Resolve mutations for :package_info_plus:mergeDebugAssets (Thread[Execution worker Thread 3,5,main]) started.
[        ] :package_info_plus:mergeDebugAssets (Thread[Execution worker Thread 3,5,main]) started.
[        ] > Task :package_info_plus:mergeDebugAssets UP-TO-DATE
[        ] Caching disabled for task ':package_info_plus:mergeDebugAssets' because:
[        ]   Build cache is disabled
[        ]   Simple merging task
[        ] Skipping task ':package_info_plus:mergeDebugAssets' as it is up-to-date.
[        ] work action resolve mergeDebugAssets (project :package_info_plus) (Thread[Execution worker Thread 3,5,main]) started.
[        ] Resolve mutations for :path_provider_android:mergeDebugShaders (Thread[Execution worker Thread 3,5,main]) started.
[        ] :path_provider_android:mergeDebugShaders (Thread[Execution worker Thread 3,5,main]) started.
[        ] > Task :path_provider_android:mergeDebugShaders UP-TO-DATE
[        ] Caching disabled for task ':path_provider_android:mergeDebugShaders' because:
[        ]   Build cache is disabled
[        ]   Simple merging task
[        ] Skipping task ':path_provider_android:mergeDebugShaders' as it is up-to-date.
[        ] Resolve mutations for :path_provider_android:compileDebugShaders (Thread[Execution worker Thread 3,5,main]) started.
[        ] :path_provider_android:compileDebugShaders (Thread[Execution worker Thread 3,5,main]) started.
[        ] > Task :path_provider_android:compileDebugShaders NO-SOURCE
[        ] Skipping task ':path_provider_android:compileDebugShaders' as it has no source files and no previous output files.
[        ] Resolve mutations for :path_provider_android:generateDebugAssets (Thread[Execution worker Thread 3,5,main]) started.
[        ] :path_provider_android:generateDebugAssets (Thread[Execution worker Thread 3,5,main]) started.
[        ] > Task :path_provider_android:generateDebugAssets UP-TO-DATE
[        ] Skipping task ':path_provider_android:generateDebugAssets' as it has no actions.
[        ] Resolve mutations for :path_provider_android:mergeDebugAssets (Thread[Execution worker Thread 3,5,main]) started.
[        ] :path_provider_android:mergeDebugAssets (Thread[Execution worker Thread 3,5,main]) started.
[        ] > Task :path_provider_android:mergeDebugAssets UP-TO-DATE
[        ] Caching disabled for task ':path_provider_android:mergeDebugAssets' because:
[        ]   Build cache is disabled
[        ]   Simple merging task
[        ] Skipping task ':path_provider_android:mergeDebugAssets' as it is up-to-date.
[        ] work action resolve mergeDebugAssets (project :path_provider_android) (Thread[Execution worker Thread 2,5,main]) started.
[        ] Resolve mutations for :permission_handler_android:mergeDebugShaders (Thread[Execution worker Thread 2,5,main]) started.
[        ] :permission_handler_android:mergeDebugShaders (Thread[Execution worker Thread 2,5,main]) started.
[        ] > Task :permission_handler_android:mergeDebugShaders UP-TO-DATE
[        ] Caching disabled for task ':permission_handler_android:mergeDebugShaders' because:
[        ]   Build cache is disabled
[        ]   Simple merging task
[        ] Skipping task ':permission_handler_android:mergeDebugShaders' as it is up-to-date.
[        ] Resolve mutations for :permission_handler_android:compileDebugShaders (Thread[Execution worker Thread 2,5,main]) started.
[        ] :permission_handler_android:compileDebugShaders (Thread[Execution worker Thread 2,5,main]) started.
[        ] > Task :permission_handler_android:compileDebugShaders NO-SOURCE
[        ] Skipping task ':permission_handler_android:compileDebugShaders' as it has no source files and no previous output files.
[        ] Resolve mutations for :permission_handler_android:generateDebugAssets (Thread[Execution worker Thread 2,5,main]) started.
[        ] :permission_handler_android:generateDebugAssets (Thread[Execution worker Thread 2,5,main]) started.
[        ] > Task :permission_handler_android:generateDebugAssets UP-TO-DATE
[        ] Skipping task ':permission_handler_android:generateDebugAssets' as it has no actions.
[        ] Resolve mutations for :permission_handler_android:mergeDebugAssets (Thread[Execution worker Thread 2,5,main]) started.
[        ] :permission_handler_android:mergeDebugAssets (Thread[Execution worker Thread 2,5,main]) started.
[        ] > Task :permission_handler_android:mergeDebugAssets UP-TO-DATE
[        ] Caching disabled for task ':permission_handler_android:mergeDebugAssets' because:
[        ]   Build cache is disabled
[        ]   Simple merging task
[        ] Skipping task ':permission_handler_android:mergeDebugAssets' as it is up-to-date.
[        ] work action resolve mergeDebugAssets (project :permission_handler_android) (Thread[Execution worker Thread 5,5,main]) started.
[        ] Resolve mutations for :record_android:mergeDebugShaders (Thread[Execution worker Thread 5,5,main]) started.
[        ] :record_android:mergeDebugShaders (Thread[Execution worker Thread 5,5,main]) started.
[        ] > Task :record_android:mergeDebugShaders UP-TO-DATE
[        ] Caching disabled for task ':record_android:mergeDebugShaders' because:
[        ]   Build cache is disabled
[        ]   Simple merging task
[        ] Skipping task ':record_android:mergeDebugShaders' as it is up-to-date.
[        ] Resolve mutations for :record_android:compileDebugShaders (Thread[Execution worker Thread 5,5,main]) started.
[        ] :record_android:compileDebugShaders (Thread[Execution worker Thread 5,5,main]) started.
[        ] > Task :record_android:compileDebugShaders NO-SOURCE
[        ] Skipping task ':record_android:compileDebugShaders' as it has no source files and no previous output files.
[        ] Resolve mutations for :record_android:generateDebugAssets (Thread[Execution worker Thread 5,5,main]) started.
[        ] :record_android:generateDebugAssets (Thread[Execution worker Thread 5,5,main]) started.
[        ] > Task :record_android:generateDebugAssets UP-TO-DATE
[        ] Skipping task ':record_android:generateDebugAssets' as it has no actions.
[        ] Resolve mutations for :record_android:mergeDebugAssets (Thread[Execution worker,5,main]) started.
[        ] :record_android:mergeDebugAssets (Thread[Execution worker,5,main]) started.
[        ] > Task :record_android:mergeDebugAssets UP-TO-DATE
[        ] Caching disabled for task ':record_android:mergeDebugAssets' because:
[        ]   Build cache is disabled
[        ]   Simple merging task
[        ] Skipping task ':record_android:mergeDebugAssets' as it is up-to-date.
[        ] work action resolve mergeDebugAssets (project :record_android) (Thread[Execution worker,5,main]) started.
[        ] Resolve mutations for :sentry_flutter:mergeDebugShaders (Thread[Execution worker,5,main]) started.
[        ] :sentry_flutter:mergeDebugShaders (Thread[Execution worker,5,main]) started.
[        ] > Task :sentry_flutter:mergeDebugShaders UP-TO-DATE
[        ] Caching disabled for task ':sentry_flutter:mergeDebugShaders' because:
[        ]   Build cache is disabled
[        ]   Simple merging task
[        ] Skipping task ':sentry_flutter:mergeDebugShaders' as it is up-to-date.
[        ] Resolve mutations for :sentry_flutter:compileDebugShaders (Thread[Execution worker,5,main]) started.
[        ] :sentry_flutter:compileDebugShaders (Thread[Execution worker,5,main]) started.
[        ] > Task :sentry_flutter:compileDebugShaders NO-SOURCE
[        ] Skipping task ':sentry_flutter:compileDebugShaders' as it has no source files and no previous output files.
[        ] Resolve mutations for :sentry_flutter:generateDebugAssets (Thread[Execution worker,5,main]) started.
[        ] :sentry_flutter:generateDebugAssets (Thread[Execution worker,5,main]) started.
[        ] > Task :sentry_flutter:generateDebugAssets UP-TO-DATE
[        ] Skipping task ':sentry_flutter:generateDebugAssets' as it has no actions.
[        ] Resolve mutations for :sentry_flutter:mergeDebugAssets (Thread[Execution worker,5,main]) started.
[        ] :sentry_flutter:mergeDebugAssets (Thread[Execution worker,5,main]) started.
[        ] > Task :sentry_flutter:mergeDebugAssets UP-TO-DATE
[        ] Caching disabled for task ':sentry_flutter:mergeDebugAssets' because:
[        ]   Build cache is disabled
[        ]   Simple merging task
[        ] Skipping task ':sentry_flutter:mergeDebugAssets' as it is up-to-date.
[        ] work action resolve mergeDebugAssets (project :sentry_flutter) (Thread[Execution worker,5,main]) started.
[        ] Resolve mutations for :share_plus:mergeDebugShaders (Thread[Execution worker,5,main]) started.
[        ] :share_plus:mergeDebugShaders (Thread[Execution worker,5,main]) started.
[        ] > Task :share_plus:mergeDebugShaders UP-TO-DATE
[        ] Caching disabled for task ':share_plus:mergeDebugShaders' because:
[        ]   Build cache is disabled
[        ]   Simple merging task
[        ] Skipping task ':share_plus:mergeDebugShaders' as it is up-to-date.
[        ] Resolve mutations for :share_plus:compileDebugShaders (Thread[Execution worker,5,main]) started.
[        ] :share_plus:compileDebugShaders (Thread[Execution worker,5,main]) started.
[        ] > Task :share_plus:compileDebugShaders NO-SOURCE
[        ] Skipping task ':share_plus:compileDebugShaders' as it has no source files and no previous output files.
[        ] Resolve mutations for :share_plus:generateDebugAssets (Thread[Execution worker,5,main]) started.
[        ] :share_plus:generateDebugAssets (Thread[Execution worker,5,main]) started.
[        ] > Task :share_plus:generateDebugAssets UP-TO-DATE
[        ] Skipping task ':share_plus:generateDebugAssets' as it has no actions.
[        ] Resolve mutations for :share_plus:mergeDebugAssets (Thread[Execution worker,5,main]) started.
[        ] :share_plus:mergeDebugAssets (Thread[Execution worker,5,main]) started.
[        ] > Task :share_plus:mergeDebugAssets UP-TO-DATE
[        ] Caching disabled for task ':share_plus:mergeDebugAssets' because:
[        ]   Build cache is disabled
[        ]   Simple merging task
[        ] Skipping task ':share_plus:mergeDebugAssets' as it is up-to-date.
[        ] work action resolve mergeDebugAssets (project :share_plus) (Thread[Execution worker,5,main]) started.
[        ] Resolve mutations for :shared_preferences_android:mergeDebugShaders (Thread[Execution worker,5,main]) started.
[        ] :shared_preferences_android:mergeDebugShaders (Thread[Execution worker,5,main]) started.
[        ] > Task :shared_preferences_android:mergeDebugShaders UP-TO-DATE
[        ] Caching disabled for task ':shared_preferences_android:mergeDebugShaders' because:
[        ]   Build cache is disabled
[        ]   Simple merging task
[        ] Skipping task ':shared_preferences_android:mergeDebugShaders' as it is up-to-date.
[        ] Resolve mutations for :shared_preferences_android:compileDebugShaders (Thread[Execution worker,5,main]) started.
[        ] :shared_preferences_android:compileDebugShaders (Thread[Execution worker,5,main]) started.
[        ] > Task :shared_preferences_android:compileDebugShaders NO-SOURCE
[        ] Skipping task ':shared_preferences_android:compileDebugShaders' as it has no source files and no previous output files.
[        ] Resolve mutations for :shared_preferences_android:generateDebugAssets (Thread[Execution worker,5,main]) started.
[        ] :shared_preferences_android:generateDebugAssets (Thread[Execution worker,5,main]) started.
[        ] > Task :shared_preferences_android:generateDebugAssets UP-TO-DATE
[        ] Skipping task ':shared_preferences_android:generateDebugAssets' as it has no actions.
[        ] Resolve mutations for :shared_preferences_android:mergeDebugAssets (Thread[Execution worker Thread 3,5,main]) started.
[        ] :shared_preferences_android:mergeDebugAssets (Thread[Execution worker Thread 3,5,main]) started.
[        ] > Task :shared_preferences_android:mergeDebugAssets UP-TO-DATE
[        ] Caching disabled for task ':shared_preferences_android:mergeDebugAssets' because:
[        ]   Build cache is disabled
[        ]   Simple merging task
[        ] Skipping task ':shared_preferences_android:mergeDebugAssets' as it is up-to-date.
[        ] work action resolve mergeDebugAssets (project :shared_preferences_android) (Thread[Execution worker Thread 3,5,main]) started.
[        ] Resolve mutations for :speech_to_text:mergeDebugShaders (Thread[Execution worker Thread 3,5,main]) started.
[        ] :speech_to_text:mergeDebugShaders (Thread[Execution worker Thread 3,5,main]) started.
[        ] > Task :speech_to_text:mergeDebugShaders UP-TO-DATE
[        ] Caching disabled for task ':speech_to_text:mergeDebugShaders' because:
[        ]   Build cache is disabled
[        ]   Simple merging task
[        ] Skipping task ':speech_to_text:mergeDebugShaders' as it is up-to-date.
[        ] Resolve mutations for :speech_to_text:compileDebugShaders (Thread[Execution worker Thread 3,5,main]) started.
[        ] :speech_to_text:compileDebugShaders (Thread[Execution worker Thread 3,5,main]) started.
[        ] > Task :speech_to_text:compileDebugShaders NO-SOURCE
[        ] Skipping task ':speech_to_text:compileDebugShaders' as it has no source files and no previous output files.
[        ] Resolve mutations for :speech_to_text:generateDebugAssets (Thread[Execution worker Thread 3,5,main]) started.
[        ] :speech_to_text:generateDebugAssets (Thread[included builds,5,main]) started.
[        ] > Task :speech_to_text:generateDebugAssets UP-TO-DATE
[        ] Skipping task ':speech_to_text:generateDebugAssets' as it has no actions.
[        ] Resolve mutations for :speech_to_text:mergeDebugAssets (Thread[included builds,5,main]) started.
[        ] :speech_to_text:mergeDebugAssets (Thread[included builds,5,main]) started.
[        ] > Task :speech_to_text:mergeDebugAssets UP-TO-DATE
[        ] Caching disabled for task ':speech_to_text:mergeDebugAssets' because:
[        ]   Build cache is disabled
[        ]   Simple merging task
[        ] Skipping task ':speech_to_text:mergeDebugAssets' as it is up-to-date.
[        ] work action resolve mergeDebugAssets (project :speech_to_text) (Thread[included builds,5,main]) started.
[        ] Resolve mutations for :url_launcher_android:mergeDebugShaders (Thread[included builds,5,main]) started.
[        ] :url_launcher_android:mergeDebugShaders (Thread[included builds,5,main]) started.
[        ] > Task :url_launcher_android:mergeDebugShaders UP-TO-DATE
[        ] Caching disabled for task ':url_launcher_android:mergeDebugShaders' because:
[        ]   Build cache is disabled
[        ]   Simple merging task
[        ] Skipping task ':url_launcher_android:mergeDebugShaders' as it is up-to-date.
[        ] Resolve mutations for :url_launcher_android:compileDebugShaders (Thread[included builds,5,main]) started.
[        ] :url_launcher_android:compileDebugShaders (Thread[included builds,5,main]) started.
[        ] > Task :url_launcher_android:compileDebugShaders NO-SOURCE
[        ] Skipping task ':url_launcher_android:compileDebugShaders' as it has no source files and no previous output files.
[        ] Resolve mutations for :url_launcher_android:generateDebugAssets (Thread[included builds,5,main]) started.
[        ] :url_launcher_android:generateDebugAssets (Thread[Execution worker Thread 2,5,main]) started.
[        ] > Task :url_launcher_android:generateDebugAssets UP-TO-DATE
[        ] Skipping task ':url_launcher_android:generateDebugAssets' as it has no actions.
[        ] Resolve mutations for :url_launcher_android:mergeDebugAssets (Thread[Execution worker Thread 2,5,main]) started.
[        ] :url_launcher_android:mergeDebugAssets (Thread[Execution worker Thread 2,5,main]) started.
[        ] > Task :url_launcher_android:mergeDebugAssets UP-TO-DATE
[        ] Caching disabled for task ':url_launcher_android:mergeDebugAssets' because:
[        ]   Build cache is disabled
[        ]   Simple merging task
[        ] Skipping task ':url_launcher_android:mergeDebugAssets' as it is up-to-date.
[        ] work action resolve mergeDebugAssets (project :url_launcher_android) (Thread[Execution worker Thread 2,5,main]) started.
[        ] Resolve mutations for :workmanager_android:mergeDebugShaders (Thread[Execution worker Thread 2,5,main]) started.
[        ] :workmanager_android:mergeDebugShaders (Thread[Execution worker Thread 2,5,main]) started.
[        ] > Task :workmanager_android:mergeDebugShaders UP-TO-DATE
[        ] Caching disabled for task ':workmanager_android:mergeDebugShaders' because:
[        ]   Build cache is disabled
[        ]   Simple merging task
[        ] Skipping task ':workmanager_android:mergeDebugShaders' as it is up-to-date.
[        ] Resolve mutations for :workmanager_android:compileDebugShaders (Thread[Execution worker Thread 2,5,main]) started.
[        ] :workmanager_android:compileDebugShaders (Thread[Execution worker Thread 2,5,main]) started.
[        ] > Task :workmanager_android:compileDebugShaders NO-SOURCE
[        ] Skipping task ':workmanager_android:compileDebugShaders' as it has no source files and no previous output files.
[        ] Resolve mutations for :workmanager_android:generateDebugAssets (Thread[Execution worker Thread 2,5,main]) started.
[        ] :workmanager_android:generateDebugAssets (Thread[Execution worker Thread 2,5,main]) started.
[        ] > Task :workmanager_android:generateDebugAssets UP-TO-DATE
[        ] Skipping task ':workmanager_android:generateDebugAssets' as it has no actions.
[        ] Resolve mutations for :workmanager_android:mergeDebugAssets (Thread[Execution worker Thread 2,5,main]) started.
[        ] :workmanager_android:mergeDebugAssets (Thread[Execution worker Thread 2,5,main]) started.
[        ] > Task :workmanager_android:mergeDebugAssets UP-TO-DATE
[        ] Caching disabled for task ':workmanager_android:mergeDebugAssets' because:
[        ]   Build cache is disabled
[        ]   Simple merging task
[        ] Skipping task ':workmanager_android:mergeDebugAssets' as it is up-to-date.
[        ] work action resolve mergeDebugAssets (project :workmanager_android) (Thread[Execution worker Thread 2,5,main]) started.
[        ] Resolve mutations for :app:mergeDebugAssets (Thread[Execution worker Thread 2,5,main]) started.
[        ] :app:mergeDebugAssets (Thread[Execution worker Thread 2,5,main]) started.
[  +18 ms] > Task :app:mergeDebugAssets
[        ] Caching disabled for task ':app:mergeDebugAssets' because:
[        ]   Build cache is disabled
[        ]   Simple merging task
[        ] Task ':app:mergeDebugAssets' is not up-to-date because:
[        ]   Output property 'outputDir' file C:\Users\H\Steps-to-recovery-flutter\android\build\app\intermediates\assets\debug\mergeDebugAssets has been removed.
[        ] The input changes require a full rebuild for incremental task ':app:mergeDebugAssets'.
[        ] Resolve mutations for :app:copyFlutterAssetsDebug (Thread[Execution worker Thread 2,5,main]) started.
[        ] :app:copyFlutterAssetsDebug (Thread[Execution worker Thread 2,5,main]) started.
[ +499 ms] > Task :app:copyFlutterAssetsDebug
[        ] Caching disabled for task ':app:copyFlutterAssetsDebug' because:
[        ]   Build cache is disabled
[        ]   Not worth caching
[        ] Task ':app:copyFlutterAssetsDebug' is not up-to-date because:
[        ]   Output property 'destinationDir' file C:\Users\H\Steps-to-recovery-flutter\android\build\app\intermediates\assets\debug\mergeDebugAssets\flutter_assets has been removed.
[        ]   Output property 'destinationDir' file C:\Users\H\Steps-to-recovery-flutter\android\build\app\intermediates\assets\debug\mergeDebugAssets\flutter_assets\AssetManifest.bin has been removed.
[        ]   Output property 'destinationDir' file C:\Users\H\Steps-to-recovery-flutter\android\build\app\intermediates\assets\debug\mergeDebugAssets\flutter_assets\FontManifest.json has been removed.
[        ]   and more...
[        ] Resolve mutations for :app:generateDebugResValues (Thread[Execution worker Thread 2,5,main]) started.
[        ] :app:generateDebugResValues (Thread[Execution worker Thread 2,5,main]) started.
[        ] > Task :app:generateDebugResValues UP-TO-DATE
[        ] Caching disabled for task ':app:generateDebugResValues' because:
[        ]   Build cache is disabled
[        ] Skipping task ':app:generateDebugResValues' as it is up-to-date.
[        ] Resolve mutations for :app_links:generateDebugResValues (Thread[Execution worker Thread 2,5,main]) started.
[        ] :app_links:generateDebugResValues (Thread[Execution worker Thread 2,5,main]) started.
[        ] > Task :app_links:generateDebugResValues UP-TO-DATE
[        ] Caching disabled for task ':app_links:generateDebugResValues' because:
[        ]   Build cache is disabled
[        ] Skipping task ':app_links:generateDebugResValues' as it is up-to-date.
[        ] Resolve mutations for :app_links:generateDebugResources (Thread[Execution worker Thread 2,5,main]) started.
[        ] :app_links:generateDebugResources (Thread[Execution worker Thread 2,5,main]) started.
[        ] > Task :app_links:generateDebugResources UP-TO-DATE
[        ] Caching disabled for task ':app_links:generateDebugResources' because:
[        ]   Build cache is disabled
[        ] Skipping task ':app_links:generateDebugResources' as it is up-to-date.
[        ] Resolve mutations for :app_links:packageDebugResources (Thread[Execution worker Thread 2,5,main]) started.
[        ] :app_links:packageDebugResources (Thread[Execution worker Thread 2,5,main]) started.
[        ] > Task :app_links:packageDebugResources UP-TO-DATE
[        ] Caching disabled for task ':app_links:packageDebugResources' because:
[        ]   Build cache is disabled
[        ] Skipping task ':app_links:packageDebugResources' as it is up-to-date.
[        ] work action resolve packageDebugResources (project :app_links) (Thread[Execution worker Thread 2,5,main]) started.
[        ] Resolve mutations for :audio_session:generateDebugResValues (Thread[Execution worker Thread 2,5,main]) started.
[        ] :audio_session:generateDebugResValues (Thread[Execution worker Thread 2,5,main]) started.
[        ] > Task :audio_session:generateDebugResValues UP-TO-DATE
[        ] Caching disabled for task ':audio_session:generateDebugResValues' because:
[        ]   Build cache is disabled
[        ] Skipping task ':audio_session:generateDebugResValues' as it is up-to-date.
[        ] Resolve mutations for :audio_session:generateDebugResources (Thread[Execution worker Thread 2,5,main]) started.
[        ] :audio_session:generateDebugResources (Thread[Execution worker Thread 2,5,main]) started.
[        ] > Task :audio_session:generateDebugResources UP-TO-DATE
[        ] Caching disabled for task ':audio_session:generateDebugResources' because:
[        ]   Build cache is disabled
[        ] Skipping task ':audio_session:generateDebugResources' as it is up-to-date.
[        ] Resolve mutations for :audio_session:packageDebugResources (Thread[Execution worker Thread 2,5,main]) started.
[        ] :audio_session:packageDebugResources (Thread[Execution worker Thread 2,5,main]) started.
[        ] > Task :audio_session:packageDebugResources UP-TO-DATE
[        ] Caching disabled for task ':audio_session:packageDebugResources' because:
[        ]   Build cache is disabled
[        ] Skipping task ':audio_session:packageDebugResources' as it is up-to-date.
[        ] work action resolve packageDebugResources (project :audio_session) (Thread[Execution worker Thread 2,5,main]) started.
[        ] Resolve mutations for :battery_plus:generateDebugResValues (Thread[Execution worker Thread 2,5,main]) started.
[        ] :battery_plus:generateDebugResValues (Thread[Execution worker Thread 2,5,main]) started.
[        ] > Task :battery_plus:generateDebugResValues UP-TO-DATE
[        ] Caching disabled for task ':battery_plus:generateDebugResValues' because:
[        ]   Build cache is disabled
[        ] Skipping task ':battery_plus:generateDebugResValues' as it is up-to-date.
[        ] Resolve mutations for :battery_plus:generateDebugResources (Thread[Execution worker Thread 2,5,main]) started.
[        ] :battery_plus:generateDebugResources (Thread[Execution worker Thread 2,5,main]) started.
[        ] > Task :battery_plus:generateDebugResources UP-TO-DATE
[        ] Caching disabled for task ':battery_plus:generateDebugResources' because:
[        ]   Build cache is disabled
[        ] Skipping task ':battery_plus:generateDebugResources' as it is up-to-date.
[        ] Resolve mutations for :battery_plus:packageDebugResources (Thread[Execution worker Thread 2,5,main]) started.
[        ] :battery_plus:packageDebugResources (Thread[Execution worker Thread 2,5,main]) started.
[        ] > Task :battery_plus:packageDebugResources UP-TO-DATE
[        ] Caching disabled for task ':battery_plus:packageDebugResources' because:
[        ]   Build cache is disabled
[        ] Skipping task ':battery_plus:packageDebugResources' as it is up-to-date.
[        ] work action resolve packageDebugResources (project :battery_plus) (Thread[Execution worker Thread 2,5,main]) started.
[        ] Resolve mutations for :connectivity_plus:generateDebugResValues (Thread[Execution worker Thread 2,5,main]) started.
[        ] :connectivity_plus:generateDebugResValues (Thread[Execution worker Thread 2,5,main]) started.
[        ] > Task :connectivity_plus:generateDebugResValues UP-TO-DATE
[        ] Caching disabled for task ':connectivity_plus:generateDebugResValues' because:
[        ]   Build cache is disabled
[        ] Skipping task ':connectivity_plus:generateDebugResValues' as it is up-to-date.
[        ] Resolve mutations for :connectivity_plus:generateDebugResources (Thread[Execution worker Thread 2,5,main]) started.
[        ] :connectivity_plus:generateDebugResources (Thread[Execution worker Thread 2,5,main]) started.
[        ] > Task :connectivity_plus:generateDebugResources UP-TO-DATE
[        ] Caching disabled for task ':connectivity_plus:generateDebugResources' because:
[        ]   Build cache is disabled
[        ] Skipping task ':connectivity_plus:generateDebugResources' as it is up-to-date.
[        ] Resolve mutations for :connectivity_plus:packageDebugResources (Thread[Execution worker Thread 2,5,main]) started.
[        ] :connectivity_plus:packageDebugResources (Thread[Execution worker Thread 2,5,main]) started.
[        ] > Task :connectivity_plus:packageDebugResources UP-TO-DATE
[        ] Caching disabled for task ':connectivity_plus:packageDebugResources' because:
[        ]   Build cache is disabled
[        ] Skipping task ':connectivity_plus:packageDebugResources' as it is up-to-date.
[        ] work action resolve packageDebugResources (project :connectivity_plus) (Thread[Execution worker Thread 2,5,main]) started.
[        ] Resolve mutations for :device_info_plus:generateDebugResValues (Thread[Execution worker Thread 2,5,main]) started.
[        ] :device_info_plus:generateDebugResValues (Thread[Execution worker Thread 2,5,main]) started.
[        ] > Task :device_info_plus:generateDebugResValues UP-TO-DATE
[        ] Caching disabled for task ':device_info_plus:generateDebugResValues' because:
[        ]   Build cache is disabled
[        ] Skipping task ':device_info_plus:generateDebugResValues' as it is up-to-date.
[        ] Resolve mutations for :device_info_plus:generateDebugResources (Thread[Execution worker Thread 2,5,main]) started.
[        ] :device_info_plus:generateDebugResources (Thread[Execution worker Thread 2,5,main]) started.
[        ] > Task :device_info_plus:generateDebugResources UP-TO-DATE
[        ] Caching disabled for task ':device_info_plus:generateDebugResources' because:
[        ]   Build cache is disabled
[        ] Skipping task ':device_info_plus:generateDebugResources' as it is up-to-date.
[        ] Resolve mutations for :device_info_plus:packageDebugResources (Thread[Execution worker Thread 2,5,main]) started.
[        ] :device_info_plus:packageDebugResources (Thread[Execution worker Thread 2,5,main]) started.
[        ] > Task :device_info_plus:packageDebugResources UP-TO-DATE
[        ] Caching disabled for task ':device_info_plus:packageDebugResources' because:
[        ]   Build cache is disabled
[        ] Skipping task ':device_info_plus:packageDebugResources' as it is up-to-date.
[        ] work action resolve packageDebugResources (project :device_info_plus) (Thread[Execution worker Thread 2,5,main]) started.
[        ] Resolve mutations for :flutter_local_notifications:generateDebugResValues (Thread[Execution worker Thread 2,5,main]) started.
[        ] :flutter_local_notifications:generateDebugResValues (Thread[Execution worker Thread 2,5,main]) started.
[        ] > Task :flutter_local_notifications:generateDebugResValues UP-TO-DATE
[        ] Caching disabled for task ':flutter_local_notifications:generateDebugResValues' because:
[        ]   Build cache is disabled
[        ] Skipping task ':flutter_local_notifications:generateDebugResValues' as it is up-to-date.
[        ] Resolve mutations for :flutter_local_notifications:generateDebugResources (Thread[Execution worker Thread 2,5,main]) started.
[        ] :flutter_local_notifications:generateDebugResources (Thread[Execution worker Thread 2,5,main]) started.
[        ] > Task :flutter_local_notifications:generateDebugResources UP-TO-DATE
[        ] Caching disabled for task ':flutter_local_notifications:generateDebugResources' because:
[        ]   Build cache is disabled
[        ] Skipping task ':flutter_local_notifications:generateDebugResources' as it is up-to-date.
[        ] Resolve mutations for :flutter_local_notifications:packageDebugResources (Thread[Execution worker Thread 2,5,main]) started.
[        ] :flutter_local_notifications:packageDebugResources (Thread[Execution worker Thread 2,5,main]) started.
[        ] > Task :flutter_local_notifications:packageDebugResources UP-TO-DATE
[        ] Caching disabled for task ':flutter_local_notifications:packageDebugResources' because:
[        ]   Build cache is disabled
[        ] Skipping task ':flutter_local_notifications:packageDebugResources' as it is up-to-date.
[        ] work action resolve packageDebugResources (project :flutter_local_notifications) (Thread[Execution worker Thread 2,5,main]) started.
[        ] Resolve mutations for :flutter_native_splash:generateDebugResValues (Thread[Execution worker Thread 2,5,main]) started.
[        ] :flutter_native_splash:generateDebugResValues (Thread[Execution worker Thread 2,5,main]) started.
[        ] > Task :flutter_native_splash:generateDebugResValues UP-TO-DATE
[        ] Caching disabled for task ':flutter_native_splash:generateDebugResValues' because:
[        ]   Build cache is disabled
[        ] Skipping task ':flutter_native_splash:generateDebugResValues' as it is up-to-date.
[        ] Resolve mutations for :flutter_native_splash:generateDebugResources (Thread[Execution worker Thread 2,5,main]) started.
[        ] :flutter_native_splash:generateDebugResources (Thread[Execution worker Thread 2,5,main]) started.
[        ] > Task :flutter_native_splash:generateDebugResources UP-TO-DATE
[        ] Caching disabled for task ':flutter_native_splash:generateDebugResources' because:
[        ]   Build cache is disabled
[        ] Skipping task ':flutter_native_splash:generateDebugResources' as it is up-to-date.
[        ] Resolve mutations for :flutter_native_splash:packageDebugResources (Thread[Execution worker Thread 2,5,main]) started.
[        ] :flutter_native_splash:packageDebugResources (Thread[Execution worker Thread 2,5,main]) started.
[   +1 ms] > Task :flutter_native_splash:packageDebugResources UP-TO-DATE
[        ] Caching disabled for task ':flutter_native_splash:packageDebugResources' because:
[        ]   Build cache is disabled
[        ] Skipping task ':flutter_native_splash:packageDebugResources' as it is up-to-date.
[        ] work action resolve packageDebugResources (project :flutter_native_splash) (Thread[Execution worker Thread 2,5,main]) started.
[        ] Resolve mutations for :flutter_plugin_android_lifecycle:generateDebugResValues (Thread[Execution worker Thread 2,5,main]) started.
[        ] :flutter_plugin_android_lifecycle:generateDebugResValues (Thread[Execution worker Thread 2,5,main]) started.
[        ] > Task :flutter_plugin_android_lifecycle:generateDebugResValues UP-TO-DATE
[        ] Caching disabled for task ':flutter_plugin_android_lifecycle:generateDebugResValues' because:
[        ]   Build cache is disabled
[        ] Skipping task ':flutter_plugin_android_lifecycle:generateDebugResValues' as it is up-to-date.
[        ] Resolve mutations for :flutter_plugin_android_lifecycle:generateDebugResources (Thread[Execution worker Thread 2,5,main]) started.
[        ] :flutter_plugin_android_lifecycle:generateDebugResources (Thread[Execution worker Thread 2,5,main]) started.
[        ] > Task :flutter_plugin_android_lifecycle:generateDebugResources UP-TO-DATE
[        ] Caching disabled for task ':flutter_plugin_android_lifecycle:generateDebugResources' because:
[        ]   Build cache is disabled
[        ] Skipping task ':flutter_plugin_android_lifecycle:generateDebugResources' as it is up-to-date.
[        ] Resolve mutations for :flutter_plugin_android_lifecycle:packageDebugResources (Thread[Execution worker Thread 2,5,main]) started.
[        ] :flutter_plugin_android_lifecycle:packageDebugResources (Thread[Execution worker Thread 2,5,main]) started.
[        ] > Task :flutter_plugin_android_lifecycle:packageDebugResources UP-TO-DATE
[        ] Caching disabled for task ':flutter_plugin_android_lifecycle:packageDebugResources' because:
[        ]   Build cache is disabled
[        ] Skipping task ':flutter_plugin_android_lifecycle:packageDebugResources' as it is up-to-date.
[        ] work action resolve packageDebugResources (project :flutter_plugin_android_lifecycle) (Thread[Execution worker Thread 2,5,main]) started.
[        ] Resolve mutations for :flutter_secure_storage:generateDebugResValues (Thread[Execution worker Thread 2,5,main]) started.
[        ] :flutter_secure_storage:generateDebugResValues (Thread[Execution worker Thread 2,5,main]) started.
[        ] > Task :flutter_secure_storage:generateDebugResValues UP-TO-DATE
[        ] Caching disabled for task ':flutter_secure_storage:generateDebugResValues' because:
[        ]   Build cache is disabled
[        ] Skipping task ':flutter_secure_storage:generateDebugResValues' as it is up-to-date.
[        ] Resolve mutations for :flutter_secure_storage:generateDebugResources (Thread[Execution worker Thread 2,5,main]) started.
[        ] :flutter_secure_storage:generateDebugResources (Thread[Execution worker Thread 2,5,main]) started.
[        ] > Task :flutter_secure_storage:generateDebugResources UP-TO-DATE
[        ] Caching disabled for task ':flutter_secure_storage:generateDebugResources' because:
[        ]   Build cache is disabled
[        ] Skipping task ':flutter_secure_storage:generateDebugResources' as it is up-to-date.
[        ] Resolve mutations for :flutter_secure_storage:packageDebugResources (Thread[Execution worker Thread 2,5,main]) started.
[        ] :flutter_secure_storage:packageDebugResources (Thread[Execution worker Thread 2,5,main]) started.
[        ] > Task :flutter_secure_storage:packageDebugResources UP-TO-DATE
[        ] Caching disabled for task ':flutter_secure_storage:packageDebugResources' because:
[        ]   Build cache is disabled
[        ] Skipping task ':flutter_secure_storage:packageDebugResources' as it is up-to-date.
[        ] work action resolve packageDebugResources (project :flutter_secure_storage) (Thread[Execution worker Thread 2,5,main]) started.
[        ] Resolve mutations for :haptic_feedback:generateDebugResValues (Thread[Execution worker Thread 2,5,main]) started.
[        ] :haptic_feedback:generateDebugResValues (Thread[Execution worker Thread 2,5,main]) started.
[        ] > Task :haptic_feedback:generateDebugResValues UP-TO-DATE
[        ] Caching disabled for task ':haptic_feedback:generateDebugResValues' because:
[        ]   Build cache is disabled
[        ] Skipping task ':haptic_feedback:generateDebugResValues' as it is up-to-date.
[        ] Resolve mutations for :haptic_feedback:generateDebugResources (Thread[Execution worker Thread 2,5,main]) started.
[        ] :haptic_feedback:generateDebugResources (Thread[Execution worker Thread 2,5,main]) started.
[        ] > Task :haptic_feedback:generateDebugResources UP-TO-DATE
[        ] Caching disabled for task ':haptic_feedback:generateDebugResources' because:
[        ]   Build cache is disabled
[        ] Skipping task ':haptic_feedback:generateDebugResources' as it is up-to-date.
[        ] Resolve mutations for :haptic_feedback:packageDebugResources (Thread[Execution worker Thread 2,5,main]) started.
[        ] :haptic_feedback:packageDebugResources (Thread[Execution worker Thread 2,5,main]) started.
[        ] > Task :haptic_feedback:packageDebugResources UP-TO-DATE
[        ] Caching disabled for task ':haptic_feedback:packageDebugResources' because:
[        ]   Build cache is disabled
[        ] Skipping task ':haptic_feedback:packageDebugResources' as it is up-to-date.
[        ] work action resolve packageDebugResources (project :haptic_feedback) (Thread[Execution worker Thread 2,5,main]) started.
[        ] Resolve mutations for :integration_test:generateDebugResValues (Thread[Execution worker Thread 2,5,main]) started.
[        ] :integration_test:generateDebugResValues (Thread[Execution worker Thread 2,5,main]) started.
[        ] > Task :integration_test:generateDebugResValues UP-TO-DATE
[        ] Caching disabled for task ':integration_test:generateDebugResValues' because:
[        ]   Build cache is disabled
[        ] Skipping task ':integration_test:generateDebugResValues' as it is up-to-date.
[        ] Resolve mutations for :integration_test:generateDebugResources (Thread[Execution worker Thread 2,5,main]) started.
[        ] :integration_test:generateDebugResources (Thread[Execution worker Thread 2,5,main]) started.
[        ] > Task :integration_test:generateDebugResources UP-TO-DATE
[        ] Caching disabled for task ':integration_test:generateDebugResources' because:
[        ]   Build cache is disabled
[        ] Skipping task ':integration_test:generateDebugResources' as it is up-to-date.
[        ] Resolve mutations for :integration_test:packageDebugResources (Thread[Execution worker Thread 2,5,main]) started.
[        ] :integration_test:packageDebugResources (Thread[Execution worker Thread 2,5,main]) started.
[        ] > Task :integration_test:packageDebugResources UP-TO-DATE
[        ] Caching disabled for task ':integration_test:packageDebugResources' because:
[        ]   Build cache is disabled
[        ] Skipping task ':integration_test:packageDebugResources' as it is up-to-date.
[        ] work action resolve packageDebugResources (project :integration_test) (Thread[Execution worker Thread 2,5,main]) started.
[        ] Resolve mutations for :jni:generateDebugResValues (Thread[Execution worker Thread 2,5,main]) started.
[        ] :jni:generateDebugResValues (Thread[Execution worker Thread 2,5,main]) started.
[        ] > Task :jni:generateDebugResValues UP-TO-DATE
[        ] Caching disabled for task ':jni:generateDebugResValues' because:
[        ]   Build cache is disabled
[        ] Skipping task ':jni:generateDebugResValues' as it is up-to-date.
[        ] Resolve mutations for :jni:generateDebugResources (Thread[Execution worker Thread 2,5,main]) started.
[        ] :jni:generateDebugResources (Thread[Execution worker Thread 2,5,main]) started.
[        ] > Task :jni:generateDebugResources UP-TO-DATE
[        ] Caching disabled for task ':jni:generateDebugResources' because:
[        ]   Build cache is disabled
[        ] Skipping task ':jni:generateDebugResources' as it is up-to-date.
[        ] Resolve mutations for :jni:packageDebugResources (Thread[Execution worker Thread 2,5,main]) started.
[        ] :jni:packageDebugResources (Thread[Execution worker Thread 2,5,main]) started.
[        ] > Task :jni:packageDebugResources UP-TO-DATE
[        ] Caching disabled for task ':jni:packageDebugResources' because:
[        ]   Build cache is disabled
[        ] Skipping task ':jni:packageDebugResources' as it is up-to-date.
[        ] work action resolve packageDebugResources (project :jni) (Thread[Execution worker Thread 2,5,main]) started.
[        ] Resolve mutations for :just_audio:generateDebugResValues (Thread[Execution worker Thread 2,5,main]) started.
[        ] :just_audio:generateDebugResValues (Thread[Execution worker Thread 2,5,main]) started.
[        ] > Task :just_audio:generateDebugResValues UP-TO-DATE
[        ] Caching disabled for task ':just_audio:generateDebugResValues' because:
[        ]   Build cache is disabled
[        ] Skipping task ':just_audio:generateDebugResValues' as it is up-to-date.
[        ] Resolve mutations for :just_audio:generateDebugResources (Thread[Execution worker Thread 2,5,main]) started.
[        ] :just_audio:generateDebugResources (Thread[Execution worker Thread 2,5,main]) started.
[        ] > Task :just_audio:generateDebugResources UP-TO-DATE
[        ] Caching disabled for task ':just_audio:generateDebugResources' because:
[        ]   Build cache is disabled
[        ] Skipping task ':just_audio:generateDebugResources' as it is up-to-date.
[        ] Resolve mutations for :just_audio:packageDebugResources (Thread[Execution worker Thread 2,5,main]) started.
[        ] :just_audio:packageDebugResources (Thread[Execution worker Thread 2,5,main]) started.
[        ] > Task :just_audio:packageDebugResources UP-TO-DATE
[        ] Caching disabled for task ':just_audio:packageDebugResources' because:
[        ]   Build cache is disabled
[        ] Skipping task ':just_audio:packageDebugResources' as it is up-to-date.
[        ] work action resolve packageDebugResources (project :just_audio) (Thread[Execution worker Thread 2,5,main]) started.
[        ] Resolve mutations for :local_auth_android:generateDebugResValues (Thread[Execution worker Thread 2,5,main]) started.
[        ] :local_auth_android:generateDebugResValues (Thread[Execution worker Thread 2,5,main]) started.
[        ] > Task :local_auth_android:generateDebugResValues UP-TO-DATE
[        ] Caching disabled for task ':local_auth_android:generateDebugResValues' because:
[        ]   Build cache is disabled
[        ] Skipping task ':local_auth_android:generateDebugResValues' as it is up-to-date.
[        ] Resolve mutations for :local_auth_android:generateDebugResources (Thread[Execution worker Thread 2,5,main]) started.
[        ] :local_auth_android:generateDebugResources (Thread[Execution worker Thread 2,5,main]) started.
[        ] > Task :local_auth_android:generateDebugResources UP-TO-DATE
[        ] Caching disabled for task ':local_auth_android:generateDebugResources' because:
[        ]   Build cache is disabled
[        ] Skipping task ':local_auth_android:generateDebugResources' as it is up-to-date.
[        ] Resolve mutations for :local_auth_android:packageDebugResources (Thread[Execution worker Thread 2,5,main]) started.
[        ] :local_auth_android:packageDebugResources (Thread[Execution worker Thread 2,5,main]) started.
[        ] > Task :local_auth_android:packageDebugResources UP-TO-DATE
[        ] Caching disabled for task ':local_auth_android:packageDebugResources' because:
[        ]   Build cache is disabled
[        ] Skipping task ':local_auth_android:packageDebugResources' as it is up-to-date.
[        ] work action resolve packageDebugResources (project :local_auth_android) (Thread[Execution worker Thread 2,5,main]) started.
[        ] Resolve mutations for :package_info_plus:generateDebugResValues (Thread[Execution worker Thread 2,5,main]) started.
[        ] :package_info_plus:generateDebugResValues (Thread[Execution worker Thread 2,5,main]) started.
[        ] > Task :package_info_plus:generateDebugResValues UP-TO-DATE
[        ] Caching disabled for task ':package_info_plus:generateDebugResValues' because:
[        ]   Build cache is disabled
[        ] Skipping task ':package_info_plus:generateDebugResValues' as it is up-to-date.
[        ] Resolve mutations for :package_info_plus:generateDebugResources (Thread[Execution worker Thread 2,5,main]) started.
[        ] :package_info_plus:generateDebugResources (Thread[Execution worker Thread 2,5,main]) started.
[        ] > Task :package_info_plus:generateDebugResources UP-TO-DATE
[        ] Caching disabled for task ':package_info_plus:generateDebugResources' because:
[        ]   Build cache is disabled
[        ] Skipping task ':package_info_plus:generateDebugResources' as it is up-to-date.
[        ] Resolve mutations for :package_info_plus:packageDebugResources (Thread[Execution worker Thread 2,5,main]) started.
[        ] :package_info_plus:packageDebugResources (Thread[Execution worker Thread 2,5,main]) started.
[        ] > Task :package_info_plus:packageDebugResources UP-TO-DATE
[        ] Caching disabled for task ':package_info_plus:packageDebugResources' because:
[        ]   Build cache is disabled
[        ] Skipping task ':package_info_plus:packageDebugResources' as it is up-to-date.
[        ] work action resolve packageDebugResources (project :package_info_plus) (Thread[Execution worker Thread 2,5,main]) started.
[        ] Resolve mutations for :path_provider_android:generateDebugResValues (Thread[Execution worker Thread 2,5,main]) started.
[        ] :path_provider_android:generateDebugResValues (Thread[Execution worker Thread 2,5,main]) started.
[        ] > Task :path_provider_android:generateDebugResValues UP-TO-DATE
[        ] Caching disabled for task ':path_provider_android:generateDebugResValues' because:
[        ]   Build cache is disabled
[        ] Skipping task ':path_provider_android:generateDebugResValues' as it is up-to-date.
[        ] Resolve mutations for :path_provider_android:generateDebugResources (Thread[Execution worker Thread 2,5,main]) started.
[        ] :path_provider_android:generateDebugResources (Thread[Execution worker Thread 2,5,main]) started.
[        ] > Task :path_provider_android:generateDebugResources UP-TO-DATE
[        ] Caching disabled for task ':path_provider_android:generateDebugResources' because:
[        ]   Build cache is disabled
[        ] Skipping task ':path_provider_android:generateDebugResources' as it is up-to-date.
[        ] Resolve mutations for :path_provider_android:packageDebugResources (Thread[Execution worker Thread 2,5,main]) started.
[        ] :path_provider_android:packageDebugResources (Thread[Execution worker Thread 2,5,main]) started.
[        ] > Task :path_provider_android:packageDebugResources UP-TO-DATE
[        ] Caching disabled for task ':path_provider_android:packageDebugResources' because:
[        ]   Build cache is disabled
[        ] Skipping task ':path_provider_android:packageDebugResources' as it is up-to-date.
[        ] work action resolve packageDebugResources (project :path_provider_android) (Thread[Execution worker Thread 2,5,main]) started.
[        ] Resolve mutations for :permission_handler_android:generateDebugResValues (Thread[Execution worker Thread 2,5,main]) started.
[        ] :permission_handler_android:generateDebugResValues (Thread[Execution worker Thread 2,5,main]) started.
[        ] > Task :permission_handler_android:generateDebugResValues UP-TO-DATE
[        ] Caching disabled for task ':permission_handler_android:generateDebugResValues' because:
[        ]   Build cache is disabled
[        ] Skipping task ':permission_handler_android:generateDebugResValues' as it is up-to-date.
[        ] Resolve mutations for :permission_handler_android:generateDebugResources (Thread[Execution worker Thread 2,5,main]) started.
[        ] :permission_handler_android:generateDebugResources (Thread[Execution worker Thread 2,5,main]) started.
[        ] > Task :permission_handler_android:generateDebugResources UP-TO-DATE
[        ] Caching disabled for task ':permission_handler_android:generateDebugResources' because:
[        ]   Build cache is disabled
[        ] Skipping task ':permission_handler_android:generateDebugResources' as it is up-to-date.
[        ] Resolve mutations for :permission_handler_android:packageDebugResources (Thread[Execution worker Thread 2,5,main]) started.
[        ] :permission_handler_android:packageDebugResources (Thread[Execution worker Thread 2,5,main]) started.
[        ] > Task :permission_handler_android:packageDebugResources UP-TO-DATE
[        ] Caching disabled for task ':permission_handler_android:packageDebugResources' because:
[        ]   Build cache is disabled
[        ] Skipping task ':permission_handler_android:packageDebugResources' as it is up-to-date.
[        ] work action resolve packageDebugResources (project :permission_handler_android) (Thread[Execution worker Thread 2,5,main]) started.
[        ] Resolve mutations for :record_android:generateDebugResValues (Thread[Execution worker Thread 2,5,main]) started.
[        ] :record_android:generateDebugResValues (Thread[Execution worker Thread 2,5,main]) started.
[        ] > Task :record_android:generateDebugResValues UP-TO-DATE
[        ] Caching disabled for task ':record_android:generateDebugResValues' because:
[        ]   Build cache is disabled
[        ] Skipping task ':record_android:generateDebugResValues' as it is up-to-date.
[        ] Resolve mutations for :record_android:generateDebugResources (Thread[Execution worker Thread 2,5,main]) started.
[        ] :record_android:generateDebugResources (Thread[Execution worker Thread 2,5,main]) started.
[        ] > Task :record_android:generateDebugResources UP-TO-DATE
[        ] Caching disabled for task ':record_android:generateDebugResources' because:
[        ]   Build cache is disabled
[        ] Skipping task ':record_android:generateDebugResources' as it is up-to-date.
[        ] Resolve mutations for :record_android:packageDebugResources (Thread[Execution worker Thread 2,5,main]) started.
[        ] :record_android:packageDebugResources (Thread[Execution worker Thread 2,5,main]) started.
[        ] > Task :record_android:packageDebugResources UP-TO-DATE
[        ] Caching disabled for task ':record_android:packageDebugResources' because:
[        ]   Build cache is disabled
[        ] Skipping task ':record_android:packageDebugResources' as it is up-to-date.
[        ] work action resolve packageDebugResources (project :record_android) (Thread[Execution worker Thread 2,5,main]) started.
[        ] Resolve mutations for :sentry_flutter:generateDebugResValues (Thread[Execution worker Thread 2,5,main]) started.
[        ] :sentry_flutter:generateDebugResValues (Thread[Execution worker Thread 2,5,main]) started.
[        ] > Task :sentry_flutter:generateDebugResValues UP-TO-DATE
[        ] Caching disabled for task ':sentry_flutter:generateDebugResValues' because:
[        ]   Build cache is disabled
[        ] Skipping task ':sentry_flutter:generateDebugResValues' as it is up-to-date.
[        ] Resolve mutations for :sentry_flutter:generateDebugResources (Thread[Execution worker Thread 2,5,main]) started.
[        ] :sentry_flutter:generateDebugResources (Thread[Execution worker Thread 2,5,main]) started.
[        ] > Task :sentry_flutter:generateDebugResources UP-TO-DATE
[        ] Caching disabled for task ':sentry_flutter:generateDebugResources' because:
[        ]   Build cache is disabled
[        ] Skipping task ':sentry_flutter:generateDebugResources' as it is up-to-date.
[        ] Resolve mutations for :sentry_flutter:packageDebugResources (Thread[Execution worker Thread 2,5,main]) started.
[        ] :sentry_flutter:packageDebugResources (Thread[Execution worker Thread 2,5,main]) started.
[        ] > Task :sentry_flutter:packageDebugResources UP-TO-DATE
[        ] Caching disabled for task ':sentry_flutter:packageDebugResources' because:
[        ]   Build cache is disabled
[        ] Skipping task ':sentry_flutter:packageDebugResources' as it is up-to-date.
[        ] work action resolve packageDebugResources (project :sentry_flutter) (Thread[Execution worker Thread 2,5,main]) started.
[        ] Resolve mutations for :share_plus:generateDebugResValues (Thread[Execution worker Thread 2,5,main]) started.
[        ] :share_plus:generateDebugResValues (Thread[Execution worker Thread 2,5,main]) started.
[        ] > Task :share_plus:generateDebugResValues UP-TO-DATE
[        ] Caching disabled for task ':share_plus:generateDebugResValues' because:
[        ]   Build cache is disabled
[        ] Skipping task ':share_plus:generateDebugResValues' as it is up-to-date.
[        ] Resolve mutations for :share_plus:generateDebugResources (Thread[Execution worker Thread 2,5,main]) started.
[        ] :share_plus:generateDebugResources (Thread[Execution worker Thread 3,5,main]) started.
[        ] > Task :share_plus:generateDebugResources UP-TO-DATE
[        ] Caching disabled for task ':share_plus:generateDebugResources' because:
[        ]   Build cache is disabled
[        ] Skipping task ':share_plus:generateDebugResources' as it is up-to-date.
[        ] Resolve mutations for :share_plus:packageDebugResources (Thread[Execution worker Thread 3,5,main]) started.
[        ] :share_plus:packageDebugResources (Thread[Execution worker Thread 3,5,main]) started.
[        ] > Task :share_plus:packageDebugResources UP-TO-DATE
[        ] Caching disabled for task ':share_plus:packageDebugResources' because:
[        ]   Build cache is disabled
[        ] Skipping task ':share_plus:packageDebugResources' as it is up-to-date.
[        ] work action resolve packageDebugResources (project :share_plus) (Thread[Execution worker Thread 3,5,main]) started.
[        ] Resolve mutations for :shared_preferences_android:generateDebugResValues (Thread[Execution worker Thread 3,5,main]) started.
[        ] :shared_preferences_android:generateDebugResValues (Thread[Execution worker Thread 3,5,main]) started.
[        ] > Task :shared_preferences_android:generateDebugResValues UP-TO-DATE
[        ] Caching disabled for task ':shared_preferences_android:generateDebugResValues' because:
[        ]   Build cache is disabled
[        ] Skipping task ':shared_preferences_android:generateDebugResValues' as it is up-to-date.
[        ] Resolve mutations for :shared_preferences_android:generateDebugResources (Thread[Execution worker Thread 3,5,main]) started.
[        ] :shared_preferences_android:generateDebugResources (Thread[Execution worker Thread 3,5,main]) started.
[        ] > Task :shared_preferences_android:generateDebugResources UP-TO-DATE
[        ] Caching disabled for task ':shared_preferences_android:generateDebugResources' because:
[        ]   Build cache is disabled
[        ] Skipping task ':shared_preferences_android:generateDebugResources' as it is up-to-date.
[        ] Resolve mutations for :shared_preferences_android:packageDebugResources (Thread[Execution worker Thread 2,5,main]) started.
[        ] :shared_preferences_android:packageDebugResources (Thread[Execution worker Thread 2,5,main]) started.
[        ] > Task :shared_preferences_android:packageDebugResources UP-TO-DATE
[        ] Caching disabled for task ':shared_preferences_android:packageDebugResources' because:
[        ]   Build cache is disabled
[        ] Skipping task ':shared_preferences_android:packageDebugResources' as it is up-to-date.
[        ] work action resolve packageDebugResources (project :shared_preferences_android) (Thread[Execution worker Thread 2,5,main]) started.
[        ] Resolve mutations for :speech_to_text:generateDebugResValues (Thread[Execution worker Thread 2,5,main]) started.
[        ] :speech_to_text:generateDebugResValues (Thread[Execution worker Thread 2,5,main]) started.
[        ] > Task :speech_to_text:generateDebugResValues UP-TO-DATE
[        ] Caching disabled for task ':speech_to_text:generateDebugResValues' because:
[        ]   Build cache is disabled
[        ] Skipping task ':speech_to_text:generateDebugResValues' as it is up-to-date.
[        ] Resolve mutations for :speech_to_text:generateDebugResources (Thread[Execution worker Thread 2,5,main]) started.
[        ] :speech_to_text:generateDebugResources (Thread[Execution worker Thread 2,5,main]) started.
[        ] > Task :speech_to_text:generateDebugResources UP-TO-DATE
[        ] Caching disabled for task ':speech_to_text:generateDebugResources' because:
[        ]   Build cache is disabled
[        ] Skipping task ':speech_to_text:generateDebugResources' as it is up-to-date.
[        ] Resolve mutations for :speech_to_text:packageDebugResources (Thread[Execution worker Thread 3,5,main]) started.
[        ] :speech_to_text:packageDebugResources (Thread[Execution worker Thread 3,5,main]) started.
[        ] > Task :speech_to_text:packageDebugResources UP-TO-DATE
[        ] Caching disabled for task ':speech_to_text:packageDebugResources' because:
[        ]   Build cache is disabled
[        ] Skipping task ':speech_to_text:packageDebugResources' as it is up-to-date.
[        ] work action resolve packageDebugResources (project :speech_to_text) (Thread[Execution worker Thread 2,5,main]) started.
[        ] Resolve mutations for :url_launcher_android:generateDebugResValues (Thread[Execution worker Thread 2,5,main]) started.
[        ] :url_launcher_android:generateDebugResValues (Thread[Execution worker Thread 2,5,main]) started.
[        ] > Task :url_launcher_android:generateDebugResValues UP-TO-DATE
[        ] Caching disabled for task ':url_launcher_android:generateDebugResValues' because:
[        ]   Build cache is disabled
[        ] Skipping task ':url_launcher_android:generateDebugResValues' as it is up-to-date.
[        ] Resolve mutations for :url_launcher_android:generateDebugResources (Thread[Execution worker Thread 2,5,main]) started.
[        ] :url_launcher_android:generateDebugResources (Thread[Execution worker Thread 2,5,main]) started.
[        ] > Task :url_launcher_android:generateDebugResources UP-TO-DATE
[        ] Caching disabled for task ':url_launcher_android:generateDebugResources' because:
[        ]   Build cache is disabled
[        ] Skipping task ':url_launcher_android:generateDebugResources' as it is up-to-date.
[        ] Resolve mutations for :url_launcher_android:packageDebugResources (Thread[Execution worker Thread 2,5,main]) started.
[        ] :url_launcher_android:packageDebugResources (Thread[Execution worker Thread 2,5,main]) started.
[        ] > Task :url_launcher_android:packageDebugResources UP-TO-DATE
[        ] Caching disabled for task ':url_launcher_android:packageDebugResources' because:
[        ]   Build cache is disabled
[        ] Skipping task ':url_launcher_android:packageDebugResources' as it is up-to-date.
[        ] work action resolve packageDebugResources (project :url_launcher_android) (Thread[Execution worker Thread 2,5,main]) started.
[        ] Resolve mutations for :workmanager_android:generateDebugResValues (Thread[Execution worker Thread 2,5,main]) started.
[        ] :workmanager_android:generateDebugResValues (Thread[Execution worker Thread 2,5,main]) started.
[        ] > Task :workmanager_android:generateDebugResValues UP-TO-DATE
[        ] Caching disabled for task ':workmanager_android:generateDebugResValues' because:
[        ]   Build cache is disabled
[        ] Skipping task ':workmanager_android:generateDebugResValues' as it is up-to-date.
[        ] Resolve mutations for :workmanager_android:generateDebugResources (Thread[Execution worker Thread 2,5,main]) started.
[        ] :workmanager_android:generateDebugResources (Thread[Execution worker Thread 2,5,main]) started.
[        ] > Task :workmanager_android:generateDebugResources UP-TO-DATE
[        ] Caching disabled for task ':workmanager_android:generateDebugResources' because:
[        ]   Build cache is disabled
[        ] Skipping task ':workmanager_android:generateDebugResources' as it is up-to-date.
[        ] Resolve mutations for :workmanager_android:packageDebugResources (Thread[Execution worker Thread 2,5,main]) started.
[        ] :workmanager_android:packageDebugResources (Thread[Execution worker Thread 2,5,main]) started.
[        ] > Task :workmanager_android:packageDebugResources UP-TO-DATE
[        ] Caching disabled for task ':workmanager_android:packageDebugResources' because:
[        ]   Build cache is disabled
[        ] Skipping task ':workmanager_android:packageDebugResources' as it is up-to-date.
[        ] work action resolve packageDebugResources (project :workmanager_android) (Thread[Execution worker Thread 2,5,main]) started.
[        ] Resolve mutations for :app:mapDebugSourceSetPaths (Thread[Execution worker Thread 2,5,main]) started.
[        ] :app:mapDebugSourceSetPaths (Thread[Execution worker Thread 2,5,main]) started.
[        ] > Task :app:mapDebugSourceSetPaths UP-TO-DATE
[        ] Caching disabled for task ':app:mapDebugSourceSetPaths' because:
[        ]   Build cache is disabled
[        ]   Caching has been disabled for the task
[        ] Skipping task ':app:mapDebugSourceSetPaths' as it is up-to-date.
[  +48 ms] Resolve mutations for :app:generateDebugResources (Thread[Execution worker Thread 2,5,main]) started.
[        ] :app:generateDebugResources (Thread[Execution worker Thread 2,5,main]) started.
[        ] > Task :app:generateDebugResources UP-TO-DATE
[        ] Caching disabled for task ':app:generateDebugResources' because:
[        ]   Build cache is disabled
[        ] Skipping task ':app:generateDebugResources' as it is up-to-date.
[        ] Resolve mutations for :app:mergeDebugResources (Thread[Execution worker Thread 2,5,main]) started.
[        ] :app:mergeDebugResources (Thread[Execution worker Thread 2,5,main]) started.
[        ] > Task :app:mergeDebugResources UP-TO-DATE
[        ] Caching disabled for task ':app:mergeDebugResources' because:
[        ]   Build cache is disabled
[        ] Skipping task ':app:mergeDebugResources' as it is up-to-date.
[        ] Resolve mutations for :app:packageDebugResources (Thread[Execution worker Thread 2,5,main]) started.
[        ] :app:packageDebugResources (Thread[Execution worker Thread 2,5,main]) started.
[        ] > Task :app:packageDebugResources UP-TO-DATE
[        ] Caching disabled for task ':app:packageDebugResources' because:
[        ]   Build cache is disabled
[        ] Skipping task ':app:packageDebugResources' as it is up-to-date.
[        ] Resolve mutations for :app:parseDebugLocalResources (Thread[Execution worker Thread 2,5,main]) started.
[        ] :app:parseDebugLocalResources (Thread[Execution worker Thread 5,5,main]) started.
[        ] > Task :app:parseDebugLocalResources UP-TO-DATE
[        ] Caching disabled for task ':app:parseDebugLocalResources' because:
[        ]   Build cache is disabled
[        ] Skipping task ':app:parseDebugLocalResources' as it is up-to-date.
[        ] Resolve mutations for :app:createDebugCompatibleScreenManifests (Thread[Execution worker Thread 5,5,main]) started.
[        ] :app:createDebugCompatibleScreenManifests (Thread[Execution worker Thread 5,5,main]) started.
[        ] > Task :app:createDebugCompatibleScreenManifests UP-TO-DATE
[        ] Caching disabled for task ':app:createDebugCompatibleScreenManifests' because:
[        ]   Build cache is disabled
[        ]   Caching has been disabled for the task
[        ] Skipping task ':app:createDebugCompatibleScreenManifests' as it is up-to-date.
[        ] Resolve mutations for :app:extractDeepLinksDebug (Thread[Execution worker Thread 5,5,main]) started.
[        ] :app:extractDeepLinksDebug (Thread[Execution worker Thread 5,5,main]) started.
[        ] > Task :app:extractDeepLinksDebug UP-TO-DATE
[        ] Caching disabled for task ':app:extractDeepLinksDebug' because:
[        ]   Build cache is disabled
[        ] Skipping task ':app:extractDeepLinksDebug' as it is up-to-date.
[        ] Resolve mutations for :app_links:extractDeepLinksDebug (Thread[Execution worker Thread 5,5,main]) started.
[        ] :app_links:extractDeepLinksDebug (Thread[Execution worker Thread 5,5,main]) started.
[        ] > Task :app_links:extractDeepLinksDebug UP-TO-DATE
[        ] Caching disabled for task ':app_links:extractDeepLinksDebug' because:
[        ]   Build cache is disabled
[        ] Skipping task ':app_links:extractDeepLinksDebug' as it is up-to-date.
[        ] work action resolve navigation.json (project :app_links) (Thread[Execution worker Thread 5,5,main]) started.
[        ] Resolve mutations for :app_links:processDebugManifest (Thread[Execution worker Thread 5,5,main]) started.
[        ] :app_links:processDebugManifest (Thread[Execution worker Thread 5,5,main]) started.
[        ] > Task :app_links:processDebugManifest UP-TO-DATE
[        ] Caching disabled for task ':app_links:processDebugManifest' because:
[        ]   Build cache is disabled
[        ] Skipping task ':app_links:processDebugManifest' as it is up-to-date.
[        ] work action resolve AndroidManifest.xml (project :app_links) (Thread[Execution worker Thread 5,5,main]) started.
[        ] Resolve mutations for :audio_session:extractDeepLinksDebug (Thread[Execution worker Thread 5,5,main]) started.
[        ] :audio_session:extractDeepLinksDebug (Thread[Execution worker Thread 5,5,main]) started.
[        ] > Task :audio_session:extractDeepLinksDebug UP-TO-DATE
[        ] Caching disabled for task ':audio_session:extractDeepLinksDebug' because:
[        ]   Build cache is disabled
[        ] Skipping task ':audio_session:extractDeepLinksDebug' as it is up-to-date.
[        ] work action resolve navigation.json (project :audio_session) (Thread[Execution worker Thread 5,5,main]) started.
[        ] Resolve mutations for :audio_session:processDebugManifest (Thread[Execution worker Thread 5,5,main]) started.
[        ] :audio_session:processDebugManifest (Thread[Execution worker Thread 5,5,main]) started.
[        ] > Task :audio_session:processDebugManifest UP-TO-DATE
[        ] Caching disabled for task ':audio_session:processDebugManifest' because:
[        ]   Build cache is disabled
[        ] Skipping task ':audio_session:processDebugManifest' as it is up-to-date.
[        ] work action resolve AndroidManifest.xml (project :audio_session) (Thread[Execution worker Thread 5,5,main]) started.
[        ] Resolve mutations for :battery_plus:extractDeepLinksDebug (Thread[Execution worker Thread 5,5,main]) started.
[        ] :battery_plus:extractDeepLinksDebug (Thread[Execution worker Thread 5,5,main]) started.
[        ] > Task :battery_plus:extractDeepLinksDebug UP-TO-DATE
[        ] Caching disabled for task ':battery_plus:extractDeepLinksDebug' because:
[        ]   Build cache is disabled
[        ] Skipping task ':battery_plus:extractDeepLinksDebug' as it is up-to-date.
[        ] work action resolve navigation.json (project :battery_plus) (Thread[Execution worker Thread 5,5,main]) started.
[        ] Resolve mutations for :battery_plus:processDebugManifest (Thread[Execution worker Thread 5,5,main]) started.
[        ] :battery_plus:processDebugManifest (Thread[Execution worker Thread 5,5,main]) started.
[        ] > Task :battery_plus:processDebugManifest UP-TO-DATE
[        ] Caching disabled for task ':battery_plus:processDebugManifest' because:
[        ]   Build cache is disabled
[        ] Skipping task ':battery_plus:processDebugManifest' as it is up-to-date.
[        ] work action resolve AndroidManifest.xml (project :battery_plus) (Thread[Execution worker Thread 5,5,main]) started.
[        ] Resolve mutations for :connectivity_plus:extractDeepLinksDebug (Thread[Execution worker Thread 5,5,main]) started.
[        ] :connectivity_plus:extractDeepLinksDebug (Thread[Execution worker Thread 5,5,main]) started.
[        ] > Task :connectivity_plus:extractDeepLinksDebug UP-TO-DATE
[        ] Caching disabled for task ':connectivity_plus:extractDeepLinksDebug' because:
[        ]   Build cache is disabled
[        ] Skipping task ':connectivity_plus:extractDeepLinksDebug' as it is up-to-date.
[        ] work action resolve navigation.json (project :connectivity_plus) (Thread[included builds,5,main]) started.
[        ] Resolve mutations for :connectivity_plus:processDebugManifest (Thread[included builds,5,main]) started.
[        ] :connectivity_plus:processDebugManifest (Thread[included builds,5,main]) started.
[        ] > Task :connectivity_plus:processDebugManifest UP-TO-DATE
[        ] Caching disabled for task ':connectivity_plus:processDebugManifest' because:
[        ]   Build cache is disabled
[        ] Skipping task ':connectivity_plus:processDebugManifest' as it is up-to-date.
[        ] work action resolve AndroidManifest.xml (project :connectivity_plus) (Thread[included builds,5,main]) started.
[        ] Resolve mutations for :device_info_plus:extractDeepLinksDebug (Thread[included builds,5,main]) started.
[        ] :device_info_plus:extractDeepLinksDebug (Thread[included builds,5,main]) started.
[        ] > Task :device_info_plus:extractDeepLinksDebug UP-TO-DATE
[        ] Caching disabled for task ':device_info_plus:extractDeepLinksDebug' because:
[        ]   Build cache is disabled
[        ] Skipping task ':device_info_plus:extractDeepLinksDebug' as it is up-to-date.
[        ] work action resolve navigation.json (project :device_info_plus) (Thread[included builds,5,main]) started.
[        ] Resolve mutations for :device_info_plus:processDebugManifest (Thread[included builds,5,main]) started.
[        ] :device_info_plus:processDebugManifest (Thread[included builds,5,main]) started.
[        ] > Task :device_info_plus:processDebugManifest UP-TO-DATE
[        ] Caching disabled for task ':device_info_plus:processDebugManifest' because:
[        ]   Build cache is disabled
[        ] Skipping task ':device_info_plus:processDebugManifest' as it is up-to-date.
[        ] work action resolve AndroidManifest.xml (project :device_info_plus) (Thread[included builds,5,main]) started.
[        ] Resolve mutations for :flutter_local_notifications:extractDeepLinksDebug (Thread[included builds,5,main]) started.
[        ] :flutter_local_notifications:extractDeepLinksDebug (Thread[included builds,5,main]) started.
[        ] > Task :flutter_local_notifications:extractDeepLinksDebug UP-TO-DATE
[        ] Caching disabled for task ':flutter_local_notifications:extractDeepLinksDebug' because:
[        ]   Build cache is disabled
[        ] Skipping task ':flutter_local_notifications:extractDeepLinksDebug' as it is up-to-date.
[        ] work action resolve navigation.json (project :flutter_local_notifications) (Thread[included builds,5,main]) started.
[        ] Resolve mutations for :flutter_local_notifications:processDebugManifest (Thread[included builds,5,main]) started.
[        ] :flutter_local_notifications:processDebugManifest (Thread[included builds,5,main]) started.
[        ] > Task :flutter_local_notifications:processDebugManifest UP-TO-DATE
[        ] Caching disabled for task ':flutter_local_notifications:processDebugManifest' because:
[        ]   Build cache is disabled
[        ] Skipping task ':flutter_local_notifications:processDebugManifest' as it is up-to-date.
[        ] work action resolve AndroidManifest.xml (project :flutter_local_notifications) (Thread[included builds,5,main]) started.
[        ] Resolve mutations for :flutter_native_splash:extractDeepLinksDebug (Thread[included builds,5,main]) started.
[        ] :flutter_native_splash:extractDeepLinksDebug (Thread[included builds,5,main]) started.
[        ] > Task :flutter_native_splash:extractDeepLinksDebug UP-TO-DATE
[        ] Caching disabled for task ':flutter_native_splash:extractDeepLinksDebug' because:
[        ]   Build cache is disabled
[        ] Skipping task ':flutter_native_splash:extractDeepLinksDebug' as it is up-to-date.
[        ] work action resolve navigation.json (project :flutter_native_splash) (Thread[included builds,5,main]) started.
[        ] Resolve mutations for :flutter_native_splash:processDebugManifest (Thread[included builds,5,main]) started.
[        ] :flutter_native_splash:processDebugManifest (Thread[Execution worker Thread 2,5,main]) started.
[        ] > Task :flutter_native_splash:processDebugManifest UP-TO-DATE
[        ] Caching disabled for task ':flutter_native_splash:processDebugManifest' because:
[        ]   Build cache is disabled
[        ] Skipping task ':flutter_native_splash:processDebugManifest' as it is up-to-date.
[        ] work action resolve AndroidManifest.xml (project :flutter_native_splash) (Thread[Execution worker Thread 2,5,main]) started.
[        ] Resolve mutations for :flutter_plugin_android_lifecycle:extractDeepLinksDebug (Thread[Execution worker Thread 2,5,main]) started.
[        ] :flutter_plugin_android_lifecycle:extractDeepLinksDebug (Thread[Execution worker,5,main]) started.
[        ] > Task :flutter_plugin_android_lifecycle:extractDeepLinksDebug UP-TO-DATE
[        ] Caching disabled for task ':flutter_plugin_android_lifecycle:extractDeepLinksDebug' because:
[        ]   Build cache is disabled
[        ] Skipping task ':flutter_plugin_android_lifecycle:extractDeepLinksDebug' as it is up-to-date.
[        ] work action resolve navigation.json (project :flutter_plugin_android_lifecycle) (Thread[Execution worker,5,main]) started.
[        ] Resolve mutations for :flutter_plugin_android_lifecycle:processDebugManifest (Thread[Execution worker,5,main]) started.
[        ] :flutter_plugin_android_lifecycle:processDebugManifest (Thread[Execution worker,5,main]) started.
[        ] > Task :flutter_plugin_android_lifecycle:processDebugManifest UP-TO-DATE
[        ] Caching disabled for task ':flutter_plugin_android_lifecycle:processDebugManifest' because:
[        ]   Build cache is disabled
[        ] Skipping task ':flutter_plugin_android_lifecycle:processDebugManifest' as it is up-to-date.
[        ] work action resolve AndroidManifest.xml (project :flutter_plugin_android_lifecycle) (Thread[Execution worker,5,main]) started.
[        ] Resolve mutations for :flutter_secure_storage:extractDeepLinksDebug (Thread[Execution worker,5,main]) started.
[        ] :flutter_secure_storage:extractDeepLinksDebug (Thread[Execution worker,5,main]) started.
[        ] > Task :flutter_secure_storage:extractDeepLinksDebug UP-TO-DATE
[        ] Caching disabled for task ':flutter_secure_storage:extractDeepLinksDebug' because:
[        ]   Build cache is disabled
[        ] Skipping task ':flutter_secure_storage:extractDeepLinksDebug' as it is up-to-date.
[        ] work action resolve navigation.json (project :flutter_secure_storage) (Thread[included builds,5,main]) started.
[        ] Resolve mutations for :flutter_secure_storage:processDebugManifest (Thread[included builds,5,main]) started.
[        ] :flutter_secure_storage:processDebugManifest (Thread[included builds,5,main]) started.
[        ] > Task :flutter_secure_storage:processDebugManifest UP-TO-DATE
[        ] Caching disabled for task ':flutter_secure_storage:processDebugManifest' because:
[        ]   Build cache is disabled
[        ] Skipping task ':flutter_secure_storage:processDebugManifest' as it is up-to-date.
[        ] work action resolve AndroidManifest.xml (project :flutter_secure_storage) (Thread[included builds,5,main]) started.
[        ] Resolve mutations for :haptic_feedback:extractDeepLinksDebug (Thread[included builds,5,main]) started.
[        ] :haptic_feedback:extractDeepLinksDebug (Thread[included builds,5,main]) started.
[        ] > Task :haptic_feedback:extractDeepLinksDebug UP-TO-DATE
[        ] Caching disabled for task ':haptic_feedback:extractDeepLinksDebug' because:
[        ]   Build cache is disabled
[        ] Skipping task ':haptic_feedback:extractDeepLinksDebug' as it is up-to-date.
[        ] work action resolve navigation.json (project :haptic_feedback) (Thread[included builds,5,main]) started.
[        ] Resolve mutations for :haptic_feedback:processDebugManifest (Thread[included builds,5,main]) started.
[        ] :haptic_feedback:processDebugManifest (Thread[included builds,5,main]) started.
[        ] > Task :haptic_feedback:processDebugManifest UP-TO-DATE
[        ] Caching disabled for task ':haptic_feedback:processDebugManifest' because:
[        ]   Build cache is disabled
[        ] Skipping task ':haptic_feedback:processDebugManifest' as it is up-to-date.
[        ] work action resolve AndroidManifest.xml (project :haptic_feedback) (Thread[Execution worker Thread 2,5,main]) started.
[        ] Resolve mutations for :integration_test:extractDeepLinksDebug (Thread[Execution worker Thread 2,5,main]) started.
[        ] :integration_test:extractDeepLinksDebug (Thread[Execution worker Thread 2,5,main]) started.
[        ] > Task :integration_test:extractDeepLinksDebug UP-TO-DATE
[        ] Caching disabled for task ':integration_test:extractDeepLinksDebug' because:
[        ]   Build cache is disabled
[        ] Skipping task ':integration_test:extractDeepLinksDebug' as it is up-to-date.
[        ] work action resolve navigation.json (project :integration_test) (Thread[Execution worker Thread 2,5,main]) started.
[        ] Resolve mutations for :integration_test:processDebugManifest (Thread[Execution worker Thread 2,5,main]) started.
[        ] :integration_test:processDebugManifest (Thread[Execution worker Thread 2,5,main]) started.
[        ] > Task :integration_test:processDebugManifest UP-TO-DATE
[        ] Caching disabled for task ':integration_test:processDebugManifest' because:
[        ]   Build cache is disabled
[        ] Skipping task ':integration_test:processDebugManifest' as it is up-to-date.
[        ] work action resolve AndroidManifest.xml (project :integration_test) (Thread[Execution worker,5,main]) started.
[        ] Resolve mutations for :jni:extractDeepLinksDebug (Thread[Execution worker,5,main]) started.
[        ] :jni:extractDeepLinksDebug (Thread[Execution worker,5,main]) started.
[        ] > Task :jni:extractDeepLinksDebug UP-TO-DATE
[        ] Caching disabled for task ':jni:extractDeepLinksDebug' because:
[        ]   Build cache is disabled
[        ] Skipping task ':jni:extractDeepLinksDebug' as it is up-to-date.
[        ] work action resolve navigation.json (project :jni) (Thread[Execution worker,5,main]) started.
[        ] Resolve mutations for :jni:processDebugManifest (Thread[Execution worker,5,main]) started.
[        ] :jni:processDebugManifest (Thread[Execution worker,5,main]) started.
[        ] > Task :jni:processDebugManifest UP-TO-DATE
[        ] Caching disabled for task ':jni:processDebugManifest' because:
[        ]   Build cache is disabled
[        ] Skipping task ':jni:processDebugManifest' as it is up-to-date.
[        ] work action resolve AndroidManifest.xml (project :jni) (Thread[Execution worker,5,main]) started.
[        ] Resolve mutations for :just_audio:extractDeepLinksDebug (Thread[Execution worker,5,main]) started.
[        ] :just_audio:extractDeepLinksDebug (Thread[Execution worker,5,main]) started.
[        ] > Task :just_audio:extractDeepLinksDebug UP-TO-DATE
[        ] Caching disabled for task ':just_audio:extractDeepLinksDebug' because:
[        ]   Build cache is disabled
[        ] Skipping task ':just_audio:extractDeepLinksDebug' as it is up-to-date.
[        ] work action resolve navigation.json (project :just_audio) (Thread[Execution worker,5,main]) started.
[        ] Resolve mutations for :just_audio:processDebugManifest (Thread[Execution worker,5,main]) started.
[        ] :just_audio:processDebugManifest (Thread[Execution worker,5,main]) started.
[        ] > Task :just_audio:processDebugManifest UP-TO-DATE
[        ] Caching disabled for task ':just_audio:processDebugManifest' because:
[        ]   Build cache is disabled
[        ] Skipping task ':just_audio:processDebugManifest' as it is up-to-date.
[        ] work action resolve AndroidManifest.xml (project :just_audio) (Thread[Execution worker,5,main]) started.
[        ] Resolve mutations for :local_auth_android:extractDeepLinksDebug (Thread[Execution worker,5,main]) started.
[        ] :local_auth_android:extractDeepLinksDebug (Thread[Execution worker,5,main]) started.
[        ] > Task :local_auth_android:extractDeepLinksDebug UP-TO-DATE
[        ] Caching disabled for task ':local_auth_android:extractDeepLinksDebug' because:
[        ]   Build cache is disabled
[        ] Skipping task ':local_auth_android:extractDeepLinksDebug' as it is up-to-date.
[        ] work action resolve navigation.json (project :local_auth_android) (Thread[Execution worker,5,main]) started.
[        ] Resolve mutations for :local_auth_android:processDebugManifest (Thread[Execution worker,5,main]) started.
[        ] :local_auth_android:processDebugManifest (Thread[Execution worker,5,main]) started.
[        ] > Task :local_auth_android:processDebugManifest UP-TO-DATE
[        ] Caching disabled for task ':local_auth_android:processDebugManifest' because:
[        ]   Build cache is disabled
[        ] Skipping task ':local_auth_android:processDebugManifest' as it is up-to-date.
[        ] work action resolve AndroidManifest.xml (project :local_auth_android) (Thread[Execution worker,5,main]) started.
[        ] Resolve mutations for :package_info_plus:extractDeepLinksDebug (Thread[Execution worker,5,main]) started.
[        ] :package_info_plus:extractDeepLinksDebug (Thread[Execution worker,5,main]) started.
[        ] > Task :package_info_plus:extractDeepLinksDebug UP-TO-DATE
[        ] Caching disabled for task ':package_info_plus:extractDeepLinksDebug' because:
[        ]   Build cache is disabled
[        ] Skipping task ':package_info_plus:extractDeepLinksDebug' as it is up-to-date.
[        ] work action resolve navigation.json (project :package_info_plus) (Thread[Execution worker,5,main]) started.
[        ] Resolve mutations for :package_info_plus:processDebugManifest (Thread[Execution worker,5,main]) started.
[        ] :package_info_plus:processDebugManifest (Thread[Execution worker,5,main]) started.
[        ] > Task :package_info_plus:processDebugManifest UP-TO-DATE
[        ] Caching disabled for task ':package_info_plus:processDebugManifest' because:
[        ]   Build cache is disabled
[        ] Skipping task ':package_info_plus:processDebugManifest' as it is up-to-date.
[        ] work action resolve AndroidManifest.xml (project :package_info_plus) (Thread[Execution worker,5,main]) started.
[        ] Resolve mutations for :path_provider_android:extractDeepLinksDebug (Thread[Execution worker,5,main]) started.
[        ] :path_provider_android:extractDeepLinksDebug (Thread[Execution worker,5,main]) started.
[        ] > Task :path_provider_android:extractDeepLinksDebug UP-TO-DATE
[        ] Caching disabled for task ':path_provider_android:extractDeepLinksDebug' because:
[        ]   Build cache is disabled
[        ] Skipping task ':path_provider_android:extractDeepLinksDebug' as it is up-to-date.
[        ] work action resolve navigation.json (project :path_provider_android) (Thread[Execution worker,5,main]) started.
[        ] Resolve mutations for :path_provider_android:processDebugManifest (Thread[Execution worker,5,main]) started.
[        ] :path_provider_android:processDebugManifest (Thread[Execution worker,5,main]) started.
[        ] > Task :path_provider_android:processDebugManifest UP-TO-DATE
[        ] Caching disabled for task ':path_provider_android:processDebugManifest' because:
[        ]   Build cache is disabled
[        ] Skipping task ':path_provider_android:processDebugManifest' as it is up-to-date.
[        ] work action resolve AndroidManifest.xml (project :path_provider_android) (Thread[Execution worker,5,main]) started.
[        ] Resolve mutations for :permission_handler_android:extractDeepLinksDebug (Thread[Execution worker,5,main]) started.
[        ] :permission_handler_android:extractDeepLinksDebug (Thread[Execution worker,5,main]) started.
[        ] > Task :permission_handler_android:extractDeepLinksDebug UP-TO-DATE
[        ] Caching disabled for task ':permission_handler_android:extractDeepLinksDebug' because:
[        ]   Build cache is disabled
[        ] Skipping task ':permission_handler_android:extractDeepLinksDebug' as it is up-to-date.
[        ] work action resolve navigation.json (project :permission_handler_android) (Thread[Execution worker,5,main]) started.
[        ] Resolve mutations for :permission_handler_android:processDebugManifest (Thread[Execution worker,5,main]) started.
[        ] :permission_handler_android:processDebugManifest (Thread[Execution worker,5,main]) started.
[        ] > Task :permission_handler_android:processDebugManifest UP-TO-DATE
[        ] Caching disabled for task ':permission_handler_android:processDebugManifest' because:
[        ]   Build cache is disabled
[        ] Skipping task ':permission_handler_android:processDebugManifest' as it is up-to-date.
[        ] work action resolve AndroidManifest.xml (project :permission_handler_android) (Thread[Execution worker,5,main]) started.
[        ] Resolve mutations for :record_android:extractDeepLinksDebug (Thread[Execution worker,5,main]) started.
[        ] :record_android:extractDeepLinksDebug (Thread[Execution worker,5,main]) started.
[        ] > Task :record_android:extractDeepLinksDebug UP-TO-DATE
[        ] Caching disabled for task ':record_android:extractDeepLinksDebug' because:
[        ]   Build cache is disabled
[        ] Skipping task ':record_android:extractDeepLinksDebug' as it is up-to-date.
[        ] work action resolve navigation.json (project :record_android) (Thread[Execution worker,5,main]) started.
[        ] Resolve mutations for :record_android:processDebugManifest (Thread[Execution worker,5,main]) started.
[        ] :record_android:processDebugManifest (Thread[Execution worker,5,main]) started.
[        ] > Task :record_android:processDebugManifest UP-TO-DATE
[        ] Caching disabled for task ':record_android:processDebugManifest' because:
[        ]   Build cache is disabled
[        ] Skipping task ':record_android:processDebugManifest' as it is up-to-date.
[        ] work action resolve AndroidManifest.xml (project :record_android) (Thread[Execution worker,5,main]) started.
[        ] Resolve mutations for :sentry_flutter:extractDeepLinksDebug (Thread[Execution worker,5,main]) started.
[        ] :sentry_flutter:extractDeepLinksDebug (Thread[Execution worker,5,main]) started.
[        ] > Task :sentry_flutter:extractDeepLinksDebug UP-TO-DATE
[        ] Caching disabled for task ':sentry_flutter:extractDeepLinksDebug' because:
[        ]   Build cache is disabled
[        ] Skipping task ':sentry_flutter:extractDeepLinksDebug' as it is up-to-date.
[        ] work action resolve navigation.json (project :sentry_flutter) (Thread[Execution worker,5,main]) started.
[        ] Resolve mutations for :sentry_flutter:processDebugManifest (Thread[Execution worker,5,main]) started.
[        ] :sentry_flutter:processDebugManifest (Thread[Execution worker,5,main]) started.
[        ] > Task :sentry_flutter:processDebugManifest UP-TO-DATE
[        ] Caching disabled for task ':sentry_flutter:processDebugManifest' because:
[        ]   Build cache is disabled
[        ] Skipping task ':sentry_flutter:processDebugManifest' as it is up-to-date.
[        ] work action resolve AndroidManifest.xml (project :sentry_flutter) (Thread[Execution worker,5,main]) started.
[        ] Resolve mutations for :share_plus:extractDeepLinksDebug (Thread[Execution worker,5,main]) started.
[        ] :share_plus:extractDeepLinksDebug (Thread[Execution worker,5,main]) started.
[        ] > Task :share_plus:extractDeepLinksDebug UP-TO-DATE
[        ] Caching disabled for task ':share_plus:extractDeepLinksDebug' because:
[        ]   Build cache is disabled
[        ] Skipping task ':share_plus:extractDeepLinksDebug' as it is up-to-date.
[        ] work action resolve navigation.json (project :share_plus) (Thread[Execution worker,5,main]) started.
[        ] Resolve mutations for :share_plus:processDebugManifest (Thread[Execution worker,5,main]) started.
[        ] :share_plus:processDebugManifest (Thread[Execution worker,5,main]) started.
[        ] > Task :share_plus:processDebugManifest UP-TO-DATE
[        ] Caching disabled for task ':share_plus:processDebugManifest' because:
[        ]   Build cache is disabled
[        ] Skipping task ':share_plus:processDebugManifest' as it is up-to-date.
[        ] work action resolve AndroidManifest.xml (project :share_plus) (Thread[Execution worker,5,main]) started.
[        ] Resolve mutations for :shared_preferences_android:extractDeepLinksDebug (Thread[Execution worker,5,main]) started.
[        ] :shared_preferences_android:extractDeepLinksDebug (Thread[Execution worker,5,main]) started.
[        ] > Task :shared_preferences_android:extractDeepLinksDebug UP-TO-DATE
[        ] Caching disabled for task ':shared_preferences_android:extractDeepLinksDebug' because:
[        ]   Build cache is disabled
[        ] Skipping task ':shared_preferences_android:extractDeepLinksDebug' as it is up-to-date.
[        ] work action resolve navigation.json (project :shared_preferences_android) (Thread[Execution worker,5,main]) started.
[        ] Resolve mutations for :shared_preferences_android:processDebugManifest (Thread[Execution worker,5,main]) started.
[        ] :shared_preferences_android:processDebugManifest (Thread[Execution worker,5,main]) started.
[        ] > Task :shared_preferences_android:processDebugManifest UP-TO-DATE
[        ] Caching disabled for task ':shared_preferences_android:processDebugManifest' because:
[        ]   Build cache is disabled
[        ] Skipping task ':shared_preferences_android:processDebugManifest' as it is up-to-date.
[        ] work action resolve AndroidManifest.xml (project :shared_preferences_android) (Thread[Execution worker,5,main]) started.
[        ] Resolve mutations for :speech_to_text:extractDeepLinksDebug (Thread[Execution worker,5,main]) started.
[        ] :speech_to_text:extractDeepLinksDebug (Thread[Execution worker,5,main]) started.
[        ] > Task :speech_to_text:extractDeepLinksDebug UP-TO-DATE
[        ] Caching disabled for task ':speech_to_text:extractDeepLinksDebug' because:
[        ]   Build cache is disabled
[        ] Skipping task ':speech_to_text:extractDeepLinksDebug' as it is up-to-date.
[        ] work action resolve navigation.json (project :speech_to_text) (Thread[Execution worker,5,main]) started.
[        ] Resolve mutations for :speech_to_text:processDebugManifest (Thread[Execution worker,5,main]) started.
[        ] :speech_to_text:processDebugManifest (Thread[Execution worker,5,main]) started.
[        ] > Task :speech_to_text:processDebugManifest UP-TO-DATE
[        ] Caching disabled for task ':speech_to_text:processDebugManifest' because:
[        ]   Build cache is disabled
[        ] Skipping task ':speech_to_text:processDebugManifest' as it is up-to-date.
[        ] work action resolve AndroidManifest.xml (project :speech_to_text) (Thread[Execution worker,5,main]) started.
[        ] Resolve mutations for :url_launcher_android:extractDeepLinksDebug (Thread[Execution worker,5,main]) started.
[        ] :url_launcher_android:extractDeepLinksDebug (Thread[Execution worker,5,main]) started.
[        ] > Task :url_launcher_android:extractDeepLinksDebug UP-TO-DATE
[        ] Caching disabled for task ':url_launcher_android:extractDeepLinksDebug' because:
[        ]   Build cache is disabled
[        ] Skipping task ':url_launcher_android:extractDeepLinksDebug' as it is up-to-date.
[        ] work action resolve navigation.json (project :url_launcher_android) (Thread[Execution worker,5,main]) started.
[        ] Resolve mutations for :url_launcher_android:processDebugManifest (Thread[Execution worker,5,main]) started.
[        ] :url_launcher_android:processDebugManifest (Thread[Execution worker,5,main]) started.
[        ] > Task :url_launcher_android:processDebugManifest UP-TO-DATE
[        ] Caching disabled for task ':url_launcher_android:processDebugManifest' because:
[        ]   Build cache is disabled
[        ] Skipping task ':url_launcher_android:processDebugManifest' as it is up-to-date.
[        ] work action resolve AndroidManifest.xml (project :url_launcher_android) (Thread[Execution worker,5,main]) started.
[        ] Resolve mutations for :workmanager_android:extractDeepLinksDebug (Thread[Execution worker,5,main]) started.
[        ] :workmanager_android:extractDeepLinksDebug (Thread[Execution worker,5,main]) started.
[        ] > Task :workmanager_android:extractDeepLinksDebug UP-TO-DATE
[        ] Caching disabled for task ':workmanager_android:extractDeepLinksDebug' because:
[        ]   Build cache is disabled
[        ] Skipping task ':workmanager_android:extractDeepLinksDebug' as it is up-to-date.
[        ] work action resolve navigation.json (project :workmanager_android) (Thread[Execution worker,5,main]) started.
[        ] Resolve mutations for :workmanager_android:processDebugManifest (Thread[Execution worker,5,main]) started.
[        ] :workmanager_android:processDebugManifest (Thread[Execution worker,5,main]) started.
[        ] > Task :workmanager_android:processDebugManifest UP-TO-DATE
[        ] Caching disabled for task ':workmanager_android:processDebugManifest' because:
[        ]   Build cache is disabled
[        ] Skipping task ':workmanager_android:processDebugManifest' as it is up-to-date.
[        ] work action resolve AndroidManifest.xml (project :workmanager_android) (Thread[Execution worker,5,main]) started.
[        ] Resolve mutations for :app:processDebugMainManifest (Thread[Execution worker,5,main]) started.
[        ] :app:processDebugMainManifest (Thread[Execution worker,5,main]) started.
[        ] > Task :app:processDebugMainManifest UP-TO-DATE
[        ] Caching disabled for task ':app:processDebugMainManifest' because:
[        ]   Build cache is disabled
[        ] Skipping task ':app:processDebugMainManifest' as it is up-to-date.
[        ] Resolve mutations for :app:outputDebugAppLinkSettings (Thread[Execution worker,5,main]) started.
[        ] :app:outputDebugAppLinkSettings (Thread[Execution worker,5,main]) started.
[        ] > Task :app:outputDebugAppLinkSettings UP-TO-DATE
[        ] Caching disabled for task ':app:outputDebugAppLinkSettings' because:
[        ]   Build cache is disabled
[        ]   Caching has not been enabled for the task
[        ] Skipping task ':app:outputDebugAppLinkSettings' as it is up-to-date.
[        ] Resolve mutations for :app:processDebugManifest (Thread[Execution worker Thread 4,5,main]) started.
[        ] :app:processDebugManifest (Thread[Execution worker Thread 4,5,main]) started.
[  +77 ms] > Task :app:processDebugManifest UP-TO-DATE
[        ] Caching disabled for task ':app:processDebugManifest' because:
[        ]   Build cache is disabled
[        ] Skipping task ':app:processDebugManifest' as it is up-to-date.
[        ] Resolve mutations for :app:processDebugManifestForPackage (Thread[Execution worker Thread 4,5,main]) started.
[        ] :app:processDebugManifestForPackage (Thread[Execution worker Thread 4,5,main]) started.
[        ] > Task :app:processDebugManifestForPackage UP-TO-DATE
[        ] Custom actions are attached to task ':app:processDebugManifestForPackage'.
[        ] Caching disabled for task ':app:processDebugManifestForPackage' because:
[        ]   Build cache is disabled
[        ] Skipping task ':app:processDebugManifestForPackage' as it is up-to-date.
[        ] Resolve mutations for :app_links:compileDebugLibraryResources (Thread[Execution worker Thread 4,5,main]) started.
[        ] :app_links:compileDebugLibraryResources (Thread[Execution worker Thread 4,5,main]) started.
[        ] > Task :app_links:compileDebugLibraryResources UP-TO-DATE
[        ] Caching disabled for task ':app_links:compileDebugLibraryResources' because:
[        ]   Build cache is disabled
[        ] Skipping task ':app_links:compileDebugLibraryResources' as it is up-to-date.
[        ] work action resolve out (project :app_links) (Thread[Execution worker Thread 4,5,main]) started.
[        ] Resolve mutations for :app_links:parseDebugLocalResources (Thread[Execution worker Thread 4,5,main]) started.
[        ] :app_links:parseDebugLocalResources (Thread[Execution worker Thread 4,5,main]) started.
[        ] > Task :app_links:parseDebugLocalResources UP-TO-DATE
[        ] Caching disabled for task ':app_links:parseDebugLocalResources' because:
[        ]   Build cache is disabled
[        ] Skipping task ':app_links:parseDebugLocalResources' as it is up-to-date.
[        ] Resolve mutations for :app_links:generateDebugRFile (Thread[Execution worker Thread 3,5,main]) started.
[        ] :app_links:generateDebugRFile (Thread[Execution worker Thread 3,5,main]) started.
[        ] > Task :app_links:generateDebugRFile UP-TO-DATE
[        ] Caching disabled for task ':app_links:generateDebugRFile' because:
[        ]   Build cache is disabled
[        ] Skipping task ':app_links:generateDebugRFile' as it is up-to-date.
[        ] work action resolve package-aware-r.txt (project :app_links) (Thread[Execution worker Thread 3,5,main]) started.
[        ] Resolve mutations for :audio_session:compileDebugLibraryResources (Thread[Execution worker Thread 3,5,main]) started.
[        ] :audio_session:compileDebugLibraryResources (Thread[Execution worker Thread 3,5,main]) started.
[        ] > Task :audio_session:compileDebugLibraryResources UP-TO-DATE
[        ] Caching disabled for task ':audio_session:compileDebugLibraryResources' because:
[        ]   Build cache is disabled
[        ] Skipping task ':audio_session:compileDebugLibraryResources' as it is up-to-date.
[        ] work action resolve out (project :audio_session) (Thread[Execution worker Thread 3,5,main]) started.
[        ] Resolve mutations for :audio_session:parseDebugLocalResources (Thread[Execution worker Thread 3,5,main]) started.
[        ] :audio_session:parseDebugLocalResources (Thread[Execution worker Thread 4,5,main]) started.
[        ] > Task :audio_session:parseDebugLocalResources UP-TO-DATE
[        ] Caching disabled for task ':audio_session:parseDebugLocalResources' because:
[        ]   Build cache is disabled
[        ] Skipping task ':audio_session:parseDebugLocalResources' as it is up-to-date.
[        ] Resolve mutations for :audio_session:generateDebugRFile (Thread[Execution worker Thread 4,5,main]) started.
[        ] :audio_session:generateDebugRFile (Thread[Execution worker Thread 4,5,main]) started.
[        ] > Task :audio_session:generateDebugRFile UP-TO-DATE
[        ] Caching disabled for task ':audio_session:generateDebugRFile' because:
[        ]   Build cache is disabled
[        ] Skipping task ':audio_session:generateDebugRFile' as it is up-to-date.
[        ] work action resolve package-aware-r.txt (project :audio_session) (Thread[Execution worker Thread 4,5,main]) started.
[        ] Resolve mutations for :battery_plus:compileDebugLibraryResources (Thread[Execution worker Thread 4,5,main]) started.
[        ] :battery_plus:compileDebugLibraryResources (Thread[Execution worker Thread 4,5,main]) started.
[        ] > Task :battery_plus:compileDebugLibraryResources UP-TO-DATE
[        ] Caching disabled for task ':battery_plus:compileDebugLibraryResources' because:
[        ]   Build cache is disabled
[        ] Skipping task ':battery_plus:compileDebugLibraryResources' as it is up-to-date.
[        ] work action resolve out (project :battery_plus) (Thread[Execution worker Thread 4,5,main]) started.
[        ] Resolve mutations for :battery_plus:parseDebugLocalResources (Thread[Execution worker Thread 4,5,main]) started.
[        ] :battery_plus:parseDebugLocalResources (Thread[Execution worker Thread 4,5,main]) started.
[        ] > Task :battery_plus:parseDebugLocalResources UP-TO-DATE
[        ] Caching disabled for task ':battery_plus:parseDebugLocalResources' because:
[        ]   Build cache is disabled
[        ] Skipping task ':battery_plus:parseDebugLocalResources' as it is up-to-date.
[        ] Resolve mutations for :battery_plus:generateDebugRFile (Thread[Execution worker Thread 4,5,main]) started.
[        ] :battery_plus:generateDebugRFile (Thread[Execution worker Thread 4,5,main]) started.
[        ] > Task :battery_plus:generateDebugRFile UP-TO-DATE
[        ] Caching disabled for task ':battery_plus:generateDebugRFile' because:
[        ]   Build cache is disabled
[        ] Skipping task ':battery_plus:generateDebugRFile' as it is up-to-date.
[        ] work action resolve package-aware-r.txt (project :battery_plus) (Thread[Execution worker Thread 4,5,main]) started.
[        ] Resolve mutations for :connectivity_plus:compileDebugLibraryResources (Thread[Execution worker Thread 4,5,main]) started.
[        ] :connectivity_plus:compileDebugLibraryResources (Thread[Execution worker Thread 4,5,main]) started.
[        ] > Task :connectivity_plus:compileDebugLibraryResources UP-TO-DATE
[        ] Caching disabled for task ':connectivity_plus:compileDebugLibraryResources' because:
[        ]   Build cache is disabled
[        ] Skipping task ':connectivity_plus:compileDebugLibraryResources' as it is up-to-date.
[        ] work action resolve out (project :connectivity_plus) (Thread[Execution worker Thread 4,5,main]) started.
[        ] Resolve mutations for :connectivity_plus:parseDebugLocalResources (Thread[Execution worker Thread 4,5,main]) started.
[        ] :connectivity_plus:parseDebugLocalResources (Thread[Execution worker Thread 4,5,main]) started.
[        ] > Task :connectivity_plus:parseDebugLocalResources UP-TO-DATE
[        ] Caching disabled for task ':connectivity_plus:parseDebugLocalResources' because:
[        ]   Build cache is disabled
[        ] Skipping task ':connectivity_plus:parseDebugLocalResources' as it is up-to-date.
[        ] Resolve mutations for :connectivity_plus:generateDebugRFile (Thread[Execution worker Thread 4,5,main]) started.
[        ] :connectivity_plus:generateDebugRFile (Thread[Execution worker Thread 4,5,main]) started.
[        ] > Task :connectivity_plus:generateDebugRFile UP-TO-DATE
[        ] Caching disabled for task ':connectivity_plus:generateDebugRFile' because:
[        ]   Build cache is disabled
[        ] Skipping task ':connectivity_plus:generateDebugRFile' as it is up-to-date.
[        ] work action resolve package-aware-r.txt (project :connectivity_plus) (Thread[Execution worker Thread 4,5,main]) started.
[        ] Resolve mutations for :device_info_plus:compileDebugLibraryResources (Thread[Execution worker Thread 4,5,main]) started.
[        ] :device_info_plus:compileDebugLibraryResources (Thread[Execution worker Thread 4,5,main]) started.
[        ] > Task :device_info_plus:compileDebugLibraryResources UP-TO-DATE
[        ] Caching disabled for task ':device_info_plus:compileDebugLibraryResources' because:
[        ]   Build cache is disabled
[        ] Skipping task ':device_info_plus:compileDebugLibraryResources' as it is up-to-date.
[        ] work action resolve out (project :device_info_plus) (Thread[Execution worker Thread 4,5,main]) started.
[        ] Resolve mutations for :device_info_plus:parseDebugLocalResources (Thread[Execution worker Thread 4,5,main]) started.
[        ] :device_info_plus:parseDebugLocalResources (Thread[Execution worker Thread 4,5,main]) started.
[        ] > Task :device_info_plus:parseDebugLocalResources UP-TO-DATE
[        ] Caching disabled for task ':device_info_plus:parseDebugLocalResources' because:
[        ]   Build cache is disabled
[        ] Skipping task ':device_info_plus:parseDebugLocalResources' as it is up-to-date.
[        ] Resolve mutations for :device_info_plus:generateDebugRFile (Thread[Execution worker Thread 4,5,main]) started.
[        ] :device_info_plus:generateDebugRFile (Thread[Execution worker Thread 4,5,main]) started.
[        ] > Task :device_info_plus:generateDebugRFile UP-TO-DATE
[        ] Caching disabled for task ':device_info_plus:generateDebugRFile' because:
[        ]   Build cache is disabled
[        ] Skipping task ':device_info_plus:generateDebugRFile' as it is up-to-date.
[        ] work action resolve package-aware-r.txt (project :device_info_plus) (Thread[Execution worker Thread 4,5,main]) started.
[        ] Resolve mutations for :flutter_local_notifications:compileDebugLibraryResources (Thread[Execution worker Thread 4,5,main]) started.
[        ] :flutter_local_notifications:compileDebugLibraryResources (Thread[Execution worker Thread 4,5,main]) started.
[        ] > Task :flutter_local_notifications:compileDebugLibraryResources UP-TO-DATE
[        ] Caching disabled for task ':flutter_local_notifications:compileDebugLibraryResources' because:
[        ]   Build cache is disabled
[        ] Skipping task ':flutter_local_notifications:compileDebugLibraryResources' as it is up-to-date.
[        ] work action resolve out (project :flutter_local_notifications) (Thread[Execution worker Thread 4,5,main]) started.
[        ] Resolve mutations for :flutter_local_notifications:parseDebugLocalResources (Thread[Execution worker Thread 4,5,main]) started.
[        ] :flutter_local_notifications:parseDebugLocalResources (Thread[Execution worker Thread 4,5,main]) started.
[        ] > Task :flutter_local_notifications:parseDebugLocalResources UP-TO-DATE
[        ] Caching disabled for task ':flutter_local_notifications:parseDebugLocalResources' because:
[        ]   Build cache is disabled
[        ] Skipping task ':flutter_local_notifications:parseDebugLocalResources' as it is up-to-date.
[        ] Resolve mutations for :flutter_local_notifications:generateDebugRFile (Thread[Execution worker Thread 4,5,main]) started.
[        ] :flutter_local_notifications:generateDebugRFile (Thread[Execution worker Thread 4,5,main]) started.
[        ] > Task :flutter_local_notifications:generateDebugRFile UP-TO-DATE
[        ] Caching disabled for task ':flutter_local_notifications:generateDebugRFile' because:
[        ]   Build cache is disabled
[        ] Skipping task ':flutter_local_notifications:generateDebugRFile' as it is up-to-date.
[        ] work action resolve package-aware-r.txt (project :flutter_local_notifications) (Thread[Execution worker Thread 4,5,main]) started.
[        ] Resolve mutations for :flutter_native_splash:compileDebugLibraryResources (Thread[Execution worker Thread 4,5,main]) started.
[        ] :flutter_native_splash:compileDebugLibraryResources (Thread[Execution worker Thread 4,5,main]) started.
[        ] > Task :flutter_native_splash:compileDebugLibraryResources UP-TO-DATE
[        ] Caching disabled for task ':flutter_native_splash:compileDebugLibraryResources' because:
[        ]   Build cache is disabled
[        ] Skipping task ':flutter_native_splash:compileDebugLibraryResources' as it is up-to-date.
[        ] work action resolve out (project :flutter_native_splash) (Thread[Execution worker Thread 4,5,main]) started.
[        ] Resolve mutations for :flutter_native_splash:parseDebugLocalResources (Thread[Execution worker Thread 4,5,main]) started.
[        ] :flutter_native_splash:parseDebugLocalResources (Thread[Execution worker Thread 4,5,main]) started.
[        ] > Task :flutter_native_splash:parseDebugLocalResources UP-TO-DATE
[        ] Caching disabled for task ':flutter_native_splash:parseDebugLocalResources' because:
[        ]   Build cache is disabled
[        ] Skipping task ':flutter_native_splash:parseDebugLocalResources' as it is up-to-date.
[        ] Resolve mutations for :flutter_native_splash:generateDebugRFile (Thread[Execution worker Thread 5,5,main]) started.
[        ] :flutter_native_splash:generateDebugRFile (Thread[Execution worker Thread 5,5,main]) started.
[        ] > Task :flutter_native_splash:generateDebugRFile UP-TO-DATE
[        ] Caching disabled for task ':flutter_native_splash:generateDebugRFile' because:
[        ]   Build cache is disabled
[        ] Skipping task ':flutter_native_splash:generateDebugRFile' as it is up-to-date.
[        ] work action resolve package-aware-r.txt (project :flutter_native_splash) (Thread[Execution worker Thread 5,5,main]) started.
[        ] Resolve mutations for :flutter_plugin_android_lifecycle:compileDebugLibraryResources (Thread[Execution worker Thread 5,5,main]) started.
[        ] :flutter_plugin_android_lifecycle:compileDebugLibraryResources (Thread[Execution worker Thread 5,5,main]) started.
[        ] > Task :flutter_plugin_android_lifecycle:compileDebugLibraryResources UP-TO-DATE
[        ] Caching disabled for task ':flutter_plugin_android_lifecycle:compileDebugLibraryResources' because:
[        ]   Build cache is disabled
[        ] Skipping task ':flutter_plugin_android_lifecycle:compileDebugLibraryResources' as it is up-to-date.
[        ] work action resolve out (project :flutter_plugin_android_lifecycle) (Thread[Execution worker Thread 5,5,main]) started.
[        ] Resolve mutations for :flutter_plugin_android_lifecycle:parseDebugLocalResources (Thread[Execution worker Thread 5,5,main]) started.
[        ] :flutter_plugin_android_lifecycle:parseDebugLocalResources (Thread[Execution worker Thread 5,5,main]) started.
[        ] > Task :flutter_plugin_android_lifecycle:parseDebugLocalResources UP-TO-DATE
[        ] Caching disabled for task ':flutter_plugin_android_lifecycle:parseDebugLocalResources' because:
[        ]   Build cache is disabled
[        ] Skipping task ':flutter_plugin_android_lifecycle:parseDebugLocalResources' as it is up-to-date.
[        ] Resolve mutations for :flutter_plugin_android_lifecycle:generateDebugRFile (Thread[Execution worker Thread 5,5,main]) started.
[        ] :flutter_plugin_android_lifecycle:generateDebugRFile (Thread[Execution worker Thread 5,5,main]) started.
[        ] > Task :flutter_plugin_android_lifecycle:generateDebugRFile UP-TO-DATE
[        ] Caching disabled for task ':flutter_plugin_android_lifecycle:generateDebugRFile' because:
[        ]   Build cache is disabled
[        ] Skipping task ':flutter_plugin_android_lifecycle:generateDebugRFile' as it is up-to-date.
[        ] work action resolve package-aware-r.txt (project :flutter_plugin_android_lifecycle) (Thread[Execution worker Thread 5,5,main]) started.
[        ] Resolve mutations for :flutter_secure_storage:compileDebugLibraryResources (Thread[Execution worker Thread 5,5,main]) started.
[        ] :flutter_secure_storage:compileDebugLibraryResources (Thread[Execution worker Thread 5,5,main]) started.
[        ] > Task :flutter_secure_storage:compileDebugLibraryResources UP-TO-DATE
[        ] Caching disabled for task ':flutter_secure_storage:compileDebugLibraryResources' because:
[        ]   Build cache is disabled
[        ] Skipping task ':flutter_secure_storage:compileDebugLibraryResources' as it is up-to-date.
[        ] work action resolve out (project :flutter_secure_storage) (Thread[Execution worker Thread 5,5,main]) started.
[        ] Resolve mutations for :flutter_secure_storage:parseDebugLocalResources (Thread[Execution worker Thread 5,5,main]) started.
[        ] :flutter_secure_storage:parseDebugLocalResources (Thread[Execution worker Thread 5,5,main]) started.
[        ] > Task :flutter_secure_storage:parseDebugLocalResources UP-TO-DATE
[        ] Caching disabled for task ':flutter_secure_storage:parseDebugLocalResources' because:
[        ]   Build cache is disabled
[        ] Skipping task ':flutter_secure_storage:parseDebugLocalResources' as it is up-to-date.
[        ] Resolve mutations for :flutter_secure_storage:generateDebugRFile (Thread[Execution worker Thread 5,5,main]) started.
[        ] :flutter_secure_storage:generateDebugRFile (Thread[Execution worker Thread 5,5,main]) started.
[        ] > Task :flutter_secure_storage:generateDebugRFile UP-TO-DATE
[        ] Caching disabled for task ':flutter_secure_storage:generateDebugRFile' because:
[        ]   Build cache is disabled
[        ] Skipping task ':flutter_secure_storage:generateDebugRFile' as it is up-to-date.
[        ] work action resolve package-aware-r.txt (project :flutter_secure_storage) (Thread[Execution worker Thread 5,5,main]) started.
[        ] Resolve mutations for :haptic_feedback:compileDebugLibraryResources (Thread[Execution worker Thread 5,5,main]) started.
[        ] :haptic_feedback:compileDebugLibraryResources (Thread[Execution worker Thread 5,5,main]) started.
[        ] > Task :haptic_feedback:compileDebugLibraryResources UP-TO-DATE
[        ] Caching disabled for task ':haptic_feedback:compileDebugLibraryResources' because:
[        ]   Build cache is disabled
[        ] Skipping task ':haptic_feedback:compileDebugLibraryResources' as it is up-to-date.
[        ] work action resolve out (project :haptic_feedback) (Thread[Execution worker Thread 5,5,main]) started.
[        ] Resolve mutations for :haptic_feedback:parseDebugLocalResources (Thread[Execution worker Thread 5,5,main]) started.
[        ] :haptic_feedback:parseDebugLocalResources (Thread[Execution worker Thread 5,5,main]) started.
[        ] > Task :haptic_feedback:parseDebugLocalResources UP-TO-DATE
[        ] Caching disabled for task ':haptic_feedback:parseDebugLocalResources' because:
[        ]   Build cache is disabled
[        ] Skipping task ':haptic_feedback:parseDebugLocalResources' as it is up-to-date.
[        ] Resolve mutations for :haptic_feedback:generateDebugRFile (Thread[Execution worker Thread 5,5,main]) started.
[        ] :haptic_feedback:generateDebugRFile (Thread[Execution worker Thread 5,5,main]) started.
[        ] > Task :haptic_feedback:generateDebugRFile UP-TO-DATE
[        ] Caching disabled for task ':haptic_feedback:generateDebugRFile' because:
[        ]   Build cache is disabled
[        ] Skipping task ':haptic_feedback:generateDebugRFile' as it is up-to-date.
[        ] work action resolve package-aware-r.txt (project :haptic_feedback) (Thread[Execution worker Thread 5,5,main]) started.
[        ] Resolve mutations for :integration_test:compileDebugLibraryResources (Thread[Execution worker Thread 5,5,main]) started.
[        ] :integration_test:compileDebugLibraryResources (Thread[Execution worker Thread 5,5,main]) started.
[        ] > Task :integration_test:compileDebugLibraryResources UP-TO-DATE
[        ] Caching disabled for task ':integration_test:compileDebugLibraryResources' because:
[        ]   Build cache is disabled
[        ] Skipping task ':integration_test:compileDebugLibraryResources' as it is up-to-date.
[        ] work action resolve out (project :integration_test) (Thread[Execution worker Thread 5,5,main]) started.
[        ] Resolve mutations for :integration_test:parseDebugLocalResources (Thread[Execution worker Thread 5,5,main]) started.
[        ] :integration_test:parseDebugLocalResources (Thread[Execution worker Thread 5,5,main]) started.
[        ] > Task :integration_test:parseDebugLocalResources UP-TO-DATE
[        ] Caching disabled for task ':integration_test:parseDebugLocalResources' because:
[        ]   Build cache is disabled
[        ] Skipping task ':integration_test:parseDebugLocalResources' as it is up-to-date.
[        ] Resolve mutations for :integration_test:generateDebugRFile (Thread[Execution worker Thread 5,5,main]) started.
[        ] :integration_test:generateDebugRFile (Thread[Execution worker Thread 5,5,main]) started.
[        ] > Task :integration_test:generateDebugRFile UP-TO-DATE
[        ] Caching disabled for task ':integration_test:generateDebugRFile' because:
[        ]   Build cache is disabled
[        ] Skipping task ':integration_test:generateDebugRFile' as it is up-to-date.
[        ] work action resolve package-aware-r.txt (project :integration_test) (Thread[Execution worker Thread 5,5,main]) started.
[        ] Resolve mutations for :jni:compileDebugLibraryResources (Thread[Execution worker Thread 5,5,main]) started.
[        ] :jni:compileDebugLibraryResources (Thread[Execution worker Thread 5,5,main]) started.
[        ] > Task :jni:compileDebugLibraryResources UP-TO-DATE
[        ] Caching disabled for task ':jni:compileDebugLibraryResources' because:
[        ]   Build cache is disabled
[        ] Skipping task ':jni:compileDebugLibraryResources' as it is up-to-date.
[        ] work action resolve out (project :jni) (Thread[Execution worker Thread 5,5,main]) started.
[        ] Resolve mutations for :jni:parseDebugLocalResources (Thread[Execution worker Thread 5,5,main]) started.
[        ] :jni:parseDebugLocalResources (Thread[Execution worker Thread 5,5,main]) started.
[        ] > Task :jni:parseDebugLocalResources UP-TO-DATE
[        ] Caching disabled for task ':jni:parseDebugLocalResources' because:
[        ]   Build cache is disabled
[        ] Skipping task ':jni:parseDebugLocalResources' as it is up-to-date.
[        ] Resolve mutations for :jni:generateDebugRFile (Thread[Execution worker Thread 4,5,main]) started.
[        ] :jni:generateDebugRFile (Thread[Execution worker Thread 4,5,main]) started.
[        ] > Task :jni:generateDebugRFile UP-TO-DATE
[        ] Caching disabled for task ':jni:generateDebugRFile' because:
[        ]   Build cache is disabled
[        ] Skipping task ':jni:generateDebugRFile' as it is up-to-date.
[        ] work action resolve package-aware-r.txt (project :jni) (Thread[Execution worker Thread 4,5,main]) started.
[        ] Resolve mutations for :just_audio:compileDebugLibraryResources (Thread[Execution worker Thread 4,5,main]) started.
[        ] :just_audio:compileDebugLibraryResources (Thread[Execution worker Thread 4,5,main]) started.
[        ] > Task :just_audio:compileDebugLibraryResources UP-TO-DATE
[        ] Caching disabled for task ':just_audio:compileDebugLibraryResources' because:
[        ]   Build cache is disabled
[        ] Skipping task ':just_audio:compileDebugLibraryResources' as it is up-to-date.
[        ] work action resolve out (project :just_audio) (Thread[Execution worker Thread 4,5,main]) started.
[        ] Resolve mutations for :just_audio:parseDebugLocalResources (Thread[Execution worker Thread 4,5,main]) started.
[        ] :just_audio:parseDebugLocalResources (Thread[Execution worker Thread 4,5,main]) started.
[        ] > Task :just_audio:parseDebugLocalResources UP-TO-DATE
[        ] Caching disabled for task ':just_audio:parseDebugLocalResources' because:
[        ]   Build cache is disabled
[        ] Skipping task ':just_audio:parseDebugLocalResources' as it is up-to-date.
[        ] Resolve mutations for :just_audio:generateDebugRFile (Thread[Execution worker Thread 4,5,main]) started.
[        ] :just_audio:generateDebugRFile (Thread[Execution worker Thread 4,5,main]) started.
[        ] > Task :just_audio:generateDebugRFile UP-TO-DATE
[        ] Caching disabled for task ':just_audio:generateDebugRFile' because:
[        ]   Build cache is disabled
[        ] Skipping task ':just_audio:generateDebugRFile' as it is up-to-date.
[        ] work action resolve package-aware-r.txt (project :just_audio) (Thread[Execution worker Thread 4,5,main]) started.
[        ] Resolve mutations for :local_auth_android:compileDebugLibraryResources (Thread[Execution worker Thread 4,5,main]) started.
[        ] :local_auth_android:compileDebugLibraryResources (Thread[Execution worker Thread 4,5,main]) started.
[        ] > Task :local_auth_android:compileDebugLibraryResources UP-TO-DATE
[        ] Caching disabled for task ':local_auth_android:compileDebugLibraryResources' because:
[        ]   Build cache is disabled
[        ] Skipping task ':local_auth_android:compileDebugLibraryResources' as it is up-to-date.
[        ] work action resolve out (project :local_auth_android) (Thread[Execution worker Thread 4,5,main]) started.
[        ] Resolve mutations for :local_auth_android:parseDebugLocalResources (Thread[Execution worker Thread 4,5,main]) started.
[        ] :local_auth_android:parseDebugLocalResources (Thread[Execution worker Thread 4,5,main]) started.
[        ] > Task :local_auth_android:parseDebugLocalResources UP-TO-DATE
[        ] Caching disabled for task ':local_auth_android:parseDebugLocalResources' because:
[        ]   Build cache is disabled
[        ] Skipping task ':local_auth_android:parseDebugLocalResources' as it is up-to-date.
[        ] Resolve mutations for :local_auth_android:generateDebugRFile (Thread[Execution worker Thread 4,5,main]) started.
[        ] :local_auth_android:generateDebugRFile (Thread[Execution worker Thread 4,5,main]) started.
[        ] > Task :local_auth_android:generateDebugRFile UP-TO-DATE
[        ] Caching disabled for task ':local_auth_android:generateDebugRFile' because:
[        ]   Build cache is disabled
[        ] Skipping task ':local_auth_android:generateDebugRFile' as it is up-to-date.
[        ] work action resolve package-aware-r.txt (project :local_auth_android) (Thread[Execution worker Thread 4,5,main]) started.
[        ] Resolve mutations for :package_info_plus:compileDebugLibraryResources (Thread[Execution worker Thread 4,5,main]) started.
[        ] :package_info_plus:compileDebugLibraryResources (Thread[Execution worker Thread 4,5,main]) started.
[        ] > Task :package_info_plus:compileDebugLibraryResources UP-TO-DATE
[        ] Caching disabled for task ':package_info_plus:compileDebugLibraryResources' because:
[        ]   Build cache is disabled
[        ] Skipping task ':package_info_plus:compileDebugLibraryResources' as it is up-to-date.
[        ] work action resolve out (project :package_info_plus) (Thread[Execution worker Thread 4,5,main]) started.
[        ] Resolve mutations for :package_info_plus:parseDebugLocalResources (Thread[Execution worker Thread 4,5,main]) started.
[        ] :package_info_plus:parseDebugLocalResources (Thread[Execution worker Thread 4,5,main]) started.
[        ] > Task :package_info_plus:parseDebugLocalResources UP-TO-DATE
[        ] Caching disabled for task ':package_info_plus:parseDebugLocalResources' because:
[        ]   Build cache is disabled
[        ] Skipping task ':package_info_plus:parseDebugLocalResources' as it is up-to-date.
[        ] Resolve mutations for :package_info_plus:generateDebugRFile (Thread[Execution worker Thread 4,5,main]) started.
[        ] :package_info_plus:generateDebugRFile (Thread[Execution worker Thread 4,5,main]) started.
[  +69 ms] > Task :package_info_plus:generateDebugRFile UP-TO-DATE
[        ] Caching disabled for task ':package_info_plus:generateDebugRFile' because:
[        ]   Build cache is disabled
[        ] Skipping task ':package_info_plus:generateDebugRFile' as it is up-to-date.
[        ] work action resolve package-aware-r.txt (project :package_info_plus) (Thread[Execution worker Thread 4,5,main]) started.
[        ] Resolve mutations for :path_provider_android:compileDebugLibraryResources (Thread[Execution worker Thread 4,5,main]) started.
[        ] :path_provider_android:compileDebugLibraryResources (Thread[Execution worker Thread 4,5,main]) started.
[        ] > Task :path_provider_android:compileDebugLibraryResources UP-TO-DATE
[        ] Caching disabled for task ':path_provider_android:compileDebugLibraryResources' because:
[        ]   Build cache is disabled
[        ] Skipping task ':path_provider_android:compileDebugLibraryResources' as it is up-to-date.
[        ] work action resolve out (project :path_provider_android) (Thread[Execution worker Thread 4,5,main]) started.
[        ] Resolve mutations for :path_provider_android:parseDebugLocalResources (Thread[Execution worker Thread 4,5,main]) started.
[        ] :path_provider_android:parseDebugLocalResources (Thread[Execution worker Thread 4,5,main]) started.
[        ] > Task :path_provider_android:parseDebugLocalResources UP-TO-DATE
[        ] Caching disabled for task ':path_provider_android:parseDebugLocalResources' because:
[        ]   Build cache is disabled
[        ] Skipping task ':path_provider_android:parseDebugLocalResources' as it is up-to-date.
[        ] Resolve mutations for :path_provider_android:generateDebugRFile (Thread[Execution worker Thread 4,5,main]) started.
[        ] :path_provider_android:generateDebugRFile (Thread[Execution worker Thread 4,5,main]) started.
[        ] > Task :path_provider_android:generateDebugRFile UP-TO-DATE
[        ] Caching disabled for task ':path_provider_android:generateDebugRFile' because:
[        ]   Build cache is disabled
[        ] Skipping task ':path_provider_android:generateDebugRFile' as it is up-to-date.
[        ] work action resolve package-aware-r.txt (project :path_provider_android) (Thread[Execution worker Thread 4,5,main]) started.
[        ] Resolve mutations for :permission_handler_android:compileDebugLibraryResources (Thread[Execution worker Thread 4,5,main]) started.
[        ] :permission_handler_android:compileDebugLibraryResources (Thread[Execution worker Thread 4,5,main]) started.
[        ] > Task :permission_handler_android:compileDebugLibraryResources UP-TO-DATE
[        ] Caching disabled for task ':permission_handler_android:compileDebugLibraryResources' because:
[        ]   Build cache is disabled
[        ] Skipping task ':permission_handler_android:compileDebugLibraryResources' as it is up-to-date.
[        ] work action resolve out (project :permission_handler_android) (Thread[Execution worker Thread 4,5,main]) started.
[        ] Resolve mutations for :permission_handler_android:parseDebugLocalResources (Thread[Execution worker Thread 4,5,main]) started.
[        ] :permission_handler_android:parseDebugLocalResources (Thread[Execution worker Thread 4,5,main]) started.
[        ] > Task :permission_handler_android:parseDebugLocalResources UP-TO-DATE
[        ] Caching disabled for task ':permission_handler_android:parseDebugLocalResources' because:
[        ]   Build cache is disabled
[        ] Skipping task ':permission_handler_android:parseDebugLocalResources' as it is up-to-date.
[        ] Resolve mutations for :permission_handler_android:generateDebugRFile (Thread[Execution worker Thread 4,5,main]) started.
[        ] :permission_handler_android:generateDebugRFile (Thread[Execution worker Thread 4,5,main]) started.
[        ] > Task :permission_handler_android:generateDebugRFile UP-TO-DATE
[        ] Caching disabled for task ':permission_handler_android:generateDebugRFile' because:
[        ]   Build cache is disabled
[        ] Skipping task ':permission_handler_android:generateDebugRFile' as it is up-to-date.
[        ] work action resolve package-aware-r.txt (project :permission_handler_android) (Thread[Execution worker Thread 4,5,main]) started.
[        ] Resolve mutations for :record_android:compileDebugLibraryResources (Thread[Execution worker Thread 4,5,main]) started.
[        ] :record_android:compileDebugLibraryResources (Thread[Execution worker Thread 4,5,main]) started.
[        ] > Task :record_android:compileDebugLibraryResources UP-TO-DATE
[        ] Caching disabled for task ':record_android:compileDebugLibraryResources' because:
[        ]   Build cache is disabled
[        ] Skipping task ':record_android:compileDebugLibraryResources' as it is up-to-date.
[        ] work action resolve out (project :record_android) (Thread[Execution worker Thread 4,5,main]) started.
[        ] Resolve mutations for :record_android:parseDebugLocalResources (Thread[Execution worker Thread 4,5,main]) started.
[        ] :record_android:parseDebugLocalResources (Thread[Execution worker Thread 4,5,main]) started.
[        ] > Task :record_android:parseDebugLocalResources UP-TO-DATE
[        ] Caching disabled for task ':record_android:parseDebugLocalResources' because:
[        ]   Build cache is disabled
[        ] Skipping task ':record_android:parseDebugLocalResources' as it is up-to-date.
[        ] Resolve mutations for :record_android:generateDebugRFile (Thread[Execution worker Thread 4,5,main]) started.
[        ] :record_android:generateDebugRFile (Thread[Execution worker Thread 4,5,main]) started.
[        ] > Task :record_android:generateDebugRFile UP-TO-DATE
[        ] Caching disabled for task ':record_android:generateDebugRFile' because:
[        ]   Build cache is disabled
[        ] Skipping task ':record_android:generateDebugRFile' as it is up-to-date.
[        ] work action resolve package-aware-r.txt (project :record_android) (Thread[Execution worker Thread 4,5,main]) started.
[        ] Resolve mutations for :sentry_flutter:compileDebugLibraryResources (Thread[Execution worker Thread 4,5,main]) started.
[        ] :sentry_flutter:compileDebugLibraryResources (Thread[Execution worker Thread 4,5,main]) started.
[        ] > Task :sentry_flutter:compileDebugLibraryResources UP-TO-DATE
[        ] Caching disabled for task ':sentry_flutter:compileDebugLibraryResources' because:
[        ]   Build cache is disabled
[        ] Skipping task ':sentry_flutter:compileDebugLibraryResources' as it is up-to-date.
[        ] work action resolve out (project :sentry_flutter) (Thread[Execution worker Thread 4,5,main]) started.
[        ] Resolve mutations for :sentry_flutter:parseDebugLocalResources (Thread[Execution worker Thread 4,5,main]) started.
[        ] :sentry_flutter:parseDebugLocalResources (Thread[Execution worker Thread 4,5,main]) started.
[        ] > Task :sentry_flutter:parseDebugLocalResources UP-TO-DATE
[        ] Caching disabled for task ':sentry_flutter:parseDebugLocalResources' because:
[        ]   Build cache is disabled
[        ] Skipping task ':sentry_flutter:parseDebugLocalResources' as it is up-to-date.
[        ] Resolve mutations for :sentry_flutter:generateDebugRFile (Thread[Execution worker Thread 4,5,main]) started.
[        ] :sentry_flutter:generateDebugRFile (Thread[Execution worker Thread 4,5,main]) started.
[        ] > Task :sentry_flutter:generateDebugRFile UP-TO-DATE
[        ] Caching disabled for task ':sentry_flutter:generateDebugRFile' because:
[        ]   Build cache is disabled
[        ] Skipping task ':sentry_flutter:generateDebugRFile' as it is up-to-date.
[        ] work action resolve package-aware-r.txt (project :sentry_flutter) (Thread[Execution worker Thread 4,5,main]) started.
[        ] Resolve mutations for :share_plus:compileDebugLibraryResources (Thread[Execution worker Thread 4,5,main]) started.
[        ] :share_plus:compileDebugLibraryResources (Thread[Execution worker Thread 4,5,main]) started.
[        ] > Task :share_plus:compileDebugLibraryResources UP-TO-DATE
[        ] Caching disabled for task ':share_plus:compileDebugLibraryResources' because:
[        ]   Build cache is disabled
[        ] Skipping task ':share_plus:compileDebugLibraryResources' as it is up-to-date.
[        ] work action resolve out (project :share_plus) (Thread[Execution worker Thread 4,5,main]) started.
[        ] Resolve mutations for :share_plus:parseDebugLocalResources (Thread[Execution worker Thread 4,5,main]) started.
[        ] :share_plus:parseDebugLocalResources (Thread[Execution worker Thread 4,5,main]) started.
[        ] > Task :share_plus:parseDebugLocalResources UP-TO-DATE
[        ] Caching disabled for task ':share_plus:parseDebugLocalResources' because:
[        ]   Build cache is disabled
[        ] Skipping task ':share_plus:parseDebugLocalResources' as it is up-to-date.
[        ] Resolve mutations for :share_plus:generateDebugRFile (Thread[Execution worker Thread 4,5,main]) started.
[        ] :share_plus:generateDebugRFile (Thread[Execution worker Thread 4,5,main]) started.
[        ] > Task :share_plus:generateDebugRFile UP-TO-DATE
[        ] Caching disabled for task ':share_plus:generateDebugRFile' because:
[        ]   Build cache is disabled
[        ] Skipping task ':share_plus:generateDebugRFile' as it is up-to-date.
[        ] work action resolve package-aware-r.txt (project :share_plus) (Thread[Execution worker Thread 4,5,main]) started.
[        ] Resolve mutations for :shared_preferences_android:compileDebugLibraryResources (Thread[Execution worker Thread 4,5,main]) started.
[        ] :shared_preferences_android:compileDebugLibraryResources (Thread[Execution worker Thread 4,5,main]) started.
[        ] > Task :shared_preferences_android:compileDebugLibraryResources UP-TO-DATE
[        ] Caching disabled for task ':shared_preferences_android:compileDebugLibraryResources' because:
[        ]   Build cache is disabled
[        ] Skipping task ':shared_preferences_android:compileDebugLibraryResources' as it is up-to-date.
[        ] work action resolve out (project :shared_preferences_android) (Thread[Execution worker Thread 4,5,main]) started.
[        ] Resolve mutations for :shared_preferences_android:parseDebugLocalResources (Thread[Execution worker Thread 4,5,main]) started.
[        ] :shared_preferences_android:parseDebugLocalResources (Thread[Execution worker Thread 4,5,main]) started.
[        ] > Task :shared_preferences_android:parseDebugLocalResources UP-TO-DATE
[        ] Caching disabled for task ':shared_preferences_android:parseDebugLocalResources' because:
[        ]   Build cache is disabled
[        ] Skipping task ':shared_preferences_android:parseDebugLocalResources' as it is up-to-date.
[        ] Resolve mutations for :shared_preferences_android:generateDebugRFile (Thread[Execution worker Thread 4,5,main]) started.
[        ] :shared_preferences_android:generateDebugRFile (Thread[Execution worker Thread 4,5,main]) started.
[        ] > Task :shared_preferences_android:generateDebugRFile UP-TO-DATE
[        ] Caching disabled for task ':shared_preferences_android:generateDebugRFile' because:
[        ]   Build cache is disabled
[        ] Skipping task ':shared_preferences_android:generateDebugRFile' as it is up-to-date.
[        ] work action resolve package-aware-r.txt (project :shared_preferences_android) (Thread[Execution worker Thread 4,5,main]) started.
[        ] Resolve mutations for :speech_to_text:compileDebugLibraryResources (Thread[Execution worker Thread 4,5,main]) started.
[        ] :speech_to_text:compileDebugLibraryResources (Thread[Execution worker Thread 4,5,main]) started.
[        ] > Task :speech_to_text:compileDebugLibraryResources UP-TO-DATE
[        ] Caching disabled for task ':speech_to_text:compileDebugLibraryResources' because:
[        ]   Build cache is disabled
[        ] Skipping task ':speech_to_text:compileDebugLibraryResources' as it is up-to-date.
[        ] work action resolve out (project :speech_to_text) (Thread[Execution worker Thread 4,5,main]) started.
[        ] Resolve mutations for :speech_to_text:parseDebugLocalResources (Thread[Execution worker Thread 4,5,main]) started.
[        ] :speech_to_text:parseDebugLocalResources (Thread[Execution worker Thread 4,5,main]) started.
[        ] > Task :speech_to_text:parseDebugLocalResources UP-TO-DATE
[        ] Caching disabled for task ':speech_to_text:parseDebugLocalResources' because:
[        ]   Build cache is disabled
[        ] Skipping task ':speech_to_text:parseDebugLocalResources' as it is up-to-date.
[        ] Resolve mutations for :speech_to_text:generateDebugRFile (Thread[Execution worker Thread 4,5,main]) started.
[        ] :speech_to_text:generateDebugRFile (Thread[Execution worker Thread 4,5,main]) started.
[        ] > Task :speech_to_text:generateDebugRFile UP-TO-DATE
[        ] Caching disabled for task ':speech_to_text:generateDebugRFile' because:
[        ]   Build cache is disabled
[        ] Skipping task ':speech_to_text:generateDebugRFile' as it is up-to-date.
[        ] work action resolve package-aware-r.txt (project :speech_to_text) (Thread[Execution worker Thread 4,5,main]) started.
[        ] Resolve mutations for :url_launcher_android:compileDebugLibraryResources (Thread[Execution worker Thread 4,5,main]) started.
[        ] :url_launcher_android:compileDebugLibraryResources (Thread[Execution worker Thread 4,5,main]) started.
[        ] > Task :url_launcher_android:compileDebugLibraryResources UP-TO-DATE
[        ] Caching disabled for task ':url_launcher_android:compileDebugLibraryResources' because:
[        ]   Build cache is disabled
[        ] Skipping task ':url_launcher_android:compileDebugLibraryResources' as it is up-to-date.
[        ] work action resolve out (project :url_launcher_android) (Thread[Execution worker Thread 4,5,main]) started.
[        ] Resolve mutations for :url_launcher_android:parseDebugLocalResources (Thread[Execution worker Thread 4,5,main]) started.
[        ] :url_launcher_android:parseDebugLocalResources (Thread[Execution worker Thread 4,5,main]) started.
[        ] > Task :url_launcher_android:parseDebugLocalResources UP-TO-DATE
[        ] Caching disabled for task ':url_launcher_android:parseDebugLocalResources' because:
[        ]   Build cache is disabled
[        ] Skipping task ':url_launcher_android:parseDebugLocalResources' as it is up-to-date.
[        ] Resolve mutations for :url_launcher_android:generateDebugRFile (Thread[Execution worker Thread 4,5,main]) started.
[        ] :url_launcher_android:generateDebugRFile (Thread[Execution worker Thread 4,5,main]) started.
[        ] > Task :url_launcher_android:generateDebugRFile UP-TO-DATE
[        ] Caching disabled for task ':url_launcher_android:generateDebugRFile' because:
[        ]   Build cache is disabled
[        ] Skipping task ':url_launcher_android:generateDebugRFile' as it is up-to-date.
[        ] work action resolve package-aware-r.txt (project :url_launcher_android) (Thread[Execution worker Thread 4,5,main]) started.
[        ] Resolve mutations for :workmanager_android:compileDebugLibraryResources (Thread[Execution worker Thread 4,5,main]) started.
[        ] :workmanager_android:compileDebugLibraryResources (Thread[Execution worker Thread 4,5,main]) started.
[        ] > Task :workmanager_android:compileDebugLibraryResources UP-TO-DATE
[        ] Caching disabled for task ':workmanager_android:compileDebugLibraryResources' because:
[        ]   Build cache is disabled
[        ] Skipping task ':workmanager_android:compileDebugLibraryResources' as it is up-to-date.
[        ] work action resolve out (project :workmanager_android) (Thread[Execution worker Thread 4,5,main]) started.
[        ] Resolve mutations for :workmanager_android:parseDebugLocalResources (Thread[Execution worker Thread 4,5,main]) started.
[        ] :workmanager_android:parseDebugLocalResources (Thread[Execution worker Thread 4,5,main]) started.
[        ] > Task :workmanager_android:parseDebugLocalResources UP-TO-DATE
[        ] Caching disabled for task ':workmanager_android:parseDebugLocalResources' because:
[        ]   Build cache is disabled
[        ] Skipping task ':workmanager_android:parseDebugLocalResources' as it is up-to-date.
[        ] Resolve mutations for :workmanager_android:generateDebugRFile (Thread[Execution worker Thread 4,5,main]) started.
[        ] :workmanager_android:generateDebugRFile (Thread[Execution worker Thread 4,5,main]) started.
[        ] > Task :workmanager_android:generateDebugRFile UP-TO-DATE
[        ] Caching disabled for task ':workmanager_android:generateDebugRFile' because:
[        ]   Build cache is disabled
[        ] Skipping task ':workmanager_android:generateDebugRFile' as it is up-to-date.
[        ] work action resolve package-aware-r.txt (project :workmanager_android) (Thread[Execution worker Thread 4,5,main]) started.
[        ] Resolve mutations for :app:processDebugResources (Thread[Execution worker Thread 4,5,main]) started.
[        ] :app:processDebugResources (Thread[Execution worker Thread 4,5,main]) started.
[        ] > Task :app:processDebugResources UP-TO-DATE
[        ] Caching disabled for task ':app:processDebugResources' because:
[        ]   Build cache is disabled
[        ] Skipping task ':app:processDebugResources' as it is up-to-date.
[        ] Resolve mutations for :app_links:javaPreCompileDebug (Thread[Execution worker Thread 4,5,main]) started.
[        ] :app_links:javaPreCompileDebug (Thread[Execution worker Thread 4,5,main]) started.
[        ] > Task :app_links:javaPreCompileDebug UP-TO-DATE
[        ] Caching disabled for task ':app_links:javaPreCompileDebug' because:
[        ]   Build cache is disabled
[        ] Skipping task ':app_links:javaPreCompileDebug' as it is up-to-date.
[        ] Resolve mutations for :app_links:compileDebugJavaWithJavac (Thread[Execution worker Thread 4,5,main]) started.
[        ] :app_links:compileDebugJavaWithJavac (Thread[Execution worker Thread 4,5,main]) started.
[  +93 ms] > Task :app_links:compileDebugJavaWithJavac UP-TO-DATE
[        ] Custom actions are attached to task ':app_links:compileDebugJavaWithJavac'.
[        ] Caching disabled for task ':app_links:compileDebugJavaWithJavac' because:
[        ]   Build cache is disabled
[        ] Skipping task ':app_links:compileDebugJavaWithJavac' as it is up-to-date.
[        ] No compile result for :app_links:compileDebugJavaWithJavac
[        ] No compile result for :app_links:compileDebugJavaWithJavac
[        ] Resolve mutations for :app_links:bundleLibCompileToJarDebug (Thread[Execution worker Thread 4,5,main]) started.
[        ] :app_links:bundleLibCompileToJarDebug (Thread[Execution worker Thread 4,5,main]) started.
[        ] > Task :app_links:bundleLibCompileToJarDebug UP-TO-DATE
[        ] Caching disabled for task ':app_links:bundleLibCompileToJarDebug' because:
[        ]   Build cache is disabled
[        ]   Simple merging task
[        ] Skipping task ':app_links:bundleLibCompileToJarDebug' as it is up-to-date.
[        ] work action resolve classes.jar (project :app_links) (Thread[Execution worker Thread 4,5,main]) started.
[        ] Resolve mutations for :audio_session:checkKotlinGradlePluginConfigurationErrors (Thread[Execution worker Thread 4,5,main]) started.
[        ] :audio_session:checkKotlinGradlePluginConfigurationErrors (Thread[Execution worker Thread 4,5,main]) started.
[        ] > Task :audio_session:checkKotlinGradlePluginConfigurationErrors SKIPPED
[        ] Skipping task ':audio_session:checkKotlinGradlePluginConfigurationErrors' as task onlyIf 'errorDiagnostics are present' is false.
[        ] Resolve mutations for :audio_session:compileDebugKotlin (Thread[Execution worker Thread 4,5,main]) started.
[        ] :audio_session:compileDebugKotlin (Thread[Execution worker Thread 4,5,main]) started.
[        ] > Task :audio_session:compileDebugKotlin UP-TO-DATE
[        ] Adding -Xuse-inline-scopes-numbers Kotlin compiler flag for task :audio_session:compileDebugAndroidTestKotlin
[        ] Caching disabled for task ':audio_session:compileDebugKotlin' because:
[        ]   Build cache is disabled
[        ] Skipping task ':audio_session:compileDebugKotlin' as it is up-to-date.
[        ] Resolve mutations for :audio_session:javaPreCompileDebug (Thread[Execution worker Thread 4,5,main]) started.
[        ] :audio_session:javaPreCompileDebug (Thread[Execution worker Thread 4,5,main]) started.
[        ] > Task :audio_session:javaPreCompileDebug UP-TO-DATE
[        ] Caching disabled for task ':audio_session:javaPreCompileDebug' because:
[        ]   Build cache is disabled
[        ] Skipping task ':audio_session:javaPreCompileDebug' as it is up-to-date.
[        ] Resolve mutations for :audio_session:compileDebugJavaWithJavac (Thread[Execution worker Thread 4,5,main]) started.
[        ] :audio_session:compileDebugJavaWithJavac (Thread[Execution worker Thread 4,5,main]) started.
[        ] > Task :audio_session:compileDebugJavaWithJavac NO-SOURCE
[        ] Skipping task ':audio_session:compileDebugJavaWithJavac' as it has no source files and no previous output files.
[        ] Resolve mutations for :audio_session:bundleLibCompileToJarDebug (Thread[Execution worker,5,main]) started.
[        ] :audio_session:bundleLibCompileToJarDebug (Thread[Execution worker,5,main]) started.
[        ] > Task :audio_session:bundleLibCompileToJarDebug UP-TO-DATE
[        ] Caching disabled for task ':audio_session:bundleLibCompileToJarDebug' because:
[        ]   Build cache is disabled
[        ]   Simple merging task
[        ] Skipping task ':audio_session:bundleLibCompileToJarDebug' as it is up-to-date.
[        ] work action resolve classes.jar (project :audio_session) (Thread[Execution worker,5,main]) started.
[        ] Resolve mutations for :battery_plus:checkKotlinGradlePluginConfigurationErrors (Thread[Execution worker,5,main]) started.
[        ] :battery_plus:checkKotlinGradlePluginConfigurationErrors (Thread[Execution worker,5,main]) started.
[        ] > Task :battery_plus:checkKotlinGradlePluginConfigurationErrors SKIPPED
[        ] Skipping task ':battery_plus:checkKotlinGradlePluginConfigurationErrors' as task onlyIf 'errorDiagnostics are present' is false.
[        ] Resolve mutations for :battery_plus:compileDebugKotlin (Thread[Execution worker,5,main]) started.
[        ] :battery_plus:compileDebugKotlin (Thread[Execution worker,5,main]) started.
[        ] > Task :battery_plus:compileDebugKotlin UP-TO-DATE
[        ] Adding -Xuse-inline-scopes-numbers Kotlin compiler flag for task :battery_plus:compileDebugAndroidTestKotlin
[        ] Caching disabled for task ':battery_plus:compileDebugKotlin' because:
[        ]   Build cache is disabled
[        ] Skipping task ':battery_plus:compileDebugKotlin' as it is up-to-date.
[        ] Resolve mutations for :battery_plus:javaPreCompileDebug (Thread[Execution worker,5,main]) started.
[        ] :battery_plus:javaPreCompileDebug (Thread[Execution worker,5,main]) started.
[        ] > Task :battery_plus:javaPreCompileDebug UP-TO-DATE
[        ] Caching disabled for task ':battery_plus:javaPreCompileDebug' because:
[        ]   Build cache is disabled
[        ] Skipping task ':battery_plus:javaPreCompileDebug' as it is up-to-date.
[        ] Resolve mutations for :battery_plus:compileDebugJavaWithJavac (Thread[Execution worker,5,main]) started.
[        ] :battery_plus:compileDebugJavaWithJavac (Thread[Execution worker,5,main]) started.
[        ] > Task :battery_plus:compileDebugJavaWithJavac NO-SOURCE
[        ] Skipping task ':battery_plus:compileDebugJavaWithJavac' as it has no source files and no previous output files.
[        ] Resolve mutations for :battery_plus:bundleLibCompileToJarDebug (Thread[Execution worker,5,main]) started.
[        ] :battery_plus:bundleLibCompileToJarDebug (Thread[Execution worker,5,main]) started.
[        ] > Task :battery_plus:bundleLibCompileToJarDebug UP-TO-DATE
[        ] Caching disabled for task ':battery_plus:bundleLibCompileToJarDebug' because:
[        ]   Build cache is disabled
[        ]   Simple merging task
[        ] Skipping task ':battery_plus:bundleLibCompileToJarDebug' as it is up-to-date.
[        ] work action resolve classes.jar (project :battery_plus) (Thread[Execution worker,5,main]) started.
[        ] Resolve mutations for :connectivity_plus:javaPreCompileDebug (Thread[Execution worker,5,main]) started.
[        ] :connectivity_plus:javaPreCompileDebug (Thread[Execution worker,5,main]) started.
[        ] > Task :connectivity_plus:javaPreCompileDebug UP-TO-DATE
[        ] Caching disabled for task ':connectivity_plus:javaPreCompileDebug' because:
[        ]   Build cache is disabled
[        ] Skipping task ':connectivity_plus:javaPreCompileDebug' as it is up-to-date.
[        ] Resolve mutations for :connectivity_plus:compileDebugJavaWithJavac (Thread[Execution worker,5,main]) started.
[        ] :connectivity_plus:compileDebugJavaWithJavac (Thread[Execution worker,5,main]) started.
[        ] > Task :connectivity_plus:compileDebugJavaWithJavac UP-TO-DATE
[        ] Custom actions are attached to task ':connectivity_plus:compileDebugJavaWithJavac'.
[        ] Caching disabled for task ':connectivity_plus:compileDebugJavaWithJavac' because:
[        ]   Build cache is disabled
[        ] Skipping task ':connectivity_plus:compileDebugJavaWithJavac' as it is up-to-date.
[        ] No compile result for :connectivity_plus:compileDebugJavaWithJavac
[        ] No compile result for :connectivity_plus:compileDebugJavaWithJavac
[        ] Resolve mutations for :connectivity_plus:bundleLibCompileToJarDebug (Thread[Execution worker,5,main]) started.
[        ] :connectivity_plus:bundleLibCompileToJarDebug (Thread[Execution worker Thread 2,5,main]) started.
[        ] > Task :connectivity_plus:bundleLibCompileToJarDebug UP-TO-DATE
[        ] Caching disabled for task ':connectivity_plus:bundleLibCompileToJarDebug' because:
[        ]   Build cache is disabled
[        ]   Simple merging task
[        ] Skipping task ':connectivity_plus:bundleLibCompileToJarDebug' as it is up-to-date.
[        ] work action resolve classes.jar (project :connectivity_plus) (Thread[Execution worker Thread 2,5,main]) started.
[        ] Resolve mutations for :device_info_plus:checkKotlinGradlePluginConfigurationErrors (Thread[Execution worker Thread 2,5,main]) started.
[        ] :device_info_plus:checkKotlinGradlePluginConfigurationErrors (Thread[Execution worker,5,main]) started.
[        ] > Task :device_info_plus:checkKotlinGradlePluginConfigurationErrors SKIPPED
[        ] Skipping task ':device_info_plus:checkKotlinGradlePluginConfigurationErrors' as task onlyIf 'errorDiagnostics are present' is false.
[        ] Resolve mutations for :device_info_plus:compileDebugKotlin (Thread[Execution worker,5,main]) started.
[        ] :device_info_plus:compileDebugKotlin (Thread[Execution worker,5,main]) started.
[  +86 ms] > Task :device_info_plus:compileDebugKotlin UP-TO-DATE
[        ] Adding -Xuse-inline-scopes-numbers Kotlin compiler flag for task :device_info_plus:compileDebugAndroidTestKotlin
[        ] Caching disabled for task ':device_info_plus:compileDebugKotlin' because:
[        ]   Build cache is disabled
[        ] Skipping task ':device_info_plus:compileDebugKotlin' as it is up-to-date.
[        ] Resolve mutations for :device_info_plus:javaPreCompileDebug (Thread[Execution worker,5,main]) started.
[        ] :device_info_plus:javaPreCompileDebug (Thread[Execution worker,5,main]) started.
[        ] > Task :device_info_plus:javaPreCompileDebug UP-TO-DATE
[        ] Caching disabled for task ':device_info_plus:javaPreCompileDebug' because:
[        ]   Build cache is disabled
[        ] Skipping task ':device_info_plus:javaPreCompileDebug' as it is up-to-date.
[        ] Resolve mutations for :device_info_plus:compileDebugJavaWithJavac (Thread[Execution worker,5,main]) started.
[        ] :device_info_plus:compileDebugJavaWithJavac (Thread[Execution worker,5,main]) started.
[        ] > Task :device_info_plus:compileDebugJavaWithJavac NO-SOURCE
[        ] Skipping task ':device_info_plus:compileDebugJavaWithJavac' as it has no source files and no previous output files.
[        ] Resolve mutations for :device_info_plus:bundleLibCompileToJarDebug (Thread[Execution worker,5,main]) started.
[        ] :device_info_plus:bundleLibCompileToJarDebug (Thread[Execution worker,5,main]) started.
[        ] > Task :device_info_plus:bundleLibCompileToJarDebug UP-TO-DATE
[        ] Caching disabled for task ':device_info_plus:bundleLibCompileToJarDebug' because:
[        ]   Build cache is disabled
[        ]   Simple merging task
[        ] Skipping task ':device_info_plus:bundleLibCompileToJarDebug' as it is up-to-date.
[        ] work action resolve classes.jar (project :device_info_plus) (Thread[Execution worker Thread 5,5,main]) started.
[        ] Resolve mutations for :flutter_local_notifications:javaPreCompileDebug (Thread[Execution worker Thread 5,5,main]) started.
[        ] :flutter_local_notifications:javaPreCompileDebug (Thread[Execution worker Thread 5,5,main]) started.
[        ] > Task :flutter_local_notifications:javaPreCompileDebug UP-TO-DATE
[        ] Caching disabled for task ':flutter_local_notifications:javaPreCompileDebug' because:
[        ]   Build cache is disabled
[        ] Skipping task ':flutter_local_notifications:javaPreCompileDebug' as it is up-to-date.
[        ] Resolve mutations for :flutter_local_notifications:compileDebugJavaWithJavac (Thread[Execution worker Thread 5,5,main]) started.
[        ] :flutter_local_notifications:compileDebugJavaWithJavac (Thread[Execution worker Thread 5,5,main]) started.
[        ] > Task :flutter_local_notifications:compileDebugJavaWithJavac UP-TO-DATE
[        ] Custom actions are attached to task ':flutter_local_notifications:compileDebugJavaWithJavac'.
[        ] Caching disabled for task ':flutter_local_notifications:compileDebugJavaWithJavac' because:
[        ]   Build cache is disabled
[        ] Skipping task ':flutter_local_notifications:compileDebugJavaWithJavac' as it is up-to-date.
[        ] No compile result for :flutter_local_notifications:compileDebugJavaWithJavac
[        ] No compile result for :flutter_local_notifications:compileDebugJavaWithJavac
[        ] Resolve mutations for :flutter_local_notifications:bundleLibCompileToJarDebug (Thread[Execution worker Thread 5,5,main]) started.
[        ] :flutter_local_notifications:bundleLibCompileToJarDebug (Thread[Execution worker Thread 5,5,main]) started.
[        ] > Task :flutter_local_notifications:bundleLibCompileToJarDebug UP-TO-DATE
[        ] Caching disabled for task ':flutter_local_notifications:bundleLibCompileToJarDebug' because:
[        ]   Build cache is disabled
[        ]   Simple merging task
[        ] Skipping task ':flutter_local_notifications:bundleLibCompileToJarDebug' as it is up-to-date.
[        ] work action resolve classes.jar (project :flutter_local_notifications) (Thread[Execution worker Thread 5,5,main]) started.
[        ] Resolve mutations for :flutter_native_splash:javaPreCompileDebug (Thread[Execution worker Thread 5,5,main]) started.
[        ] :flutter_native_splash:javaPreCompileDebug (Thread[Execution worker Thread 5,5,main]) started.
[        ] > Task :flutter_native_splash:javaPreCompileDebug UP-TO-DATE
[        ] Caching disabled for task ':flutter_native_splash:javaPreCompileDebug' because:
[        ]   Build cache is disabled
[        ] Skipping task ':flutter_native_splash:javaPreCompileDebug' as it is up-to-date.
[        ] Resolve mutations for :flutter_native_splash:compileDebugJavaWithJavac (Thread[Execution worker,5,main]) started.
[        ] :flutter_native_splash:compileDebugJavaWithJavac (Thread[Execution worker,5,main]) started.
[        ] > Task :flutter_native_splash:compileDebugJavaWithJavac UP-TO-DATE
[        ] Custom actions are attached to task ':flutter_native_splash:compileDebugJavaWithJavac'.
[        ] Caching disabled for task ':flutter_native_splash:compileDebugJavaWithJavac' because:
[        ]   Build cache is disabled
[        ] Skipping task ':flutter_native_splash:compileDebugJavaWithJavac' as it is up-to-date.
[        ] No compile result for :flutter_native_splash:compileDebugJavaWithJavac
[        ] No compile result for :flutter_native_splash:compileDebugJavaWithJavac
[        ] Resolve mutations for :flutter_native_splash:bundleLibCompileToJarDebug (Thread[Execution worker,5,main]) started.
[        ] :flutter_native_splash:bundleLibCompileToJarDebug (Thread[Execution worker,5,main]) started.
[        ] > Task :flutter_native_splash:bundleLibCompileToJarDebug UP-TO-DATE
[        ] Caching disabled for task ':flutter_native_splash:bundleLibCompileToJarDebug' because:
[        ]   Build cache is disabled
[        ]   Simple merging task
[        ] Skipping task ':flutter_native_splash:bundleLibCompileToJarDebug' as it is up-to-date.
[        ] work action resolve classes.jar (project :flutter_native_splash) (Thread[Execution worker,5,main]) started.
[        ] Resolve mutations for :flutter_plugin_android_lifecycle:javaPreCompileDebug (Thread[Execution worker,5,main]) started.
[        ] :flutter_plugin_android_lifecycle:javaPreCompileDebug (Thread[Execution worker,5,main]) started.
[        ] > Task :flutter_plugin_android_lifecycle:javaPreCompileDebug UP-TO-DATE
[        ] Caching disabled for task ':flutter_plugin_android_lifecycle:javaPreCompileDebug' because:
[        ]   Build cache is disabled
[        ] Skipping task ':flutter_plugin_android_lifecycle:javaPreCompileDebug' as it is up-to-date.
[        ] Resolve mutations for :flutter_plugin_android_lifecycle:compileDebugJavaWithJavac (Thread[Execution worker,5,main]) started.
[        ] :flutter_plugin_android_lifecycle:compileDebugJavaWithJavac (Thread[Execution worker,5,main]) started.
[        ] > Task :flutter_plugin_android_lifecycle:compileDebugJavaWithJavac UP-TO-DATE
[        ] Custom actions are attached to task ':flutter_plugin_android_lifecycle:compileDebugJavaWithJavac'.
[        ] Caching disabled for task ':flutter_plugin_android_lifecycle:compileDebugJavaWithJavac' because:
[        ]   Build cache is disabled
[        ] Skipping task ':flutter_plugin_android_lifecycle:compileDebugJavaWithJavac' as it is up-to-date.
[        ] No compile result for :flutter_plugin_android_lifecycle:compileDebugJavaWithJavac
[        ] No compile result for :flutter_plugin_android_lifecycle:compileDebugJavaWithJavac
[        ] Resolve mutations for :flutter_plugin_android_lifecycle:bundleLibCompileToJarDebug (Thread[Execution worker,5,main]) started.
[        ] :flutter_plugin_android_lifecycle:bundleLibCompileToJarDebug (Thread[Execution worker,5,main]) started.
[        ] > Task :flutter_plugin_android_lifecycle:bundleLibCompileToJarDebug UP-TO-DATE
[        ] Caching disabled for task ':flutter_plugin_android_lifecycle:bundleLibCompileToJarDebug' because:
[        ]   Build cache is disabled
[        ]   Simple merging task
[        ] Skipping task ':flutter_plugin_android_lifecycle:bundleLibCompileToJarDebug' as it is up-to-date.
[        ] work action resolve classes.jar (project :flutter_plugin_android_lifecycle) (Thread[Execution worker,5,main]) started.
[        ] Resolve mutations for :flutter_secure_storage:generateDebugBuildConfig (Thread[Execution worker,5,main]) started.
[        ] :flutter_secure_storage:generateDebugBuildConfig (Thread[Execution worker,5,main]) started.
[        ] > Task :flutter_secure_storage:generateDebugBuildConfig UP-TO-DATE
[        ] Caching disabled for task ':flutter_secure_storage:generateDebugBuildConfig' because:
[        ]   Build cache is disabled
[        ] Skipping task ':flutter_secure_storage:generateDebugBuildConfig' as it is up-to-date.
[        ] Resolve mutations for :flutter_secure_storage:javaPreCompileDebug (Thread[Execution worker,5,main]) started.
[        ] :flutter_secure_storage:javaPreCompileDebug (Thread[Execution worker,5,main]) started.
[        ] > Task :flutter_secure_storage:javaPreCompileDebug UP-TO-DATE
[        ] Caching disabled for task ':flutter_secure_storage:javaPreCompileDebug' because:
[        ]   Build cache is disabled
[        ] Skipping task ':flutter_secure_storage:javaPreCompileDebug' as it is up-to-date.
[        ] Resolve mutations for :flutter_secure_storage:compileDebugJavaWithJavac (Thread[Execution worker,5,main]) started.
[        ] :flutter_secure_storage:compileDebugJavaWithJavac (Thread[Execution worker,5,main]) started.
[        ] > Task :flutter_secure_storage:compileDebugJavaWithJavac UP-TO-DATE
[        ] Custom actions are attached to task ':flutter_secure_storage:compileDebugJavaWithJavac'.
[        ] Caching disabled for task ':flutter_secure_storage:compileDebugJavaWithJavac' because:
[        ]   Build cache is disabled
[        ] Skipping task ':flutter_secure_storage:compileDebugJavaWithJavac' as it is up-to-date.
[        ] No compile result for :flutter_secure_storage:compileDebugJavaWithJavac
[        ] No compile result for :flutter_secure_storage:compileDebugJavaWithJavac
[        ] Resolve mutations for :flutter_secure_storage:bundleLibCompileToJarDebug (Thread[Execution worker,5,main]) started.
[        ] :flutter_secure_storage:bundleLibCompileToJarDebug (Thread[Execution worker,5,main]) started.
[        ] > Task :flutter_secure_storage:bundleLibCompileToJarDebug UP-TO-DATE
[        ] Caching disabled for task ':flutter_secure_storage:bundleLibCompileToJarDebug' because:
[        ]   Build cache is disabled
[        ]   Simple merging task
[        ] Skipping task ':flutter_secure_storage:bundleLibCompileToJarDebug' as it is up-to-date.
[        ] work action resolve classes.jar (project :flutter_secure_storage) (Thread[Execution worker,5,main]) started.
[        ] Resolve mutations for :haptic_feedback:checkKotlinGradlePluginConfigurationErrors (Thread[Execution worker,5,main]) started.
[        ] :haptic_feedback:checkKotlinGradlePluginConfigurationErrors (Thread[Execution worker,5,main]) started.
[        ] > Task :haptic_feedback:checkKotlinGradlePluginConfigurationErrors SKIPPED
[        ] Skipping task ':haptic_feedback:checkKotlinGradlePluginConfigurationErrors' as task onlyIf 'errorDiagnostics are present' is false.
[        ] Resolve mutations for :haptic_feedback:compileDebugKotlin (Thread[Execution worker,5,main]) started.
[        ] :haptic_feedback:compileDebugKotlin (Thread[Execution worker,5,main]) started.
[  +83 ms] > Task :haptic_feedback:compileDebugKotlin UP-TO-DATE
[        ] Adding -Xuse-inline-scopes-numbers Kotlin compiler flag for task :haptic_feedback:compileDebugAndroidTestKotlin
[        ] Caching disabled for task ':haptic_feedback:compileDebugKotlin' because:
[        ]   Build cache is disabled
[        ] Skipping task ':haptic_feedback:compileDebugKotlin' as it is up-to-date.
[        ] Resolve mutations for :haptic_feedback:javaPreCompileDebug (Thread[Execution worker,5,main]) started.
[        ] :haptic_feedback:javaPreCompileDebug (Thread[Execution worker,5,main]) started.
[        ] > Task :haptic_feedback:javaPreCompileDebug UP-TO-DATE
[        ] Caching disabled for task ':haptic_feedback:javaPreCompileDebug' because:
[        ]   Build cache is disabled
[        ] Skipping task ':haptic_feedback:javaPreCompileDebug' as it is up-to-date.
[        ] Resolve mutations for :haptic_feedback:compileDebugJavaWithJavac (Thread[Execution worker,5,main]) started.
[        ] :haptic_feedback:compileDebugJavaWithJavac (Thread[Execution worker,5,main]) started.
[        ] > Task :haptic_feedback:compileDebugJavaWithJavac NO-SOURCE
[        ] Skipping task ':haptic_feedback:compileDebugJavaWithJavac' as it has no source files and no previous output files.
[        ] Resolve mutations for :haptic_feedback:bundleLibCompileToJarDebug (Thread[Execution worker,5,main]) started.
[        ] :haptic_feedback:bundleLibCompileToJarDebug (Thread[Execution worker,5,main]) started.
[        ] > Task :haptic_feedback:bundleLibCompileToJarDebug UP-TO-DATE
[        ] Caching disabled for task ':haptic_feedback:bundleLibCompileToJarDebug' because:
[        ]   Build cache is disabled
[        ]   Simple merging task
[        ] Skipping task ':haptic_feedback:bundleLibCompileToJarDebug' as it is up-to-date.
[        ] work action resolve classes.jar (project :haptic_feedback) (Thread[Execution worker,5,main]) started.
[        ] Resolve mutations for :integration_test:javaPreCompileDebug (Thread[Execution worker,5,main]) started.
[        ] :integration_test:javaPreCompileDebug (Thread[Execution worker,5,main]) started.
[        ] > Task :integration_test:javaPreCompileDebug UP-TO-DATE
[        ] Caching disabled for task ':integration_test:javaPreCompileDebug' because:
[        ]   Build cache is disabled
[        ] Skipping task ':integration_test:javaPreCompileDebug' as it is up-to-date.
[        ] Resolve mutations for :integration_test:compileDebugJavaWithJavac (Thread[Execution worker Thread 2,5,main]) started.
[        ] :integration_test:compileDebugJavaWithJavac (Thread[Execution worker Thread 2,5,main]) started.
[        ] > Task :integration_test:compileDebugJavaWithJavac UP-TO-DATE
[        ] Custom actions are attached to task ':integration_test:compileDebugJavaWithJavac'.
[        ] Caching disabled for task ':integration_test:compileDebugJavaWithJavac' because:
[        ]   Build cache is disabled
[        ] Skipping task ':integration_test:compileDebugJavaWithJavac' as it is up-to-date.
[        ] No compile result for :integration_test:compileDebugJavaWithJavac
[        ] No compile result for :integration_test:compileDebugJavaWithJavac
[        ] Resolve mutations for :integration_test:bundleLibCompileToJarDebug (Thread[Execution worker Thread 2,5,main]) started.
[        ] :integration_test:bundleLibCompileToJarDebug (Thread[Execution worker Thread 2,5,main]) started.
[        ] > Task :integration_test:bundleLibCompileToJarDebug UP-TO-DATE
[        ] Caching disabled for task ':integration_test:bundleLibCompileToJarDebug' because:
[        ]   Build cache is disabled
[        ]   Simple merging task
[        ] Skipping task ':integration_test:bundleLibCompileToJarDebug' as it is up-to-date.
[        ] work action resolve classes.jar (project :integration_test) (Thread[Execution worker Thread 2,5,main]) started.
[        ] Resolve mutations for :jni:javaPreCompileDebug (Thread[Execution worker Thread 2,5,main]) started.
[        ] :jni:javaPreCompileDebug (Thread[Execution worker Thread 2,5,main]) started.
[        ] > Task :jni:javaPreCompileDebug UP-TO-DATE
[        ] Caching disabled for task ':jni:javaPreCompileDebug' because:
[        ]   Build cache is disabled
[        ] Skipping task ':jni:javaPreCompileDebug' as it is up-to-date.
[        ] Resolve mutations for :jni:compileDebugJavaWithJavac (Thread[Execution worker Thread 2,5,main]) started.
[        ] :jni:compileDebugJavaWithJavac (Thread[Execution worker Thread 2,5,main]) started.
[        ] > Task :jni:compileDebugJavaWithJavac UP-TO-DATE
[        ] Custom actions are attached to task ':jni:compileDebugJavaWithJavac'.
[        ] Caching disabled for task ':jni:compileDebugJavaWithJavac' because:
[        ]   Build cache is disabled
[        ] Skipping task ':jni:compileDebugJavaWithJavac' as it is up-to-date.
[        ] No compile result for :jni:compileDebugJavaWithJavac
[        ] No compile result for :jni:compileDebugJavaWithJavac
[        ] Resolve mutations for :jni:bundleLibCompileToJarDebug (Thread[Execution worker Thread 2,5,main]) started.
[        ] :jni:bundleLibCompileToJarDebug (Thread[Execution worker Thread 2,5,main]) started.
[        ] > Task :jni:bundleLibCompileToJarDebug UP-TO-DATE
[        ] Caching disabled for task ':jni:bundleLibCompileToJarDebug' because:
[        ]   Build cache is disabled
[        ]   Simple merging task
[        ] Skipping task ':jni:bundleLibCompileToJarDebug' as it is up-to-date.
[        ] work action resolve classes.jar (project :jni) (Thread[Execution worker Thread 3,5,main]) started.
[        ] Resolve mutations for :just_audio:javaPreCompileDebug (Thread[Execution worker Thread 3,5,main]) started.
[        ] :just_audio:javaPreCompileDebug (Thread[Execution worker Thread 3,5,main]) started.
[        ] > Task :just_audio:javaPreCompileDebug UP-TO-DATE
[        ] Caching disabled for task ':just_audio:javaPreCompileDebug' because:
[        ]   Build cache is disabled
[        ] Skipping task ':just_audio:javaPreCompileDebug' as it is up-to-date.
[        ] Resolve mutations for :just_audio:compileDebugJavaWithJavac (Thread[Execution worker Thread 3,5,main]) started.
[        ] :just_audio:compileDebugJavaWithJavac (Thread[Execution worker Thread 3,5,main]) started.
[        ] > Task :just_audio:compileDebugJavaWithJavac UP-TO-DATE
[        ] Custom actions are attached to task ':just_audio:compileDebugJavaWithJavac'.
[        ] Caching disabled for task ':just_audio:compileDebugJavaWithJavac' because:
[        ]   Build cache is disabled
[        ] Skipping task ':just_audio:compileDebugJavaWithJavac' as it is up-to-date.
[        ] No compile result for :just_audio:compileDebugJavaWithJavac
[        ] No compile result for :just_audio:compileDebugJavaWithJavac
[        ] Resolve mutations for :just_audio:bundleLibCompileToJarDebug (Thread[Execution worker Thread 3,5,main]) started.
[        ] :just_audio:bundleLibCompileToJarDebug (Thread[Execution worker Thread 3,5,main]) started.
[        ] > Task :just_audio:bundleLibCompileToJarDebug UP-TO-DATE
[        ] Caching disabled for task ':just_audio:bundleLibCompileToJarDebug' because:
[        ]   Build cache is disabled
[        ]   Simple merging task
[        ] Skipping task ':just_audio:bundleLibCompileToJarDebug' as it is up-to-date.
[        ] work action resolve classes.jar (project :just_audio) (Thread[Execution worker Thread 3,5,main]) started.
[        ] Resolve mutations for :local_auth_android:javaPreCompileDebug (Thread[Execution worker Thread 3,5,main]) started.
[        ] :local_auth_android:javaPreCompileDebug (Thread[Execution worker Thread 3,5,main]) started.
[        ] > Task :local_auth_android:javaPreCompileDebug UP-TO-DATE
[        ] Caching disabled for task ':local_auth_android:javaPreCompileDebug' because:
[        ]   Build cache is disabled
[        ] Skipping task ':local_auth_android:javaPreCompileDebug' as it is up-to-date.
[        ] Resolve mutations for :local_auth_android:compileDebugJavaWithJavac (Thread[Execution worker Thread 3,5,main]) started.
[        ] :local_auth_android:compileDebugJavaWithJavac (Thread[Execution worker Thread 3,5,main]) started.
[        ] > Task :local_auth_android:compileDebugJavaWithJavac UP-TO-DATE
[        ] Custom actions are attached to task ':local_auth_android:compileDebugJavaWithJavac'.
[        ] Caching disabled for task ':local_auth_android:compileDebugJavaWithJavac' because:
[        ]   Build cache is disabled
[        ] Skipping task ':local_auth_android:compileDebugJavaWithJavac' as it is up-to-date.
[        ] No compile result for :local_auth_android:compileDebugJavaWithJavac
[        ] No compile result for :local_auth_android:compileDebugJavaWithJavac
[        ] Resolve mutations for :local_auth_android:bundleLibCompileToJarDebug (Thread[Execution worker Thread 3,5,main]) started.
[        ] :local_auth_android:bundleLibCompileToJarDebug (Thread[Execution worker Thread 3,5,main]) started.
[        ] > Task :local_auth_android:bundleLibCompileToJarDebug UP-TO-DATE
[        ] Caching disabled for task ':local_auth_android:bundleLibCompileToJarDebug' because:
[        ]   Build cache is disabled
[        ]   Simple merging task
[        ] Skipping task ':local_auth_android:bundleLibCompileToJarDebug' as it is up-to-date.
[        ] work action resolve classes.jar (project :local_auth_android) (Thread[Execution worker Thread 3,5,main]) started.
[        ] Resolve mutations for :package_info_plus:checkKotlinGradlePluginConfigurationErrors (Thread[Execution worker Thread 3,5,main]) started.
[        ] :package_info_plus:checkKotlinGradlePluginConfigurationErrors (Thread[Execution worker Thread 3,5,main]) started.
[        ] > Task :package_info_plus:checkKotlinGradlePluginConfigurationErrors SKIPPED
[        ] Skipping task ':package_info_plus:checkKotlinGradlePluginConfigurationErrors' as task onlyIf 'errorDiagnostics are present' is false.
[        ] Resolve mutations for :package_info_plus:compileDebugKotlin (Thread[Execution worker Thread 3,5,main]) started.
[        ] :package_info_plus:compileDebugKotlin (Thread[Execution worker Thread 3,5,main]) started.
[        ] > Task :package_info_plus:compileDebugKotlin UP-TO-DATE
[        ] Adding -Xuse-inline-scopes-numbers Kotlin compiler flag for task :package_info_plus:compileDebugAndroidTestKotlin
[        ] Caching disabled for task ':package_info_plus:compileDebugKotlin' because:
[        ]   Build cache is disabled
[        ] Skipping task ':package_info_plus:compileDebugKotlin' as it is up-to-date.
[        ] Resolve mutations for :package_info_plus:javaPreCompileDebug (Thread[Execution worker Thread 3,5,main]) started.
[        ] :package_info_plus:javaPreCompileDebug (Thread[Execution worker Thread 3,5,main]) started.
[        ] > Task :package_info_plus:javaPreCompileDebug UP-TO-DATE
[        ] Caching disabled for task ':package_info_plus:javaPreCompileDebug' because:
[        ]   Build cache is disabled
[        ] Skipping task ':package_info_plus:javaPreCompileDebug' as it is up-to-date.
[        ] Resolve mutations for :package_info_plus:compileDebugJavaWithJavac (Thread[Execution worker Thread 3,5,main]) started.
[        ] :package_info_plus:compileDebugJavaWithJavac (Thread[Execution worker Thread 3,5,main]) started.
[        ] > Task :package_info_plus:compileDebugJavaWithJavac NO-SOURCE
[        ] Skipping task ':package_info_plus:compileDebugJavaWithJavac' as it has no source files and no previous output files.
[        ] Resolve mutations for :package_info_plus:bundleLibCompileToJarDebug (Thread[Execution worker Thread 3,5,main]) started.
[        ] :package_info_plus:bundleLibCompileToJarDebug (Thread[Execution worker Thread 3,5,main]) started.
[        ] > Task :package_info_plus:bundleLibCompileToJarDebug UP-TO-DATE
[        ] Caching disabled for task ':package_info_plus:bundleLibCompileToJarDebug' because:
[        ]   Build cache is disabled
[        ]   Simple merging task
[        ] Skipping task ':package_info_plus:bundleLibCompileToJarDebug' as it is up-to-date.
[        ] work action resolve classes.jar (project :package_info_plus) (Thread[Execution worker Thread 3,5,main]) started.
[        ] Resolve mutations for :path_provider_android:javaPreCompileDebug (Thread[Execution worker Thread 3,5,main]) started.
[        ] :path_provider_android:javaPreCompileDebug (Thread[Execution worker Thread 3,5,main]) started.
[        ] > Task :path_provider_android:javaPreCompileDebug UP-TO-DATE
[        ] Caching disabled for task ':path_provider_android:javaPreCompileDebug' because:
[        ]   Build cache is disabled
[        ] Skipping task ':path_provider_android:javaPreCompileDebug' as it is up-to-date.
[        ] Resolve mutations for :path_provider_android:compileDebugJavaWithJavac (Thread[Execution worker Thread 3,5,main]) started.
[        ] :path_provider_android:compileDebugJavaWithJavac (Thread[Execution worker Thread 3,5,main]) started.
[        ] > Task :path_provider_android:compileDebugJavaWithJavac UP-TO-DATE
[        ] Custom actions are attached to task ':path_provider_android:compileDebugJavaWithJavac'.
[        ] Caching disabled for task ':path_provider_android:compileDebugJavaWithJavac' because:
[        ]   Build cache is disabled
[        ] Skipping task ':path_provider_android:compileDebugJavaWithJavac' as it is up-to-date.
[        ] No compile result for :path_provider_android:compileDebugJavaWithJavac
[        ] No compile result for :path_provider_android:compileDebugJavaWithJavac
[        ] Resolve mutations for :path_provider_android:bundleLibCompileToJarDebug (Thread[Execution worker Thread 3,5,main]) started.
[        ] :path_provider_android:bundleLibCompileToJarDebug (Thread[Execution worker Thread 3,5,main]) started.
[        ] > Task :path_provider_android:bundleLibCompileToJarDebug UP-TO-DATE
[        ] Caching disabled for task ':path_provider_android:bundleLibCompileToJarDebug' because:
[        ]   Build cache is disabled
[        ]   Simple merging task
[        ] Skipping task ':path_provider_android:bundleLibCompileToJarDebug' as it is up-to-date.
[        ] work action resolve classes.jar (project :path_provider_android) (Thread[Execution worker Thread 3,5,main]) started.
[        ] Resolve mutations for :permission_handler_android:javaPreCompileDebug (Thread[Execution worker Thread 3,5,main]) started.
[        ] :permission_handler_android:javaPreCompileDebug (Thread[Execution worker Thread 3,5,main]) started.
[        ] > Task :permission_handler_android:javaPreCompileDebug UP-TO-DATE
[        ] Caching disabled for task ':permission_handler_android:javaPreCompileDebug' because:
[        ]   Build cache is disabled
[        ] Skipping task ':permission_handler_android:javaPreCompileDebug' as it is up-to-date.
[        ] Resolve mutations for :permission_handler_android:compileDebugJavaWithJavac (Thread[Execution worker Thread 3,5,main]) started.
[        ] :permission_handler_android:compileDebugJavaWithJavac (Thread[Execution worker Thread 3,5,main]) started.
[  +95 ms] > Task :permission_handler_android:compileDebugJavaWithJavac UP-TO-DATE
[        ] Custom actions are attached to task ':permission_handler_android:compileDebugJavaWithJavac'.
[        ] Caching disabled for task ':permission_handler_android:compileDebugJavaWithJavac' because:
[        ]   Build cache is disabled
[        ] Skipping task ':permission_handler_android:compileDebugJavaWithJavac' as it is up-to-date.
[        ] No compile result for :permission_handler_android:compileDebugJavaWithJavac
[        ] No compile result for :permission_handler_android:compileDebugJavaWithJavac
[        ] Resolve mutations for :permission_handler_android:bundleLibCompileToJarDebug (Thread[Execution worker Thread 3,5,main]) started.
[        ] :permission_handler_android:bundleLibCompileToJarDebug (Thread[Execution worker Thread 3,5,main]) started.
[        ] > Task :permission_handler_android:bundleLibCompileToJarDebug UP-TO-DATE
[        ] Caching disabled for task ':permission_handler_android:bundleLibCompileToJarDebug' because:
[        ]   Build cache is disabled
[        ]   Simple merging task
[        ] Skipping task ':permission_handler_android:bundleLibCompileToJarDebug' as it is up-to-date.
[        ] work action resolve classes.jar (project :permission_handler_android) (Thread[Execution worker Thread 3,5,main]) started.
[        ] Resolve mutations for :record_android:checkKotlinGradlePluginConfigurationErrors (Thread[Execution worker Thread 3,5,main]) started.
[        ] :record_android:checkKotlinGradlePluginConfigurationErrors (Thread[Execution worker Thread 3,5,main]) started.
[        ] > Task :record_android:checkKotlinGradlePluginConfigurationErrors SKIPPED
[        ] Skipping task ':record_android:checkKotlinGradlePluginConfigurationErrors' as task onlyIf 'errorDiagnostics are present' is false.
[        ] Resolve mutations for :record_android:compileDebugKotlin (Thread[Execution worker Thread 3,5,main]) started.
[        ] :record_android:compileDebugKotlin (Thread[Execution worker Thread 3,5,main]) started.
[        ] > Task :record_android:compileDebugKotlin UP-TO-DATE
[        ] Adding -Xuse-inline-scopes-numbers Kotlin compiler flag for task :record_android:compileDebugAndroidTestKotlin
[        ] Caching disabled for task ':record_android:compileDebugKotlin' because:
[        ]   Build cache is disabled
[        ] Skipping task ':record_android:compileDebugKotlin' as it is up-to-date.
[        ] Resolve mutations for :record_android:javaPreCompileDebug (Thread[Execution worker Thread 3,5,main]) started.
[        ] :record_android:javaPreCompileDebug (Thread[Execution worker Thread 3,5,main]) started.
[        ] > Task :record_android:javaPreCompileDebug UP-TO-DATE
[        ] Caching disabled for task ':record_android:javaPreCompileDebug' because:
[        ]   Build cache is disabled
[        ] Skipping task ':record_android:javaPreCompileDebug' as it is up-to-date.
[        ] Resolve mutations for :record_android:compileDebugJavaWithJavac (Thread[Execution worker Thread 3,5,main]) started.
[        ] :record_android:compileDebugJavaWithJavac (Thread[Execution worker Thread 3,5,main]) started.
[        ] > Task :record_android:compileDebugJavaWithJavac UP-TO-DATE
[        ] Custom actions are attached to task ':record_android:compileDebugJavaWithJavac'.
[        ] Caching disabled for task ':record_android:compileDebugJavaWithJavac' because:
[        ]   Build cache is disabled
[        ] Skipping task ':record_android:compileDebugJavaWithJavac' as it is up-to-date.
[        ] No compile result for :record_android:compileDebugJavaWithJavac
[        ] No compile result for :record_android:compileDebugJavaWithJavac
[        ] Resolve mutations for :record_android:bundleLibCompileToJarDebug (Thread[Execution worker Thread 3,5,main]) started.
[        ] :record_android:bundleLibCompileToJarDebug (Thread[Execution worker Thread 3,5,main]) started.
[        ] > Task :record_android:bundleLibCompileToJarDebug UP-TO-DATE
[        ] Caching disabled for task ':record_android:bundleLibCompileToJarDebug' because:
[        ]   Build cache is disabled
[        ]   Simple merging task
[        ] Skipping task ':record_android:bundleLibCompileToJarDebug' as it is up-to-date.
[        ] work action resolve classes.jar (project :record_android) (Thread[Execution worker Thread 3,5,main]) started.
[        ] Resolve mutations for :sentry_flutter:checkKotlinGradlePluginConfigurationErrors (Thread[Execution worker Thread 3,5,main]) started.
[        ] :sentry_flutter:checkKotlinGradlePluginConfigurationErrors (Thread[Execution worker Thread 3,5,main]) started.
[        ] > Task :sentry_flutter:checkKotlinGradlePluginConfigurationErrors SKIPPED
[        ] Skipping task ':sentry_flutter:checkKotlinGradlePluginConfigurationErrors' as task onlyIf 'errorDiagnostics are present' is false.
[        ] Resolve mutations for :sentry_flutter:compileDebugKotlin (Thread[Execution worker Thread 3,5,main]) started.
[        ] :sentry_flutter:compileDebugKotlin (Thread[Execution worker Thread 3,5,main]) started.
[        ] > Task :sentry_flutter:compileDebugKotlin UP-TO-DATE
[        ] Adding -Xuse-inline-scopes-numbers Kotlin compiler flag for task :sentry_flutter:compileDebugAndroidTestKotlin
[        ] Caching disabled for task ':sentry_flutter:compileDebugKotlin' because:
[        ]   Build cache is disabled
[        ] Skipping task ':sentry_flutter:compileDebugKotlin' as it is up-to-date.
[        ] Resolve mutations for :sentry_flutter:javaPreCompileDebug (Thread[Execution worker Thread 3,5,main]) started.
[        ] :sentry_flutter:javaPreCompileDebug (Thread[Execution worker Thread 3,5,main]) started.
[        ] > Task :sentry_flutter:javaPreCompileDebug UP-TO-DATE
[        ] Caching disabled for task ':sentry_flutter:javaPreCompileDebug' because:
[        ]   Build cache is disabled
[        ] Skipping task ':sentry_flutter:javaPreCompileDebug' as it is up-to-date.
[        ] Resolve mutations for :sentry_flutter:compileDebugJavaWithJavac (Thread[Execution worker Thread 3,5,main]) started.
[        ] :sentry_flutter:compileDebugJavaWithJavac (Thread[Execution worker Thread 3,5,main]) started.
[        ] > Task :sentry_flutter:compileDebugJavaWithJavac NO-SOURCE
[        ] Skipping task ':sentry_flutter:compileDebugJavaWithJavac' as it has no source files and no previous output files.
[        ] Resolve mutations for :sentry_flutter:bundleLibCompileToJarDebug (Thread[Execution worker Thread 3,5,main]) started.
[        ] :sentry_flutter:bundleLibCompileToJarDebug (Thread[Execution worker Thread 3,5,main]) started.
[        ] > Task :sentry_flutter:bundleLibCompileToJarDebug UP-TO-DATE
[        ] Caching disabled for task ':sentry_flutter:bundleLibCompileToJarDebug' because:
[        ]   Build cache is disabled
[        ]   Simple merging task
[        ] Skipping task ':sentry_flutter:bundleLibCompileToJarDebug' as it is up-to-date.
[        ] work action resolve classes.jar (project :sentry_flutter) (Thread[Execution worker Thread 3,5,main]) started.
[        ] Resolve mutations for :share_plus:checkKotlinGradlePluginConfigurationErrors (Thread[Execution worker Thread 3,5,main]) started.
[        ] :share_plus:checkKotlinGradlePluginConfigurationErrors (Thread[Execution worker Thread 3,5,main]) started.
[        ] > Task :share_plus:checkKotlinGradlePluginConfigurationErrors SKIPPED
[        ] Skipping task ':share_plus:checkKotlinGradlePluginConfigurationErrors' as task onlyIf 'errorDiagnostics are present' is false.
[        ] Resolve mutations for :share_plus:compileDebugKotlin (Thread[Execution worker Thread 3,5,main]) started.
[        ] :share_plus:compileDebugKotlin (Thread[Execution worker Thread 3,5,main]) started.
[        ] > Task :share_plus:compileDebugKotlin UP-TO-DATE
[        ] Adding -Xuse-inline-scopes-numbers Kotlin compiler flag for task :share_plus:compileDebugAndroidTestKotlin
[        ] Caching disabled for task ':share_plus:compileDebugKotlin' because:
[        ]   Build cache is disabled
[        ] Skipping task ':share_plus:compileDebugKotlin' as it is up-to-date.
[        ] Resolve mutations for :share_plus:javaPreCompileDebug (Thread[Execution worker Thread 3,5,main]) started.
[        ] :share_plus:javaPreCompileDebug (Thread[Execution worker Thread 3,5,main]) started.
[        ] > Task :share_plus:javaPreCompileDebug UP-TO-DATE
[        ] Caching disabled for task ':share_plus:javaPreCompileDebug' because:
[        ]   Build cache is disabled
[        ] Skipping task ':share_plus:javaPreCompileDebug' as it is up-to-date.
[        ] Resolve mutations for :share_plus:compileDebugJavaWithJavac (Thread[Execution worker Thread 3,5,main]) started.
[        ] :share_plus:compileDebugJavaWithJavac (Thread[Execution worker Thread 3,5,main]) started.
[        ] > Task :share_plus:compileDebugJavaWithJavac NO-SOURCE
[        ] Skipping task ':share_plus:compileDebugJavaWithJavac' as it has no source files and no previous output files.
[        ] Resolve mutations for :share_plus:bundleLibCompileToJarDebug (Thread[Execution worker Thread 3,5,main]) started.
[        ] :share_plus:bundleLibCompileToJarDebug (Thread[Execution worker Thread 3,5,main]) started.
[        ] > Task :share_plus:bundleLibCompileToJarDebug UP-TO-DATE
[        ] Caching disabled for task ':share_plus:bundleLibCompileToJarDebug' because:
[        ]   Build cache is disabled
[        ]   Simple merging task
[        ] Skipping task ':share_plus:bundleLibCompileToJarDebug' as it is up-to-date.
[  +84 ms] work action resolve classes.jar (project :share_plus) (Thread[Execution worker Thread 3,5,main]) started.
[        ] Resolve mutations for :shared_preferences_android:checkKotlinGradlePluginConfigurationErrors (Thread[Execution worker Thread 3,5,main]) started.
[        ] :shared_preferences_android:checkKotlinGradlePluginConfigurationErrors (Thread[Execution worker Thread 3,5,main]) started.
[        ] > Task :shared_preferences_android:checkKotlinGradlePluginConfigurationErrors SKIPPED
[        ] Skipping task ':shared_preferences_android:checkKotlinGradlePluginConfigurationErrors' as task onlyIf 'errorDiagnostics are present' is false.
[        ] Resolve mutations for :shared_preferences_android:compileDebugKotlin (Thread[Execution worker Thread 3,5,main]) started.
[        ] :shared_preferences_android:compileDebugKotlin (Thread[Execution worker Thread 3,5,main]) started.
[        ] > Task :shared_preferences_android:compileDebugKotlin UP-TO-DATE
[        ] Adding -Xuse-inline-scopes-numbers Kotlin compiler flag for task :shared_preferences_android:compileDebugAndroidTestKotlin
[        ] Caching disabled for task ':shared_preferences_android:compileDebugKotlin' because:
[        ]   Build cache is disabled
[        ] Skipping task ':shared_preferences_android:compileDebugKotlin' as it is up-to-date.
[        ] Resolve mutations for :shared_preferences_android:javaPreCompileDebug (Thread[Execution worker Thread 3,5,main]) started.
[        ] :shared_preferences_android:javaPreCompileDebug (Thread[Execution worker Thread 3,5,main]) started.
[        ] > Task :shared_preferences_android:javaPreCompileDebug UP-TO-DATE
[        ] Caching disabled for task ':shared_preferences_android:javaPreCompileDebug' because:
[        ]   Build cache is disabled
[        ] Skipping task ':shared_preferences_android:javaPreCompileDebug' as it is up-to-date.
[        ] Resolve mutations for :shared_preferences_android:compileDebugJavaWithJavac (Thread[Execution worker Thread 3,5,main]) started.
[        ] :shared_preferences_android:compileDebugJavaWithJavac (Thread[Execution worker Thread 3,5,main]) started.
[        ] > Task :shared_preferences_android:compileDebugJavaWithJavac UP-TO-DATE
[        ] Custom actions are attached to task ':shared_preferences_android:compileDebugJavaWithJavac'.
[        ] Caching disabled for task ':shared_preferences_android:compileDebugJavaWithJavac' because:
[        ]   Build cache is disabled
[        ] Skipping task ':shared_preferences_android:compileDebugJavaWithJavac' as it is up-to-date.
[        ] No compile result for :shared_preferences_android:compileDebugJavaWithJavac
[        ] No compile result for :shared_preferences_android:compileDebugJavaWithJavac
[        ] Resolve mutations for :shared_preferences_android:bundleLibCompileToJarDebug (Thread[Execution worker Thread 3,5,main]) started.
[        ] :shared_preferences_android:bundleLibCompileToJarDebug (Thread[Execution worker Thread 3,5,main]) started.
[        ] > Task :shared_preferences_android:bundleLibCompileToJarDebug UP-TO-DATE
[        ] Caching disabled for task ':shared_preferences_android:bundleLibCompileToJarDebug' because:
[        ]   Build cache is disabled
[        ]   Simple merging task
[        ] Skipping task ':shared_preferences_android:bundleLibCompileToJarDebug' as it is up-to-date.
[        ] work action resolve classes.jar (project :shared_preferences_android) (Thread[Execution worker Thread 3,5,main]) started.
[        ] Resolve mutations for :speech_to_text:checkKotlinGradlePluginConfigurationErrors (Thread[Execution worker Thread 3,5,main]) started.
[        ] :speech_to_text:checkKotlinGradlePluginConfigurationErrors (Thread[Execution worker Thread 3,5,main]) started.
[        ] > Task :speech_to_text:checkKotlinGradlePluginConfigurationErrors SKIPPED
[        ] Skipping task ':speech_to_text:checkKotlinGradlePluginConfigurationErrors' as task onlyIf 'errorDiagnostics are present' is false.
[        ] Resolve mutations for :speech_to_text:compileDebugKotlin (Thread[Execution worker Thread 3,5,main]) started.
[        ] :speech_to_text:compileDebugKotlin (Thread[Execution worker Thread 3,5,main]) started.
[        ] > Task :speech_to_text:compileDebugKotlin UP-TO-DATE
[        ] Adding -Xuse-inline-scopes-numbers Kotlin compiler flag for task :speech_to_text:compileDebugAndroidTestKotlin
[        ] Caching disabled for task ':speech_to_text:compileDebugKotlin' because:
[        ]   Build cache is disabled
[        ] Skipping task ':speech_to_text:compileDebugKotlin' as it is up-to-date.
[        ] Resolve mutations for :speech_to_text:javaPreCompileDebug (Thread[Execution worker Thread 3,5,main]) started.
[        ] :speech_to_text:javaPreCompileDebug (Thread[Execution worker Thread 3,5,main]) started.
[        ] > Task :speech_to_text:javaPreCompileDebug UP-TO-DATE
[        ] Caching disabled for task ':speech_to_text:javaPreCompileDebug' because:
[        ]   Build cache is disabled
[        ] Skipping task ':speech_to_text:javaPreCompileDebug' as it is up-to-date.
[        ] Resolve mutations for :speech_to_text:compileDebugJavaWithJavac (Thread[Execution worker Thread 2,5,main]) started.
[        ] :speech_to_text:compileDebugJavaWithJavac (Thread[Execution worker Thread 2,5,main]) started.
[        ] > Task :speech_to_text:compileDebugJavaWithJavac NO-SOURCE
[        ] Skipping task ':speech_to_text:compileDebugJavaWithJavac' as it has no source files and no previous output files.
[        ] Resolve mutations for :speech_to_text:bundleLibCompileToJarDebug (Thread[Execution worker Thread 2,5,main]) started.
[        ] :speech_to_text:bundleLibCompileToJarDebug (Thread[Execution worker Thread 2,5,main]) started.
[        ] > Task :speech_to_text:bundleLibCompileToJarDebug UP-TO-DATE
[        ] Caching disabled for task ':speech_to_text:bundleLibCompileToJarDebug' because:
[        ]   Build cache is disabled
[        ]   Simple merging task
[        ] Skipping task ':speech_to_text:bundleLibCompileToJarDebug' as it is up-to-date.
[        ] work action resolve classes.jar (project :speech_to_text) (Thread[Execution worker Thread 2,5,main]) started.
[        ] Resolve mutations for :url_launcher_android:generateDebugBuildConfig (Thread[Execution worker Thread 2,5,main]) started.
[        ] :url_launcher_android:generateDebugBuildConfig (Thread[Execution worker Thread 2,5,main]) started.
[        ] > Task :url_launcher_android:generateDebugBuildConfig UP-TO-DATE
[        ] Caching disabled for task ':url_launcher_android:generateDebugBuildConfig' because:
[        ]   Build cache is disabled
[        ] Skipping task ':url_launcher_android:generateDebugBuildConfig' as it is up-to-date.
[        ] Resolve mutations for :url_launcher_android:javaPreCompileDebug (Thread[Execution worker Thread 3,5,main]) started.
[        ] :url_launcher_android:javaPreCompileDebug (Thread[Execution worker Thread 3,5,main]) started.
[        ] > Task :url_launcher_android:javaPreCompileDebug UP-TO-DATE
[        ] Caching disabled for task ':url_launcher_android:javaPreCompileDebug' because:
[        ]   Build cache is disabled
[        ] Skipping task ':url_launcher_android:javaPreCompileDebug' as it is up-to-date.
[        ] Resolve mutations for :url_launcher_android:compileDebugJavaWithJavac (Thread[Execution worker Thread 3,5,main]) started.
[        ] :url_launcher_android:compileDebugJavaWithJavac (Thread[Execution worker Thread 3,5,main]) started.
[ +103 ms] > Task :url_launcher_android:compileDebugJavaWithJavac UP-TO-DATE
[        ] Custom actions are attached to task ':url_launcher_android:compileDebugJavaWithJavac'.
[        ] Caching disabled for task ':url_launcher_android:compileDebugJavaWithJavac' because:
[        ]   Build cache is disabled
[        ] Skipping task ':url_launcher_android:compileDebugJavaWithJavac' as it is up-to-date.
[        ] No compile result for :url_launcher_android:compileDebugJavaWithJavac
[        ] No compile result for :url_launcher_android:compileDebugJavaWithJavac
[        ] Resolve mutations for :url_launcher_android:bundleLibCompileToJarDebug (Thread[Execution worker Thread 3,5,main]) started.
[        ] :url_launcher_android:bundleLibCompileToJarDebug (Thread[Execution worker Thread 3,5,main]) started.
[        ] > Task :url_launcher_android:bundleLibCompileToJarDebug UP-TO-DATE
[        ] Caching disabled for task ':url_launcher_android:bundleLibCompileToJarDebug' because:
[        ]   Build cache is disabled
[        ]   Simple merging task
[        ] Skipping task ':url_launcher_android:bundleLibCompileToJarDebug' as it is up-to-date.
[        ] work action resolve classes.jar (project :url_launcher_android) (Thread[Execution worker Thread 3,5,main]) started.
[        ] Resolve mutations for :workmanager_android:checkKotlinGradlePluginConfigurationErrors (Thread[Execution worker Thread 3,5,main]) started.
[        ] :workmanager_android:checkKotlinGradlePluginConfigurationErrors (Thread[Execution worker Thread 3,5,main]) started.
[        ] > Task :workmanager_android:checkKotlinGradlePluginConfigurationErrors SKIPPED
[        ] Skipping task ':workmanager_android:checkKotlinGradlePluginConfigurationErrors' as task onlyIf 'errorDiagnostics are present' is false.
[        ] Resolve mutations for :workmanager_android:compileDebugKotlin (Thread[Execution worker Thread 3,5,main]) started.
[        ] :workmanager_android:compileDebugKotlin (Thread[Execution worker Thread 3,5,main]) started.
[        ] > Task :workmanager_android:compileDebugKotlin UP-TO-DATE
[        ] Adding -Xuse-inline-scopes-numbers Kotlin compiler flag for task :workmanager_android:compileDebugAndroidTestKotlin
[        ] Caching disabled for task ':workmanager_android:compileDebugKotlin' because:
[        ]   Build cache is disabled
[        ] Skipping task ':workmanager_android:compileDebugKotlin' as it is up-to-date.
[        ] Resolve mutations for :workmanager_android:javaPreCompileDebug (Thread[Execution worker Thread 3,5,main]) started.
[        ] :workmanager_android:javaPreCompileDebug (Thread[Execution worker,5,main]) started.
[        ] > Task :workmanager_android:javaPreCompileDebug UP-TO-DATE
[        ] Caching disabled for task ':workmanager_android:javaPreCompileDebug' because:
[        ]   Build cache is disabled
[        ] Skipping task ':workmanager_android:javaPreCompileDebug' as it is up-to-date.
[        ] Resolve mutations for :workmanager_android:compileDebugJavaWithJavac (Thread[Execution worker,5,main]) started.
[        ] :workmanager_android:compileDebugJavaWithJavac (Thread[Execution worker,5,main]) started.
[        ] > Task :workmanager_android:compileDebugJavaWithJavac NO-SOURCE
[        ] Skipping task ':workmanager_android:compileDebugJavaWithJavac' as it has no source files and no previous output files.
[        ] Resolve mutations for :workmanager_android:bundleLibCompileToJarDebug (Thread[Execution worker,5,main]) started.
[        ] :workmanager_android:bundleLibCompileToJarDebug (Thread[Execution worker,5,main]) started.
[        ] > Task :workmanager_android:bundleLibCompileToJarDebug UP-TO-DATE
[        ] Caching disabled for task ':workmanager_android:bundleLibCompileToJarDebug' because:
[        ]   Build cache is disabled
[        ]   Simple merging task
[        ] Skipping task ':workmanager_android:bundleLibCompileToJarDebug' as it is up-to-date.
[        ] work action resolve classes.jar (project :workmanager_android) (Thread[Execution worker,5,main]) started.
[        ] Resolve mutations for :app:compileDebugKotlin (Thread[Execution worker,5,main]) started.
[        ] :app:compileDebugKotlin (Thread[Execution worker,5,main]) started.
[        ] > Task :app:compileDebugKotlin UP-TO-DATE
[        ] Adding -Xuse-inline-scopes-numbers Kotlin compiler flag for task :app:compileDebugAndroidTestKotlin
[        ] Caching disabled for task ':app:compileDebugKotlin' because:
[        ]   Build cache is disabled
[        ] Skipping task ':app:compileDebugKotlin' as it is up-to-date.
[        ] Resolve mutations for :app:javaPreCompileDebug (Thread[Execution worker,5,main]) started.
[        ] :app:javaPreCompileDebug (Thread[Execution worker,5,main]) started.
[        ] > Task :app:javaPreCompileDebug UP-TO-DATE
[        ] Caching disabled for task ':app:javaPreCompileDebug' because:
[        ]   Build cache is disabled
[        ] Skipping task ':app:javaPreCompileDebug' as it is up-to-date.
[        ] Resolve mutations for :app:compileDebugJavaWithJavac (Thread[Execution worker Thread 2,5,main]) started.
[        ] :app:compileDebugJavaWithJavac (Thread[Execution worker Thread 2,5,main]) started.
[ +386 ms] > Task :app:compileDebugJavaWithJavac FAILED
[        ] Custom actions are attached to task ':app:compileDebugJavaWithJavac'.
[        ] Caching disabled for task ':app:compileDebugJavaWithJavac' because:
[        ]   Build cache is disabled
[        ] Task ':app:compileDebugJavaWithJavac' is not up-to-date because:
[        ]   Task has failed previously.
[        ] The input changes require a full rebuild for incremental task ':app:compileDebugJavaWithJavac'.
[        ] Compilation mode: in-process compilation
[        ] Full recompilation is required because no incremental change information is available. This is usually caused by clean builds or changing compiler arguments.
[        ] Compiling with toolchain 'C:\Program Files\Eclipse Adoptium\jdk-17.0.17.10-hotspot'.
[        ] file or directory 'C:\Users\H\Steps-to-recovery-flutter\android\app\src\debug\java', not found
[        ] Compiling with JDK Java compiler API.
[ +198 ms] Build 49473c52-89bf-447e-8c60-2efad87610b8 is closed
[        ] [Incubating] Problems report is available at: file:///C:/Users/H/Steps-to-recovery-flutter/android/build/reports/problems/problems-report.html
[        ] Deprecated Gradle features were used in this build, making it incompatible with Gradle 9.0.
[        ] You can use '--warning-mode all' to show the individual deprecation warnings and determine if they come from your own scripts or plugins.
[        ] For more on this, please refer to https://docs.gradle.org/8.14/userguide/command_line_interface.html#sec:command_line_warnings in the Gradle documentation.
[        ] 368 actionable tasks: 6 executed, 362 up-to-date
[  +50 ms] Watched directory hierarchies: [C:\src\flutter\packages\flutter_tools\gradle, C:\Users\H\Steps-to-recovery-flutter\android]
[  +76 ms] Running Gradle task 'assembleDebug'... (completed in 12.4s)
[   +1 ms] "flutter run" took 17,679ms.
[        ] Running 3 shutdown hooks
[  +12 ms] Shutdown hooks complete
[ +116 ms] exiting with code 1
