00:00 +0: loading C:/Users/H/Steps-to-recovery-flutter/test/ai_service_test.dart
00:00 +0: C:/Users/H/Steps-to-recovery-flutter/test/ai_service_test.dart: buildChatPrompt creates a structured recovery prompt with context and response contract
00:00 +1: C:/Users/H/Steps-to-recovery-flutter/test/app_flow_test.dart: journal editor saves an entry to the local database
00:00 +1: C:/Users/H/Steps-to-recovery-flutter/test/app_state_notifications_test.dart: reminder preference changes sync the scheduler with the latest settings
ΓöîΓöÇΓöÇΓöÇΓöÇΓöÇΓöÇΓöÇΓöÇΓöÇΓöÇΓöÇΓöÇΓöÇΓöÇΓöÇΓöÇΓöÇΓöÇΓöÇΓöÇΓöÇΓöÇΓöÇΓöÇΓöÇΓöÇΓöÇΓöÇΓöÇΓöÇΓöÇΓöÇΓöÇΓöÇΓöÇΓöÇΓöÇΓöÇΓöÇΓöÇΓöÇΓöÇΓöÇΓöÇΓöÇΓöÇΓöÇΓöÇΓöÇΓöÇΓöÇΓöÇΓöÇΓöÇΓöÇΓöÇΓöÇΓöÇΓöÇΓöÇΓöÇΓöÇΓöÇΓöÇΓöÇΓöÇΓöÇΓöÇΓöÇΓöÇΓöÇΓöÇΓöÇΓöÇΓöÇΓöÇΓöÇΓöÇΓöÇΓöÇΓöÇΓöÇΓöÇΓöÇΓöÇΓöÇΓöÇΓöÇΓöÇΓöÇΓöÇΓöÇΓöÇΓöÇΓöÇΓöÇΓöÇΓöÇΓöÇΓöÇΓöÇΓöÇΓöÇΓöÇΓöÇΓöÇΓöÇΓöÇΓöÇΓöÇΓöÇΓöÇΓöÇΓöÇΓöÇΓöÇΓöÇΓöÇΓöÇ
Γöé #0   LoggerService.debug (package:steps_recovery_flutter/core/services/logger_service.dart:23:15)
Γöé #1   EncryptionService.initialize (package:steps_recovery_flutter/core/services/encryption_service.dart:61:23)
Γö£ΓöäΓöäΓöäΓöäΓöäΓöäΓöäΓöäΓöäΓöäΓöäΓöäΓöäΓöäΓöäΓöäΓöäΓöäΓöäΓöäΓöäΓöäΓöäΓöäΓöäΓöäΓöäΓöäΓöäΓöäΓöäΓöäΓöäΓöäΓöäΓöäΓöäΓöäΓöäΓöäΓöäΓöäΓöäΓöäΓöäΓöäΓöäΓöäΓöäΓöäΓöäΓöäΓöäΓöäΓöäΓöäΓöäΓöäΓöäΓöäΓöäΓöäΓöäΓöäΓöäΓöäΓöäΓöäΓöäΓöäΓöäΓöäΓöäΓöäΓöäΓöäΓöäΓöäΓöäΓöäΓöäΓöäΓöäΓöäΓöäΓöäΓöäΓöäΓöäΓöäΓöäΓöäΓöäΓöäΓöäΓöäΓöäΓöäΓöäΓöäΓöäΓöäΓöäΓöäΓöäΓöäΓöäΓöäΓöäΓöäΓöäΓöäΓöäΓöäΓöäΓöäΓöäΓöäΓöä
Γöé 11:20:15.002 (+0:00:00.001182)
Γö£ΓöäΓöäΓöäΓöäΓöäΓöäΓöäΓöäΓöäΓöäΓöäΓöäΓöäΓöäΓöäΓöäΓöäΓöäΓöäΓöäΓöäΓöäΓöäΓöäΓöäΓöäΓöäΓöäΓöäΓöäΓöäΓöäΓöäΓöäΓöäΓöäΓöäΓöäΓöäΓöäΓöäΓöäΓöäΓöäΓöäΓöäΓöäΓöäΓöäΓöäΓöäΓöäΓöäΓöäΓöäΓöäΓöäΓöäΓöäΓöäΓöäΓöäΓöäΓöäΓöäΓöäΓöäΓöäΓöäΓöäΓöäΓöäΓöäΓöäΓöäΓöäΓöäΓöäΓöäΓöäΓöäΓöäΓöäΓöäΓöäΓöäΓöäΓöäΓöäΓöäΓöäΓöäΓöäΓöäΓöäΓöäΓöäΓöäΓöäΓöäΓöäΓöäΓöäΓöäΓöäΓöäΓöäΓöäΓöäΓöäΓöäΓöäΓöäΓöäΓöäΓöäΓöäΓöäΓöä
Γöé ≡ƒÉ¢ Encryption service initialized with secure storage
ΓööΓöÇΓöÇΓöÇΓöÇΓöÇΓöÇΓöÇΓöÇΓöÇΓöÇΓöÇΓöÇΓöÇΓöÇΓöÇΓöÇΓöÇΓöÇΓöÇΓöÇΓöÇΓöÇΓöÇΓöÇΓöÇΓöÇΓöÇΓöÇΓöÇΓöÇΓöÇΓöÇΓöÇΓöÇΓöÇΓöÇΓöÇΓöÇΓöÇΓöÇΓöÇΓöÇΓöÇΓöÇΓöÇΓöÇΓöÇΓöÇΓöÇΓöÇΓöÇΓöÇΓöÇΓöÇΓöÇΓöÇΓöÇΓöÇΓöÇΓöÇΓöÇΓöÇΓöÇΓöÇΓöÇΓöÇΓöÇΓöÇΓöÇΓöÇΓöÇΓöÇΓöÇΓöÇΓöÇΓöÇΓöÇΓöÇΓöÇΓöÇΓöÇΓöÇΓöÇΓöÇΓöÇΓöÇΓöÇΓöÇΓöÇΓöÇΓöÇΓöÇΓöÇΓöÇΓöÇΓöÇΓöÇΓöÇΓöÇΓöÇΓöÇΓöÇΓöÇΓöÇΓöÇΓöÇΓöÇΓöÇΓöÇΓöÇΓöÇΓöÇΓöÇΓöÇΓöÇΓöÇΓöÇΓöÇΓöÇ
ΓöîΓöÇΓöÇΓöÇΓöÇΓöÇΓöÇΓöÇΓöÇΓöÇΓöÇΓöÇΓöÇΓöÇΓöÇΓöÇΓöÇΓöÇΓöÇΓöÇΓöÇΓöÇΓöÇΓöÇΓöÇΓöÇΓöÇΓöÇΓöÇΓöÇΓöÇΓöÇΓöÇΓöÇΓöÇΓöÇΓöÇΓöÇΓöÇΓöÇΓöÇΓöÇΓöÇΓöÇΓöÇΓöÇΓöÇΓöÇΓöÇΓöÇΓöÇΓöÇΓöÇΓöÇΓöÇΓöÇΓöÇΓöÇΓöÇΓöÇΓöÇΓöÇΓöÇΓöÇΓöÇΓöÇΓöÇΓöÇΓöÇΓöÇΓöÇΓöÇΓöÇΓöÇΓöÇΓöÇΓöÇΓöÇΓöÇΓöÇΓöÇΓöÇΓöÇΓöÇΓöÇΓöÇΓöÇΓöÇΓöÇΓöÇΓöÇΓöÇΓöÇΓöÇΓöÇΓöÇΓöÇΓöÇΓöÇΓöÇΓöÇΓöÇΓöÇΓöÇΓöÇΓöÇΓöÇΓöÇΓöÇΓöÇΓöÇΓöÇΓöÇΓöÇΓöÇΓöÇΓöÇΓöÇΓöÇΓöÇ
Γöé #0   LoggerService.debug (package:steps_recovery_flutter/core/services/logger_service.dart:23:15)
Γöé #1   DatabaseService.initialize (package:steps_recovery_flutter/core/services/database_service.dart:77:21)
Γö£ΓöäΓöäΓöäΓöäΓöäΓöäΓöäΓöäΓöäΓöäΓöäΓöäΓöäΓöäΓöäΓöäΓöäΓöäΓöäΓöäΓöäΓöäΓöäΓöäΓöäΓöäΓöäΓöäΓöäΓöäΓöäΓöäΓöäΓöäΓöäΓöäΓöäΓöäΓöäΓöäΓöäΓöäΓöäΓöäΓöäΓöäΓöäΓöäΓöäΓöäΓöäΓöäΓöäΓöäΓöäΓöäΓöäΓöäΓöäΓöäΓöäΓöäΓöäΓöäΓöäΓöäΓöäΓöäΓöäΓöäΓöäΓöäΓöäΓöäΓöäΓöäΓöäΓöäΓöäΓöäΓöäΓöäΓöäΓöäΓöäΓöäΓöäΓöäΓöäΓöäΓöäΓöäΓöäΓöäΓöäΓöäΓöäΓöäΓöäΓöäΓöäΓöäΓöäΓöäΓöäΓöäΓöäΓöäΓöäΓöäΓöäΓöäΓöäΓöäΓöäΓöäΓöäΓöäΓöä
Γöé 11:20:15.019 (+0:00:00.018351)
Γö£ΓöäΓöäΓöäΓöäΓöäΓöäΓöäΓöäΓöäΓöäΓöäΓöäΓöäΓöäΓöäΓöäΓöäΓöäΓöäΓöäΓöäΓöäΓöäΓöäΓöäΓöäΓöäΓöäΓöäΓöäΓöäΓöäΓöäΓöäΓöäΓöäΓöäΓöäΓöäΓöäΓöäΓöäΓöäΓöäΓöäΓöäΓöäΓöäΓöäΓöäΓöäΓöäΓöäΓöäΓöäΓöäΓöäΓöäΓöäΓöäΓöäΓöäΓöäΓöäΓöäΓöäΓöäΓöäΓöäΓöäΓöäΓöäΓöäΓöäΓöäΓöäΓöäΓöäΓöäΓöäΓöäΓöäΓöäΓöäΓöäΓöäΓöäΓöäΓöäΓöäΓöäΓöäΓöäΓöäΓöäΓöäΓöäΓöäΓöäΓöäΓöäΓöäΓöäΓöäΓöäΓöäΓöäΓöäΓöäΓöäΓöäΓöäΓöäΓöäΓöäΓöäΓöäΓöäΓöä
Γöé ≡ƒÉ¢ DatabaseService initialized (encryption secure: true)
ΓööΓöÇΓöÇΓöÇΓöÇΓöÇΓöÇΓöÇΓöÇΓöÇΓöÇΓöÇΓöÇΓöÇΓöÇΓöÇΓöÇΓöÇΓöÇΓöÇΓöÇΓöÇΓöÇΓöÇΓöÇΓöÇΓöÇΓöÇΓöÇΓöÇΓöÇΓöÇΓöÇΓöÇΓöÇΓöÇΓöÇΓöÇΓöÇΓöÇΓöÇΓöÇΓöÇΓöÇΓöÇΓöÇΓöÇΓöÇΓöÇΓöÇΓöÇΓöÇΓöÇΓöÇΓöÇΓöÇΓöÇΓöÇΓöÇΓöÇΓöÇΓöÇΓöÇΓöÇΓöÇΓöÇΓöÇΓöÇΓöÇΓöÇΓöÇΓöÇΓöÇΓöÇΓöÇΓöÇΓöÇΓöÇΓöÇΓöÇΓöÇΓöÇΓöÇΓöÇΓöÇΓöÇΓöÇΓöÇΓöÇΓöÇΓöÇΓöÇΓöÇΓöÇΓöÇΓöÇΓöÇΓöÇΓöÇΓöÇΓöÇΓöÇΓöÇΓöÇΓöÇΓöÇΓöÇΓöÇΓöÇΓöÇΓöÇΓöÇΓöÇΓöÇΓöÇΓöÇΓöÇΓöÇΓöÇΓöÇ
00:00 +2: C:/Users/H/Steps-to-recovery-flutter/test/app_flow_test.dart: journal editor saves an entry to the local database
00:01 +2: C:/Users/H/Steps-to-recovery-flutter/test/auth_flow_test.dart: AppStateService auth flow signUp sets isAuthenticated and currentUserId
ΓöîΓöÇΓöÇΓöÇΓöÇΓöÇΓöÇΓöÇΓöÇΓöÇΓöÇΓöÇΓöÇΓöÇΓöÇΓöÇΓöÇΓöÇΓöÇΓöÇΓöÇΓöÇΓöÇΓöÇΓöÇΓöÇΓöÇΓöÇΓöÇΓöÇΓöÇΓöÇΓöÇΓöÇΓöÇΓöÇΓöÇΓöÇΓöÇΓöÇΓöÇΓöÇΓöÇΓöÇΓöÇΓöÇΓöÇΓöÇΓöÇΓöÇΓöÇΓöÇΓöÇΓöÇΓöÇΓöÇΓöÇΓöÇΓöÇΓöÇΓöÇΓöÇΓöÇΓöÇΓöÇΓöÇΓöÇΓöÇΓöÇΓöÇΓöÇΓöÇΓöÇΓöÇΓöÇΓöÇΓöÇΓöÇΓöÇΓöÇΓöÇΓöÇΓöÇΓöÇΓöÇΓöÇΓöÇΓöÇΓöÇΓöÇΓöÇΓöÇΓöÇΓöÇΓöÇΓöÇΓöÇΓöÇΓöÇΓöÇΓöÇΓöÇΓöÇΓöÇΓöÇΓöÇΓöÇΓöÇΓöÇΓöÇΓöÇΓöÇΓöÇΓöÇΓöÇΓöÇΓöÇΓöÇΓöÇΓöÇ
Γöé #0   LoggerService.debug (package:steps_recovery_flutter/core/services/logger_service.dart:23:15)
Γöé #1   EncryptionService.initialize (package:steps_recovery_flutter/core/services/encryption_service.dart:61:23)
Γö£ΓöäΓöäΓöäΓöäΓöäΓöäΓöäΓöäΓöäΓöäΓöäΓöäΓöäΓöäΓöäΓöäΓöäΓöäΓöäΓöäΓöäΓöäΓöäΓöäΓöäΓöäΓöäΓöäΓöäΓöäΓöäΓöäΓöäΓöäΓöäΓöäΓöäΓöäΓöäΓöäΓöäΓöäΓöäΓöäΓöäΓöäΓöäΓöäΓöäΓöäΓöäΓöäΓöäΓöäΓöäΓöäΓöäΓöäΓöäΓöäΓöäΓöäΓöäΓöäΓöäΓöäΓöäΓöäΓöäΓöäΓöäΓöäΓöäΓöäΓöäΓöäΓöäΓöäΓöäΓöäΓöäΓöäΓöäΓöäΓöäΓöäΓöäΓöäΓöäΓöäΓöäΓöäΓöäΓöäΓöäΓöäΓöäΓöäΓöäΓöäΓöäΓöäΓöäΓöäΓöäΓöäΓöäΓöäΓöäΓöäΓöäΓöäΓöäΓöäΓöäΓöäΓöäΓöäΓöä
Γöé 11:20:15.352 (+0:00:00.001292)
Γö£ΓöäΓöäΓöäΓöäΓöäΓöäΓöäΓöäΓöäΓöäΓöäΓöäΓöäΓöäΓöäΓöäΓöäΓöäΓöäΓöäΓöäΓöäΓöäΓöäΓöäΓöäΓöäΓöäΓöäΓöäΓöäΓöäΓöäΓöäΓöäΓöäΓöäΓöäΓöäΓöäΓöäΓöäΓöäΓöäΓöäΓöäΓöäΓöäΓöäΓöäΓöäΓöäΓöäΓöäΓöäΓöäΓöäΓöäΓöäΓöäΓöäΓöäΓöäΓöäΓöäΓöäΓöäΓöäΓöäΓöäΓöäΓöäΓöäΓöäΓöäΓöäΓöäΓöäΓöäΓöäΓöäΓöäΓöäΓöäΓöäΓöäΓöäΓöäΓöäΓöäΓöäΓöäΓöäΓöäΓöäΓöäΓöäΓöäΓöäΓöäΓöäΓöäΓöäΓöäΓöäΓöäΓöäΓöäΓöäΓöäΓöäΓöäΓöäΓöäΓöäΓöäΓöäΓöäΓöä
Γöé ≡ƒÉ¢ Encryption service initialized with secure storage
ΓööΓöÇΓöÇΓöÇΓöÇΓöÇΓöÇΓöÇΓöÇΓöÇΓöÇΓöÇΓöÇΓöÇΓöÇΓöÇΓöÇΓöÇΓöÇΓöÇΓöÇΓöÇΓöÇΓöÇΓöÇΓöÇΓöÇΓöÇΓöÇΓöÇΓöÇΓöÇΓöÇΓöÇΓöÇΓöÇΓöÇΓöÇΓöÇΓöÇΓöÇΓöÇΓöÇΓöÇΓöÇΓöÇΓöÇΓöÇΓöÇΓöÇΓöÇΓöÇΓöÇΓöÇΓöÇΓöÇΓöÇΓöÇΓöÇΓöÇΓöÇΓöÇΓöÇΓöÇΓöÇΓöÇΓöÇΓöÇΓöÇΓöÇΓöÇΓöÇΓöÇΓöÇΓöÇΓöÇΓöÇΓöÇΓöÇΓöÇΓöÇΓöÇΓöÇΓöÇΓöÇΓöÇΓöÇΓöÇΓöÇΓöÇΓöÇΓöÇΓöÇΓöÇΓöÇΓöÇΓöÇΓöÇΓöÇΓöÇΓöÇΓöÇΓöÇΓöÇΓöÇΓöÇΓöÇΓöÇΓöÇΓöÇΓöÇΓöÇΓöÇΓöÇΓöÇΓöÇΓöÇΓöÇΓöÇΓöÇ
ΓöîΓöÇΓöÇΓöÇΓöÇΓöÇΓöÇΓöÇΓöÇΓöÇΓöÇΓöÇΓöÇΓöÇΓöÇΓöÇΓöÇΓöÇΓöÇΓöÇΓöÇΓöÇΓöÇΓöÇΓöÇΓöÇΓöÇΓöÇΓöÇΓöÇΓöÇΓöÇΓöÇΓöÇΓöÇΓöÇΓöÇΓöÇΓöÇΓöÇΓöÇΓöÇΓöÇΓöÇΓöÇΓöÇΓöÇΓöÇΓöÇΓöÇΓöÇΓöÇΓöÇΓöÇΓöÇΓöÇΓöÇΓöÇΓöÇΓöÇΓöÇΓöÇΓöÇΓöÇΓöÇΓöÇΓöÇΓöÇΓöÇΓöÇΓöÇΓöÇΓöÇΓöÇΓöÇΓöÇΓöÇΓöÇΓöÇΓöÇΓöÇΓöÇΓöÇΓöÇΓöÇΓöÇΓöÇΓöÇΓöÇΓöÇΓöÇΓöÇΓöÇΓöÇΓöÇΓöÇΓöÇΓöÇΓöÇΓöÇΓöÇΓöÇΓöÇΓöÇΓöÇΓöÇΓöÇΓöÇΓöÇΓöÇΓöÇΓöÇΓöÇΓöÇΓöÇΓöÇΓöÇΓöÇΓöÇΓöÇ
Γöé #0   LoggerService.debug (package:steps_recovery_flutter/core/services/logger_service.dart:23:15)
Γöé #1   DatabaseService.initialize (package:steps_recovery_flutter/core/services/database_service.dart:77:21)
Γö£ΓöäΓöäΓöäΓöäΓöäΓöäΓöäΓöäΓöäΓöäΓöäΓöäΓöäΓöäΓöäΓöäΓöäΓöäΓöäΓöäΓöäΓöäΓöäΓöäΓöäΓöäΓöäΓöäΓöäΓöäΓöäΓöäΓöäΓöäΓöäΓöäΓöäΓöäΓöäΓöäΓöäΓöäΓöäΓöäΓöäΓöäΓöäΓöäΓöäΓöäΓöäΓöäΓöäΓöäΓöäΓöäΓöäΓöäΓöäΓöäΓöäΓöäΓöäΓöäΓöäΓöäΓöäΓöäΓöäΓöäΓöäΓöäΓöäΓöäΓöäΓöäΓöäΓöäΓöäΓöäΓöäΓöäΓöäΓöäΓöäΓöäΓöäΓöäΓöäΓöäΓöäΓöäΓöäΓöäΓöäΓöäΓöäΓöäΓöäΓöäΓöäΓöäΓöäΓöäΓöäΓöäΓöäΓöäΓöäΓöäΓöäΓöäΓöäΓöäΓöäΓöäΓöäΓöäΓöä
Γöé 11:20:15.368 (+0:00:00.017249)
Γö£ΓöäΓöäΓöäΓöäΓöäΓöäΓöäΓöäΓöäΓöäΓöäΓöäΓöäΓöäΓöäΓöäΓöäΓöäΓöäΓöäΓöäΓöäΓöäΓöäΓöäΓöäΓöäΓöäΓöäΓöäΓöäΓöäΓöäΓöäΓöäΓöäΓöäΓöäΓöäΓöäΓöäΓöäΓöäΓöäΓöäΓöäΓöäΓöäΓöäΓöäΓöäΓöäΓöäΓöäΓöäΓöäΓöäΓöäΓöäΓöäΓöäΓöäΓöäΓöäΓöäΓöäΓöäΓöäΓöäΓöäΓöäΓöäΓöäΓöäΓöäΓöäΓöäΓöäΓöäΓöäΓöäΓöäΓöäΓöäΓöäΓöäΓöäΓöäΓöäΓöäΓöäΓöäΓöäΓöäΓöäΓöäΓöäΓöäΓöäΓöäΓöäΓöäΓöäΓöäΓöäΓöäΓöäΓöäΓöäΓöäΓöäΓöäΓöäΓöäΓöäΓöäΓöäΓöäΓöä
Γöé ≡ƒÉ¢ DatabaseService initialized (encryption secure: true)
ΓööΓöÇΓöÇΓöÇΓöÇΓöÇΓöÇΓöÇΓöÇΓöÇΓöÇΓöÇΓöÇΓöÇΓöÇΓöÇΓöÇΓöÇΓöÇΓöÇΓöÇΓöÇΓöÇΓöÇΓöÇΓöÇΓöÇΓöÇΓöÇΓöÇΓöÇΓöÇΓöÇΓöÇΓöÇΓöÇΓöÇΓöÇΓöÇΓöÇΓöÇΓöÇΓöÇΓöÇΓöÇΓöÇΓöÇΓöÇΓöÇΓöÇΓöÇΓöÇΓöÇΓöÇΓöÇΓöÇΓöÇΓöÇΓöÇΓöÇΓöÇΓöÇΓöÇΓöÇΓöÇΓöÇΓöÇΓöÇΓöÇΓöÇΓöÇΓöÇΓöÇΓöÇΓöÇΓöÇΓöÇΓöÇΓöÇΓöÇΓöÇΓöÇΓöÇΓöÇΓöÇΓöÇΓöÇΓöÇΓöÇΓöÇΓöÇΓöÇΓöÇΓöÇΓöÇΓöÇΓöÇΓöÇΓöÇΓöÇΓöÇΓöÇΓöÇΓöÇΓöÇΓöÇΓöÇΓöÇΓöÇΓöÇΓöÇΓöÇΓöÇΓöÇΓöÇΓöÇΓöÇΓöÇΓöÇΓöÇ
00:01 +3: C:/Users/H/Steps-to-recovery-flutter/test/app_flow_test.dart: journal editor saves an entry to the local database
00:01 +4: C:/Users/H/Steps-to-recovery-flutter/test/app_flow_test.dart: journal editor saves an entry to the local database
00:01 +5: C:/Users/H/Steps-to-recovery-flutter/test/app_flow_test.dart: journal editor saves an entry to the local database
00:01 +6: C:/Users/H/Steps-to-recovery-flutter/test/app_flow_test.dart: journal editor saves an entry to the local database
00:01 +7: C:/Users/H/Steps-to-recovery-flutter/test/app_flow_test.dart: journal editor saves an entry to the local database
00:01 +7: C:/Users/H/Steps-to-recovery-flutter/test/auth_flow_test.dart: AppStateService auth flow signIn with wrong password throws StateError
ΓöîΓöÇΓöÇΓöÇΓöÇΓöÇΓöÇΓöÇΓöÇΓöÇΓöÇΓöÇΓöÇΓöÇΓöÇΓöÇΓöÇΓöÇΓöÇΓöÇΓöÇΓöÇΓöÇΓöÇΓöÇΓöÇΓöÇΓöÇΓöÇΓöÇΓöÇΓöÇΓöÇΓöÇΓöÇΓöÇΓöÇΓöÇΓöÇΓöÇΓöÇΓöÇΓöÇΓöÇΓöÇΓöÇΓöÇΓöÇΓöÇΓöÇΓöÇΓöÇΓöÇΓöÇΓöÇΓöÇΓöÇΓöÇΓöÇΓöÇΓöÇΓöÇΓöÇΓöÇΓöÇΓöÇΓöÇΓöÇΓöÇΓöÇΓöÇΓöÇΓöÇΓöÇΓöÇΓöÇΓöÇΓöÇΓöÇΓöÇΓöÇΓöÇΓöÇΓöÇΓöÇΓöÇΓöÇΓöÇΓöÇΓöÇΓöÇΓöÇΓöÇΓöÇΓöÇΓöÇΓöÇΓöÇΓöÇΓöÇΓöÇΓöÇΓöÇΓöÇΓöÇΓöÇΓöÇΓöÇΓöÇΓöÇΓöÇΓöÇΓöÇΓöÇΓöÇΓöÇΓöÇΓöÇΓöÇΓöÇ
Γöé #0   LoggerService.debug (package:steps_recovery_flutter/core/services/logger_service.dart:23:15)
Γöé #1   AppStateService._recordFailedAttempt (package:steps_recovery_flutter/core/services/app_state_service.dart:186:21)
Γö£ΓöäΓöäΓöäΓöäΓöäΓöäΓöäΓöäΓöäΓöäΓöäΓöäΓöäΓöäΓöäΓöäΓöäΓöäΓöäΓöäΓöäΓöäΓöäΓöäΓöäΓöäΓöäΓöäΓöäΓöäΓöäΓöäΓöäΓöäΓöäΓöäΓöäΓöäΓöäΓöäΓöäΓöäΓöäΓöäΓöäΓöäΓöäΓöäΓöäΓöäΓöäΓöäΓöäΓöäΓöäΓöäΓöäΓöäΓöäΓöäΓöäΓöäΓöäΓöäΓöäΓöäΓöäΓöäΓöäΓöäΓöäΓöäΓöäΓöäΓöäΓöäΓöäΓöäΓöäΓöäΓöäΓöäΓöäΓöäΓöäΓöäΓöäΓöäΓöäΓöäΓöäΓöäΓöäΓöäΓöäΓöäΓöäΓöäΓöäΓöäΓöäΓöäΓöäΓöäΓöäΓöäΓöäΓöäΓöäΓöäΓöäΓöäΓöäΓöäΓöäΓöäΓöäΓöäΓöä
Γöé 11:20:15.486 (+0:00:00.135813)
Γö£ΓöäΓöäΓöäΓöäΓöäΓöäΓöäΓöäΓöäΓöäΓöäΓöäΓöäΓöäΓöäΓöäΓöäΓöäΓöäΓöäΓöäΓöäΓöäΓöäΓöäΓöäΓöäΓöäΓöäΓöäΓöäΓöäΓöäΓöäΓöäΓöäΓöäΓöäΓöäΓöäΓöäΓöäΓöäΓöäΓöäΓöäΓöäΓöäΓöäΓöäΓöäΓöäΓöäΓöäΓöäΓöäΓöäΓöäΓöäΓöäΓöäΓöäΓöäΓöäΓöäΓöäΓöäΓöäΓöäΓöäΓöäΓöäΓöäΓöäΓöäΓöäΓöäΓöäΓöäΓöäΓöäΓöäΓöäΓöäΓöäΓöäΓöäΓöäΓöäΓöäΓöäΓöäΓöäΓöäΓöäΓöäΓöäΓöäΓöäΓöäΓöäΓöäΓöäΓöäΓöäΓöäΓöäΓöäΓöäΓöäΓöäΓöäΓöäΓöäΓöäΓöäΓöäΓöäΓöä
Γöé ≡ƒÉ¢ Failed login attempt #1 for email
ΓööΓöÇΓöÇΓöÇΓöÇΓöÇΓöÇΓöÇΓöÇΓöÇΓöÇΓöÇΓöÇΓöÇΓöÇΓöÇΓöÇΓöÇΓöÇΓöÇΓöÇΓöÇΓöÇΓöÇΓöÇΓöÇΓöÇΓöÇΓöÇΓöÇΓöÇΓöÇΓöÇΓöÇΓöÇΓöÇΓöÇΓöÇΓöÇΓöÇΓöÇΓöÇΓöÇΓöÇΓöÇΓöÇΓöÇΓöÇΓöÇΓöÇΓöÇΓöÇΓöÇΓöÇΓöÇΓöÇΓöÇΓöÇΓöÇΓöÇΓöÇΓöÇΓöÇΓöÇΓöÇΓöÇΓöÇΓöÇΓöÇΓöÇΓöÇΓöÇΓöÇΓöÇΓöÇΓöÇΓöÇΓöÇΓöÇΓöÇΓöÇΓöÇΓöÇΓöÇΓöÇΓöÇΓöÇΓöÇΓöÇΓöÇΓöÇΓöÇΓöÇΓöÇΓöÇΓöÇΓöÇΓöÇΓöÇΓöÇΓöÇΓöÇΓöÇΓöÇΓöÇΓöÇΓöÇΓöÇΓöÇΓöÇΓöÇΓöÇΓöÇΓöÇΓöÇΓöÇΓöÇΓöÇΓöÇΓöÇ
00:01 +8: C:/Users/H/Steps-to-recovery-flutter/test/app_flow_test.dart: journal editor saves an entry to the local database
00:01 +8: C:/Users/H/Steps-to-recovery-flutter/test/auth_flow_test.dart: AppStateService auth flow signIn with unknown email throws StateError
ΓöîΓöÇΓöÇΓöÇΓöÇΓöÇΓöÇΓöÇΓöÇΓöÇΓöÇΓöÇΓöÇΓöÇΓöÇΓöÇΓöÇΓöÇΓöÇΓöÇΓöÇΓöÇΓöÇΓöÇΓöÇΓöÇΓöÇΓöÇΓöÇΓöÇΓöÇΓöÇΓöÇΓöÇΓöÇΓöÇΓöÇΓöÇΓöÇΓöÇΓöÇΓöÇΓöÇΓöÇΓöÇΓöÇΓöÇΓöÇΓöÇΓöÇΓöÇΓöÇΓöÇΓöÇΓöÇΓöÇΓöÇΓöÇΓöÇΓöÇΓöÇΓöÇΓöÇΓöÇΓöÇΓöÇΓöÇΓöÇΓöÇΓöÇΓöÇΓöÇΓöÇΓöÇΓöÇΓöÇΓöÇΓöÇΓöÇΓöÇΓöÇΓöÇΓöÇΓöÇΓöÇΓöÇΓöÇΓöÇΓöÇΓöÇΓöÇΓöÇΓöÇΓöÇΓöÇΓöÇΓöÇΓöÇΓöÇΓöÇΓöÇΓöÇΓöÇΓöÇΓöÇΓöÇΓöÇΓöÇΓöÇΓöÇΓöÇΓöÇΓöÇΓöÇΓöÇΓöÇΓöÇΓöÇΓöÇΓöÇ
Γöé #0   LoggerService.debug (package:steps_recovery_flutter/core/services/logger_service.dart:23:15)
Γöé #1   AppStateService._recordFailedAttempt (package:steps_recovery_flutter/core/services/app_state_service.dart:186:21)
Γö£ΓöäΓöäΓöäΓöäΓöäΓöäΓöäΓöäΓöäΓöäΓöäΓöäΓöäΓöäΓöäΓöäΓöäΓöäΓöäΓöäΓöäΓöäΓöäΓöäΓöäΓöäΓöäΓöäΓöäΓöäΓöäΓöäΓöäΓöäΓöäΓöäΓöäΓöäΓöäΓöäΓöäΓöäΓöäΓöäΓöäΓöäΓöäΓöäΓöäΓöäΓöäΓöäΓöäΓöäΓöäΓöäΓöäΓöäΓöäΓöäΓöäΓöäΓöäΓöäΓöäΓöäΓöäΓöäΓöäΓöäΓöäΓöäΓöäΓöäΓöäΓöäΓöäΓöäΓöäΓöäΓöäΓöäΓöäΓöäΓöäΓöäΓöäΓöäΓöäΓöäΓöäΓöäΓöäΓöäΓöäΓöäΓöäΓöäΓöäΓöäΓöäΓöäΓöäΓöäΓöäΓöäΓöäΓöäΓöäΓöäΓöäΓöäΓöäΓöäΓöäΓöäΓöäΓöäΓöä
Γöé 11:20:15.495 (+0:00:00.144119)
Γö£ΓöäΓöäΓöäΓöäΓöäΓöäΓöäΓöäΓöäΓöäΓöäΓöäΓöäΓöäΓöäΓöäΓöäΓöäΓöäΓöäΓöäΓöäΓöäΓöäΓöäΓöäΓöäΓöäΓöäΓöäΓöäΓöäΓöäΓöäΓöäΓöäΓöäΓöäΓöäΓöäΓöäΓöäΓöäΓöäΓöäΓöäΓöäΓöäΓöäΓöäΓöäΓöäΓöäΓöäΓöäΓöäΓöäΓöäΓöäΓöäΓöäΓöäΓöäΓöäΓöäΓöäΓöäΓöäΓöäΓöäΓöäΓöäΓöäΓöäΓöäΓöäΓöäΓöäΓöäΓöäΓöäΓöäΓöäΓöäΓöäΓöäΓöäΓöäΓöäΓöäΓöäΓöäΓöäΓöäΓöäΓöäΓöäΓöäΓöäΓöäΓöäΓöäΓöäΓöäΓöäΓöäΓöäΓöäΓöäΓöäΓöäΓöäΓöäΓöäΓöäΓöäΓöäΓöäΓöä
Γöé ≡ƒÉ¢ Failed login attempt #1 for email
ΓööΓöÇΓöÇΓöÇΓöÇΓöÇΓöÇΓöÇΓöÇΓöÇΓöÇΓöÇΓöÇΓöÇΓöÇΓöÇΓöÇΓöÇΓöÇΓöÇΓöÇΓöÇΓöÇΓöÇΓöÇΓöÇΓöÇΓöÇΓöÇΓöÇΓöÇΓöÇΓöÇΓöÇΓöÇΓöÇΓöÇΓöÇΓöÇΓöÇΓöÇΓöÇΓöÇΓöÇΓöÇΓöÇΓöÇΓöÇΓöÇΓöÇΓöÇΓöÇΓöÇΓöÇΓöÇΓöÇΓöÇΓöÇΓöÇΓöÇΓöÇΓöÇΓöÇΓöÇΓöÇΓöÇΓöÇΓöÇΓöÇΓöÇΓöÇΓöÇΓöÇΓöÇΓöÇΓöÇΓöÇΓöÇΓöÇΓöÇΓöÇΓöÇΓöÇΓöÇΓöÇΓöÇΓöÇΓöÇΓöÇΓöÇΓöÇΓöÇΓöÇΓöÇΓöÇΓöÇΓöÇΓöÇΓöÇΓöÇΓöÇΓöÇΓöÇΓöÇΓöÇΓöÇΓöÇΓöÇΓöÇΓöÇΓöÇΓöÇΓöÇΓöÇΓöÇΓöÇΓöÇΓöÇΓöÇΓöÇ
00:01 +9: C:/Users/H/Steps-to-recovery-flutter/test/app_flow_test.dart: journal editor saves an entry to the local database
00:01 +10: C:/Users/H/Steps-to-recovery-flutter/test/app_flow_test.dart: journal editor saves an entry to the local database
00:01 +11: C:/Users/H/Steps-to-recovery-flutter/test/app_flow_test.dart: journal editor saves an entry to the local database
00:01 +12: C:/Users/H/Steps-to-recovery-flutter/test/app_flow_test.dart: journal editor saves an entry to the local database
00:01 +13: C:/Users/H/Steps-to-recovery-flutter/test/app_flow_test.dart: journal editor saves an entry to the local database
00:04 +14: C:/Users/H/Steps-to-recovery-flutter/test/app_flow_test.dart: journal editor saves an entry to the local database
00:04 +15: C:/Users/H/Steps-to-recovery-flutter/test/app_flow_test.dart: journal editor saves an entry to the local database
00:04 +16: C:/Users/H/Steps-to-recovery-flutter/test/app_flow_test.dart: journal editor saves an entry to the local database
00:04 +17: C:/Users/H/Steps-to-recovery-flutter/test/app_flow_test.dart: journal editor saves an entry to the local database
00:04 +17: C:/Users/H/Steps-to-recovery-flutter/test/connectivity_service_test.dart: ConnectivityService initialize sets isConnected false when only ConnectivityResult.none
ΓöîΓöÇΓöÇΓöÇΓöÇΓöÇΓöÇΓöÇΓöÇΓöÇΓöÇΓöÇΓöÇΓöÇΓöÇΓöÇΓöÇΓöÇΓöÇΓöÇΓöÇΓöÇΓöÇΓöÇΓöÇΓöÇΓöÇΓöÇΓöÇΓöÇΓöÇΓöÇΓöÇΓöÇΓöÇΓöÇΓöÇΓöÇΓöÇΓöÇΓöÇΓöÇΓöÇΓöÇΓöÇΓöÇΓöÇΓöÇΓöÇΓöÇΓöÇΓöÇΓöÇΓöÇΓöÇΓöÇΓöÇΓöÇΓöÇΓöÇΓöÇΓöÇΓöÇΓöÇΓöÇΓöÇΓöÇΓöÇΓöÇΓöÇΓöÇΓöÇΓöÇΓöÇΓöÇΓöÇΓöÇΓöÇΓöÇΓöÇΓöÇΓöÇΓöÇΓöÇΓöÇΓöÇΓöÇΓöÇΓöÇΓöÇΓöÇΓöÇΓöÇΓöÇΓöÇΓöÇΓöÇΓöÇΓöÇΓöÇΓöÇΓöÇΓöÇΓöÇΓöÇΓöÇΓöÇΓöÇΓöÇΓöÇΓöÇΓöÇΓöÇΓöÇΓöÇΓöÇΓöÇΓöÇΓöÇΓöÇ
Γöé #0   LoggerService.debug (package:steps_recovery_flutter/core/services/logger_service.dart:23:15)
Γöé #1   ConnectivityService._updateConnectionStatus (package:steps_recovery_flutter/core/services/connectivity_service.dart:61:25)
Γö£ΓöäΓöäΓöäΓöäΓöäΓöäΓöäΓöäΓöäΓöäΓöäΓöäΓöäΓöäΓöäΓöäΓöäΓöäΓöäΓöäΓöäΓöäΓöäΓöäΓöäΓöäΓöäΓöäΓöäΓöäΓöäΓöäΓöäΓöäΓöäΓöäΓöäΓöäΓöäΓöäΓöäΓöäΓöäΓöäΓöäΓöäΓöäΓöäΓöäΓöäΓöäΓöäΓöäΓöäΓöäΓöäΓöäΓöäΓöäΓöäΓöäΓöäΓöäΓöäΓöäΓöäΓöäΓöäΓöäΓöäΓöäΓöäΓöäΓöäΓöäΓöäΓöäΓöäΓöäΓöäΓöäΓöäΓöäΓöäΓöäΓöäΓöäΓöäΓöäΓöäΓöäΓöäΓöäΓöäΓöäΓöäΓöäΓöäΓöäΓöäΓöäΓöäΓöäΓöäΓöäΓöäΓöäΓöäΓöäΓöäΓöäΓöäΓöäΓöäΓöäΓöäΓöäΓöäΓöä
Γöé 11:20:18.498 (+0:00:00.001519)
Γö£ΓöäΓöäΓöäΓöäΓöäΓöäΓöäΓöäΓöäΓöäΓöäΓöäΓöäΓöäΓöäΓöäΓöäΓöäΓöäΓöäΓöäΓöäΓöäΓöäΓöäΓöäΓöäΓöäΓöäΓöäΓöäΓöäΓöäΓöäΓöäΓöäΓöäΓöäΓöäΓöäΓöäΓöäΓöäΓöäΓöäΓöäΓöäΓöäΓöäΓöäΓöäΓöäΓöäΓöäΓöäΓöäΓöäΓöäΓöäΓöäΓöäΓöäΓöäΓöäΓöäΓöäΓöäΓöäΓöäΓöäΓöäΓöäΓöäΓöäΓöäΓöäΓöäΓöäΓöäΓöäΓöäΓöäΓöäΓöäΓöäΓöäΓöäΓöäΓöäΓöäΓöäΓöäΓöäΓöäΓöäΓöäΓöäΓöäΓöäΓöäΓöäΓöäΓöäΓöäΓöäΓöäΓöäΓöäΓöäΓöäΓöäΓöäΓöäΓöäΓöäΓöäΓöäΓöäΓöä
Γöé ≡ƒÉ¢ Connection lost
ΓööΓöÇΓöÇΓöÇΓöÇΓöÇΓöÇΓöÇΓöÇΓöÇΓöÇΓöÇΓöÇΓöÇΓöÇΓöÇΓöÇΓöÇΓöÇΓöÇΓöÇΓöÇΓöÇΓöÇΓöÇΓöÇΓöÇΓöÇΓöÇΓöÇΓöÇΓöÇΓöÇΓöÇΓöÇΓöÇΓöÇΓöÇΓöÇΓöÇΓöÇΓöÇΓöÇΓöÇΓöÇΓöÇΓöÇΓöÇΓöÇΓöÇΓöÇΓöÇΓöÇΓöÇΓöÇΓöÇΓöÇΓöÇΓöÇΓöÇΓöÇΓöÇΓöÇΓöÇΓöÇΓöÇΓöÇΓöÇΓöÇΓöÇΓöÇΓöÇΓöÇΓöÇΓöÇΓöÇΓöÇΓöÇΓöÇΓöÇΓöÇΓöÇΓöÇΓöÇΓöÇΓöÇΓöÇΓöÇΓöÇΓöÇΓöÇΓöÇΓöÇΓöÇΓöÇΓöÇΓöÇΓöÇΓöÇΓöÇΓöÇΓöÇΓöÇΓöÇΓöÇΓöÇΓöÇΓöÇΓöÇΓöÇΓöÇΓöÇΓöÇΓöÇΓöÇΓöÇΓöÇΓöÇΓöÇΓöÇ
00:04 +18: C:/Users/H/Steps-to-recovery-flutter/test/app_flow_test.dart: journal editor saves an entry to the local database
00:04 +19: C:/Users/H/Steps-to-recovery-flutter/test/app_flow_test.dart: journal editor saves an entry to the local database
00:04 +19: C:/Users/H/Steps-to-recovery-flutter/test/connectivity_service_test.dart: ConnectivityService applyConnectivityResultsForTest transitions from connected to disconnected
ΓöîΓöÇΓöÇΓöÇΓöÇΓöÇΓöÇΓöÇΓöÇΓöÇΓöÇΓöÇΓöÇΓöÇΓöÇΓöÇΓöÇΓöÇΓöÇΓöÇΓöÇΓöÇΓöÇΓöÇΓöÇΓöÇΓöÇΓöÇΓöÇΓöÇΓöÇΓöÇΓöÇΓöÇΓöÇΓöÇΓöÇΓöÇΓöÇΓöÇΓöÇΓöÇΓöÇΓöÇΓöÇΓöÇΓöÇΓöÇΓöÇΓöÇΓöÇΓöÇΓöÇΓöÇΓöÇΓöÇΓöÇΓöÇΓöÇΓöÇΓöÇΓöÇΓöÇΓöÇΓöÇΓöÇΓöÇΓöÇΓöÇΓöÇΓöÇΓöÇΓöÇΓöÇΓöÇΓöÇΓöÇΓöÇΓöÇΓöÇΓöÇΓöÇΓöÇΓöÇΓöÇΓöÇΓöÇΓöÇΓöÇΓöÇΓöÇΓöÇΓöÇΓöÇΓöÇΓöÇΓöÇΓöÇΓöÇΓöÇΓöÇΓöÇΓöÇΓöÇΓöÇΓöÇΓöÇΓöÇΓöÇΓöÇΓöÇΓöÇΓöÇΓöÇΓöÇΓöÇΓöÇΓöÇΓöÇΓöÇ
Γöé #0   LoggerService.debug (package:steps_recovery_flutter/core/services/logger_service.dart:23:15)
Γöé #1   ConnectivityService._updateConnectionStatus (package:steps_recovery_flutter/core/services/connectivity_service.dart:61:25)
Γö£ΓöäΓöäΓöäΓöäΓöäΓöäΓöäΓöäΓöäΓöäΓöäΓöäΓöäΓöäΓöäΓöäΓöäΓöäΓöäΓöäΓöäΓöäΓöäΓöäΓöäΓöäΓöäΓöäΓöäΓöäΓöäΓöäΓöäΓöäΓöäΓöäΓöäΓöäΓöäΓöäΓöäΓöäΓöäΓöäΓöäΓöäΓöäΓöäΓöäΓöäΓöäΓöäΓöäΓöäΓöäΓöäΓöäΓöäΓöäΓöäΓöäΓöäΓöäΓöäΓöäΓöäΓöäΓöäΓöäΓöäΓöäΓöäΓöäΓöäΓöäΓöäΓöäΓöäΓöäΓöäΓöäΓöäΓöäΓöäΓöäΓöäΓöäΓöäΓöäΓöäΓöäΓöäΓöäΓöäΓöäΓöäΓöäΓöäΓöäΓöäΓöäΓöäΓöäΓöäΓöäΓöäΓöäΓöäΓöäΓöäΓöäΓöäΓöäΓöäΓöäΓöäΓöäΓöäΓöä
Γöé 11:20:18.601 (+0:00:00.104746)
Γö£ΓöäΓöäΓöäΓöäΓöäΓöäΓöäΓöäΓöäΓöäΓöäΓöäΓöäΓöäΓöäΓöäΓöäΓöäΓöäΓöäΓöäΓöäΓöäΓöäΓöäΓöäΓöäΓöäΓöäΓöäΓöäΓöäΓöäΓöäΓöäΓöäΓöäΓöäΓöäΓöäΓöäΓöäΓöäΓöäΓöäΓöäΓöäΓöäΓöäΓöäΓöäΓöäΓöäΓöäΓöäΓöäΓöäΓöäΓöäΓöäΓöäΓöäΓöäΓöäΓöäΓöäΓöäΓöäΓöäΓöäΓöäΓöäΓöäΓöäΓöäΓöäΓöäΓöäΓöäΓöäΓöäΓöäΓöäΓöäΓöäΓöäΓöäΓöäΓöäΓöäΓöäΓöäΓöäΓöäΓöäΓöäΓöäΓöäΓöäΓöäΓöäΓöäΓöäΓöäΓöäΓöäΓöäΓöäΓöäΓöäΓöäΓöäΓöäΓöäΓöäΓöäΓöäΓöäΓöä
Γöé ≡ƒÉ¢ Connection lost
ΓööΓöÇΓöÇΓöÇΓöÇΓöÇΓöÇΓöÇΓöÇΓöÇΓöÇΓöÇΓöÇΓöÇΓöÇΓöÇΓöÇΓöÇΓöÇΓöÇΓöÇΓöÇΓöÇΓöÇΓöÇΓöÇΓöÇΓöÇΓöÇΓöÇΓöÇΓöÇΓöÇΓöÇΓöÇΓöÇΓöÇΓöÇΓöÇΓöÇΓöÇΓöÇΓöÇΓöÇΓöÇΓöÇΓöÇΓöÇΓöÇΓöÇΓöÇΓöÇΓöÇΓöÇΓöÇΓöÇΓöÇΓöÇΓöÇΓöÇΓöÇΓöÇΓöÇΓöÇΓöÇΓöÇΓöÇΓöÇΓöÇΓöÇΓöÇΓöÇΓöÇΓöÇΓöÇΓöÇΓöÇΓöÇΓöÇΓöÇΓöÇΓöÇΓöÇΓöÇΓöÇΓöÇΓöÇΓöÇΓöÇΓöÇΓöÇΓöÇΓöÇΓöÇΓöÇΓöÇΓöÇΓöÇΓöÇΓöÇΓöÇΓöÇΓöÇΓöÇΓöÇΓöÇΓöÇΓöÇΓöÇΓöÇΓöÇΓöÇΓöÇΓöÇΓöÇΓöÇΓöÇΓöÇΓöÇΓöÇ
00:04 +20: C:/Users/H/Steps-to-recovery-flutter/test/app_flow_test.dart: journal editor saves an entry to the local database
00:04 +20: C:/Users/H/Steps-to-recovery-flutter/test/connectivity_service_test.dart: ConnectivityService applyConnectivityResultsForTest transitions from disconnected to connected
ΓöîΓöÇΓöÇΓöÇΓöÇΓöÇΓöÇΓöÇΓöÇΓöÇΓöÇΓöÇΓöÇΓöÇΓöÇΓöÇΓöÇΓöÇΓöÇΓöÇΓöÇΓöÇΓöÇΓöÇΓöÇΓöÇΓöÇΓöÇΓöÇΓöÇΓöÇΓöÇΓöÇΓöÇΓöÇΓöÇΓöÇΓöÇΓöÇΓöÇΓöÇΓöÇΓöÇΓöÇΓöÇΓöÇΓöÇΓöÇΓöÇΓöÇΓöÇΓöÇΓöÇΓöÇΓöÇΓöÇΓöÇΓöÇΓöÇΓöÇΓöÇΓöÇΓöÇΓöÇΓöÇΓöÇΓöÇΓöÇΓöÇΓöÇΓöÇΓöÇΓöÇΓöÇΓöÇΓöÇΓöÇΓöÇΓöÇΓöÇΓöÇΓöÇΓöÇΓöÇΓöÇΓöÇΓöÇΓöÇΓöÇΓöÇΓöÇΓöÇΓöÇΓöÇΓöÇΓöÇΓöÇΓöÇΓöÇΓöÇΓöÇΓöÇΓöÇΓöÇΓöÇΓöÇΓöÇΓöÇΓöÇΓöÇΓöÇΓöÇΓöÇΓöÇΓöÇΓöÇΓöÇΓöÇΓöÇΓöÇ
Γöé #0   LoggerService.debug (package:steps_recovery_flutter/core/services/logger_service.dart:23:15)
Γöé #1   ConnectivityService._updateConnectionStatus (package:steps_recovery_flutter/core/services/connectivity_service.dart:61:25)
Γö£ΓöäΓöäΓöäΓöäΓöäΓöäΓöäΓöäΓöäΓöäΓöäΓöäΓöäΓöäΓöäΓöäΓöäΓöäΓöäΓöäΓöäΓöäΓöäΓöäΓöäΓöäΓöäΓöäΓöäΓöäΓöäΓöäΓöäΓöäΓöäΓöäΓöäΓöäΓöäΓöäΓöäΓöäΓöäΓöäΓöäΓöäΓöäΓöäΓöäΓöäΓöäΓöäΓöäΓöäΓöäΓöäΓöäΓöäΓöäΓöäΓöäΓöäΓöäΓöäΓöäΓöäΓöäΓöäΓöäΓöäΓöäΓöäΓöäΓöäΓöäΓöäΓöäΓöäΓöäΓöäΓöäΓöäΓöäΓöäΓöäΓöäΓöäΓöäΓöäΓöäΓöäΓöäΓöäΓöäΓöäΓöäΓöäΓöäΓöäΓöäΓöäΓöäΓöäΓöäΓöäΓöäΓöäΓöäΓöäΓöäΓöäΓöäΓöäΓöäΓöäΓöäΓöäΓöäΓöä
Γöé 11:20:18.621 (+0:00:00.124390)
Γö£ΓöäΓöäΓöäΓöäΓöäΓöäΓöäΓöäΓöäΓöäΓöäΓöäΓöäΓöäΓöäΓöäΓöäΓöäΓöäΓöäΓöäΓöäΓöäΓöäΓöäΓöäΓöäΓöäΓöäΓöäΓöäΓöäΓöäΓöäΓöäΓöäΓöäΓöäΓöäΓöäΓöäΓöäΓöäΓöäΓöäΓöäΓöäΓöäΓöäΓöäΓöäΓöäΓöäΓöäΓöäΓöäΓöäΓöäΓöäΓöäΓöäΓöäΓöäΓöäΓöäΓöäΓöäΓöäΓöäΓöäΓöäΓöäΓöäΓöäΓöäΓöäΓöäΓöäΓöäΓöäΓöäΓöäΓöäΓöäΓöäΓöäΓöäΓöäΓöäΓöäΓöäΓöäΓöäΓöäΓöäΓöäΓöäΓöäΓöäΓöäΓöäΓöäΓöäΓöäΓöäΓöäΓöäΓöäΓöäΓöäΓöäΓöäΓöäΓöäΓöäΓöäΓöäΓöäΓöä
Γöé ≡ƒÉ¢ Connection lost
ΓööΓöÇΓöÇΓöÇΓöÇΓöÇΓöÇΓöÇΓöÇΓöÇΓöÇΓöÇΓöÇΓöÇΓöÇΓöÇΓöÇΓöÇΓöÇΓöÇΓöÇΓöÇΓöÇΓöÇΓöÇΓöÇΓöÇΓöÇΓöÇΓöÇΓöÇΓöÇΓöÇΓöÇΓöÇΓöÇΓöÇΓöÇΓöÇΓöÇΓöÇΓöÇΓöÇΓöÇΓöÇΓöÇΓöÇΓöÇΓöÇΓöÇΓöÇΓöÇΓöÇΓöÇΓöÇΓöÇΓöÇΓöÇΓöÇΓöÇΓöÇΓöÇΓöÇΓöÇΓöÇΓöÇΓöÇΓöÇΓöÇΓöÇΓöÇΓöÇΓöÇΓöÇΓöÇΓöÇΓöÇΓöÇΓöÇΓöÇΓöÇΓöÇΓöÇΓöÇΓöÇΓöÇΓöÇΓöÇΓöÇΓöÇΓöÇΓöÇΓöÇΓöÇΓöÇΓöÇΓöÇΓöÇΓöÇΓöÇΓöÇΓöÇΓöÇΓöÇΓöÇΓöÇΓöÇΓöÇΓöÇΓöÇΓöÇΓöÇΓöÇΓöÇΓöÇΓöÇΓöÇΓöÇΓöÇΓöÇ
ΓöîΓöÇΓöÇΓöÇΓöÇΓöÇΓöÇΓöÇΓöÇΓöÇΓöÇΓöÇΓöÇΓöÇΓöÇΓöÇΓöÇΓöÇΓöÇΓöÇΓöÇΓöÇΓöÇΓöÇΓöÇΓöÇΓöÇΓöÇΓöÇΓöÇΓöÇΓöÇΓöÇΓöÇΓöÇΓöÇΓöÇΓöÇΓöÇΓöÇΓöÇΓöÇΓöÇΓöÇΓöÇΓöÇΓöÇΓöÇΓöÇΓöÇΓöÇΓöÇΓöÇΓöÇΓöÇΓöÇΓöÇΓöÇΓöÇΓöÇΓöÇΓöÇΓöÇΓöÇΓöÇΓöÇΓöÇΓöÇΓöÇΓöÇΓöÇΓöÇΓöÇΓöÇΓöÇΓöÇΓöÇΓöÇΓöÇΓöÇΓöÇΓöÇΓöÇΓöÇΓöÇΓöÇΓöÇΓöÇΓöÇΓöÇΓöÇΓöÇΓöÇΓöÇΓöÇΓöÇΓöÇΓöÇΓöÇΓöÇΓöÇΓöÇΓöÇΓöÇΓöÇΓöÇΓöÇΓöÇΓöÇΓöÇΓöÇΓöÇΓöÇΓöÇΓöÇΓöÇΓöÇΓöÇΓöÇΓöÇ
Γöé #0   LoggerService.debug (package:steps_recovery_flutter/core/services/logger_service.dart:23:15)
Γöé #1   ConnectivityService._updateConnectionStatus (package:steps_recovery_flutter/core/services/connectivity_service.dart:59:25)
Γö£ΓöäΓöäΓöäΓöäΓöäΓöäΓöäΓöäΓöäΓöäΓöäΓöäΓöäΓöäΓöäΓöäΓöäΓöäΓöäΓöäΓöäΓöäΓöäΓöäΓöäΓöäΓöäΓöäΓöäΓöäΓöäΓöäΓöäΓöäΓöäΓöäΓöäΓöäΓöäΓöäΓöäΓöäΓöäΓöäΓöäΓöäΓöäΓöäΓöäΓöäΓöäΓöäΓöäΓöäΓöäΓöäΓöäΓöäΓöäΓöäΓöäΓöäΓöäΓöäΓöäΓöäΓöäΓöäΓöäΓöäΓöäΓöäΓöäΓöäΓöäΓöäΓöäΓöäΓöäΓöäΓöäΓöäΓöäΓöäΓöäΓöäΓöäΓöäΓöäΓöäΓöäΓöäΓöäΓöäΓöäΓöäΓöäΓöäΓöäΓöäΓöäΓöäΓöäΓöäΓöäΓöäΓöäΓöäΓöäΓöäΓöäΓöäΓöäΓöäΓöäΓöäΓöäΓöäΓöä
Γöé 11:20:18.622 (+0:00:00.125086)
Γö£ΓöäΓöäΓöäΓöäΓöäΓöäΓöäΓöäΓöäΓöäΓöäΓöäΓöäΓöäΓöäΓöäΓöäΓöäΓöäΓöäΓöäΓöäΓöäΓöäΓöäΓöäΓöäΓöäΓöäΓöäΓöäΓöäΓöäΓöäΓöäΓöäΓöäΓöäΓöäΓöäΓöäΓöäΓöäΓöäΓöäΓöäΓöäΓöäΓöäΓöäΓöäΓöäΓöäΓöäΓöäΓöäΓöäΓöäΓöäΓöäΓöäΓöäΓöäΓöäΓöäΓöäΓöäΓöäΓöäΓöäΓöäΓöäΓöäΓöäΓöäΓöäΓöäΓöäΓöäΓöäΓöäΓöäΓöäΓöäΓöäΓöäΓöäΓöäΓöäΓöäΓöäΓöäΓöäΓöäΓöäΓöäΓöäΓöäΓöäΓöäΓöäΓöäΓöäΓöäΓöäΓöäΓöäΓöäΓöäΓöäΓöäΓöäΓöäΓöäΓöäΓöäΓöäΓöäΓöä
Γöé ≡ƒÉ¢ Connection restored
ΓööΓöÇΓöÇΓöÇΓöÇΓöÇΓöÇΓöÇΓöÇΓöÇΓöÇΓöÇΓöÇΓöÇΓöÇΓöÇΓöÇΓöÇΓöÇΓöÇΓöÇΓöÇΓöÇΓöÇΓöÇΓöÇΓöÇΓöÇΓöÇΓöÇΓöÇΓöÇΓöÇΓöÇΓöÇΓöÇΓöÇΓöÇΓöÇΓöÇΓöÇΓöÇΓöÇΓöÇΓöÇΓöÇΓöÇΓöÇΓöÇΓöÇΓöÇΓöÇΓöÇΓöÇΓöÇΓöÇΓöÇΓöÇΓöÇΓöÇΓöÇΓöÇΓöÇΓöÇΓöÇΓöÇΓöÇΓöÇΓöÇΓöÇΓöÇΓöÇΓöÇΓöÇΓöÇΓöÇΓöÇΓöÇΓöÇΓöÇΓöÇΓöÇΓöÇΓöÇΓöÇΓöÇΓöÇΓöÇΓöÇΓöÇΓöÇΓöÇΓöÇΓöÇΓöÇΓöÇΓöÇΓöÇΓöÇΓöÇΓöÇΓöÇΓöÇΓöÇΓöÇΓöÇΓöÇΓöÇΓöÇΓöÇΓöÇΓöÇΓöÇΓöÇΓöÇΓöÇΓöÇΓöÇΓöÇΓöÇ
00:04 +21: C:/Users/H/Steps-to-recovery-flutter/test/app_flow_test.dart: journal editor saves an entry to the local database
00:04 +22: C:/Users/H/Steps-to-recovery-flutter/test/app_flow_test.dart: journal editor saves an entry to the local database
00:04 +23: C:/Users/H/Steps-to-recovery-flutter/test/app_flow_test.dart: journal editor saves an entry to the local database
00:04 +24: C:/Users/H/Steps-to-recovery-flutter/test/app_flow_test.dart: journal editor saves an entry to the local database
00:04 +24: C:/Users/H/Steps-to-recovery-flutter/test/connectivity_service_test.dart: ConnectivityService connectivityStream emits false when connection is lost
ΓöîΓöÇΓöÇΓöÇΓöÇΓöÇΓöÇΓöÇΓöÇΓöÇΓöÇΓöÇΓöÇΓöÇΓöÇΓöÇΓöÇΓöÇΓöÇΓöÇΓöÇΓöÇΓöÇΓöÇΓöÇΓöÇΓöÇΓöÇΓöÇΓöÇΓöÇΓöÇΓöÇΓöÇΓöÇΓöÇΓöÇΓöÇΓöÇΓöÇΓöÇΓöÇΓöÇΓöÇΓöÇΓöÇΓöÇΓöÇΓöÇΓöÇΓöÇΓöÇΓöÇΓöÇΓöÇΓöÇΓöÇΓöÇΓöÇΓöÇΓöÇΓöÇΓöÇΓöÇΓöÇΓöÇΓöÇΓöÇΓöÇΓöÇΓöÇΓöÇΓöÇΓöÇΓöÇΓöÇΓöÇΓöÇΓöÇΓöÇΓöÇΓöÇΓöÇΓöÇΓöÇΓöÇΓöÇΓöÇΓöÇΓöÇΓöÇΓöÇΓöÇΓöÇΓöÇΓöÇΓöÇΓöÇΓöÇΓöÇΓöÇΓöÇΓöÇΓöÇΓöÇΓöÇΓöÇΓöÇΓöÇΓöÇΓöÇΓöÇΓöÇΓöÇΓöÇΓöÇΓöÇΓöÇΓöÇΓöÇ
Γöé #0   LoggerService.debug (package:steps_recovery_flutter/core/services/logger_service.dart:23:15)
Γöé #1   ConnectivityService._updateConnectionStatus (package:steps_recovery_flutter/core/services/connectivity_service.dart:61:25)
Γö£ΓöäΓöäΓöäΓöäΓöäΓöäΓöäΓöäΓöäΓöäΓöäΓöäΓöäΓöäΓöäΓöäΓöäΓöäΓöäΓöäΓöäΓöäΓöäΓöäΓöäΓöäΓöäΓöäΓöäΓöäΓöäΓöäΓöäΓöäΓöäΓöäΓöäΓöäΓöäΓöäΓöäΓöäΓöäΓöäΓöäΓöäΓöäΓöäΓöäΓöäΓöäΓöäΓöäΓöäΓöäΓöäΓöäΓöäΓöäΓöäΓöäΓöäΓöäΓöäΓöäΓöäΓöäΓöäΓöäΓöäΓöäΓöäΓöäΓöäΓöäΓöäΓöäΓöäΓöäΓöäΓöäΓöäΓöäΓöäΓöäΓöäΓöäΓöäΓöäΓöäΓöäΓöäΓöäΓöäΓöäΓöäΓöäΓöäΓöäΓöäΓöäΓöäΓöäΓöäΓöäΓöäΓöäΓöäΓöäΓöäΓöäΓöäΓöäΓöäΓöäΓöäΓöäΓöäΓöä
Γöé 11:20:18.664 (+0:00:00.167018)
Γö£ΓöäΓöäΓöäΓöäΓöäΓöäΓöäΓöäΓöäΓöäΓöäΓöäΓöäΓöäΓöäΓöäΓöäΓöäΓöäΓöäΓöäΓöäΓöäΓöäΓöäΓöäΓöäΓöäΓöäΓöäΓöäΓöäΓöäΓöäΓöäΓöäΓöäΓöäΓöäΓöäΓöäΓöäΓöäΓöäΓöäΓöäΓöäΓöäΓöäΓöäΓöäΓöäΓöäΓöäΓöäΓöäΓöäΓöäΓöäΓöäΓöäΓöäΓöäΓöäΓöäΓöäΓöäΓöäΓöäΓöäΓöäΓöäΓöäΓöäΓöäΓöäΓöäΓöäΓöäΓöäΓöäΓöäΓöäΓöäΓöäΓöäΓöäΓöäΓöäΓöäΓöäΓöäΓöäΓöäΓöäΓöäΓöäΓöäΓöäΓöäΓöäΓöäΓöäΓöäΓöäΓöäΓöäΓöäΓöäΓöäΓöäΓöäΓöäΓöäΓöäΓöäΓöäΓöäΓöä
Γöé ≡ƒÉ¢ Connection lost
ΓööΓöÇΓöÇΓöÇΓöÇΓöÇΓöÇΓöÇΓöÇΓöÇΓöÇΓöÇΓöÇΓöÇΓöÇΓöÇΓöÇΓöÇΓöÇΓöÇΓöÇΓöÇΓöÇΓöÇΓöÇΓöÇΓöÇΓöÇΓöÇΓöÇΓöÇΓöÇΓöÇΓöÇΓöÇΓöÇΓöÇΓöÇΓöÇΓöÇΓöÇΓöÇΓöÇΓöÇΓöÇΓöÇΓöÇΓöÇΓöÇΓöÇΓöÇΓöÇΓöÇΓöÇΓöÇΓöÇΓöÇΓöÇΓöÇΓöÇΓöÇΓöÇΓöÇΓöÇΓöÇΓöÇΓöÇΓöÇΓöÇΓöÇΓöÇΓöÇΓöÇΓöÇΓöÇΓöÇΓöÇΓöÇΓöÇΓöÇΓöÇΓöÇΓöÇΓöÇΓöÇΓöÇΓöÇΓöÇΓöÇΓöÇΓöÇΓöÇΓöÇΓöÇΓöÇΓöÇΓöÇΓöÇΓöÇΓöÇΓöÇΓöÇΓöÇΓöÇΓöÇΓöÇΓöÇΓöÇΓöÇΓöÇΓöÇΓöÇΓöÇΓöÇΓöÇΓöÇΓöÇΓöÇΓöÇΓöÇ
00:04 +25: C:/Users/H/Steps-to-recovery-flutter/test/app_flow_test.dart: journal editor saves an entry to the local database
00:04 +25: C:/Users/H/Steps-to-recovery-flutter/test/connectivity_service_test.dart: ConnectivityService connectivityStream emits true when connection is restored
ΓöîΓöÇΓöÇΓöÇΓöÇΓöÇΓöÇΓöÇΓöÇΓöÇΓöÇΓöÇΓöÇΓöÇΓöÇΓöÇΓöÇΓöÇΓöÇΓöÇΓöÇΓöÇΓöÇΓöÇΓöÇΓöÇΓöÇΓöÇΓöÇΓöÇΓöÇΓöÇΓöÇΓöÇΓöÇΓöÇΓöÇΓöÇΓöÇΓöÇΓöÇΓöÇΓöÇΓöÇΓöÇΓöÇΓöÇΓöÇΓöÇΓöÇΓöÇΓöÇΓöÇΓöÇΓöÇΓöÇΓöÇΓöÇΓöÇΓöÇΓöÇΓöÇΓöÇΓöÇΓöÇΓöÇΓöÇΓöÇΓöÇΓöÇΓöÇΓöÇΓöÇΓöÇΓöÇΓöÇΓöÇΓöÇΓöÇΓöÇΓöÇΓöÇΓöÇΓöÇΓöÇΓöÇΓöÇΓöÇΓöÇΓöÇΓöÇΓöÇΓöÇΓöÇΓöÇΓöÇΓöÇΓöÇΓöÇΓöÇΓöÇΓöÇΓöÇΓöÇΓöÇΓöÇΓöÇΓöÇΓöÇΓöÇΓöÇΓöÇΓöÇΓöÇΓöÇΓöÇΓöÇΓöÇΓöÇΓöÇ
Γöé #0   LoggerService.debug (package:steps_recovery_flutter/core/services/logger_service.dart:23:15)
Γöé #1   ConnectivityService._updateConnectionStatus (package:steps_recovery_flutter/core/services/connectivity_service.dart:61:25)
Γö£ΓöäΓöäΓöäΓöäΓöäΓöäΓöäΓöäΓöäΓöäΓöäΓöäΓöäΓöäΓöäΓöäΓöäΓöäΓöäΓöäΓöäΓöäΓöäΓöäΓöäΓöäΓöäΓöäΓöäΓöäΓöäΓöäΓöäΓöäΓöäΓöäΓöäΓöäΓöäΓöäΓöäΓöäΓöäΓöäΓöäΓöäΓöäΓöäΓöäΓöäΓöäΓöäΓöäΓöäΓöäΓöäΓöäΓöäΓöäΓöäΓöäΓöäΓöäΓöäΓöäΓöäΓöäΓöäΓöäΓöäΓöäΓöäΓöäΓöäΓöäΓöäΓöäΓöäΓöäΓöäΓöäΓöäΓöäΓöäΓöäΓöäΓöäΓöäΓöäΓöäΓöäΓöäΓöäΓöäΓöäΓöäΓöäΓöäΓöäΓöäΓöäΓöäΓöäΓöäΓöäΓöäΓöäΓöäΓöäΓöäΓöäΓöäΓöäΓöäΓöäΓöäΓöäΓöäΓöä
Γöé 11:20:18.672 (+0:00:00.175156)
Γö£ΓöäΓöäΓöäΓöäΓöäΓöäΓöäΓöäΓöäΓöäΓöäΓöäΓöäΓöäΓöäΓöäΓöäΓöäΓöäΓöäΓöäΓöäΓöäΓöäΓöäΓöäΓöäΓöäΓöäΓöäΓöäΓöäΓöäΓöäΓöäΓöäΓöäΓöäΓöäΓöäΓöäΓöäΓöäΓöäΓöäΓöäΓöäΓöäΓöäΓöäΓöäΓöäΓöäΓöäΓöäΓöäΓöäΓöäΓöäΓöäΓöäΓöäΓöäΓöäΓöäΓöäΓöäΓöäΓöäΓöäΓöäΓöäΓöäΓöäΓöäΓöäΓöäΓöäΓöäΓöäΓöäΓöäΓöäΓöäΓöäΓöäΓöäΓöäΓöäΓöäΓöäΓöäΓöäΓöäΓöäΓöäΓöäΓöäΓöäΓöäΓöäΓöäΓöäΓöäΓöäΓöäΓöäΓöäΓöäΓöäΓöäΓöäΓöäΓöäΓöäΓöäΓöäΓöäΓöä
Γöé ≡ƒÉ¢ Connection lost
ΓööΓöÇΓöÇΓöÇΓöÇΓöÇΓöÇΓöÇΓöÇΓöÇΓöÇΓöÇΓöÇΓöÇΓöÇΓöÇΓöÇΓöÇΓöÇΓöÇΓöÇΓöÇΓöÇΓöÇΓöÇΓöÇΓöÇΓöÇΓöÇΓöÇΓöÇΓöÇΓöÇΓöÇΓöÇΓöÇΓöÇΓöÇΓöÇΓöÇΓöÇΓöÇΓöÇΓöÇΓöÇΓöÇΓöÇΓöÇΓöÇΓöÇΓöÇΓöÇΓöÇΓöÇΓöÇΓöÇΓöÇΓöÇΓöÇΓöÇΓöÇΓöÇΓöÇΓöÇΓöÇΓöÇΓöÇΓöÇΓöÇΓöÇΓöÇΓöÇΓöÇΓöÇΓöÇΓöÇΓöÇΓöÇΓöÇΓöÇΓöÇΓöÇΓöÇΓöÇΓöÇΓöÇΓöÇΓöÇΓöÇΓöÇΓöÇΓöÇΓöÇΓöÇΓöÇΓöÇΓöÇΓöÇΓöÇΓöÇΓöÇΓöÇΓöÇΓöÇΓöÇΓöÇΓöÇΓöÇΓöÇΓöÇΓöÇΓöÇΓöÇΓöÇΓöÇΓöÇΓöÇΓöÇΓöÇΓöÇ
ΓöîΓöÇΓöÇΓöÇΓöÇΓöÇΓöÇΓöÇΓöÇΓöÇΓöÇΓöÇΓöÇΓöÇΓöÇΓöÇΓöÇΓöÇΓöÇΓöÇΓöÇΓöÇΓöÇΓöÇΓöÇΓöÇΓöÇΓöÇΓöÇΓöÇΓöÇΓöÇΓöÇΓöÇΓöÇΓöÇΓöÇΓöÇΓöÇΓöÇΓöÇΓöÇΓöÇΓöÇΓöÇΓöÇΓöÇΓöÇΓöÇΓöÇΓöÇΓöÇΓöÇΓöÇΓöÇΓöÇΓöÇΓöÇΓöÇΓöÇΓöÇΓöÇΓöÇΓöÇΓöÇΓöÇΓöÇΓöÇΓöÇΓöÇΓöÇΓöÇΓöÇΓöÇΓöÇΓöÇΓöÇΓöÇΓöÇΓöÇΓöÇΓöÇΓöÇΓöÇΓöÇΓöÇΓöÇΓöÇΓöÇΓöÇΓöÇΓöÇΓöÇΓöÇΓöÇΓöÇΓöÇΓöÇΓöÇΓöÇΓöÇΓöÇΓöÇΓöÇΓöÇΓöÇΓöÇΓöÇΓöÇΓöÇΓöÇΓöÇΓöÇΓöÇΓöÇΓöÇΓöÇΓöÇΓöÇΓöÇ
Γöé #0   LoggerService.debug (package:steps_recovery_flutter/core/services/logger_service.dart:23:15)
Γöé #1   ConnectivityService._updateConnectionStatus (package:steps_recovery_flutter/core/services/connectivity_service.dart:59:25)
Γö£ΓöäΓöäΓöäΓöäΓöäΓöäΓöäΓöäΓöäΓöäΓöäΓöäΓöäΓöäΓöäΓöäΓöäΓöäΓöäΓöäΓöäΓöäΓöäΓöäΓöäΓöäΓöäΓöäΓöäΓöäΓöäΓöäΓöäΓöäΓöäΓöäΓöäΓöäΓöäΓöäΓöäΓöäΓöäΓöäΓöäΓöäΓöäΓöäΓöäΓöäΓöäΓöäΓöäΓöäΓöäΓöäΓöäΓöäΓöäΓöäΓöäΓöäΓöäΓöäΓöäΓöäΓöäΓöäΓöäΓöäΓöäΓöäΓöäΓöäΓöäΓöäΓöäΓöäΓöäΓöäΓöäΓöäΓöäΓöäΓöäΓöäΓöäΓöäΓöäΓöäΓöäΓöäΓöäΓöäΓöäΓöäΓöäΓöäΓöäΓöäΓöäΓöäΓöäΓöäΓöäΓöäΓöäΓöäΓöäΓöäΓöäΓöäΓöäΓöäΓöäΓöäΓöäΓöäΓöä
Γöé 11:20:18.673 (+0:00:00.176157)
Γö£ΓöäΓöäΓöäΓöäΓöäΓöäΓöäΓöäΓöäΓöäΓöäΓöäΓöäΓöäΓöäΓöäΓöäΓöäΓöäΓöäΓöäΓöäΓöäΓöäΓöäΓöäΓöäΓöäΓöäΓöäΓöäΓöäΓöäΓöäΓöäΓöäΓöäΓöäΓöäΓöäΓöäΓöäΓöäΓöäΓöäΓöäΓöäΓöäΓöäΓöäΓöäΓöäΓöäΓöäΓöäΓöäΓöäΓöäΓöäΓöäΓöäΓöäΓöäΓöäΓöäΓöäΓöäΓöäΓöäΓöäΓöäΓöäΓöäΓöäΓöäΓöäΓöäΓöäΓöäΓöäΓöäΓöäΓöäΓöäΓöäΓöäΓöäΓöäΓöäΓöäΓöäΓöäΓöäΓöäΓöäΓöäΓöäΓöäΓöäΓöäΓöäΓöäΓöäΓöäΓöäΓöäΓöäΓöäΓöäΓöäΓöäΓöäΓöäΓöäΓöäΓöäΓöäΓöäΓöä
Γöé ≡ƒÉ¢ Connection restored
ΓööΓöÇΓöÇΓöÇΓöÇΓöÇΓöÇΓöÇΓöÇΓöÇΓöÇΓöÇΓöÇΓöÇΓöÇΓöÇΓöÇΓöÇΓöÇΓöÇΓöÇΓöÇΓöÇΓöÇΓöÇΓöÇΓöÇΓöÇΓöÇΓöÇΓöÇΓöÇΓöÇΓöÇΓöÇΓöÇΓöÇΓöÇΓöÇΓöÇΓöÇΓöÇΓöÇΓöÇΓöÇΓöÇΓöÇΓöÇΓöÇΓöÇΓöÇΓöÇΓöÇΓöÇΓöÇΓöÇΓöÇΓöÇΓöÇΓöÇΓöÇΓöÇΓöÇΓöÇΓöÇΓöÇΓöÇΓöÇΓöÇΓöÇΓöÇΓöÇΓöÇΓöÇΓöÇΓöÇΓöÇΓöÇΓöÇΓöÇΓöÇΓöÇΓöÇΓöÇΓöÇΓöÇΓöÇΓöÇΓöÇΓöÇΓöÇΓöÇΓöÇΓöÇΓöÇΓöÇΓöÇΓöÇΓöÇΓöÇΓöÇΓöÇΓöÇΓöÇΓöÇΓöÇΓöÇΓöÇΓöÇΓöÇΓöÇΓöÇΓöÇΓöÇΓöÇΓöÇΓöÇΓöÇΓöÇΓöÇ
00:04 +26: C:/Users/H/Steps-to-recovery-flutter/test/app_flow_test.dart: journal editor saves an entry to the local database
00:04 +26: C:/Users/H/Steps-to-recovery-flutter/test/connectivity_service_test.dart: ConnectivityService connectivityStream emits multiple transitions in order
ΓöîΓöÇΓöÇΓöÇΓöÇΓöÇΓöÇΓöÇΓöÇΓöÇΓöÇΓöÇΓöÇΓöÇΓöÇΓöÇΓöÇΓöÇΓöÇΓöÇΓöÇΓöÇΓöÇΓöÇΓöÇΓöÇΓöÇΓöÇΓöÇΓöÇΓöÇΓöÇΓöÇΓöÇΓöÇΓöÇΓöÇΓöÇΓöÇΓöÇΓöÇΓöÇΓöÇΓöÇΓöÇΓöÇΓöÇΓöÇΓöÇΓöÇΓöÇΓöÇΓöÇΓöÇΓöÇΓöÇΓöÇΓöÇΓöÇΓöÇΓöÇΓöÇΓöÇΓöÇΓöÇΓöÇΓöÇΓöÇΓöÇΓöÇΓöÇΓöÇΓöÇΓöÇΓöÇΓöÇΓöÇΓöÇΓöÇΓöÇΓöÇΓöÇΓöÇΓöÇΓöÇΓöÇΓöÇΓöÇΓöÇΓöÇΓöÇΓöÇΓöÇΓöÇΓöÇΓöÇΓöÇΓöÇΓöÇΓöÇΓöÇΓöÇΓöÇΓöÇΓöÇΓöÇΓöÇΓöÇΓöÇΓöÇΓöÇΓöÇΓöÇΓöÇΓöÇΓöÇΓöÇΓöÇΓöÇΓöÇ
Γöé #0   LoggerService.debug (package:steps_recovery_flutter/core/services/logger_service.dart:23:15)
Γöé #1   ConnectivityService._updateConnectionStatus (package:steps_recovery_flutter/core/services/connectivity_service.dart:61:25)
Γö£ΓöäΓöäΓöäΓöäΓöäΓöäΓöäΓöäΓöäΓöäΓöäΓöäΓöäΓöäΓöäΓöäΓöäΓöäΓöäΓöäΓöäΓöäΓöäΓöäΓöäΓöäΓöäΓöäΓöäΓöäΓöäΓöäΓöäΓöäΓöäΓöäΓöäΓöäΓöäΓöäΓöäΓöäΓöäΓöäΓöäΓöäΓöäΓöäΓöäΓöäΓöäΓöäΓöäΓöäΓöäΓöäΓöäΓöäΓöäΓöäΓöäΓöäΓöäΓöäΓöäΓöäΓöäΓöäΓöäΓöäΓöäΓöäΓöäΓöäΓöäΓöäΓöäΓöäΓöäΓöäΓöäΓöäΓöäΓöäΓöäΓöäΓöäΓöäΓöäΓöäΓöäΓöäΓöäΓöäΓöäΓöäΓöäΓöäΓöäΓöäΓöäΓöäΓöäΓöäΓöäΓöäΓöäΓöäΓöäΓöäΓöäΓöäΓöäΓöäΓöäΓöäΓöäΓöäΓöä
Γöé 11:20:18.685 (+0:00:00.188192)
Γö£ΓöäΓöäΓöäΓöäΓöäΓöäΓöäΓöäΓöäΓöäΓöäΓöäΓöäΓöäΓöäΓöäΓöäΓöäΓöäΓöäΓöäΓöäΓöäΓöäΓöäΓöäΓöäΓöäΓöäΓöäΓöäΓöäΓöäΓöäΓöäΓöäΓöäΓöäΓöäΓöäΓöäΓöäΓöäΓöäΓöäΓöäΓöäΓöäΓöäΓöäΓöäΓöäΓöäΓöäΓöäΓöäΓöäΓöäΓöäΓöäΓöäΓöäΓöäΓöäΓöäΓöäΓöäΓöäΓöäΓöäΓöäΓöäΓöäΓöäΓöäΓöäΓöäΓöäΓöäΓöäΓöäΓöäΓöäΓöäΓöäΓöäΓöäΓöäΓöäΓöäΓöäΓöäΓöäΓöäΓöäΓöäΓöäΓöäΓöäΓöäΓöäΓöäΓöäΓöäΓöäΓöäΓöäΓöäΓöäΓöäΓöäΓöäΓöäΓöäΓöäΓöäΓöäΓöäΓöä
Γöé ≡ƒÉ¢ Connection lost
ΓööΓöÇΓöÇΓöÇΓöÇΓöÇΓöÇΓöÇΓöÇΓöÇΓöÇΓöÇΓöÇΓöÇΓöÇΓöÇΓöÇΓöÇΓöÇΓöÇΓöÇΓöÇΓöÇΓöÇΓöÇΓöÇΓöÇΓöÇΓöÇΓöÇΓöÇΓöÇΓöÇΓöÇΓöÇΓöÇΓöÇΓöÇΓöÇΓöÇΓöÇΓöÇΓöÇΓöÇΓöÇΓöÇΓöÇΓöÇΓöÇΓöÇΓöÇΓöÇΓöÇΓöÇΓöÇΓöÇΓöÇΓöÇΓöÇΓöÇΓöÇΓöÇΓöÇΓöÇΓöÇΓöÇΓöÇΓöÇΓöÇΓöÇΓöÇΓöÇΓöÇΓöÇΓöÇΓöÇΓöÇΓöÇΓöÇΓöÇΓöÇΓöÇΓöÇΓöÇΓöÇΓöÇΓöÇΓöÇΓöÇΓöÇΓöÇΓöÇΓöÇΓöÇΓöÇΓöÇΓöÇΓöÇΓöÇΓöÇΓöÇΓöÇΓöÇΓöÇΓöÇΓöÇΓöÇΓöÇΓöÇΓöÇΓöÇΓöÇΓöÇΓöÇΓöÇΓöÇΓöÇΓöÇΓöÇΓöÇ
ΓöîΓöÇΓöÇΓöÇΓöÇΓöÇΓöÇΓöÇΓöÇΓöÇΓöÇΓöÇΓöÇΓöÇΓöÇΓöÇΓöÇΓöÇΓöÇΓöÇΓöÇΓöÇΓöÇΓöÇΓöÇΓöÇΓöÇΓöÇΓöÇΓöÇΓöÇΓöÇΓöÇΓöÇΓöÇΓöÇΓöÇΓöÇΓöÇΓöÇΓöÇΓöÇΓöÇΓöÇΓöÇΓöÇΓöÇΓöÇΓöÇΓöÇΓöÇΓöÇΓöÇΓöÇΓöÇΓöÇΓöÇΓöÇΓöÇΓöÇΓöÇΓöÇΓöÇΓöÇΓöÇΓöÇΓöÇΓöÇΓöÇΓöÇΓöÇΓöÇΓöÇΓöÇΓöÇΓöÇΓöÇΓöÇΓöÇΓöÇΓöÇΓöÇΓöÇΓöÇΓöÇΓöÇΓöÇΓöÇΓöÇΓöÇΓöÇΓöÇΓöÇΓöÇΓöÇΓöÇΓöÇΓöÇΓöÇΓöÇΓöÇΓöÇΓöÇΓöÇΓöÇΓöÇΓöÇΓöÇΓöÇΓöÇΓöÇΓöÇΓöÇΓöÇΓöÇΓöÇΓöÇΓöÇΓöÇΓöÇ
Γöé #0   LoggerService.debug (package:steps_recovery_flutter/core/services/logger_service.dart:23:15)
Γöé #1   ConnectivityService._updateConnectionStatus (package:steps_recovery_flutter/core/services/connectivity_service.dart:59:25)
Γö£ΓöäΓöäΓöäΓöäΓöäΓöäΓöäΓöäΓöäΓöäΓöäΓöäΓöäΓöäΓöäΓöäΓöäΓöäΓöäΓöäΓöäΓöäΓöäΓöäΓöäΓöäΓöäΓöäΓöäΓöäΓöäΓöäΓöäΓöäΓöäΓöäΓöäΓöäΓöäΓöäΓöäΓöäΓöäΓöäΓöäΓöäΓöäΓöäΓöäΓöäΓöäΓöäΓöäΓöäΓöäΓöäΓöäΓöäΓöäΓöäΓöäΓöäΓöäΓöäΓöäΓöäΓöäΓöäΓöäΓöäΓöäΓöäΓöäΓöäΓöäΓöäΓöäΓöäΓöäΓöäΓöäΓöäΓöäΓöäΓöäΓöäΓöäΓöäΓöäΓöäΓöäΓöäΓöäΓöäΓöäΓöäΓöäΓöäΓöäΓöäΓöäΓöäΓöäΓöäΓöäΓöäΓöäΓöäΓöäΓöäΓöäΓöäΓöäΓöäΓöäΓöäΓöäΓöäΓöä
Γöé 11:20:18.688 (+0:00:00.191192)
Γö£ΓöäΓöäΓöäΓöäΓöäΓöäΓöäΓöäΓöäΓöäΓöäΓöäΓöäΓöäΓöäΓöäΓöäΓöäΓöäΓöäΓöäΓöäΓöäΓöäΓöäΓöäΓöäΓöäΓöäΓöäΓöäΓöäΓöäΓöäΓöäΓöäΓöäΓöäΓöäΓöäΓöäΓöäΓöäΓöäΓöäΓöäΓöäΓöäΓöäΓöäΓöäΓöäΓöäΓöäΓöäΓöäΓöäΓöäΓöäΓöäΓöäΓöäΓöäΓöäΓöäΓöäΓöäΓöäΓöäΓöäΓöäΓöäΓöäΓöäΓöäΓöäΓöäΓöäΓöäΓöäΓöäΓöäΓöäΓöäΓöäΓöäΓöäΓöäΓöäΓöäΓöäΓöäΓöäΓöäΓöäΓöäΓöäΓöäΓöäΓöäΓöäΓöäΓöäΓöäΓöäΓöäΓöäΓöäΓöäΓöäΓöäΓöäΓöäΓöäΓöäΓöäΓöäΓöäΓöä
Γöé ≡ƒÉ¢ Connection restored
ΓööΓöÇΓöÇΓöÇΓöÇΓöÇΓöÇΓöÇΓöÇΓöÇΓöÇΓöÇΓöÇΓöÇΓöÇΓöÇΓöÇΓöÇΓöÇΓöÇΓöÇΓöÇΓöÇΓöÇΓöÇΓöÇΓöÇΓöÇΓöÇΓöÇΓöÇΓöÇΓöÇΓöÇΓöÇΓöÇΓöÇΓöÇΓöÇΓöÇΓöÇΓöÇΓöÇΓöÇΓöÇΓöÇΓöÇΓöÇΓöÇΓöÇΓöÇΓöÇΓöÇΓöÇΓöÇΓöÇΓöÇΓöÇΓöÇΓöÇΓöÇΓöÇΓöÇΓöÇΓöÇΓöÇΓöÇΓöÇΓöÇΓöÇΓöÇΓöÇΓöÇΓöÇΓöÇΓöÇΓöÇΓöÇΓöÇΓöÇΓöÇΓöÇΓöÇΓöÇΓöÇΓöÇΓöÇΓöÇΓöÇΓöÇΓöÇΓöÇΓöÇΓöÇΓöÇΓöÇΓöÇΓöÇΓöÇΓöÇΓöÇΓöÇΓöÇΓöÇΓöÇΓöÇΓöÇΓöÇΓöÇΓöÇΓöÇΓöÇΓöÇΓöÇΓöÇΓöÇΓöÇΓöÇΓöÇΓöÇ
ΓöîΓöÇΓöÇΓöÇΓöÇΓöÇΓöÇΓöÇΓöÇΓöÇΓöÇΓöÇΓöÇΓöÇΓöÇΓöÇΓöÇΓöÇΓöÇΓöÇΓöÇΓöÇΓöÇΓöÇΓöÇΓöÇΓöÇΓöÇΓöÇΓöÇΓöÇΓöÇΓöÇΓöÇΓöÇΓöÇΓöÇΓöÇΓöÇΓöÇΓöÇΓöÇΓöÇΓöÇΓöÇΓöÇΓöÇΓöÇΓöÇΓöÇΓöÇΓöÇΓöÇΓöÇΓöÇΓöÇΓöÇΓöÇΓöÇΓöÇΓöÇΓöÇΓöÇΓöÇΓöÇΓöÇΓöÇΓöÇΓöÇΓöÇΓöÇΓöÇΓöÇΓöÇΓöÇΓöÇΓöÇΓöÇΓöÇΓöÇΓöÇΓöÇΓöÇΓöÇΓöÇΓöÇΓöÇΓöÇΓöÇΓöÇΓöÇΓöÇΓöÇΓöÇΓöÇΓöÇΓöÇΓöÇΓöÇΓöÇΓöÇΓöÇΓöÇΓöÇΓöÇΓöÇΓöÇΓöÇΓöÇΓöÇΓöÇΓöÇΓöÇΓöÇΓöÇΓöÇΓöÇΓöÇΓöÇΓöÇ
Γöé #0   LoggerService.debug (package:steps_recovery_flutter/core/services/logger_service.dart:23:15)
Γöé #1   ConnectivityService._updateConnectionStatus (package:steps_recovery_flutter/core/services/connectivity_service.dart:61:25)
Γö£ΓöäΓöäΓöäΓöäΓöäΓöäΓöäΓöäΓöäΓöäΓöäΓöäΓöäΓöäΓöäΓöäΓöäΓöäΓöäΓöäΓöäΓöäΓöäΓöäΓöäΓöäΓöäΓöäΓöäΓöäΓöäΓöäΓöäΓöäΓöäΓöäΓöäΓöäΓöäΓöäΓöäΓöäΓöäΓöäΓöäΓöäΓöäΓöäΓöäΓöäΓöäΓöäΓöäΓöäΓöäΓöäΓöäΓöäΓöäΓöäΓöäΓöäΓöäΓöäΓöäΓöäΓöäΓöäΓöäΓöäΓöäΓöäΓöäΓöäΓöäΓöäΓöäΓöäΓöäΓöäΓöäΓöäΓöäΓöäΓöäΓöäΓöäΓöäΓöäΓöäΓöäΓöäΓöäΓöäΓöäΓöäΓöäΓöäΓöäΓöäΓöäΓöäΓöäΓöäΓöäΓöäΓöäΓöäΓöäΓöäΓöäΓöäΓöäΓöäΓöäΓöäΓöäΓöäΓöä
Γöé 11:20:18.689 (+0:00:00.192191)
Γö£ΓöäΓöäΓöäΓöäΓöäΓöäΓöäΓöäΓöäΓöäΓöäΓöäΓöäΓöäΓöäΓöäΓöäΓöäΓöäΓöäΓöäΓöäΓöäΓöäΓöäΓöäΓöäΓöäΓöäΓöäΓöäΓöäΓöäΓöäΓöäΓöäΓöäΓöäΓöäΓöäΓöäΓöäΓöäΓöäΓöäΓöäΓöäΓöäΓöäΓöäΓöäΓöäΓöäΓöäΓöäΓöäΓöäΓöäΓöäΓöäΓöäΓöäΓöäΓöäΓöäΓöäΓöäΓöäΓöäΓöäΓöäΓöäΓöäΓöäΓöäΓöäΓöäΓöäΓöäΓöäΓöäΓöäΓöäΓöäΓöäΓöäΓöäΓöäΓöäΓöäΓöäΓöäΓöäΓöäΓöäΓöäΓöäΓöäΓöäΓöäΓöäΓöäΓöäΓöäΓöäΓöäΓöäΓöäΓöäΓöäΓöäΓöäΓöäΓöäΓöäΓöäΓöäΓöäΓöä
Γöé ≡ƒÉ¢ Connection lost
ΓööΓöÇΓöÇΓöÇΓöÇΓöÇΓöÇΓöÇΓöÇΓöÇΓöÇΓöÇΓöÇΓöÇΓöÇΓöÇΓöÇΓöÇΓöÇΓöÇΓöÇΓöÇΓöÇΓöÇΓöÇΓöÇΓöÇΓöÇΓöÇΓöÇΓöÇΓöÇΓöÇΓöÇΓöÇΓöÇΓöÇΓöÇΓöÇΓöÇΓöÇΓöÇΓöÇΓöÇΓöÇΓöÇΓöÇΓöÇΓöÇΓöÇΓöÇΓöÇΓöÇΓöÇΓöÇΓöÇΓöÇΓöÇΓöÇΓöÇΓöÇΓöÇΓöÇΓöÇΓöÇΓöÇΓöÇΓöÇΓöÇΓöÇΓöÇΓöÇΓöÇΓöÇΓöÇΓöÇΓöÇΓöÇΓöÇΓöÇΓöÇΓöÇΓöÇΓöÇΓöÇΓöÇΓöÇΓöÇΓöÇΓöÇΓöÇΓöÇΓöÇΓöÇΓöÇΓöÇΓöÇΓöÇΓöÇΓöÇΓöÇΓöÇΓöÇΓöÇΓöÇΓöÇΓöÇΓöÇΓöÇΓöÇΓöÇΓöÇΓöÇΓöÇΓöÇΓöÇΓöÇΓöÇΓöÇΓöÇ
00:04 +27: C:/Users/H/Steps-to-recovery-flutter/test/app_flow_test.dart: journal editor saves an entry to the local database
00:04 +27: C:/Users/H/Steps-to-recovery-flutter/test/connectivity_service_test.dart: ConnectivityService connectivityStream stream is broadcast ΓÇö multiple listeners do not throw
ΓöîΓöÇΓöÇΓöÇΓöÇΓöÇΓöÇΓöÇΓöÇΓöÇΓöÇΓöÇΓöÇΓöÇΓöÇΓöÇΓöÇΓöÇΓöÇΓöÇΓöÇΓöÇΓöÇΓöÇΓöÇΓöÇΓöÇΓöÇΓöÇΓöÇΓöÇΓöÇΓöÇΓöÇΓöÇΓöÇΓöÇΓöÇΓöÇΓöÇΓöÇΓöÇΓöÇΓöÇΓöÇΓöÇΓöÇΓöÇΓöÇΓöÇΓöÇΓöÇΓöÇΓöÇΓöÇΓöÇΓöÇΓöÇΓöÇΓöÇΓöÇΓöÇΓöÇΓöÇΓöÇΓöÇΓöÇΓöÇΓöÇΓöÇΓöÇΓöÇΓöÇΓöÇΓöÇΓöÇΓöÇΓöÇΓöÇΓöÇΓöÇΓöÇΓöÇΓöÇΓöÇΓöÇΓöÇΓöÇΓöÇΓöÇΓöÇΓöÇΓöÇΓöÇΓöÇΓöÇΓöÇΓöÇΓöÇΓöÇΓöÇΓöÇΓöÇΓöÇΓöÇΓöÇΓöÇΓöÇΓöÇΓöÇΓöÇΓöÇΓöÇΓöÇΓöÇΓöÇΓöÇΓöÇΓöÇΓöÇ
Γöé #0   LoggerService.debug (package:steps_recovery_flutter/core/services/logger_service.dart:23:15)
Γöé #1   ConnectivityService._updateConnectionStatus (package:steps_recovery_flutter/core/services/connectivity_service.dart:61:25)
Γö£ΓöäΓöäΓöäΓöäΓöäΓöäΓöäΓöäΓöäΓöäΓöäΓöäΓöäΓöäΓöäΓöäΓöäΓöäΓöäΓöäΓöäΓöäΓöäΓöäΓöäΓöäΓöäΓöäΓöäΓöäΓöäΓöäΓöäΓöäΓöäΓöäΓöäΓöäΓöäΓöäΓöäΓöäΓöäΓöäΓöäΓöäΓöäΓöäΓöäΓöäΓöäΓöäΓöäΓöäΓöäΓöäΓöäΓöäΓöäΓöäΓöäΓöäΓöäΓöäΓöäΓöäΓöäΓöäΓöäΓöäΓöäΓöäΓöäΓöäΓöäΓöäΓöäΓöäΓöäΓöäΓöäΓöäΓöäΓöäΓöäΓöäΓöäΓöäΓöäΓöäΓöäΓöäΓöäΓöäΓöäΓöäΓöäΓöäΓöäΓöäΓöäΓöäΓöäΓöäΓöäΓöäΓöäΓöäΓöäΓöäΓöäΓöäΓöäΓöäΓöäΓöäΓöäΓöäΓöä
Γöé 11:20:18.707 (+0:00:00.210230)
Γö£ΓöäΓöäΓöäΓöäΓöäΓöäΓöäΓöäΓöäΓöäΓöäΓöäΓöäΓöäΓöäΓöäΓöäΓöäΓöäΓöäΓöäΓöäΓöäΓöäΓöäΓöäΓöäΓöäΓöäΓöäΓöäΓöäΓöäΓöäΓöäΓöäΓöäΓöäΓöäΓöäΓöäΓöäΓöäΓöäΓöäΓöäΓöäΓöäΓöäΓöäΓöäΓöäΓöäΓöäΓöäΓöäΓöäΓöäΓöäΓöäΓöäΓöäΓöäΓöäΓöäΓöäΓöäΓöäΓöäΓöäΓöäΓöäΓöäΓöäΓöäΓöäΓöäΓöäΓöäΓöäΓöäΓöäΓöäΓöäΓöäΓöäΓöäΓöäΓöäΓöäΓöäΓöäΓöäΓöäΓöäΓöäΓöäΓöäΓöäΓöäΓöäΓöäΓöäΓöäΓöäΓöäΓöäΓöäΓöäΓöäΓöäΓöäΓöäΓöäΓöäΓöäΓöäΓöäΓöä
Γöé ≡ƒÉ¢ Connection lost
ΓööΓöÇΓöÇΓöÇΓöÇΓöÇΓöÇΓöÇΓöÇΓöÇΓöÇΓöÇΓöÇΓöÇΓöÇΓöÇΓöÇΓöÇΓöÇΓöÇΓöÇΓöÇΓöÇΓöÇΓöÇΓöÇΓöÇΓöÇΓöÇΓöÇΓöÇΓöÇΓöÇΓöÇΓöÇΓöÇΓöÇΓöÇΓöÇΓöÇΓöÇΓöÇΓöÇΓöÇΓöÇΓöÇΓöÇΓöÇΓöÇΓöÇΓöÇΓöÇΓöÇΓöÇΓöÇΓöÇΓöÇΓöÇΓöÇΓöÇΓöÇΓöÇΓöÇΓöÇΓöÇΓöÇΓöÇΓöÇΓöÇΓöÇΓöÇΓöÇΓöÇΓöÇΓöÇΓöÇΓöÇΓöÇΓöÇΓöÇΓöÇΓöÇΓöÇΓöÇΓöÇΓöÇΓöÇΓöÇΓöÇΓöÇΓöÇΓöÇΓöÇΓöÇΓöÇΓöÇΓöÇΓöÇΓöÇΓöÇΓöÇΓöÇΓöÇΓöÇΓöÇΓöÇΓöÇΓöÇΓöÇΓöÇΓöÇΓöÇΓöÇΓöÇΓöÇΓöÇΓöÇΓöÇΓöÇΓöÇ
00:04 +28: C:/Users/H/Steps-to-recovery-flutter/test/app_flow_test.dart: journal editor saves an entry to the local database
00:04 +29: C:/Users/H/Steps-to-recovery-flutter/test/app_flow_test.dart: journal editor saves an entry to the local database
00:04 +30: C:/Users/H/Steps-to-recovery-flutter/test/app_flow_test.dart: journal editor saves an entry to the local database
00:04 +31: C:/Users/H/Steps-to-recovery-flutter/test/app_flow_test.dart: journal editor saves an entry to the local database
00:04 +32: C:/Users/H/Steps-to-recovery-flutter/test/app_flow_test.dart: journal editor saves an entry to the local database
00:04 +33: C:/Users/H/Steps-to-recovery-flutter/test/app_flow_test.dart: journal editor saves an entry to the local database
00:04 +34: C:/Users/H/Steps-to-recovery-flutter/test/app_flow_test.dart: journal editor saves an entry to the local database
00:04 +35: C:/Users/H/Steps-to-recovery-flutter/test/app_flow_test.dart: journal editor saves an entry to the local database
00:04 +36: C:/Users/H/Steps-to-recovery-flutter/test/app_flow_test.dart: journal editor saves an entry to the local database
00:04 +37: C:/Users/H/Steps-to-recovery-flutter/test/app_flow_test.dart: journal editor saves an entry to the local database
00:05 +38: C:/Users/H/Steps-to-recovery-flutter/test/app_flow_test.dart: journal editor saves an entry to the local database
00:05 +39: C:/Users/H/Steps-to-recovery-flutter/test/app_flow_test.dart: journal editor saves an entry to the local database
00:05 +40: C:/Users/H/Steps-to-recovery-flutter/test/app_flow_test.dart: journal editor saves an entry to the local database
00:05 +41: C:/Users/H/Steps-to-recovery-flutter/test/app_flow_test.dart: journal editor saves an entry to the local database
00:05 +42: C:/Users/H/Steps-to-recovery-flutter/test/app_flow_test.dart: journal editor saves an entry to the local database
00:06 +42: C:/Users/H/Steps-to-recovery-flutter/test/database_service_test.dart: DatabaseService encrypts journal entries at rest and restores them on read
ΓöîΓöÇΓöÇΓöÇΓöÇΓöÇΓöÇΓöÇΓöÇΓöÇΓöÇΓöÇΓöÇΓöÇΓöÇΓöÇΓöÇΓöÇΓöÇΓöÇΓöÇΓöÇΓöÇΓöÇΓöÇΓöÇΓöÇΓöÇΓöÇΓöÇΓöÇΓöÇΓöÇΓöÇΓöÇΓöÇΓöÇΓöÇΓöÇΓöÇΓöÇΓöÇΓöÇΓöÇΓöÇΓöÇΓöÇΓöÇΓöÇΓöÇΓöÇΓöÇΓöÇΓöÇΓöÇΓöÇΓöÇΓöÇΓöÇΓöÇΓöÇΓöÇΓöÇΓöÇΓöÇΓöÇΓöÇΓöÇΓöÇΓöÇΓöÇΓöÇΓöÇΓöÇΓöÇΓöÇΓöÇΓöÇΓöÇΓöÇΓöÇΓöÇΓöÇΓöÇΓöÇΓöÇΓöÇΓöÇΓöÇΓöÇΓöÇΓöÇΓöÇΓöÇΓöÇΓöÇΓöÇΓöÇΓöÇΓöÇΓöÇΓöÇΓöÇΓöÇΓöÇΓöÇΓöÇΓöÇΓöÇΓöÇΓöÇΓöÇΓöÇΓöÇΓöÇΓöÇΓöÇΓöÇΓöÇΓöÇ
Γöé #0   LoggerService.debug (package:steps_recovery_flutter/core/services/logger_service.dart:23:15)
Γöé #1   EncryptionService.initialize (package:steps_recovery_flutter/core/services/encryption_service.dart:61:23)
Γö£ΓöäΓöäΓöäΓöäΓöäΓöäΓöäΓöäΓöäΓöäΓöäΓöäΓöäΓöäΓöäΓöäΓöäΓöäΓöäΓöäΓöäΓöäΓöäΓöäΓöäΓöäΓöäΓöäΓöäΓöäΓöäΓöäΓöäΓöäΓöäΓöäΓöäΓöäΓöäΓöäΓöäΓöäΓöäΓöäΓöäΓöäΓöäΓöäΓöäΓöäΓöäΓöäΓöäΓöäΓöäΓöäΓöäΓöäΓöäΓöäΓöäΓöäΓöäΓöäΓöäΓöäΓöäΓöäΓöäΓöäΓöäΓöäΓöäΓöäΓöäΓöäΓöäΓöäΓöäΓöäΓöäΓöäΓöäΓöäΓöäΓöäΓöäΓöäΓöäΓöäΓöäΓöäΓöäΓöäΓöäΓöäΓöäΓöäΓöäΓöäΓöäΓöäΓöäΓöäΓöäΓöäΓöäΓöäΓöäΓöäΓöäΓöäΓöäΓöäΓöäΓöäΓöäΓöäΓöä
Γöé 11:20:20.763 (+0:00:00.002007)
Γö£ΓöäΓöäΓöäΓöäΓöäΓöäΓöäΓöäΓöäΓöäΓöäΓöäΓöäΓöäΓöäΓöäΓöäΓöäΓöäΓöäΓöäΓöäΓöäΓöäΓöäΓöäΓöäΓöäΓöäΓöäΓöäΓöäΓöäΓöäΓöäΓöäΓöäΓöäΓöäΓöäΓöäΓöäΓöäΓöäΓöäΓöäΓöäΓöäΓöäΓöäΓöäΓöäΓöäΓöäΓöäΓöäΓöäΓöäΓöäΓöäΓöäΓöäΓöäΓöäΓöäΓöäΓöäΓöäΓöäΓöäΓöäΓöäΓöäΓöäΓöäΓöäΓöäΓöäΓöäΓöäΓöäΓöäΓöäΓöäΓöäΓöäΓöäΓöäΓöäΓöäΓöäΓöäΓöäΓöäΓöäΓöäΓöäΓöäΓöäΓöäΓöäΓöäΓöäΓöäΓöäΓöäΓöäΓöäΓöäΓöäΓöäΓöäΓöäΓöäΓöäΓöäΓöäΓöäΓöä
Γöé ≡ƒÉ¢ Encryption service initialized with secure storage
ΓööΓöÇΓöÇΓöÇΓöÇΓöÇΓöÇΓöÇΓöÇΓöÇΓöÇΓöÇΓöÇΓöÇΓöÇΓöÇΓöÇΓöÇΓöÇΓöÇΓöÇΓöÇΓöÇΓöÇΓöÇΓöÇΓöÇΓöÇΓöÇΓöÇΓöÇΓöÇΓöÇΓöÇΓöÇΓöÇΓöÇΓöÇΓöÇΓöÇΓöÇΓöÇΓöÇΓöÇΓöÇΓöÇΓöÇΓöÇΓöÇΓöÇΓöÇΓöÇΓöÇΓöÇΓöÇΓöÇΓöÇΓöÇΓöÇΓöÇΓöÇΓöÇΓöÇΓöÇΓöÇΓöÇΓöÇΓöÇΓöÇΓöÇΓöÇΓöÇΓöÇΓöÇΓöÇΓöÇΓöÇΓöÇΓöÇΓöÇΓöÇΓöÇΓöÇΓöÇΓöÇΓöÇΓöÇΓöÇΓöÇΓöÇΓöÇΓöÇΓöÇΓöÇΓöÇΓöÇΓöÇΓöÇΓöÇΓöÇΓöÇΓöÇΓöÇΓöÇΓöÇΓöÇΓöÇΓöÇΓöÇΓöÇΓöÇΓöÇΓöÇΓöÇΓöÇΓöÇΓöÇΓöÇΓöÇΓöÇ
ΓöîΓöÇΓöÇΓöÇΓöÇΓöÇΓöÇΓöÇΓöÇΓöÇΓöÇΓöÇΓöÇΓöÇΓöÇΓöÇΓöÇΓöÇΓöÇΓöÇΓöÇΓöÇΓöÇΓöÇΓöÇΓöÇΓöÇΓöÇΓöÇΓöÇΓöÇΓöÇΓöÇΓöÇΓöÇΓöÇΓöÇΓöÇΓöÇΓöÇΓöÇΓöÇΓöÇΓöÇΓöÇΓöÇΓöÇΓöÇΓöÇΓöÇΓöÇΓöÇΓöÇΓöÇΓöÇΓöÇΓöÇΓöÇΓöÇΓöÇΓöÇΓöÇΓöÇΓöÇΓöÇΓöÇΓöÇΓöÇΓöÇΓöÇΓöÇΓöÇΓöÇΓöÇΓöÇΓöÇΓöÇΓöÇΓöÇΓöÇΓöÇΓöÇΓöÇΓöÇΓöÇΓöÇΓöÇΓöÇΓöÇΓöÇΓöÇΓöÇΓöÇΓöÇΓöÇΓöÇΓöÇΓöÇΓöÇΓöÇΓöÇΓöÇΓöÇΓöÇΓöÇΓöÇΓöÇΓöÇΓöÇΓöÇΓöÇΓöÇΓöÇΓöÇΓöÇΓöÇΓöÇΓöÇΓöÇΓöÇ
Γöé #0   LoggerService.debug (package:steps_recovery_flutter/core/services/logger_service.dart:23:15)
Γöé #1   DatabaseService.initialize (package:steps_recovery_flutter/core/services/database_service.dart:77:21)
Γö£ΓöäΓöäΓöäΓöäΓöäΓöäΓöäΓöäΓöäΓöäΓöäΓöäΓöäΓöäΓöäΓöäΓöäΓöäΓöäΓöäΓöäΓöäΓöäΓöäΓöäΓöäΓöäΓöäΓöäΓöäΓöäΓöäΓöäΓöäΓöäΓöäΓöäΓöäΓöäΓöäΓöäΓöäΓöäΓöäΓöäΓöäΓöäΓöäΓöäΓöäΓöäΓöäΓöäΓöäΓöäΓöäΓöäΓöäΓöäΓöäΓöäΓöäΓöäΓöäΓöäΓöäΓöäΓöäΓöäΓöäΓöäΓöäΓöäΓöäΓöäΓöäΓöäΓöäΓöäΓöäΓöäΓöäΓöäΓöäΓöäΓöäΓöäΓöäΓöäΓöäΓöäΓöäΓöäΓöäΓöäΓöäΓöäΓöäΓöäΓöäΓöäΓöäΓöäΓöäΓöäΓöäΓöäΓöäΓöäΓöäΓöäΓöäΓöäΓöäΓöäΓöäΓöäΓöäΓöä
Γöé 11:20:20.779 (+0:00:00.018299)
Γö£ΓöäΓöäΓöäΓöäΓöäΓöäΓöäΓöäΓöäΓöäΓöäΓöäΓöäΓöäΓöäΓöäΓöäΓöäΓöäΓöäΓöäΓöäΓöäΓöäΓöäΓöäΓöäΓöäΓöäΓöäΓöäΓöäΓöäΓöäΓöäΓöäΓöäΓöäΓöäΓöäΓöäΓöäΓöäΓöäΓöäΓöäΓöäΓöäΓöäΓöäΓöäΓöäΓöäΓöäΓöäΓöäΓöäΓöäΓöäΓöäΓöäΓöäΓöäΓöäΓöäΓöäΓöäΓöäΓöäΓöäΓöäΓöäΓöäΓöäΓöäΓöäΓöäΓöäΓöäΓöäΓöäΓöäΓöäΓöäΓöäΓöäΓöäΓöäΓöäΓöäΓöäΓöäΓöäΓöäΓöäΓöäΓöäΓöäΓöäΓöäΓöäΓöäΓöäΓöäΓöäΓöäΓöäΓöäΓöäΓöäΓöäΓöäΓöäΓöäΓöäΓöäΓöäΓöäΓöä
Γöé ≡ƒÉ¢ DatabaseService initialized (encryption secure: true)
ΓööΓöÇΓöÇΓöÇΓöÇΓöÇΓöÇΓöÇΓöÇΓöÇΓöÇΓöÇΓöÇΓöÇΓöÇΓöÇΓöÇΓöÇΓöÇΓöÇΓöÇΓöÇΓöÇΓöÇΓöÇΓöÇΓöÇΓöÇΓöÇΓöÇΓöÇΓöÇΓöÇΓöÇΓöÇΓöÇΓöÇΓöÇΓöÇΓöÇΓöÇΓöÇΓöÇΓöÇΓöÇΓöÇΓöÇΓöÇΓöÇΓöÇΓöÇΓöÇΓöÇΓöÇΓöÇΓöÇΓöÇΓöÇΓöÇΓöÇΓöÇΓöÇΓöÇΓöÇΓöÇΓöÇΓöÇΓöÇΓöÇΓöÇΓöÇΓöÇΓöÇΓöÇΓöÇΓöÇΓöÇΓöÇΓöÇΓöÇΓöÇΓöÇΓöÇΓöÇΓöÇΓöÇΓöÇΓöÇΓöÇΓöÇΓöÇΓöÇΓöÇΓöÇΓöÇΓöÇΓöÇΓöÇΓöÇΓöÇΓöÇΓöÇΓöÇΓöÇΓöÇΓöÇΓöÇΓöÇΓöÇΓöÇΓöÇΓöÇΓöÇΓöÇΓöÇΓöÇΓöÇΓöÇΓöÇΓöÇ
00:06 +43: C:/Users/H/Steps-to-recovery-flutter/test/app_flow_test.dart: journal editor saves an entry to the local database
00:06 +44: C:/Users/H/Steps-to-recovery-flutter/test/app_flow_test.dart: journal editor saves an entry to the local database
00:06 +45: C:/Users/H/Steps-to-recovery-flutter/test/app_flow_test.dart: journal editor saves an entry to the local database
00:06 +46: C:/Users/H/Steps-to-recovery-flutter/test/app_flow_test.dart: journal editor saves an entry to the local database
00:06 +47: C:/Users/H/Steps-to-recovery-flutter/test/app_flow_test.dart: journal editor saves an entry to the local database
00:06 +48: C:/Users/H/Steps-to-recovery-flutter/test/app_flow_test.dart: journal editor saves an entry to the local database
00:06 +49: C:/Users/H/Steps-to-recovery-flutter/test/app_flow_test.dart: journal editor saves an entry to the local database
00:06 +50: C:/Users/H/Steps-to-recovery-flutter/test/app_flow_test.dart: journal editor saves an entry to the local database
00:07 +50: C:/Users/H/Steps-to-recovery-flutter/test/crisis_screens_test.dart: EmergencyScreen renders crisis hotline numbers (988, SAMHSA)
ΓöîΓöÇΓöÇΓöÇΓöÇΓöÇΓöÇΓöÇΓöÇΓöÇΓöÇΓöÇΓöÇΓöÇΓöÇΓöÇΓöÇΓöÇΓöÇΓöÇΓöÇΓöÇΓöÇΓöÇΓöÇΓöÇΓöÇΓöÇΓöÇΓöÇΓöÇΓöÇΓöÇΓöÇΓöÇΓöÇΓöÇΓöÇΓöÇΓöÇΓöÇΓöÇΓöÇΓöÇΓöÇΓöÇΓöÇΓöÇΓöÇΓöÇΓöÇΓöÇΓöÇΓöÇΓöÇΓöÇΓöÇΓöÇΓöÇΓöÇΓöÇΓöÇΓöÇΓöÇΓöÇΓöÇΓöÇΓöÇΓöÇΓöÇΓöÇΓöÇΓöÇΓöÇΓöÇΓöÇΓöÇΓöÇΓöÇΓöÇΓöÇΓöÇΓöÇΓöÇΓöÇΓöÇΓöÇΓöÇΓöÇΓöÇΓöÇΓöÇΓöÇΓöÇΓöÇΓöÇΓöÇΓöÇΓöÇΓöÇΓöÇΓöÇΓöÇΓöÇΓöÇΓöÇΓöÇΓöÇΓöÇΓöÇΓöÇΓöÇΓöÇΓöÇΓöÇΓöÇΓöÇΓöÇΓöÇΓöÇ
Γöé #0   LoggerService.debug (package:steps_recovery_flutter/core/services/logger_service.dart:23:15)
Γöé #1   EncryptionService.initialize (package:steps_recovery_flutter/core/services/encryption_service.dart:61:23)
Γö£ΓöäΓöäΓöäΓöäΓöäΓöäΓöäΓöäΓöäΓöäΓöäΓöäΓöäΓöäΓöäΓöäΓöäΓöäΓöäΓöäΓöäΓöäΓöäΓöäΓöäΓöäΓöäΓöäΓöäΓöäΓöäΓöäΓöäΓöäΓöäΓöäΓöäΓöäΓöäΓöäΓöäΓöäΓöäΓöäΓöäΓöäΓöäΓöäΓöäΓöäΓöäΓöäΓöäΓöäΓöäΓöäΓöäΓöäΓöäΓöäΓöäΓöäΓöäΓöäΓöäΓöäΓöäΓöäΓöäΓöäΓöäΓöäΓöäΓöäΓöäΓöäΓöäΓöäΓöäΓöäΓöäΓöäΓöäΓöäΓöäΓöäΓöäΓöäΓöäΓöäΓöäΓöäΓöäΓöäΓöäΓöäΓöäΓöäΓöäΓöäΓöäΓöäΓöäΓöäΓöäΓöäΓöäΓöäΓöäΓöäΓöäΓöäΓöäΓöäΓöäΓöäΓöäΓöäΓöä
Γöé 11:20:20.233 (+0:00:00.000000)
Γö£ΓöäΓöäΓöäΓöäΓöäΓöäΓöäΓöäΓöäΓöäΓöäΓöäΓöäΓöäΓöäΓöäΓöäΓöäΓöäΓöäΓöäΓöäΓöäΓöäΓöäΓöäΓöäΓöäΓöäΓöäΓöäΓöäΓöäΓöäΓöäΓöäΓöäΓöäΓöäΓöäΓöäΓöäΓöäΓöäΓöäΓöäΓöäΓöäΓöäΓöäΓöäΓöäΓöäΓöäΓöäΓöäΓöäΓöäΓöäΓöäΓöäΓöäΓöäΓöäΓöäΓöäΓöäΓöäΓöäΓöäΓöäΓöäΓöäΓöäΓöäΓöäΓöäΓöäΓöäΓöäΓöäΓöäΓöäΓöäΓöäΓöäΓöäΓöäΓöäΓöäΓöäΓöäΓöäΓöäΓöäΓöäΓöäΓöäΓöäΓöäΓöäΓöäΓöäΓöäΓöäΓöäΓöäΓöäΓöäΓöäΓöäΓöäΓöäΓöäΓöäΓöäΓöäΓöäΓöä
Γöé ≡ƒÉ¢ Encryption service initialized with secure storage
ΓööΓöÇΓöÇΓöÇΓöÇΓöÇΓöÇΓöÇΓöÇΓöÇΓöÇΓöÇΓöÇΓöÇΓöÇΓöÇΓöÇΓöÇΓöÇΓöÇΓöÇΓöÇΓöÇΓöÇΓöÇΓöÇΓöÇΓöÇΓöÇΓöÇΓöÇΓöÇΓöÇΓöÇΓöÇΓöÇΓöÇΓöÇΓöÇΓöÇΓöÇΓöÇΓöÇΓöÇΓöÇΓöÇΓöÇΓöÇΓöÇΓöÇΓöÇΓöÇΓöÇΓöÇΓöÇΓöÇΓöÇΓöÇΓöÇΓöÇΓöÇΓöÇΓöÇΓöÇΓöÇΓöÇΓöÇΓöÇΓöÇΓöÇΓöÇΓöÇΓöÇΓöÇΓöÇΓöÇΓöÇΓöÇΓöÇΓöÇΓöÇΓöÇΓöÇΓöÇΓöÇΓöÇΓöÇΓöÇΓöÇΓöÇΓöÇΓöÇΓöÇΓöÇΓöÇΓöÇΓöÇΓöÇΓöÇΓöÇΓöÇΓöÇΓöÇΓöÇΓöÇΓöÇΓöÇΓöÇΓöÇΓöÇΓöÇΓöÇΓöÇΓöÇΓöÇΓöÇΓöÇΓöÇΓöÇΓöÇ
ΓöîΓöÇΓöÇΓöÇΓöÇΓöÇΓöÇΓöÇΓöÇΓöÇΓöÇΓöÇΓöÇΓöÇΓöÇΓöÇΓöÇΓöÇΓöÇΓöÇΓöÇΓöÇΓöÇΓöÇΓöÇΓöÇΓöÇΓöÇΓöÇΓöÇΓöÇΓöÇΓöÇΓöÇΓöÇΓöÇΓöÇΓöÇΓöÇΓöÇΓöÇΓöÇΓöÇΓöÇΓöÇΓöÇΓöÇΓöÇΓöÇΓöÇΓöÇΓöÇΓöÇΓöÇΓöÇΓöÇΓöÇΓöÇΓöÇΓöÇΓöÇΓöÇΓöÇΓöÇΓöÇΓöÇΓöÇΓöÇΓöÇΓöÇΓöÇΓöÇΓöÇΓöÇΓöÇΓöÇΓöÇΓöÇΓöÇΓöÇΓöÇΓöÇΓöÇΓöÇΓöÇΓöÇΓöÇΓöÇΓöÇΓöÇΓöÇΓöÇΓöÇΓöÇΓöÇΓöÇΓöÇΓöÇΓöÇΓöÇΓöÇΓöÇΓöÇΓöÇΓöÇΓöÇΓöÇΓöÇΓöÇΓöÇΓöÇΓöÇΓöÇΓöÇΓöÇΓöÇΓöÇΓöÇΓöÇΓöÇ
Γöé #0   LoggerService.debug (package:steps_recovery_flutter/core/services/logger_service.dart:23:15)
Γöé #1   DatabaseService.initialize (package:steps_recovery_flutter/core/services/database_service.dart:77:21)
Γö£ΓöäΓöäΓöäΓöäΓöäΓöäΓöäΓöäΓöäΓöäΓöäΓöäΓöäΓöäΓöäΓöäΓöäΓöäΓöäΓöäΓöäΓöäΓöäΓöäΓöäΓöäΓöäΓöäΓöäΓöäΓöäΓöäΓöäΓöäΓöäΓöäΓöäΓöäΓöäΓöäΓöäΓöäΓöäΓöäΓöäΓöäΓöäΓöäΓöäΓöäΓöäΓöäΓöäΓöäΓöäΓöäΓöäΓöäΓöäΓöäΓöäΓöäΓöäΓöäΓöäΓöäΓöäΓöäΓöäΓöäΓöäΓöäΓöäΓöäΓöäΓöäΓöäΓöäΓöäΓöäΓöäΓöäΓöäΓöäΓöäΓöäΓöäΓöäΓöäΓöäΓöäΓöäΓöäΓöäΓöäΓöäΓöäΓöäΓöäΓöäΓöäΓöäΓöäΓöäΓöäΓöäΓöäΓöäΓöäΓöäΓöäΓöäΓöäΓöäΓöäΓöäΓöäΓöäΓöä
Γöé 11:20:20.233 (+0:00:00.000000)
Γö£ΓöäΓöäΓöäΓöäΓöäΓöäΓöäΓöäΓöäΓöäΓöäΓöäΓöäΓöäΓöäΓöäΓöäΓöäΓöäΓöäΓöäΓöäΓöäΓöäΓöäΓöäΓöäΓöäΓöäΓöäΓöäΓöäΓöäΓöäΓöäΓöäΓöäΓöäΓöäΓöäΓöäΓöäΓöäΓöäΓöäΓöäΓöäΓöäΓöäΓöäΓöäΓöäΓöäΓöäΓöäΓöäΓöäΓöäΓöäΓöäΓöäΓöäΓöäΓöäΓöäΓöäΓöäΓöäΓöäΓöäΓöäΓöäΓöäΓöäΓöäΓöäΓöäΓöäΓöäΓöäΓöäΓöäΓöäΓöäΓöäΓöäΓöäΓöäΓöäΓöäΓöäΓöäΓöäΓöäΓöäΓöäΓöäΓöäΓöäΓöäΓöäΓöäΓöäΓöäΓöäΓöäΓöäΓöäΓöäΓöäΓöäΓöäΓöäΓöäΓöäΓöäΓöäΓöäΓöä
Γöé ≡ƒÉ¢ DatabaseService initialized (encryption secure: true)
ΓööΓöÇΓöÇΓöÇΓöÇΓöÇΓöÇΓöÇΓöÇΓöÇΓöÇΓöÇΓöÇΓöÇΓöÇΓöÇΓöÇΓöÇΓöÇΓöÇΓöÇΓöÇΓöÇΓöÇΓöÇΓöÇΓöÇΓöÇΓöÇΓöÇΓöÇΓöÇΓöÇΓöÇΓöÇΓöÇΓöÇΓöÇΓöÇΓöÇΓöÇΓöÇΓöÇΓöÇΓöÇΓöÇΓöÇΓöÇΓöÇΓöÇΓöÇΓöÇΓöÇΓöÇΓöÇΓöÇΓöÇΓöÇΓöÇΓöÇΓöÇΓöÇΓöÇΓöÇΓöÇΓöÇΓöÇΓöÇΓöÇΓöÇΓöÇΓöÇΓöÇΓöÇΓöÇΓöÇΓöÇΓöÇΓöÇΓöÇΓöÇΓöÇΓöÇΓöÇΓöÇΓöÇΓöÇΓöÇΓöÇΓöÇΓöÇΓöÇΓöÇΓöÇΓöÇΓöÇΓöÇΓöÇΓöÇΓöÇΓöÇΓöÇΓöÇΓöÇΓöÇΓöÇΓöÇΓöÇΓöÇΓöÇΓöÇΓöÇΓöÇΓöÇΓöÇΓöÇΓöÇΓöÇΓöÇΓöÇ
ΓòÉΓòÉΓòí EXCEPTION CAUGHT BY FLUTTER TEST FRAMEWORK Γò₧ΓòÉΓòÉΓòÉΓòÉΓòÉΓòÉΓòÉΓòÉΓòÉΓòÉΓòÉΓòÉΓòÉΓòÉΓòÉΓòÉΓòÉΓòÉΓòÉΓòÉΓòÉΓòÉΓòÉΓòÉΓòÉΓòÉΓòÉΓòÉΓòÉΓòÉΓòÉΓòÉΓòÉΓòÉΓòÉΓòÉΓòÉΓòÉΓòÉΓòÉΓòÉΓòÉΓòÉΓòÉΓòÉΓòÉΓòÉΓòÉΓòÉΓòÉΓòÉΓòÉ
The following TestFailure was thrown running a test:
Expected: exactly one matching candidate
  Actual: _TextWidgetFinder:<Found 0 widgets with text "Emergency Contacts": []>
   Which: means none were found but one was expected

When the exception was thrown, this was the stack:
#4      main.<anonymous closure>.<anonymous closure> (file:///C:/Users/H/Steps-to-recovery-flutter/test/crisis_screens_test.dart:27:7)
<asynchronous suspension>
#5      testWidgets.<anonymous closure>.<anonymous closure> (package:flutter_test/src/widget_tester.dart:192:15)
<asynchronous suspension>
#6      TestWidgetsFlutterBinding._runTestBody (package:flutter_test/src/binding.dart:1682:5)
<asynchronous suspension>
<asynchronous suspension>
(elided one frame from package:stack_trace)

This was caught by the test expectation on the following line:
  file:///C:/Users/H/Steps-to-recovery-flutter/test/crisis_screens_test.dart line 27
The test description was:
  renders crisis hotline numbers (988, SAMHSA)
ΓòÉΓòÉΓòÉΓòÉΓòÉΓòÉΓòÉΓòÉΓòÉΓòÉΓòÉΓòÉΓòÉΓòÉΓòÉΓòÉΓòÉΓòÉΓòÉΓòÉΓòÉΓòÉΓòÉΓòÉΓòÉΓòÉΓòÉΓòÉΓòÉΓòÉΓòÉΓòÉΓòÉΓòÉΓòÉΓòÉΓòÉΓòÉΓòÉΓòÉΓòÉΓòÉΓòÉΓòÉΓòÉΓòÉΓòÉΓòÉΓòÉΓòÉΓòÉΓòÉΓòÉΓòÉΓòÉΓòÉΓòÉΓòÉΓòÉΓòÉΓòÉΓòÉΓòÉΓòÉΓòÉΓòÉΓòÉΓòÉΓòÉΓòÉΓòÉΓòÉΓòÉΓòÉΓòÉΓòÉΓòÉΓòÉΓòÉΓòÉΓòÉΓòÉΓòÉΓòÉΓòÉΓòÉΓòÉΓòÉΓòÉΓòÉΓòÉΓòÉΓòÉΓòÉΓòÉΓòÉΓòÉΓòÉΓòÉΓòÉ
00:07 +50 -1: C:/Users/H/Steps-to-recovery-flutter/test/app_flow_test.dart: journal editor saves an entry to the local database
00:07 +50 -1: C:/Users/H/Steps-to-recovery-flutter/test/crisis_screens_test.dart: EmergencyScreen renders crisis hotline numbers (988, SAMHSA) [E]
  Test failed. See exception logs above.
  The test description was: renders crisis hotline numbers (988, SAMHSA)
  
00:07 +50 -1: C:/Users/H/Steps-to-recovery-flutter/test/crisis_screens_test.dart: EmergencyScreen shows emergency contact action buttons
ΓòÉΓòÉΓòí EXCEPTION CAUGHT BY FLUTTER TEST FRAMEWORK Γò₧ΓòÉΓòÉΓòÉΓòÉΓòÉΓòÉΓòÉΓòÉΓòÉΓòÉΓòÉΓòÉΓòÉΓòÉΓòÉΓòÉΓòÉΓòÉΓòÉΓòÉΓòÉΓòÉΓòÉΓòÉΓòÉΓòÉΓòÉΓòÉΓòÉΓòÉΓòÉΓòÉΓòÉΓòÉΓòÉΓòÉΓòÉΓòÉΓòÉΓòÉΓòÉΓòÉΓòÉΓòÉΓòÉΓòÉΓòÉΓòÉΓòÉΓòÉΓòÉΓòÉ
The following TestFailure was thrown running a test:
Expected: exactly one matching candidate
  Actual: _TextWidgetFinder:<Found 0 widgets with text "Your Support Network": []>
   Which: means none were found but one was expected

When the exception was thrown, this was the stack:
#4      main.<anonymous closure>.<anonymous closure> (file:///C:/Users/H/Steps-to-recovery-flutter/test/crisis_screens_test.dart:41:7)
<asynchronous suspension>
#5      testWidgets.<anonymous closure>.<anonymous closure> (package:flutter_test/src/widget_tester.dart:192:15)
<asynchronous suspension>
#6      TestWidgetsFlutterBinding._runTestBody (package:flutter_test/src/binding.dart:1682:5)
<asynchronous suspension>
<asynchronous suspension>
(elided one frame from package:stack_trace)

This was caught by the test expectation on the following line:
  file:///C:/Users/H/Steps-to-recovery-flutter/test/crisis_screens_test.dart line 41
The test description was:
  shows emergency contact action buttons
ΓòÉΓòÉΓòÉΓòÉΓòÉΓòÉΓòÉΓòÉΓòÉΓòÉΓòÉΓòÉΓòÉΓòÉΓòÉΓòÉΓòÉΓòÉΓòÉΓòÉΓòÉΓòÉΓòÉΓòÉΓòÉΓòÉΓòÉΓòÉΓòÉΓòÉΓòÉΓòÉΓòÉΓòÉΓòÉΓòÉΓòÉΓòÉΓòÉΓòÉΓòÉΓòÉΓòÉΓòÉΓòÉΓòÉΓòÉΓòÉΓòÉΓòÉΓòÉΓòÉΓòÉΓòÉΓòÉΓòÉΓòÉΓòÉΓòÉΓòÉΓòÉΓòÉΓòÉΓòÉΓòÉΓòÉΓòÉΓòÉΓòÉΓòÉΓòÉΓòÉΓòÉΓòÉΓòÉΓòÉΓòÉΓòÉΓòÉΓòÉΓòÉΓòÉΓòÉΓòÉΓòÉΓòÉΓòÉΓòÉΓòÉΓòÉΓòÉΓòÉΓòÉΓòÉΓòÉΓòÉΓòÉΓòÉΓòÉΓòÉ
00:07 +50 -2: C:/Users/H/Steps-to-recovery-flutter/test/app_flow_test.dart: journal editor saves an entry to the local database
00:07 +50 -2: C:/Users/H/Steps-to-recovery-flutter/test/crisis_screens_test.dart: EmergencyScreen shows emergency contact action buttons [E]
  Test failed. See exception logs above.
  The test description was: shows emergency contact action buttons
  
00:07 +51 -2: C:/Users/H/Steps-to-recovery-flutter/test/app_flow_test.dart: journal editor saves an entry to the local database
00:07 +52 -2: C:/Users/H/Steps-to-recovery-flutter/test/app_flow_test.dart: journal editor saves an entry to the local database
00:07 +52 -2: C:/Users/H/Steps-to-recovery-flutter/test/crisis_screens_test.dart: CravingSurfScreen renders the breathing exercise widget
ΓòÉΓòÉΓòí EXCEPTION CAUGHT BY RENDERING LIBRARY Γò₧ΓòÉΓòÉΓòÉΓòÉΓòÉΓòÉΓòÉΓòÉΓòÉΓòÉΓòÉΓòÉΓòÉΓòÉΓòÉΓòÉΓòÉΓòÉΓòÉΓòÉΓòÉΓòÉΓòÉΓòÉΓòÉΓòÉΓòÉΓòÉΓòÉΓòÉΓòÉΓòÉΓòÉΓòÉΓòÉΓòÉΓòÉΓòÉΓòÉΓòÉΓòÉΓòÉΓòÉΓòÉΓòÉΓòÉΓòÉΓòÉΓòÉΓòÉΓòÉΓòÉΓòÉΓòÉΓòÉΓòÉΓòÉ
The following assertion was thrown during layout:
A RenderFlex overflowed by 49 pixels on the bottom.

The relevant error-causing widget was:
  Column
  Column:file:///C:/Users/H/Steps-to-recovery-flutter/lib/features/craving_surf/screens/craving_surf_screen.dart:192:18

The overflowing RenderFlex has an orientation of Axis.vertical.
The edge of the RenderFlex that is overflowing has been marked in the rendering with a yellow and
black striped pattern. This is usually caused by the contents being too big for the RenderFlex.
Consider applying a flex factor (e.g. using an Expanded widget) to force the children of the
RenderFlex to fit within the available space instead of being sized to their natural size.
This is considered an error condition because it indicates that there is content that cannot be
seen. If the content is legitimately bigger than the available space, consider clipping it with a
ClipRect widget before putting it in the flex, or using a scrollable container rather than a Flex,
like a ListView.
The specific RenderFlex in question is: RenderFlex#59f68 relayoutBoundary=up5 OVERFLOWING:
  creator: Column ΓåÉ AnimatedBuilder ΓåÉ Semantics ΓåÉ Center ΓåÉ Expanded ΓåÉ Column ΓåÉ Padding ΓåÉ
    KeyedSubtree-[GlobalKey#788af] ΓåÉ _BodyBuilder ΓåÉ MediaQuery ΓåÉ LayoutId-[<_ScaffoldSlot.body>] ΓåÉ
    CustomMultiChildLayout ΓåÉ Γï»
  parentData: <none> (can use size)
  constraints: BoxConstraints(0.0<=w<=760.0, 0.0<=h<=73.0)
  size: Size(130.0, 73.0)
  direction: vertical
  mainAxisAlignment: center
  mainAxisSize: max
  crossAxisAlignment: center
  verticalDirection: down
  spacing: 0.0
ΓùóΓùñΓùóΓùñΓùóΓùñΓùóΓùñΓùóΓùñΓùóΓùñΓùóΓùñΓùóΓùñΓùóΓùñΓùóΓùñΓùóΓùñΓùóΓùñΓùóΓùñΓùóΓùñΓùóΓùñΓùóΓùñΓùóΓùñΓùóΓùñΓùóΓùñΓùóΓùñΓùóΓùñΓùóΓùñΓùóΓùñΓùóΓùñΓùóΓùñΓùóΓùñΓùóΓùñΓùóΓùñΓùóΓùñΓùóΓùñΓùóΓùñΓùóΓùñΓùóΓùñΓùóΓùñΓùóΓùñΓùóΓùñΓùóΓùñΓùóΓùñΓùóΓùñΓùóΓùñΓùóΓùñΓùóΓùñΓùóΓùñΓùóΓùñΓùóΓùñΓùóΓùñΓùóΓùñΓùóΓùñΓùóΓùñΓùóΓùñ
ΓòÉΓòÉΓòÉΓòÉΓòÉΓòÉΓòÉΓòÉΓòÉΓòÉΓòÉΓòÉΓòÉΓòÉΓòÉΓòÉΓòÉΓòÉΓòÉΓòÉΓòÉΓòÉΓòÉΓòÉΓòÉΓòÉΓòÉΓòÉΓòÉΓòÉΓòÉΓòÉΓòÉΓòÉΓòÉΓòÉΓòÉΓòÉΓòÉΓòÉΓòÉΓòÉΓòÉΓòÉΓòÉΓòÉΓòÉΓòÉΓòÉΓòÉΓòÉΓòÉΓòÉΓòÉΓòÉΓòÉΓòÉΓòÉΓòÉΓòÉΓòÉΓòÉΓòÉΓòÉΓòÉΓòÉΓòÉΓòÉΓòÉΓòÉΓòÉΓòÉΓòÉΓòÉΓòÉΓòÉΓòÉΓòÉΓòÉΓòÉΓòÉΓòÉΓòÉΓòÉΓòÉΓòÉΓòÉΓòÉΓòÉΓòÉΓòÉΓòÉΓòÉΓòÉΓòÉΓòÉΓòÉΓòÉΓòÉΓòÉ
00:07 +52 -3: C:/Users/H/Steps-to-recovery-flutter/test/app_flow_test.dart: journal editor saves an entry to the local database
00:07 +52 -3: C:/Users/H/Steps-to-recovery-flutter/test/crisis_screens_test.dart: CravingSurfScreen renders the breathing exercise widget [E]
  Test failed. See exception logs above.
  The test description was: renders the breathing exercise widget
  
00:07 +53 -3: C:/Users/H/Steps-to-recovery-flutter/test/app_flow_test.dart: journal editor saves an entry to the local database
00:08 +53 -3: C:/Users/H/Steps-to-recovery-flutter/test/encryption_service_test.dart: EncryptionService isInitialized returns true after initialize()
ΓöîΓöÇΓöÇΓöÇΓöÇΓöÇΓöÇΓöÇΓöÇΓöÇΓöÇΓöÇΓöÇΓöÇΓöÇΓöÇΓöÇΓöÇΓöÇΓöÇΓöÇΓöÇΓöÇΓöÇΓöÇΓöÇΓöÇΓöÇΓöÇΓöÇΓöÇΓöÇΓöÇΓöÇΓöÇΓöÇΓöÇΓöÇΓöÇΓöÇΓöÇΓöÇΓöÇΓöÇΓöÇΓöÇΓöÇΓöÇΓöÇΓöÇΓöÇΓöÇΓöÇΓöÇΓöÇΓöÇΓöÇΓöÇΓöÇΓöÇΓöÇΓöÇΓöÇΓöÇΓöÇΓöÇΓöÇΓöÇΓöÇΓöÇΓöÇΓöÇΓöÇΓöÇΓöÇΓöÇΓöÇΓöÇΓöÇΓöÇΓöÇΓöÇΓöÇΓöÇΓöÇΓöÇΓöÇΓöÇΓöÇΓöÇΓöÇΓöÇΓöÇΓöÇΓöÇΓöÇΓöÇΓöÇΓöÇΓöÇΓöÇΓöÇΓöÇΓöÇΓöÇΓöÇΓöÇΓöÇΓöÇΓöÇΓöÇΓöÇΓöÇΓöÇΓöÇΓöÇΓöÇΓöÇΓöÇΓöÇ
Γöé #0   LoggerService.debug (package:steps_recovery_flutter/core/services/logger_service.dart:23:15)
Γöé #1   EncryptionService.initialize (package:steps_recovery_flutter/core/services/encryption_service.dart:61:23)
Γö£ΓöäΓöäΓöäΓöäΓöäΓöäΓöäΓöäΓöäΓöäΓöäΓöäΓöäΓöäΓöäΓöäΓöäΓöäΓöäΓöäΓöäΓöäΓöäΓöäΓöäΓöäΓöäΓöäΓöäΓöäΓöäΓöäΓöäΓöäΓöäΓöäΓöäΓöäΓöäΓöäΓöäΓöäΓöäΓöäΓöäΓöäΓöäΓöäΓöäΓöäΓöäΓöäΓöäΓöäΓöäΓöäΓöäΓöäΓöäΓöäΓöäΓöäΓöäΓöäΓöäΓöäΓöäΓöäΓöäΓöäΓöäΓöäΓöäΓöäΓöäΓöäΓöäΓöäΓöäΓöäΓöäΓöäΓöäΓöäΓöäΓöäΓöäΓöäΓöäΓöäΓöäΓöäΓöäΓöäΓöäΓöäΓöäΓöäΓöäΓöäΓöäΓöäΓöäΓöäΓöäΓöäΓöäΓöäΓöäΓöäΓöäΓöäΓöäΓöäΓöäΓöäΓöäΓöäΓöä
Γöé 11:20:22.165 (+0:00:00.002756)
Γö£ΓöäΓöäΓöäΓöäΓöäΓöäΓöäΓöäΓöäΓöäΓöäΓöäΓöäΓöäΓöäΓöäΓöäΓöäΓöäΓöäΓöäΓöäΓöäΓöäΓöäΓöäΓöäΓöäΓöäΓöäΓöäΓöäΓöäΓöäΓöäΓöäΓöäΓöäΓöäΓöäΓöäΓöäΓöäΓöäΓöäΓöäΓöäΓöäΓöäΓöäΓöäΓöäΓöäΓöäΓöäΓöäΓöäΓöäΓöäΓöäΓöäΓöäΓöäΓöäΓöäΓöäΓöäΓöäΓöäΓöäΓöäΓöäΓöäΓöäΓöäΓöäΓöäΓöäΓöäΓöäΓöäΓöäΓöäΓöäΓöäΓöäΓöäΓöäΓöäΓöäΓöäΓöäΓöäΓöäΓöäΓöäΓöäΓöäΓöäΓöäΓöäΓöäΓöäΓöäΓöäΓöäΓöäΓöäΓöäΓöäΓöäΓöäΓöäΓöäΓöäΓöäΓöäΓöäΓöä
Γöé ≡ƒÉ¢ Encryption service initialized with secure storage
ΓööΓöÇΓöÇΓöÇΓöÇΓöÇΓöÇΓöÇΓöÇΓöÇΓöÇΓöÇΓöÇΓöÇΓöÇΓöÇΓöÇΓöÇΓöÇΓöÇΓöÇΓöÇΓöÇΓöÇΓöÇΓöÇΓöÇΓöÇΓöÇΓöÇΓöÇΓöÇΓöÇΓöÇΓöÇΓöÇΓöÇΓöÇΓöÇΓöÇΓöÇΓöÇΓöÇΓöÇΓöÇΓöÇΓöÇΓöÇΓöÇΓöÇΓöÇΓöÇΓöÇΓöÇΓöÇΓöÇΓöÇΓöÇΓöÇΓöÇΓöÇΓöÇΓöÇΓöÇΓöÇΓöÇΓöÇΓöÇΓöÇΓöÇΓöÇΓöÇΓöÇΓöÇΓöÇΓöÇΓöÇΓöÇΓöÇΓöÇΓöÇΓöÇΓöÇΓöÇΓöÇΓöÇΓöÇΓöÇΓöÇΓöÇΓöÇΓöÇΓöÇΓöÇΓöÇΓöÇΓöÇΓöÇΓöÇΓöÇΓöÇΓöÇΓöÇΓöÇΓöÇΓöÇΓöÇΓöÇΓöÇΓöÇΓöÇΓöÇΓöÇΓöÇΓöÇΓöÇΓöÇΓöÇΓöÇΓöÇ
00:08 +54 -3: C:/Users/H/Steps-to-recovery-flutter/test/app_flow_test.dart: journal editor saves an entry to the local database
00:08 +55 -3: C:/Users/H/Steps-to-recovery-flutter/test/app_flow_test.dart: journal editor saves an entry to the local database
00:08 +56 -3: C:/Users/H/Steps-to-recovery-flutter/test/app_flow_test.dart: journal editor saves an entry to the local database
00:08 +56 -3: C:/Users/H/Steps-to-recovery-flutter/test/encryption_service_test.dart: EncryptionService encrypt/decrypt round-trip for empty string
[38;5;196mΓöîΓöÇΓöÇΓöÇΓöÇΓöÇΓöÇΓöÇΓöÇΓöÇΓöÇΓöÇΓöÇΓöÇΓöÇΓöÇΓöÇΓöÇΓöÇΓöÇΓöÇΓöÇΓöÇΓöÇΓöÇΓöÇΓöÇΓöÇΓöÇΓöÇΓöÇΓöÇΓöÇΓöÇΓöÇΓöÇΓöÇΓöÇΓöÇΓöÇΓöÇΓöÇΓöÇΓöÇΓöÇΓöÇΓöÇΓöÇΓöÇΓöÇΓöÇΓöÇΓöÇΓöÇΓöÇΓöÇΓöÇΓöÇΓöÇΓöÇΓöÇΓöÇΓöÇΓöÇΓöÇΓöÇΓöÇΓöÇΓöÇΓöÇΓöÇΓöÇΓöÇΓöÇΓöÇΓöÇΓöÇΓöÇΓöÇΓöÇΓöÇΓöÇΓöÇΓöÇΓöÇΓöÇΓöÇΓöÇΓöÇΓöÇΓöÇΓöÇΓöÇΓöÇΓöÇΓöÇΓöÇΓöÇΓöÇΓöÇΓöÇΓöÇΓöÇΓöÇΓöÇΓöÇΓöÇΓöÇΓöÇΓöÇΓöÇΓöÇΓöÇΓöÇΓöÇΓöÇΓöÇΓöÇΓöÇΓöÇ[0m
[38;5;196mΓöé RangeError (start): Invalid value: Only valid value is 0: -16[0m
[38;5;196mΓö£ΓöäΓöäΓöäΓöäΓöäΓöäΓöäΓöäΓöäΓöäΓöäΓöäΓöäΓöäΓöäΓöäΓöäΓöäΓöäΓöäΓöäΓöäΓöäΓöäΓöäΓöäΓöäΓöäΓöäΓöäΓöäΓöäΓöäΓöäΓöäΓöäΓöäΓöäΓöäΓöäΓöäΓöäΓöäΓöäΓöäΓöäΓöäΓöäΓöäΓöäΓöäΓöäΓöäΓöäΓöäΓöäΓöäΓöäΓöäΓöäΓöäΓöäΓöäΓöäΓöäΓöäΓöäΓöäΓöäΓöäΓöäΓöäΓöäΓöäΓöäΓöäΓöäΓöäΓöäΓöäΓöäΓöäΓöäΓöäΓöäΓöäΓöäΓöäΓöäΓöäΓöäΓöäΓöäΓöäΓöäΓöäΓöäΓöäΓöäΓöäΓöäΓöäΓöäΓöäΓöäΓöäΓöäΓöäΓöäΓöäΓöäΓöäΓöäΓöäΓöäΓöäΓöäΓöäΓöä[0m
[38;5;196mΓöé #0   RangeError.checkValidRange (dart:core/errors.dart:387:7)[0m
[38;5;196mΓöé #1   _TypedIntListMixin.sublist (dart:typed_data-patch/typed_data_patch.dart:561:31)[0m
[38;5;196mΓöé #2   PaddedBlockCipherImpl.doFinal (package:pointycastle/padded_block_cipher/padded_block_cipher_impl.dart:87:64)[0m
[38;5;196mΓöé #3   PaddedBlockCipherImpl.process (package:pointycastle/padded_block_cipher/padded_block_cipher_impl.dart:74:25)[0m
[38;5;196mΓöé #4   AES.encrypt (package:encrypt/src/algorithms/aes.dart:43:32)[0m
[38;5;196mΓöé #5   Encrypter.encryptBytes (package:encrypt/src/encrypter.dart:12:19)[0m
[38;5;196mΓöé #6   Encrypter.encrypt (package:encrypt/src/encrypter.dart:28:12)[0m
[38;5;196mΓöé #7   EncryptionService.encrypt (package:steps_recovery_flutter/core/services/encryption_service.dart:93:35)[0m
[38;5;196mΓö£ΓöäΓöäΓöäΓöäΓöäΓöäΓöäΓöäΓöäΓöäΓöäΓöäΓöäΓöäΓöäΓöäΓöäΓöäΓöäΓöäΓöäΓöäΓöäΓöäΓöäΓöäΓöäΓöäΓöäΓöäΓöäΓöäΓöäΓöäΓöäΓöäΓöäΓöäΓöäΓöäΓöäΓöäΓöäΓöäΓöäΓöäΓöäΓöäΓöäΓöäΓöäΓöäΓöäΓöäΓöäΓöäΓöäΓöäΓöäΓöäΓöäΓöäΓöäΓöäΓöäΓöäΓöäΓöäΓöäΓöäΓöäΓöäΓöäΓöäΓöäΓöäΓöäΓöäΓöäΓöäΓöäΓöäΓöäΓöäΓöäΓöäΓöäΓöäΓöäΓöäΓöäΓöäΓöäΓöäΓöäΓöäΓöäΓöäΓöäΓöäΓöäΓöäΓöäΓöäΓöäΓöäΓöäΓöäΓöäΓöäΓöäΓöäΓöäΓöäΓöäΓöäΓöäΓöäΓöä[0m
[38;5;196mΓöé 11:20:22.232 (+0:00:00.069967)[0m
[38;5;196mΓö£ΓöäΓöäΓöäΓöäΓöäΓöäΓöäΓöäΓöäΓöäΓöäΓöäΓöäΓöäΓöäΓöäΓöäΓöäΓöäΓöäΓöäΓöäΓöäΓöäΓöäΓöäΓöäΓöäΓöäΓöäΓöäΓöäΓöäΓöäΓöäΓöäΓöäΓöäΓöäΓöäΓöäΓöäΓöäΓöäΓöäΓöäΓöäΓöäΓöäΓöäΓöäΓöäΓöäΓöäΓöäΓöäΓöäΓöäΓöäΓöäΓöäΓöäΓöäΓöäΓöäΓöäΓöäΓöäΓöäΓöäΓöäΓöäΓöäΓöäΓöäΓöäΓöäΓöäΓöäΓöäΓöäΓöäΓöäΓöäΓöäΓöäΓöäΓöäΓöäΓöäΓöäΓöäΓöäΓöäΓöäΓöäΓöäΓöäΓöäΓöäΓöäΓöäΓöäΓöäΓöäΓöäΓöäΓöäΓöäΓöäΓöäΓöäΓöäΓöäΓöäΓöäΓöäΓöäΓöä[0m
[38;5;196mΓöé Γ¢ö Encryption failed[0m
[38;5;196mΓööΓöÇΓöÇΓöÇΓöÇΓöÇΓöÇΓöÇΓöÇΓöÇΓöÇΓöÇΓöÇΓöÇΓöÇΓöÇΓöÇΓöÇΓöÇΓöÇΓöÇΓöÇΓöÇΓöÇΓöÇΓöÇΓöÇΓöÇΓöÇΓöÇΓöÇΓöÇΓöÇΓöÇΓöÇΓöÇΓöÇΓöÇΓöÇΓöÇΓöÇΓöÇΓöÇΓöÇΓöÇΓöÇΓöÇΓöÇΓöÇΓöÇΓöÇΓöÇΓöÇΓöÇΓöÇΓöÇΓöÇΓöÇΓöÇΓöÇΓöÇΓöÇΓöÇΓöÇΓöÇΓöÇΓöÇΓöÇΓöÇΓöÇΓöÇΓöÇΓöÇΓöÇΓöÇΓöÇΓöÇΓöÇΓöÇΓöÇΓöÇΓöÇΓöÇΓöÇΓöÇΓöÇΓöÇΓöÇΓöÇΓöÇΓöÇΓöÇΓöÇΓöÇΓöÇΓöÇΓöÇΓöÇΓöÇΓöÇΓöÇΓöÇΓöÇΓöÇΓöÇΓöÇΓöÇΓöÇΓöÇΓöÇΓöÇΓöÇΓöÇΓöÇΓöÇΓöÇΓöÇΓöÇΓöÇΓöÇ[0m
00:08 +56 -4: C:/Users/H/Steps-to-recovery-flutter/test/app_flow_test.dart: journal editor saves an entry to the local database
00:08 +56 -4: C:/Users/H/Steps-to-recovery-flutter/test/encryption_service_test.dart: EncryptionService encrypt/decrypt round-trip for empty string [E]
  RangeError (start): Invalid value: Only valid value is 0: -16
  dart:typed_data                                                               _TypedIntListMixin.sublist
  package:pointycastle/padded_block_cipher/padded_block_cipher_impl.dart 87:64  PaddedBlockCipherImpl.doFinal
  package:pointycastle/padded_block_cipher/padded_block_cipher_impl.dart 74:25  PaddedBlockCipherImpl.process
  package:encrypt/src/algorithms/aes.dart 43:32                                 AES.encrypt
  package:encrypt/src/encrypter.dart 12:19                                      Encrypter.encryptBytes
  package:encrypt/src/encrypter.dart 28:12                                      Encrypter.encrypt
  package:steps_recovery_flutter/core/services/encryption_service.dart 93:35    EncryptionService.encrypt
  test\encryption_service_test.dart 45:33                                       main.<fn>.<fn>
  
00:08 +57 -4: C:/Users/H/Steps-to-recovery-flutter/test/app_flow_test.dart: journal editor saves an entry to the local database
00:08 +58 -4: C:/Users/H/Steps-to-recovery-flutter/test/app_flow_test.dart: journal editor saves an entry to the local database
00:08 +59 -4: C:/Users/H/Steps-to-recovery-flutter/test/app_flow_test.dart: journal editor saves an entry to the local database
ΓöîΓöÇΓöÇΓöÇΓöÇΓöÇΓöÇΓöÇΓöÇΓöÇΓöÇΓöÇΓöÇΓöÇΓöÇΓöÇΓöÇΓöÇΓöÇΓöÇΓöÇΓöÇΓöÇΓöÇΓöÇΓöÇΓöÇΓöÇΓöÇΓöÇΓöÇΓöÇΓöÇΓöÇΓöÇΓöÇΓöÇΓöÇΓöÇΓöÇΓöÇΓöÇΓöÇΓöÇΓöÇΓöÇΓöÇΓöÇΓöÇΓöÇΓöÇΓöÇΓöÇΓöÇΓöÇΓöÇΓöÇΓöÇΓöÇΓöÇΓöÇΓöÇΓöÇΓöÇΓöÇΓöÇΓöÇΓöÇΓöÇΓöÇΓöÇΓöÇΓöÇΓöÇΓöÇΓöÇΓöÇΓöÇΓöÇΓöÇΓöÇΓöÇΓöÇΓöÇΓöÇΓöÇΓöÇΓöÇΓöÇΓöÇΓöÇΓöÇΓöÇΓöÇΓöÇΓöÇΓöÇΓöÇΓöÇΓöÇΓöÇΓöÇΓöÇΓöÇΓöÇΓöÇΓöÇΓöÇΓöÇΓöÇΓöÇΓöÇΓöÇΓöÇΓöÇΓöÇΓöÇΓöÇΓöÇΓöÇ
Γöé #0   LoggerService.debug (package:steps_recovery_flutter/core/services/logger_service.dart:23:15)
Γöé #1   EncryptionService.initialize (package:steps_recovery_flutter/core/services/encryption_service.dart:61:23)
Γö£ΓöäΓöäΓöäΓöäΓöäΓöäΓöäΓöäΓöäΓöäΓöäΓöäΓöäΓöäΓöäΓöäΓöäΓöäΓöäΓöäΓöäΓöäΓöäΓöäΓöäΓöäΓöäΓöäΓöäΓöäΓöäΓöäΓöäΓöäΓöäΓöäΓöäΓöäΓöäΓöäΓöäΓöäΓöäΓöäΓöäΓöäΓöäΓöäΓöäΓöäΓöäΓöäΓöäΓöäΓöäΓöäΓöäΓöäΓöäΓöäΓöäΓöäΓöäΓöäΓöäΓöäΓöäΓöäΓöäΓöäΓöäΓöäΓöäΓöäΓöäΓöäΓöäΓöäΓöäΓöäΓöäΓöäΓöäΓöäΓöäΓöäΓöäΓöäΓöäΓöäΓöäΓöäΓöäΓöäΓöäΓöäΓöäΓöäΓöäΓöäΓöäΓöäΓöäΓöäΓöäΓöäΓöäΓöäΓöäΓöäΓöäΓöäΓöäΓöäΓöäΓöäΓöäΓöäΓöä
Γöé 11:20:14.597 (+0:00:00.000000)
Γö£ΓöäΓöäΓöäΓöäΓöäΓöäΓöäΓöäΓöäΓöäΓöäΓöäΓöäΓöäΓöäΓöäΓöäΓöäΓöäΓöäΓöäΓöäΓöäΓöäΓöäΓöäΓöäΓöäΓöäΓöäΓöäΓöäΓöäΓöäΓöäΓöäΓöäΓöäΓöäΓöäΓöäΓöäΓöäΓöäΓöäΓöäΓöäΓöäΓöäΓöäΓöäΓöäΓöäΓöäΓöäΓöäΓöäΓöäΓöäΓöäΓöäΓöäΓöäΓöäΓöäΓöäΓöäΓöäΓöäΓöäΓöäΓöäΓöäΓöäΓöäΓöäΓöäΓöäΓöäΓöäΓöäΓöäΓöäΓöäΓöäΓöäΓöäΓöäΓöäΓöäΓöäΓöäΓöäΓöäΓöäΓöäΓöäΓöäΓöäΓöäΓöäΓöäΓöäΓöäΓöäΓöäΓöäΓöäΓöäΓöäΓöäΓöäΓöäΓöäΓöäΓöäΓöäΓöäΓöä
Γöé ≡ƒÉ¢ Encryption service initialized with secure storage
ΓööΓöÇΓöÇΓöÇΓöÇΓöÇΓöÇΓöÇΓöÇΓöÇΓöÇΓöÇΓöÇΓöÇΓöÇΓöÇΓöÇΓöÇΓöÇΓöÇΓöÇΓöÇΓöÇΓöÇΓöÇΓöÇΓöÇΓöÇΓöÇΓöÇΓöÇΓöÇΓöÇΓöÇΓöÇΓöÇΓöÇΓöÇΓöÇΓöÇΓöÇΓöÇΓöÇΓöÇΓöÇΓöÇΓöÇΓöÇΓöÇΓöÇΓöÇΓöÇΓöÇΓöÇΓöÇΓöÇΓöÇΓöÇΓöÇΓöÇΓöÇΓöÇΓöÇΓöÇΓöÇΓöÇΓöÇΓöÇΓöÇΓöÇΓöÇΓöÇΓöÇΓöÇΓöÇΓöÇΓöÇΓöÇΓöÇΓöÇΓöÇΓöÇΓöÇΓöÇΓöÇΓöÇΓöÇΓöÇΓöÇΓöÇΓöÇΓöÇΓöÇΓöÇΓöÇΓöÇΓöÇΓöÇΓöÇΓöÇΓöÇΓöÇΓöÇΓöÇΓöÇΓöÇΓöÇΓöÇΓöÇΓöÇΓöÇΓöÇΓöÇΓöÇΓöÇΓöÇΓöÇΓöÇΓöÇΓöÇ
ΓöîΓöÇΓöÇΓöÇΓöÇΓöÇΓöÇΓöÇΓöÇΓöÇΓöÇΓöÇΓöÇΓöÇΓöÇΓöÇΓöÇΓöÇΓöÇΓöÇΓöÇΓöÇΓöÇΓöÇΓöÇΓöÇΓöÇΓöÇΓöÇΓöÇΓöÇΓöÇΓöÇΓöÇΓöÇΓöÇΓöÇΓöÇΓöÇΓöÇΓöÇΓöÇΓöÇΓöÇΓöÇΓöÇΓöÇΓöÇΓöÇΓöÇΓöÇΓöÇΓöÇΓöÇΓöÇΓöÇΓöÇΓöÇΓöÇΓöÇΓöÇΓöÇΓöÇΓöÇΓöÇΓöÇΓöÇΓöÇΓöÇΓöÇΓöÇΓöÇΓöÇΓöÇΓöÇΓöÇΓöÇΓöÇΓöÇΓöÇΓöÇΓöÇΓöÇΓöÇΓöÇΓöÇΓöÇΓöÇΓöÇΓöÇΓöÇΓöÇΓöÇΓöÇΓöÇΓöÇΓöÇΓöÇΓöÇΓöÇΓöÇΓöÇΓöÇΓöÇΓöÇΓöÇΓöÇΓöÇΓöÇΓöÇΓöÇΓöÇΓöÇΓöÇΓöÇΓöÇΓöÇΓöÇΓöÇΓöÇ
Γöé #0   LoggerService.debug (package:steps_recovery_flutter/core/services/logger_service.dart:23:15)
Γöé #1   DatabaseService.initialize (package:steps_recovery_flutter/core/services/database_service.dart:77:21)
Γö£ΓöäΓöäΓöäΓöäΓöäΓöäΓöäΓöäΓöäΓöäΓöäΓöäΓöäΓöäΓöäΓöäΓöäΓöäΓöäΓöäΓöäΓöäΓöäΓöäΓöäΓöäΓöäΓöäΓöäΓöäΓöäΓöäΓöäΓöäΓöäΓöäΓöäΓöäΓöäΓöäΓöäΓöäΓöäΓöäΓöäΓöäΓöäΓöäΓöäΓöäΓöäΓöäΓöäΓöäΓöäΓöäΓöäΓöäΓöäΓöäΓöäΓöäΓöäΓöäΓöäΓöäΓöäΓöäΓöäΓöäΓöäΓöäΓöäΓöäΓöäΓöäΓöäΓöäΓöäΓöäΓöäΓöäΓöäΓöäΓöäΓöäΓöäΓöäΓöäΓöäΓöäΓöäΓöäΓöäΓöäΓöäΓöäΓöäΓöäΓöäΓöäΓöäΓöäΓöäΓöäΓöäΓöäΓöäΓöäΓöäΓöäΓöäΓöäΓöäΓöäΓöäΓöäΓöäΓöä
Γöé 11:20:14.597 (+0:00:00.000000)
Γö£ΓöäΓöäΓöäΓöäΓöäΓöäΓöäΓöäΓöäΓöäΓöäΓöäΓöäΓöäΓöäΓöäΓöäΓöäΓöäΓöäΓöäΓöäΓöäΓöäΓöäΓöäΓöäΓöäΓöäΓöäΓöäΓöäΓöäΓöäΓöäΓöäΓöäΓöäΓöäΓöäΓöäΓöäΓöäΓöäΓöäΓöäΓöäΓöäΓöäΓöäΓöäΓöäΓöäΓöäΓöäΓöäΓöäΓöäΓöäΓöäΓöäΓöäΓöäΓöäΓöäΓöäΓöäΓöäΓöäΓöäΓöäΓöäΓöäΓöäΓöäΓöäΓöäΓöäΓöäΓöäΓöäΓöäΓöäΓöäΓöäΓöäΓöäΓöäΓöäΓöäΓöäΓöäΓöäΓöäΓöäΓöäΓöäΓöäΓöäΓöäΓöäΓöäΓöäΓöäΓöäΓöäΓöäΓöäΓöäΓöäΓöäΓöäΓöäΓöäΓöäΓöäΓöäΓöäΓöä
Γöé ≡ƒÉ¢ DatabaseService initialized (encryption secure: true)
ΓööΓöÇΓöÇΓöÇΓöÇΓöÇΓöÇΓöÇΓöÇΓöÇΓöÇΓöÇΓöÇΓöÇΓöÇΓöÇΓöÇΓöÇΓöÇΓöÇΓöÇΓöÇΓöÇΓöÇΓöÇΓöÇΓöÇΓöÇΓöÇΓöÇΓöÇΓöÇΓöÇΓöÇΓöÇΓöÇΓöÇΓöÇΓöÇΓöÇΓöÇΓöÇΓöÇΓöÇΓöÇΓöÇΓöÇΓöÇΓöÇΓöÇΓöÇΓöÇΓöÇΓöÇΓöÇΓöÇΓöÇΓöÇΓöÇΓöÇΓöÇΓöÇΓöÇΓöÇΓöÇΓöÇΓöÇΓöÇΓöÇΓöÇΓöÇΓöÇΓöÇΓöÇΓöÇΓöÇΓöÇΓöÇΓöÇΓöÇΓöÇΓöÇΓöÇΓöÇΓöÇΓöÇΓöÇΓöÇΓöÇΓöÇΓöÇΓöÇΓöÇΓöÇΓöÇΓöÇΓöÇΓöÇΓöÇΓöÇΓöÇΓöÇΓöÇΓöÇΓöÇΓöÇΓöÇΓöÇΓöÇΓöÇΓöÇΓöÇΓöÇΓöÇΓöÇΓöÇΓöÇΓöÇΓöÇΓöÇ
ΓòÉΓòÉΓòí EXCEPTION CAUGHT BY FLUTTER TEST FRAMEWORK Γò₧ΓòÉΓòÉΓòÉΓòÉΓòÉΓòÉΓòÉΓòÉΓòÉΓòÉΓòÉΓòÉΓòÉΓòÉΓòÉΓòÉΓòÉΓòÉΓòÉΓòÉΓòÉΓòÉΓòÉΓòÉΓòÉΓòÉΓòÉΓòÉΓòÉΓòÉΓòÉΓòÉΓòÉΓòÉΓòÉΓòÉΓòÉΓòÉΓòÉΓòÉΓòÉΓòÉΓòÉΓòÉΓòÉΓòÉΓòÉΓòÉΓòÉΓòÉΓòÉΓòÉ
The following assertion was thrown running a test:
pumpAndSettle timed out

When the exception was thrown, this was the stack:
#0      WidgetTester.pumpAndSettle.<anonymous closure> (package:flutter_test/src/widget_tester.dart:717:11)
<asynchronous suspension>
#1      TestAsyncUtils.guard.<anonymous closure> (package:flutter_test/src/test_async_utils.dart:130:27)
<asynchronous suspension>
#2      main.<anonymous closure> (file:///C:/Users/H/Steps-to-recovery-flutter/test/app_flow_test.dart:20:5)
<asynchronous suspension>
#3      testWidgets.<anonymous closure>.<anonymous closure> (package:flutter_test/src/widget_tester.dart:192:15)
<asynchronous suspension>
#4      TestWidgetsFlutterBinding._runTestBody (package:flutter_test/src/binding.dart:1682:5)
<asynchronous suspension>
<asynchronous suspension>
(elided one frame from package:stack_trace)

The test description was:
  journal editor saves an entry to the local database
ΓòÉΓòÉΓòÉΓòÉΓòÉΓòÉΓòÉΓòÉΓòÉΓòÉΓòÉΓòÉΓòÉΓòÉΓòÉΓòÉΓòÉΓòÉΓòÉΓòÉΓòÉΓòÉΓòÉΓòÉΓòÉΓòÉΓòÉΓòÉΓòÉΓòÉΓòÉΓòÉΓòÉΓòÉΓòÉΓòÉΓòÉΓòÉΓòÉΓòÉΓòÉΓòÉΓòÉΓòÉΓòÉΓòÉΓòÉΓòÉΓòÉΓòÉΓòÉΓòÉΓòÉΓòÉΓòÉΓòÉΓòÉΓòÉΓòÉΓòÉΓòÉΓòÉΓòÉΓòÉΓòÉΓòÉΓòÉΓòÉΓòÉΓòÉΓòÉΓòÉΓòÉΓòÉΓòÉΓòÉΓòÉΓòÉΓòÉΓòÉΓòÉΓòÉΓòÉΓòÉΓòÉΓòÉΓòÉΓòÉΓòÉΓòÉΓòÉΓòÉΓòÉΓòÉΓòÉΓòÉΓòÉΓòÉΓòÉΓòÉ
00:08 +59 -5: C:/Users/H/Steps-to-recovery-flutter/test/encryption_service_test.dart: EncryptionService deriveKeyFromPassword() returns a Key
00:08 +59 -5: C:/Users/H/Steps-to-recovery-flutter/test/app_flow_test.dart: journal editor saves an entry to the local database [E]
  Test failed. See exception logs above.
  The test description was: journal editor saves an entry to the local database
  
00:08 +60 -5: C:/Users/H/Steps-to-recovery-flutter/test/app_flow_test.dart: meeting detail loads a locally stored meeting
00:08 +61 -5: C:/Users/H/Steps-to-recovery-flutter/test/app_flow_test.dart: meeting detail loads a locally stored meeting
00:08 +62 -5: C:/Users/H/Steps-to-recovery-flutter/test/app_flow_test.dart: before you use timer runs offline
00:09 +63 -5: C:/Users/H/Steps-to-recovery-flutter/test/grounding_exercises_screen_test.dart: GroundingExercisesScreen displays all four exercises
ΓòÉΓòÉΓòí EXCEPTION CAUGHT BY FLUTTER TEST FRAMEWORK Γò₧ΓòÉΓòÉΓòÉΓòÉΓòÉΓòÉΓòÉΓòÉΓòÉΓòÉΓòÉΓòÉΓòÉΓòÉΓòÉΓòÉΓòÉΓòÉΓòÉΓòÉΓòÉΓòÉΓòÉΓòÉΓòÉΓòÉΓòÉΓòÉΓòÉΓòÉΓòÉΓòÉΓòÉΓòÉΓòÉΓòÉΓòÉΓòÉΓòÉΓòÉΓòÉΓòÉΓòÉΓòÉΓòÉΓòÉΓòÉΓòÉΓòÉΓòÉΓòÉΓòÉ
The following TestFailure was thrown running a test:
Expected: exactly one matching candidate
  Actual: _TextWidgetFinder:<Found 0 widgets with text "Safe Place Visualization": []>
   Which: means none were found but one was expected

When the exception was thrown, this was the stack:
#4      main.<anonymous closure>.<anonymous closure> (file:///C:/Users/H/Steps-to-recovery-flutter/test/grounding_exercises_screen_test.dart:17:7)
<asynchronous suspension>
#5      testWidgets.<anonymous closure>.<anonymous closure> (package:flutter_test/src/widget_tester.dart:192:15)
<asynchronous suspension>
#6      TestWidgetsFlutterBinding._runTestBody (package:flutter_test/src/binding.dart:1682:5)
<asynchronous suspension>
<asynchronous suspension>
(elided one frame from package:stack_trace)

This was caught by the test expectation on the following line:
  file:///C:/Users/H/Steps-to-recovery-flutter/test/grounding_exercises_screen_test.dart line 17
The test description was:
  displays all four exercises
ΓòÉΓòÉΓòÉΓòÉΓòÉΓòÉΓòÉΓòÉΓòÉΓòÉΓòÉΓòÉΓòÉΓòÉΓòÉΓòÉΓòÉΓòÉΓòÉΓòÉΓòÉΓòÉΓòÉΓòÉΓòÉΓòÉΓòÉΓòÉΓòÉΓòÉΓòÉΓòÉΓòÉΓòÉΓòÉΓòÉΓòÉΓòÉΓòÉΓòÉΓòÉΓòÉΓòÉΓòÉΓòÉΓòÉΓòÉΓòÉΓòÉΓòÉΓòÉΓòÉΓòÉΓòÉΓòÉΓòÉΓòÉΓòÉΓòÉΓòÉΓòÉΓòÉΓòÉΓòÉΓòÉΓòÉΓòÉΓòÉΓòÉΓòÉΓòÉΓòÉΓòÉΓòÉΓòÉΓòÉΓòÉΓòÉΓòÉΓòÉΓòÉΓòÉΓòÉΓòÉΓòÉΓòÉΓòÉΓòÉΓòÉΓòÉΓòÉΓòÉΓòÉΓòÉΓòÉΓòÉΓòÉΓòÉΓòÉΓòÉ
00:09 +63 -6: C:/Users/H/Steps-to-recovery-flutter/test/grounding_exercises_screen_test.dart: GroundingExercisesScreen displays all four exercises [E]
  Test failed. See exception logs above.
  The test description was: displays all four exercises
  
00:09 +63 -6: C:/Users/H/Steps-to-recovery-flutter/test/grounding_exercises_screen_test.dart: GroundingExercisesScreen displays app bar with title
00:10 +64 -6: C:/Users/H/Steps-to-recovery-flutter/test/home_milestone_share_test.dart: share milestone CTA stays hidden without unread milestones
00:10 +65 -6: C:/Users/H/Steps-to-recovery-flutter/test/home_milestone_share_test.dart: share milestone CTA stays hidden without unread milestones
00:10 +65 -6: C:/Users/H/Steps-to-recovery-flutter/test/meetings_service_test.dart: MeetingsService 90-in-90 Progress calculates progress percentage correctly
[38;5;196mΓöîΓöÇΓöÇΓöÇΓöÇΓöÇΓöÇΓöÇΓöÇΓöÇΓöÇΓöÇΓöÇΓöÇΓöÇΓöÇΓöÇΓöÇΓöÇΓöÇΓöÇΓöÇΓöÇΓöÇΓöÇΓöÇΓöÇΓöÇΓöÇΓöÇΓöÇΓöÇΓöÇΓöÇΓöÇΓöÇΓöÇΓöÇΓöÇΓöÇΓöÇΓöÇΓöÇΓöÇΓöÇΓöÇΓöÇΓöÇΓöÇΓöÇΓöÇΓöÇΓöÇΓöÇΓöÇΓöÇΓöÇΓöÇΓöÇΓöÇΓöÇΓöÇΓöÇΓöÇΓöÇΓöÇΓöÇΓöÇΓöÇΓöÇΓöÇΓöÇΓöÇΓöÇΓöÇΓöÇΓöÇΓöÇΓöÇΓöÇΓöÇΓöÇΓöÇΓöÇΓöÇΓöÇΓöÇΓöÇΓöÇΓöÇΓöÇΓöÇΓöÇΓöÇΓöÇΓöÇΓöÇΓöÇΓöÇΓöÇΓöÇΓöÇΓöÇΓöÇΓöÇΓöÇΓöÇΓöÇΓöÇΓöÇΓöÇΓöÇΓöÇΓöÇΓöÇΓöÇΓöÇΓöÇΓöÇΓöÇ[0m
[38;5;196mΓöé Binding has not yet been initialized.[0m
[38;5;196mΓöé The "instance" getter on the ServicesBinding binding mixin is only available once that binding has been initialized.[0m
[38;5;196mΓöé Typically, this is done by calling "WidgetsFlutterBinding.ensureInitialized()" or "runApp()" (the latter calls the former). Typically this call is done in the "void main()" method. The "ensureInitialized" method is idempotent; calling it multiple times is not harmful. After calling that method, the "instance" getter will return the binding.[0m
[38;5;196mΓöé In a test, one can call "TestWidgetsFlutterBinding.ensureInitialized()" as the first line in the test's "main()" method to initialize the binding.[0m
[38;5;196mΓöé If ServicesBinding is a custom binding mixin, there must also be a custom binding class, like WidgetsFlutterBinding, but that mixes in the selected binding, and that is the class that must be constructed before using the "instance" getter.[0m
[38;5;196mΓö£ΓöäΓöäΓöäΓöäΓöäΓöäΓöäΓöäΓöäΓöäΓöäΓöäΓöäΓöäΓöäΓöäΓöäΓöäΓöäΓöäΓöäΓöäΓöäΓöäΓöäΓöäΓöäΓöäΓöäΓöäΓöäΓöäΓöäΓöäΓöäΓöäΓöäΓöäΓöäΓöäΓöäΓöäΓöäΓöäΓöäΓöäΓöäΓöäΓöäΓöäΓöäΓöäΓöäΓöäΓöäΓöäΓöäΓöäΓöäΓöäΓöäΓöäΓöäΓöäΓöäΓöäΓöäΓöäΓöäΓöäΓöäΓöäΓöäΓöäΓöäΓöäΓöäΓöäΓöäΓöäΓöäΓöäΓöäΓöäΓöäΓöäΓöäΓöäΓöäΓöäΓöäΓöäΓöäΓöäΓöäΓöäΓöäΓöäΓöäΓöäΓöäΓöäΓöäΓöäΓöäΓöäΓöäΓöäΓöäΓöäΓöäΓöäΓöäΓöäΓöäΓöäΓöäΓöäΓöä[0m
[38;5;196mΓöé #0   BindingBase.checkInstance.<anonymous closure> (package:flutter/src/foundation/binding.dart:314:9)[0m
[38;5;196mΓöé #1   BindingBase.checkInstance (package:flutter/src/foundation/binding.dart:401:6)[0m
[38;5;196mΓöé #2   ServicesBinding.instance (package:flutter/src/services/binding.dart:73:54)[0m
[38;5;196mΓöé #3   _findBinaryMessenger (package:flutter/src/services/platform_channel.dart:178:25)[0m
[38;5;196mΓöé #4   MethodChannel.binaryMessenger (package:flutter/src/services/platform_channel.dart:319:56)[0m
[38;5;196mΓöé #5   MethodChannel._invokeMethod (package:flutter/src/services/platform_channel.dart:359:17)[0m
[38;5;196mΓöé #6   MethodChannel.invokeMethod (package:flutter/src/services/platform_channel.dart:539:12)[0m
[38;5;196mΓöé #7   MethodChannelFlutterSecureStorage.read (package:flutter_secure_storage_platform_interface/src/method_channel_flutter_secure_storage.dart:84:16)[0m
[38;5;196mΓö£ΓöäΓöäΓöäΓöäΓöäΓöäΓöäΓöäΓöäΓöäΓöäΓöäΓöäΓöäΓöäΓöäΓöäΓöäΓöäΓöäΓöäΓöäΓöäΓöäΓöäΓöäΓöäΓöäΓöäΓöäΓöäΓöäΓöäΓöäΓöäΓöäΓöäΓöäΓöäΓöäΓöäΓöäΓöäΓöäΓöäΓöäΓöäΓöäΓöäΓöäΓöäΓöäΓöäΓöäΓöäΓöäΓöäΓöäΓöäΓöäΓöäΓöäΓöäΓöäΓöäΓöäΓöäΓöäΓöäΓöäΓöäΓöäΓöäΓöäΓöäΓöäΓöäΓöäΓöäΓöäΓöäΓöäΓöäΓöäΓöäΓöäΓöäΓöäΓöäΓöäΓöäΓöäΓöäΓöäΓöäΓöäΓöäΓöäΓöäΓöäΓöäΓöäΓöäΓöäΓöäΓöäΓöäΓöäΓöäΓöäΓöäΓöäΓöäΓöäΓöäΓöäΓöäΓöäΓöä[0m
[38;5;196mΓöé 11:20:24.313 (+0:00:00.001509)[0m
[38;5;196mΓö£ΓöäΓöäΓöäΓöäΓöäΓöäΓöäΓöäΓöäΓöäΓöäΓöäΓöäΓöäΓöäΓöäΓöäΓöäΓöäΓöäΓöäΓöäΓöäΓöäΓöäΓöäΓöäΓöäΓöäΓöäΓöäΓöäΓöäΓöäΓöäΓöäΓöäΓöäΓöäΓöäΓöäΓöäΓöäΓöäΓöäΓöäΓöäΓöäΓöäΓöäΓöäΓöäΓöäΓöäΓöäΓöäΓöäΓöäΓöäΓöäΓöäΓöäΓöäΓöäΓöäΓöäΓöäΓöäΓöäΓöäΓöäΓöäΓöäΓöäΓöäΓöäΓöäΓöäΓöäΓöäΓöäΓöäΓöäΓöäΓöäΓöäΓöäΓöäΓöäΓöäΓöäΓöäΓöäΓöäΓöäΓöäΓöäΓöäΓöäΓöäΓöäΓöäΓöäΓöäΓöäΓöäΓöäΓöäΓöäΓöäΓöäΓöäΓöäΓöäΓöäΓöäΓöäΓöäΓöä[0m
[38;5;196mΓöé Γ¢ö Secure storage unavailable - encryption disabled[0m
[38;5;196mΓööΓöÇΓöÇΓöÇΓöÇΓöÇΓöÇΓöÇΓöÇΓöÇΓöÇΓöÇΓöÇΓöÇΓöÇΓöÇΓöÇΓöÇΓöÇΓöÇΓöÇΓöÇΓöÇΓöÇΓöÇΓöÇΓöÇΓöÇΓöÇΓöÇΓöÇΓöÇΓöÇΓöÇΓöÇΓöÇΓöÇΓöÇΓöÇΓöÇΓöÇΓöÇΓöÇΓöÇΓöÇΓöÇΓöÇΓöÇΓöÇΓöÇΓöÇΓöÇΓöÇΓöÇΓöÇΓöÇΓöÇΓöÇΓöÇΓöÇΓöÇΓöÇΓöÇΓöÇΓöÇΓöÇΓöÇΓöÇΓöÇΓöÇΓöÇΓöÇΓöÇΓöÇΓöÇΓöÇΓöÇΓöÇΓöÇΓöÇΓöÇΓöÇΓöÇΓöÇΓöÇΓöÇΓöÇΓöÇΓöÇΓöÇΓöÇΓöÇΓöÇΓöÇΓöÇΓöÇΓöÇΓöÇΓöÇΓöÇΓöÇΓöÇΓöÇΓöÇΓöÇΓöÇΓöÇΓöÇΓöÇΓöÇΓöÇΓöÇΓöÇΓöÇΓöÇΓöÇΓöÇΓöÇΓöÇΓöÇ[0m
[38;5;196mΓöîΓöÇΓöÇΓöÇΓöÇΓöÇΓöÇΓöÇΓöÇΓöÇΓöÇΓöÇΓöÇΓöÇΓöÇΓöÇΓöÇΓöÇΓöÇΓöÇΓöÇΓöÇΓöÇΓöÇΓöÇΓöÇΓöÇΓöÇΓöÇΓöÇΓöÇΓöÇΓöÇΓöÇΓöÇΓöÇΓöÇΓöÇΓöÇΓöÇΓöÇΓöÇΓöÇΓöÇΓöÇΓöÇΓöÇΓöÇΓöÇΓöÇΓöÇΓöÇΓöÇΓöÇΓöÇΓöÇΓöÇΓöÇΓöÇΓöÇΓöÇΓöÇΓöÇΓöÇΓöÇΓöÇΓöÇΓöÇΓöÇΓöÇΓöÇΓöÇΓöÇΓöÇΓöÇΓöÇΓöÇΓöÇΓöÇΓöÇΓöÇΓöÇΓöÇΓöÇΓöÇΓöÇΓöÇΓöÇΓöÇΓöÇΓöÇΓöÇΓöÇΓöÇΓöÇΓöÇΓöÇΓöÇΓöÇΓöÇΓöÇΓöÇΓöÇΓöÇΓöÇΓöÇΓöÇΓöÇΓöÇΓöÇΓöÇΓöÇΓöÇΓöÇΓöÇΓöÇΓöÇΓöÇΓöÇΓöÇ[0m
[38;5;196mΓöé #0   LoggerService.error (package:steps_recovery_flutter/core/services/logger_service.dart:36:13)[0m
[38;5;196mΓöé #1   DatabaseService.initialize (package:steps_recovery_flutter/core/services/database_service.dart:64:23)[0m
[38;5;196mΓö£ΓöäΓöäΓöäΓöäΓöäΓöäΓöäΓöäΓöäΓöäΓöäΓöäΓöäΓöäΓöäΓöäΓöäΓöäΓöäΓöäΓöäΓöäΓöäΓöäΓöäΓöäΓöäΓöäΓöäΓöäΓöäΓöäΓöäΓöäΓöäΓöäΓöäΓöäΓöäΓöäΓöäΓöäΓöäΓöäΓöäΓöäΓöäΓöäΓöäΓöäΓöäΓöäΓöäΓöäΓöäΓöäΓöäΓöäΓöäΓöäΓöäΓöäΓöäΓöäΓöäΓöäΓöäΓöäΓöäΓöäΓöäΓöäΓöäΓöäΓöäΓöäΓöäΓöäΓöäΓöäΓöäΓöäΓöäΓöäΓöäΓöäΓöäΓöäΓöäΓöäΓöäΓöäΓöäΓöäΓöäΓöäΓöäΓöäΓöäΓöäΓöäΓöäΓöäΓöäΓöäΓöäΓöäΓöäΓöäΓöäΓöäΓöäΓöäΓöäΓöäΓöäΓöäΓöäΓöä[0m
[38;5;196mΓöé 11:20:24.341 (+0:00:00.029275)[0m
[38;5;196mΓö£ΓöäΓöäΓöäΓöäΓöäΓöäΓöäΓöäΓöäΓöäΓöäΓöäΓöäΓöäΓöäΓöäΓöäΓöäΓöäΓöäΓöäΓöäΓöäΓöäΓöäΓöäΓöäΓöäΓöäΓöäΓöäΓöäΓöäΓöäΓöäΓöäΓöäΓöäΓöäΓöäΓöäΓöäΓöäΓöäΓöäΓöäΓöäΓöäΓöäΓöäΓöäΓöäΓöäΓöäΓöäΓöäΓöäΓöäΓöäΓöäΓöäΓöäΓöäΓöäΓöäΓöäΓöäΓöäΓöäΓöäΓöäΓöäΓöäΓöäΓöäΓöäΓöäΓöäΓöäΓöäΓöäΓöäΓöäΓöäΓöäΓöäΓöäΓöäΓöäΓöäΓöäΓöäΓöäΓöäΓöäΓöäΓöäΓöäΓöäΓöäΓöäΓöäΓöäΓöäΓöäΓöäΓöäΓöäΓöäΓöäΓöäΓöäΓöäΓöäΓöäΓöäΓöäΓöäΓöä[0m
[38;5;196mΓöé Γ¢ö SECURITY WARNING: Secure storage unavailable. Sensitive data will not be encrypted.[0m
[38;5;196mΓööΓöÇΓöÇΓöÇΓöÇΓöÇΓöÇΓöÇΓöÇΓöÇΓöÇΓöÇΓöÇΓöÇΓöÇΓöÇΓöÇΓöÇΓöÇΓöÇΓöÇΓöÇΓöÇΓöÇΓöÇΓöÇΓöÇΓöÇΓöÇΓöÇΓöÇΓöÇΓöÇΓöÇΓöÇΓöÇΓöÇΓöÇΓöÇΓöÇΓöÇΓöÇΓöÇΓöÇΓöÇΓöÇΓöÇΓöÇΓöÇΓöÇΓöÇΓöÇΓöÇΓöÇΓöÇΓöÇΓöÇΓöÇΓöÇΓöÇΓöÇΓöÇΓöÇΓöÇΓöÇΓöÇΓöÇΓöÇΓöÇΓöÇΓöÇΓöÇΓöÇΓöÇΓöÇΓöÇΓöÇΓöÇΓöÇΓöÇΓöÇΓöÇΓöÇΓöÇΓöÇΓöÇΓöÇΓöÇΓöÇΓöÇΓöÇΓöÇΓöÇΓöÇΓöÇΓöÇΓöÇΓöÇΓöÇΓöÇΓöÇΓöÇΓöÇΓöÇΓöÇΓöÇΓöÇΓöÇΓöÇΓöÇΓöÇΓöÇΓöÇΓöÇΓöÇΓöÇΓöÇΓöÇΓöÇΓöÇ[0m
00:10 +65 -7: C:/Users/H/Steps-to-recovery-flutter/test/home_milestone_share_test.dart: share milestone CTA stays hidden without unread milestones
00:10 +65 -7: C:/Users/H/Steps-to-recovery-flutter/test/meetings_service_test.dart: MeetingsService 90-in-90 Progress calculates progress percentage correctly [E]
  Binding has not yet been initialized.
  The "instance" getter on the ServicesBinding binding mixin is only available once that binding has been initialized.
  Typically, this is done by calling "WidgetsFlutterBinding.ensureInitialized()" or "runApp()" (the latter calls the former). Typically this call is done in the "void main()" method. The "ensureInitialized" method is idempotent; calling it multiple times is not harmful. After calling that method, the "instance" getter will return the binding.
  In a test, one can call "TestWidgetsFlutterBinding.ensureInitialized()" as the first line in the test's "main()" method to initialize the binding.
  If ServicesBinding is a custom binding mixin, there must also be a custom binding class, like WidgetsFlutterBinding, but that mixes in the selected binding, and that is the class that must be constructed before using the "instance" getter.
  dart:async                                                                             _Completer.completeError
  package:shared_preferences/src/shared_preferences_legacy.dart 90:19                    SharedPreferences.getInstance
  ===== asynchronous gap ===========================
  dart:async                                                                             _CustomZone.registerBinaryCallback
  package:shared_preferences/src/shared_preferences_legacy.dart 85:13                    SharedPreferences.getInstance
  package:steps_recovery_flutter/core/services/database_service.dart 72:38               DatabaseService.initialize
  ===== asynchronous gap ===========================
  dart:async                                                                             _CustomZone.registerUnaryCallback
  package:steps_recovery_flutter/core/services/database_service.dart 60:5                DatabaseService.initialize
  package:steps_recovery_flutter/core/services/database_service.dart 1156:13             DatabaseService._ensureInitialized
  package:steps_recovery_flutter/core/services/database_service.dart 573:11              DatabaseService.getMeetings
  package:steps_recovery_flutter/features/meetings/services/meetings_service.dart 17:38  MeetingsService.getRecentMeetings
  package:steps_recovery_flutter/features/meetings/services/meetings_service.dart 25:34  MeetingsService.get90In90Progress
  test\meetings_service_test.dart 21:40                                                  main.<fn>.<fn>.<fn>
  
00:10 +65 -7: C:/Users/H/Steps-to-recovery-flutter/test/meetings_service_test.dart: MeetingsService 90-in-90 Progress progress text format is correct
[38;5;196mΓöîΓöÇΓöÇΓöÇΓöÇΓöÇΓöÇΓöÇΓöÇΓöÇΓöÇΓöÇΓöÇΓöÇΓöÇΓöÇΓöÇΓöÇΓöÇΓöÇΓöÇΓöÇΓöÇΓöÇΓöÇΓöÇΓöÇΓöÇΓöÇΓöÇΓöÇΓöÇΓöÇΓöÇΓöÇΓöÇΓöÇΓöÇΓöÇΓöÇΓöÇΓöÇΓöÇΓöÇΓöÇΓöÇΓöÇΓöÇΓöÇΓöÇΓöÇΓöÇΓöÇΓöÇΓöÇΓöÇΓöÇΓöÇΓöÇΓöÇΓöÇΓöÇΓöÇΓöÇΓöÇΓöÇΓöÇΓöÇΓöÇΓöÇΓöÇΓöÇΓöÇΓöÇΓöÇΓöÇΓöÇΓöÇΓöÇΓöÇΓöÇΓöÇΓöÇΓöÇΓöÇΓöÇΓöÇΓöÇΓöÇΓöÇΓöÇΓöÇΓöÇΓöÇΓöÇΓöÇΓöÇΓöÇΓöÇΓöÇΓöÇΓöÇΓöÇΓöÇΓöÇΓöÇΓöÇΓöÇΓöÇΓöÇΓöÇΓöÇΓöÇΓöÇΓöÇΓöÇΓöÇΓöÇΓöÇΓöÇ[0m
[38;5;196mΓöé #0   LoggerService.error (package:steps_recovery_flutter/core/services/logger_service.dart:36:13)[0m
[38;5;196mΓöé #1   DatabaseService.initialize (package:steps_recovery_flutter/core/services/database_service.dart:64:23)[0m
[38;5;196mΓö£ΓöäΓöäΓöäΓöäΓöäΓöäΓöäΓöäΓöäΓöäΓöäΓöäΓöäΓöäΓöäΓöäΓöäΓöäΓöäΓöäΓöäΓöäΓöäΓöäΓöäΓöäΓöäΓöäΓöäΓöäΓöäΓöäΓöäΓöäΓöäΓöäΓöäΓöäΓöäΓöäΓöäΓöäΓöäΓöäΓöäΓöäΓöäΓöäΓöäΓöäΓöäΓöäΓöäΓöäΓöäΓöäΓöäΓöäΓöäΓöäΓöäΓöäΓöäΓöäΓöäΓöäΓöäΓöäΓöäΓöäΓöäΓöäΓöäΓöäΓöäΓöäΓöäΓöäΓöäΓöäΓöäΓöäΓöäΓöäΓöäΓöäΓöäΓöäΓöäΓöäΓöäΓöäΓöäΓöäΓöäΓöäΓöäΓöäΓöäΓöäΓöäΓöäΓöäΓöäΓöäΓöäΓöäΓöäΓöäΓöäΓöäΓöäΓöäΓöäΓöäΓöäΓöäΓöäΓöä[0m
[38;5;196mΓöé 11:20:24.411 (+0:00:00.099346)[0m
[38;5;196mΓö£ΓöäΓöäΓöäΓöäΓöäΓöäΓöäΓöäΓöäΓöäΓöäΓöäΓöäΓöäΓöäΓöäΓöäΓöäΓöäΓöäΓöäΓöäΓöäΓöäΓöäΓöäΓöäΓöäΓöäΓöäΓöäΓöäΓöäΓöäΓöäΓöäΓöäΓöäΓöäΓöäΓöäΓöäΓöäΓöäΓöäΓöäΓöäΓöäΓöäΓöäΓöäΓöäΓöäΓöäΓöäΓöäΓöäΓöäΓöäΓöäΓöäΓöäΓöäΓöäΓöäΓöäΓöäΓöäΓöäΓöäΓöäΓöäΓöäΓöäΓöäΓöäΓöäΓöäΓöäΓöäΓöäΓöäΓöäΓöäΓöäΓöäΓöäΓöäΓöäΓöäΓöäΓöäΓöäΓöäΓöäΓöäΓöäΓöäΓöäΓöäΓöäΓöäΓöäΓöäΓöäΓöäΓöäΓöäΓöäΓöäΓöäΓöäΓöäΓöäΓöäΓöäΓöäΓöäΓöä[0m
[38;5;196mΓöé Γ¢ö SECURITY WARNING: Secure storage unavailable. Sensitive data will not be encrypted.[0m
[38;5;196mΓööΓöÇΓöÇΓöÇΓöÇΓöÇΓöÇΓöÇΓöÇΓöÇΓöÇΓöÇΓöÇΓöÇΓöÇΓöÇΓöÇΓöÇΓöÇΓöÇΓöÇΓöÇΓöÇΓöÇΓöÇΓöÇΓöÇΓöÇΓöÇΓöÇΓöÇΓöÇΓöÇΓöÇΓöÇΓöÇΓöÇΓöÇΓöÇΓöÇΓöÇΓöÇΓöÇΓöÇΓöÇΓöÇΓöÇΓöÇΓöÇΓöÇΓöÇΓöÇΓöÇΓöÇΓöÇΓöÇΓöÇΓöÇΓöÇΓöÇΓöÇΓöÇΓöÇΓöÇΓöÇΓöÇΓöÇΓöÇΓöÇΓöÇΓöÇΓöÇΓöÇΓöÇΓöÇΓöÇΓöÇΓöÇΓöÇΓöÇΓöÇΓöÇΓöÇΓöÇΓöÇΓöÇΓöÇΓöÇΓöÇΓöÇΓöÇΓöÇΓöÇΓöÇΓöÇΓöÇΓöÇΓöÇΓöÇΓöÇΓöÇΓöÇΓöÇΓöÇΓöÇΓöÇΓöÇΓöÇΓöÇΓöÇΓöÇΓöÇΓöÇΓöÇΓöÇΓöÇΓöÇΓöÇΓöÇΓöÇ[0m
00:10 +65 -8: C:/Users/H/Steps-to-recovery-flutter/test/home_milestone_share_test.dart: share milestone CTA stays hidden without unread milestones
00:10 +65 -8: C:/Users/H/Steps-to-recovery-flutter/test/meetings_service_test.dart: MeetingsService 90-in-90 Progress progress text format is correct [E]
  Binding has not yet been initialized.
  The "instance" getter on the ServicesBinding binding mixin is only available once that binding has been initialized.
  Typically, this is done by calling "WidgetsFlutterBinding.ensureInitialized()" or "runApp()" (the latter calls the former). Typically this call is done in the "void main()" method. The "ensureInitialized" method is idempotent; calling it multiple times is not harmful. After calling that method, the "instance" getter will return the binding.
  In a test, one can call "TestWidgetsFlutterBinding.ensureInitialized()" as the first line in the test's "main()" method to initialize the binding.
  If ServicesBinding is a custom binding mixin, there must also be a custom binding class, like WidgetsFlutterBinding, but that mixes in the selected binding, and that is the class that must be constructed before using the "instance" getter.
  dart:async                                                                             _Completer.completeError
  package:shared_preferences/src/shared_preferences_legacy.dart 90:19                    SharedPreferences.getInstance
  ===== asynchronous gap ===========================
  dart:async                                                                             _CustomZone.registerBinaryCallback
  package:shared_preferences/src/shared_preferences_legacy.dart 85:13                    SharedPreferences.getInstance
  package:steps_recovery_flutter/core/services/database_service.dart 72:38               DatabaseService.initialize
  ===== asynchronous gap ===========================
  dart:async                                                                             _CustomZone.registerUnaryCallback
  package:steps_recovery_flutter/core/services/database_service.dart 60:5                DatabaseService.initialize
  package:steps_recovery_flutter/core/services/database_service.dart 1156:13             DatabaseService._ensureInitialized
  package:steps_recovery_flutter/core/services/database_service.dart 573:11              DatabaseService.getMeetings
  package:steps_recovery_flutter/features/meetings/services/meetings_service.dart 17:38  MeetingsService.getRecentMeetings
  package:steps_recovery_flutter/features/meetings/services/meetings_service.dart 25:34  MeetingsService.get90In90Progress
  test\meetings_service_test.dart 31:40                                                  main.<fn>.<fn>.<fn>
  
00:10 +65 -8: C:/Users/H/Steps-to-recovery-flutter/test/meetings_service_test.dart: MeetingsService Meeting Stats returns stats with all required fields
[38;5;196mΓöîΓöÇΓöÇΓöÇΓöÇΓöÇΓöÇΓöÇΓöÇΓöÇΓöÇΓöÇΓöÇΓöÇΓöÇΓöÇΓöÇΓöÇΓöÇΓöÇΓöÇΓöÇΓöÇΓöÇΓöÇΓöÇΓöÇΓöÇΓöÇΓöÇΓöÇΓöÇΓöÇΓöÇΓöÇΓöÇΓöÇΓöÇΓöÇΓöÇΓöÇΓöÇΓöÇΓöÇΓöÇΓöÇΓöÇΓöÇΓöÇΓöÇΓöÇΓöÇΓöÇΓöÇΓöÇΓöÇΓöÇΓöÇΓöÇΓöÇΓöÇΓöÇΓöÇΓöÇΓöÇΓöÇΓöÇΓöÇΓöÇΓöÇΓöÇΓöÇΓöÇΓöÇΓöÇΓöÇΓöÇΓöÇΓöÇΓöÇΓöÇΓöÇΓöÇΓöÇΓöÇΓöÇΓöÇΓöÇΓöÇΓöÇΓöÇΓöÇΓöÇΓöÇΓöÇΓöÇΓöÇΓöÇΓöÇΓöÇΓöÇΓöÇΓöÇΓöÇΓöÇΓöÇΓöÇΓöÇΓöÇΓöÇΓöÇΓöÇΓöÇΓöÇΓöÇΓöÇΓöÇΓöÇΓöÇΓöÇ[0m
[38;5;196mΓöé #0   LoggerService.error (package:steps_recovery_flutter/core/services/logger_service.dart:36:13)[0m
[38;5;196mΓöé #1   DatabaseService.initialize (package:steps_recovery_flutter/core/services/database_service.dart:64:23)[0m
[38;5;196mΓö£ΓöäΓöäΓöäΓöäΓöäΓöäΓöäΓöäΓöäΓöäΓöäΓöäΓöäΓöäΓöäΓöäΓöäΓöäΓöäΓöäΓöäΓöäΓöäΓöäΓöäΓöäΓöäΓöäΓöäΓöäΓöäΓöäΓöäΓöäΓöäΓöäΓöäΓöäΓöäΓöäΓöäΓöäΓöäΓöäΓöäΓöäΓöäΓöäΓöäΓöäΓöäΓöäΓöäΓöäΓöäΓöäΓöäΓöäΓöäΓöäΓöäΓöäΓöäΓöäΓöäΓöäΓöäΓöäΓöäΓöäΓöäΓöäΓöäΓöäΓöäΓöäΓöäΓöäΓöäΓöäΓöäΓöäΓöäΓöäΓöäΓöäΓöäΓöäΓöäΓöäΓöäΓöäΓöäΓöäΓöäΓöäΓöäΓöäΓöäΓöäΓöäΓöäΓöäΓöäΓöäΓöäΓöäΓöäΓöäΓöäΓöäΓöäΓöäΓöäΓöäΓöäΓöäΓöäΓöä[0m
[38;5;196mΓöé 11:20:24.435 (+0:00:00.123409)[0m
[38;5;196mΓö£ΓöäΓöäΓöäΓöäΓöäΓöäΓöäΓöäΓöäΓöäΓöäΓöäΓöäΓöäΓöäΓöäΓöäΓöäΓöäΓöäΓöäΓöäΓöäΓöäΓöäΓöäΓöäΓöäΓöäΓöäΓöäΓöäΓöäΓöäΓöäΓöäΓöäΓöäΓöäΓöäΓöäΓöäΓöäΓöäΓöäΓöäΓöäΓöäΓöäΓöäΓöäΓöäΓöäΓöäΓöäΓöäΓöäΓöäΓöäΓöäΓöäΓöäΓöäΓöäΓöäΓöäΓöäΓöäΓöäΓöäΓöäΓöäΓöäΓöäΓöäΓöäΓöäΓöäΓöäΓöäΓöäΓöäΓöäΓöäΓöäΓöäΓöäΓöäΓöäΓöäΓöäΓöäΓöäΓöäΓöäΓöäΓöäΓöäΓöäΓöäΓöäΓöäΓöäΓöäΓöäΓöäΓöäΓöäΓöäΓöäΓöäΓöäΓöäΓöäΓöäΓöäΓöäΓöäΓöä[0m
[38;5;196mΓöé Γ¢ö SECURITY WARNING: Secure storage unavailable. Sensitive data will not be encrypted.[0m
[38;5;196mΓööΓöÇΓöÇΓöÇΓöÇΓöÇΓöÇΓöÇΓöÇΓöÇΓöÇΓöÇΓöÇΓöÇΓöÇΓöÇΓöÇΓöÇΓöÇΓöÇΓöÇΓöÇΓöÇΓöÇΓöÇΓöÇΓöÇΓöÇΓöÇΓöÇΓöÇΓöÇΓöÇΓöÇΓöÇΓöÇΓöÇΓöÇΓöÇΓöÇΓöÇΓöÇΓöÇΓöÇΓöÇΓöÇΓöÇΓöÇΓöÇΓöÇΓöÇΓöÇΓöÇΓöÇΓöÇΓöÇΓöÇΓöÇΓöÇΓöÇΓöÇΓöÇΓöÇΓöÇΓöÇΓöÇΓöÇΓöÇΓöÇΓöÇΓöÇΓöÇΓöÇΓöÇΓöÇΓöÇΓöÇΓöÇΓöÇΓöÇΓöÇΓöÇΓöÇΓöÇΓöÇΓöÇΓöÇΓöÇΓöÇΓöÇΓöÇΓöÇΓöÇΓöÇΓöÇΓöÇΓöÇΓöÇΓöÇΓöÇΓöÇΓöÇΓöÇΓöÇΓöÇΓöÇΓöÇΓöÇΓöÇΓöÇΓöÇΓöÇΓöÇΓöÇΓöÇΓöÇΓöÇΓöÇΓöÇΓöÇ[0m
00:10 +65 -9: C:/Users/H/Steps-to-recovery-flutter/test/home_milestone_share_test.dart: share milestone CTA stays hidden without unread milestones
00:10 +65 -9: C:/Users/H/Steps-to-recovery-flutter/test/meetings_service_test.dart: MeetingsService Meeting Stats returns stats with all required fields [E]
  Binding has not yet been initialized.
  The "instance" getter on the ServicesBinding binding mixin is only available once that binding has been initialized.
  Typically, this is done by calling "WidgetsFlutterBinding.ensureInitialized()" or "runApp()" (the latter calls the former). Typically this call is done in the "void main()" method. The "ensureInitialized" method is idempotent; calling it multiple times is not harmful. After calling that method, the "instance" getter will return the binding.
  In a test, one can call "TestWidgetsFlutterBinding.ensureInitialized()" as the first line in the test's "main()" method to initialize the binding.
  If ServicesBinding is a custom binding mixin, there must also be a custom binding class, like WidgetsFlutterBinding, but that mixes in the selected binding, and that is the class that must be constructed before using the "instance" getter.
  dart:async                                                                             _Completer.completeError
  package:shared_preferences/src/shared_preferences_legacy.dart 90:19                    SharedPreferences.getInstance
  ===== asynchronous gap ===========================
  dart:async                                                                             _CustomZone.registerBinaryCallback
  package:shared_preferences/src/shared_preferences_legacy.dart 85:13                    SharedPreferences.getInstance
  package:steps_recovery_flutter/core/services/database_service.dart 72:38               DatabaseService.initialize
  ===== asynchronous gap ===========================
  dart:async                                                                             _CustomZone.registerUnaryCallback
  package:steps_recovery_flutter/core/services/database_service.dart 60:5                DatabaseService.initialize
  package:steps_recovery_flutter/core/services/database_service.dart 1156:13             DatabaseService._ensureInitialized
  package:steps_recovery_flutter/core/services/database_service.dart 573:11              DatabaseService.getMeetings
  package:steps_recovery_flutter/features/meetings/services/meetings_service.dart 45:41  MeetingsService.getStats
  test\meetings_service_test.dart 42:37                                                  main.<fn>.<fn>.<fn>
  
00:10 +65 -9: C:/Users/H/Steps-to-recovery-flutter/test/meetings_service_test.dart: MeetingsService Meeting Stats type breakdown contains valid meeting types
[38;5;196mΓöîΓöÇΓöÇΓöÇΓöÇΓöÇΓöÇΓöÇΓöÇΓöÇΓöÇΓöÇΓöÇΓöÇΓöÇΓöÇΓöÇΓöÇΓöÇΓöÇΓöÇΓöÇΓöÇΓöÇΓöÇΓöÇΓöÇΓöÇΓöÇΓöÇΓöÇΓöÇΓöÇΓöÇΓöÇΓöÇΓöÇΓöÇΓöÇΓöÇΓöÇΓöÇΓöÇΓöÇΓöÇΓöÇΓöÇΓöÇΓöÇΓöÇΓöÇΓöÇΓöÇΓöÇΓöÇΓöÇΓöÇΓöÇΓöÇΓöÇΓöÇΓöÇΓöÇΓöÇΓöÇΓöÇΓöÇΓöÇΓöÇΓöÇΓöÇΓöÇΓöÇΓöÇΓöÇΓöÇΓöÇΓöÇΓöÇΓöÇΓöÇΓöÇΓöÇΓöÇΓöÇΓöÇΓöÇΓöÇΓöÇΓöÇΓöÇΓöÇΓöÇΓöÇΓöÇΓöÇΓöÇΓöÇΓöÇΓöÇΓöÇΓöÇΓöÇΓöÇΓöÇΓöÇΓöÇΓöÇΓöÇΓöÇΓöÇΓöÇΓöÇΓöÇΓöÇΓöÇΓöÇΓöÇΓöÇΓöÇ[0m
[38;5;196mΓöé #0   LoggerService.error (package:steps_recovery_flutter/core/services/logger_service.dart:36:13)[0m
[38;5;196mΓöé #1   DatabaseService.initialize (package:steps_recovery_flutter/core/services/database_service.dart:64:23)[0m
[38;5;196mΓö£ΓöäΓöäΓöäΓöäΓöäΓöäΓöäΓöäΓöäΓöäΓöäΓöäΓöäΓöäΓöäΓöäΓöäΓöäΓöäΓöäΓöäΓöäΓöäΓöäΓöäΓöäΓöäΓöäΓöäΓöäΓöäΓöäΓöäΓöäΓöäΓöäΓöäΓöäΓöäΓöäΓöäΓöäΓöäΓöäΓöäΓöäΓöäΓöäΓöäΓöäΓöäΓöäΓöäΓöäΓöäΓöäΓöäΓöäΓöäΓöäΓöäΓöäΓöäΓöäΓöäΓöäΓöäΓöäΓöäΓöäΓöäΓöäΓöäΓöäΓöäΓöäΓöäΓöäΓöäΓöäΓöäΓöäΓöäΓöäΓöäΓöäΓöäΓöäΓöäΓöäΓöäΓöäΓöäΓöäΓöäΓöäΓöäΓöäΓöäΓöäΓöäΓöäΓöäΓöäΓöäΓöäΓöäΓöäΓöäΓöäΓöäΓöäΓöäΓöäΓöäΓöäΓöäΓöäΓöä[0m
[38;5;196mΓöé 11:20:24.459 (+0:00:00.147765)[0m
[38;5;196mΓö£ΓöäΓöäΓöäΓöäΓöäΓöäΓöäΓöäΓöäΓöäΓöäΓöäΓöäΓöäΓöäΓöäΓöäΓöäΓöäΓöäΓöäΓöäΓöäΓöäΓöäΓöäΓöäΓöäΓöäΓöäΓöäΓöäΓöäΓöäΓöäΓöäΓöäΓöäΓöäΓöäΓöäΓöäΓöäΓöäΓöäΓöäΓöäΓöäΓöäΓöäΓöäΓöäΓöäΓöäΓöäΓöäΓöäΓöäΓöäΓöäΓöäΓöäΓöäΓöäΓöäΓöäΓöäΓöäΓöäΓöäΓöäΓöäΓöäΓöäΓöäΓöäΓöäΓöäΓöäΓöäΓöäΓöäΓöäΓöäΓöäΓöäΓöäΓöäΓöäΓöäΓöäΓöäΓöäΓöäΓöäΓöäΓöäΓöäΓöäΓöäΓöäΓöäΓöäΓöäΓöäΓöäΓöäΓöäΓöäΓöäΓöäΓöäΓöäΓöäΓöäΓöäΓöäΓöäΓöä[0m
[38;5;196mΓöé Γ¢ö SECURITY WARNING: Secure storage unavailable. Sensitive data will not be encrypted.[0m
[38;5;196mΓööΓöÇΓöÇΓöÇΓöÇΓöÇΓöÇΓöÇΓöÇΓöÇΓöÇΓöÇΓöÇΓöÇΓöÇΓöÇΓöÇΓöÇΓöÇΓöÇΓöÇΓöÇΓöÇΓöÇΓöÇΓöÇΓöÇΓöÇΓöÇΓöÇΓöÇΓöÇΓöÇΓöÇΓöÇΓöÇΓöÇΓöÇΓöÇΓöÇΓöÇΓöÇΓöÇΓöÇΓöÇΓöÇΓöÇΓöÇΓöÇΓöÇΓöÇΓöÇΓöÇΓöÇΓöÇΓöÇΓöÇΓöÇΓöÇΓöÇΓöÇΓöÇΓöÇΓöÇΓöÇΓöÇΓöÇΓöÇΓöÇΓöÇΓöÇΓöÇΓöÇΓöÇΓöÇΓöÇΓöÇΓöÇΓöÇΓöÇΓöÇΓöÇΓöÇΓöÇΓöÇΓöÇΓöÇΓöÇΓöÇΓöÇΓöÇΓöÇΓöÇΓöÇΓöÇΓöÇΓöÇΓöÇΓöÇΓöÇΓöÇΓöÇΓöÇΓöÇΓöÇΓöÇΓöÇΓöÇΓöÇΓöÇΓöÇΓöÇΓöÇΓöÇΓöÇΓöÇΓöÇΓöÇΓöÇΓöÇ[0m
00:10 +65 -10: C:/Users/H/Steps-to-recovery-flutter/test/home_milestone_share_test.dart: share milestone CTA stays hidden without unread milestones
00:10 +65 -10: C:/Users/H/Steps-to-recovery-flutter/test/meetings_service_test.dart: MeetingsService Meeting Stats type breakdown contains valid meeting types [E]
  Binding has not yet been initialized.
  The "instance" getter on the ServicesBinding binding mixin is only available once that binding has been initialized.
  Typically, this is done by calling "WidgetsFlutterBinding.ensureInitialized()" or "runApp()" (the latter calls the former). Typically this call is done in the "void main()" method. The "ensureInitialized" method is idempotent; calling it multiple times is not harmful. After calling that method, the "instance" getter will return the binding.
  In a test, one can call "TestWidgetsFlutterBinding.ensureInitialized()" as the first line in the test's "main()" method to initialize the binding.
  If ServicesBinding is a custom binding mixin, there must also be a custom binding class, like WidgetsFlutterBinding, but that mixes in the selected binding, and that is the class that must be constructed before using the "instance" getter.
  dart:async                                                                             _Completer.completeError
  package:shared_preferences/src/shared_preferences_legacy.dart 90:19                    SharedPreferences.getInstance
  ===== asynchronous gap ===========================
  dart:async                                                                             _CustomZone.registerBinaryCallback
  package:shared_preferences/src/shared_preferences_legacy.dart 85:13                    SharedPreferences.getInstance
  package:steps_recovery_flutter/core/services/database_service.dart 72:38               DatabaseService.initialize
  ===== asynchronous gap ===========================
  dart:async                                                                             _CustomZone.registerUnaryCallback
  package:steps_recovery_flutter/core/services/database_service.dart 60:5                DatabaseService.initialize
  package:steps_recovery_flutter/core/services/database_service.dart 1156:13             DatabaseService._ensureInitialized
  package:steps_recovery_flutter/core/services/database_service.dart 573:11              DatabaseService.getMeetings
  package:steps_recovery_flutter/features/meetings/services/meetings_service.dart 45:41  MeetingsService.getStats
  test\meetings_service_test.dart 53:37                                                  main.<fn>.<fn>.<fn>
  
00:10 +65 -10: C:/Users/H/Steps-to-recovery-flutter/test/meetings_service_test.dart: MeetingsService Achievements returns list of achievements
[38;5;196mΓöîΓöÇΓöÇΓöÇΓöÇΓöÇΓöÇΓöÇΓöÇΓöÇΓöÇΓöÇΓöÇΓöÇΓöÇΓöÇΓöÇΓöÇΓöÇΓöÇΓöÇΓöÇΓöÇΓöÇΓöÇΓöÇΓöÇΓöÇΓöÇΓöÇΓöÇΓöÇΓöÇΓöÇΓöÇΓöÇΓöÇΓöÇΓöÇΓöÇΓöÇΓöÇΓöÇΓöÇΓöÇΓöÇΓöÇΓöÇΓöÇΓöÇΓöÇΓöÇΓöÇΓöÇΓöÇΓöÇΓöÇΓöÇΓöÇΓöÇΓöÇΓöÇΓöÇΓöÇΓöÇΓöÇΓöÇΓöÇΓöÇΓöÇΓöÇΓöÇΓöÇΓöÇΓöÇΓöÇΓöÇΓöÇΓöÇΓöÇΓöÇΓöÇΓöÇΓöÇΓöÇΓöÇΓöÇΓöÇΓöÇΓöÇΓöÇΓöÇΓöÇΓöÇΓöÇΓöÇΓöÇΓöÇΓöÇΓöÇΓöÇΓöÇΓöÇΓöÇΓöÇΓöÇΓöÇΓöÇΓöÇΓöÇΓöÇΓöÇΓöÇΓöÇΓöÇΓöÇΓöÇΓöÇΓöÇΓöÇ[0m
[38;5;196mΓöé #0   LoggerService.error (package:steps_recovery_flutter/core/services/logger_service.dart:36:13)[0m
[38;5;196mΓöé #1   DatabaseService.initialize (package:steps_recovery_flutter/core/services/database_service.dart:64:23)[0m
[38;5;196mΓö£ΓöäΓöäΓöäΓöäΓöäΓöäΓöäΓöäΓöäΓöäΓöäΓöäΓöäΓöäΓöäΓöäΓöäΓöäΓöäΓöäΓöäΓöäΓöäΓöäΓöäΓöäΓöäΓöäΓöäΓöäΓöäΓöäΓöäΓöäΓöäΓöäΓöäΓöäΓöäΓöäΓöäΓöäΓöäΓöäΓöäΓöäΓöäΓöäΓöäΓöäΓöäΓöäΓöäΓöäΓöäΓöäΓöäΓöäΓöäΓöäΓöäΓöäΓöäΓöäΓöäΓöäΓöäΓöäΓöäΓöäΓöäΓöäΓöäΓöäΓöäΓöäΓöäΓöäΓöäΓöäΓöäΓöäΓöäΓöäΓöäΓöäΓöäΓöäΓöäΓöäΓöäΓöäΓöäΓöäΓöäΓöäΓöäΓöäΓöäΓöäΓöäΓöäΓöäΓöäΓöäΓöäΓöäΓöäΓöäΓöäΓöäΓöäΓöäΓöäΓöäΓöäΓöäΓöäΓöä[0m
[38;5;196mΓöé 11:20:24.473 (+0:00:00.161738)[0m
[38;5;196mΓö£ΓöäΓöäΓöäΓöäΓöäΓöäΓöäΓöäΓöäΓöäΓöäΓöäΓöäΓöäΓöäΓöäΓöäΓöäΓöäΓöäΓöäΓöäΓöäΓöäΓöäΓöäΓöäΓöäΓöäΓöäΓöäΓöäΓöäΓöäΓöäΓöäΓöäΓöäΓöäΓöäΓöäΓöäΓöäΓöäΓöäΓöäΓöäΓöäΓöäΓöäΓöäΓöäΓöäΓöäΓöäΓöäΓöäΓöäΓöäΓöäΓöäΓöäΓöäΓöäΓöäΓöäΓöäΓöäΓöäΓöäΓöäΓöäΓöäΓöäΓöäΓöäΓöäΓöäΓöäΓöäΓöäΓöäΓöäΓöäΓöäΓöäΓöäΓöäΓöäΓöäΓöäΓöäΓöäΓöäΓöäΓöäΓöäΓöäΓöäΓöäΓöäΓöäΓöäΓöäΓöäΓöäΓöäΓöäΓöäΓöäΓöäΓöäΓöäΓöäΓöäΓöäΓöäΓöäΓöä[0m
[38;5;196mΓöé Γ¢ö SECURITY WARNING: Secure storage unavailable. Sensitive data will not be encrypted.[0m
[38;5;196mΓööΓöÇΓöÇΓöÇΓöÇΓöÇΓöÇΓöÇΓöÇΓöÇΓöÇΓöÇΓöÇΓöÇΓöÇΓöÇΓöÇΓöÇΓöÇΓöÇΓöÇΓöÇΓöÇΓöÇΓöÇΓöÇΓöÇΓöÇΓöÇΓöÇΓöÇΓöÇΓöÇΓöÇΓöÇΓöÇΓöÇΓöÇΓöÇΓöÇΓöÇΓöÇΓöÇΓöÇΓöÇΓöÇΓöÇΓöÇΓöÇΓöÇΓöÇΓöÇΓöÇΓöÇΓöÇΓöÇΓöÇΓöÇΓöÇΓöÇΓöÇΓöÇΓöÇΓöÇΓöÇΓöÇΓöÇΓöÇΓöÇΓöÇΓöÇΓöÇΓöÇΓöÇΓöÇΓöÇΓöÇΓöÇΓöÇΓöÇΓöÇΓöÇΓöÇΓöÇΓöÇΓöÇΓöÇΓöÇΓöÇΓöÇΓöÇΓöÇΓöÇΓöÇΓöÇΓöÇΓöÇΓöÇΓöÇΓöÇΓöÇΓöÇΓöÇΓöÇΓöÇΓöÇΓöÇΓöÇΓöÇΓöÇΓöÇΓöÇΓöÇΓöÇΓöÇΓöÇΓöÇΓöÇΓöÇΓöÇ[0m
00:10 +65 -11: C:/Users/H/Steps-to-recovery-flutter/test/home_milestone_share_test.dart: share milestone CTA stays hidden without unread milestones
00:10 +65 -11: C:/Users/H/Steps-to-recovery-flutter/test/meetings_service_test.dart: MeetingsService Achievements returns list of achievements [E]
  Binding has not yet been initialized.
  The "instance" getter on the ServicesBinding binding mixin is only available once that binding has been initialized.
  Typically, this is done by calling "WidgetsFlutterBinding.ensureInitialized()" or "runApp()" (the latter calls the former). Typically this call is done in the "void main()" method. The "ensureInitialized" method is idempotent; calling it multiple times is not harmful. After calling that method, the "instance" getter will return the binding.
  In a test, one can call "TestWidgetsFlutterBinding.ensureInitialized()" as the first line in the test's "main()" method to initialize the binding.
  If ServicesBinding is a custom binding mixin, there must also be a custom binding class, like WidgetsFlutterBinding, but that mixes in the selected binding, and that is the class that must be constructed before using the "instance" getter.
  dart:async                                                                              _Completer.completeError
  package:shared_preferences/src/shared_preferences_legacy.dart 90:19                     SharedPreferences.getInstance
  ===== asynchronous gap ===========================
  dart:async                                                                              _CustomZone.registerBinaryCallback
  package:shared_preferences/src/shared_preferences_legacy.dart 85:13                     SharedPreferences.getInstance
  package:steps_recovery_flutter/core/services/database_service.dart 72:38                DatabaseService.initialize
  ===== asynchronous gap ===========================
  dart:async                                                                              _CustomZone.registerUnaryCallback
  package:steps_recovery_flutter/core/services/database_service.dart 60:5                 DatabaseService.initialize
  package:steps_recovery_flutter/core/services/database_service.dart 1156:13              DatabaseService._ensureInitialized
  package:steps_recovery_flutter/core/services/database_service.dart 573:11               DatabaseService.getMeetings
  package:steps_recovery_flutter/features/meetings/services/meetings_service.dart 45:41   MeetingsService.getStats
  package:steps_recovery_flutter/features/meetings/services/meetings_service.dart 138:25  MeetingsService.getAchievements
  test\meetings_service_test.dart 64:44                                                   main.<fn>.<fn>.<fn>
  
00:10 +65 -11: C:/Users/H/Steps-to-recovery-flutter/test/grounding_exercises_screen_test.dart: GroundingExercisesScreen displays exercise descriptions
ΓòÉΓòÉΓòí EXCEPTION CAUGHT BY FLUTTER TEST FRAMEWORK Γò₧ΓòÉΓòÉΓòÉΓòÉΓòÉΓòÉΓòÉΓòÉΓòÉΓòÉΓòÉΓòÉΓòÉΓòÉΓòÉΓòÉΓòÉΓòÉΓòÉΓòÉΓòÉΓòÉΓòÉΓòÉΓòÉΓòÉΓòÉΓòÉΓòÉΓòÉΓòÉΓòÉΓòÉΓòÉΓòÉΓòÉΓòÉΓòÉΓòÉΓòÉΓòÉΓòÉΓòÉΓòÉΓòÉΓòÉΓòÉΓòÉΓòÉΓòÉΓòÉΓòÉ
The following TestFailure was thrown running a test:
Expected: at least one matching candidate
  Actual: _TextContainingWidgetFinder:<Found 0 widgets with text containing technique: []>
   Which: means none were found but some were expected

When the exception was thrown, this was the stack:
#4      main.<anonymous closure>.<anonymous closure> (file:///C:/Users/H/Steps-to-recovery-flutter/test/grounding_exercises_screen_test.dart:55:7)
<asynchronous suspension>
#5      testWidgets.<anonymous closure>.<anonymous closure> (package:flutter_test/src/widget_tester.dart:192:15)
<asynchronous suspension>
#6      TestWidgetsFlutterBinding._runTestBody (package:flutter_test/src/binding.dart:1682:5)
<asynchronous suspension>
<asynchronous suspension>
(elided one frame from package:stack_trace)

This was caught by the test expectation on the following line:
  file:///C:/Users/H/Steps-to-recovery-flutter/test/grounding_exercises_screen_test.dart line 55
The test description was:
  displays exercise descriptions
ΓòÉΓòÉΓòÉΓòÉΓòÉΓòÉΓòÉΓòÉΓòÉΓòÉΓòÉΓòÉΓòÉΓòÉΓòÉΓòÉΓòÉΓòÉΓòÉΓòÉΓòÉΓòÉΓòÉΓòÉΓòÉΓòÉΓòÉΓòÉΓòÉΓòÉΓòÉΓòÉΓòÉΓòÉΓòÉΓòÉΓòÉΓòÉΓòÉΓòÉΓòÉΓòÉΓòÉΓòÉΓòÉΓòÉΓòÉΓòÉΓòÉΓòÉΓòÉΓòÉΓòÉΓòÉΓòÉΓòÉΓòÉΓòÉΓòÉΓòÉΓòÉΓòÉΓòÉΓòÉΓòÉΓòÉΓòÉΓòÉΓòÉΓòÉΓòÉΓòÉΓòÉΓòÉΓòÉΓòÉΓòÉΓòÉΓòÉΓòÉΓòÉΓòÉΓòÉΓòÉΓòÉΓòÉΓòÉΓòÉΓòÉΓòÉΓòÉΓòÉΓòÉΓòÉΓòÉΓòÉΓòÉΓòÉΓòÉΓòÉ
00:10 +65 -12: C:/Users/H/Steps-to-recovery-flutter/test/home_milestone_share_test.dart: share milestone CTA stays hidden without unread milestones
00:10 +65 -12: C:/Users/H/Steps-to-recovery-flutter/test/grounding_exercises_screen_test.dart: GroundingExercisesScreen displays exercise descriptions [E]
  Test failed. See exception logs above.
  The test description was: displays exercise descriptions
  
00:10 +65 -12: C:/Users/H/Steps-to-recovery-flutter/test/meetings_service_test.dart: MeetingsService Achievements achievements have valid properties
[38;5;196mΓöîΓöÇΓöÇΓöÇΓöÇΓöÇΓöÇΓöÇΓöÇΓöÇΓöÇΓöÇΓöÇΓöÇΓöÇΓöÇΓöÇΓöÇΓöÇΓöÇΓöÇΓöÇΓöÇΓöÇΓöÇΓöÇΓöÇΓöÇΓöÇΓöÇΓöÇΓöÇΓöÇΓöÇΓöÇΓöÇΓöÇΓöÇΓöÇΓöÇΓöÇΓöÇΓöÇΓöÇΓöÇΓöÇΓöÇΓöÇΓöÇΓöÇΓöÇΓöÇΓöÇΓöÇΓöÇΓöÇΓöÇΓöÇΓöÇΓöÇΓöÇΓöÇΓöÇΓöÇΓöÇΓöÇΓöÇΓöÇΓöÇΓöÇΓöÇΓöÇΓöÇΓöÇΓöÇΓöÇΓöÇΓöÇΓöÇΓöÇΓöÇΓöÇΓöÇΓöÇΓöÇΓöÇΓöÇΓöÇΓöÇΓöÇΓöÇΓöÇΓöÇΓöÇΓöÇΓöÇΓöÇΓöÇΓöÇΓöÇΓöÇΓöÇΓöÇΓöÇΓöÇΓöÇΓöÇΓöÇΓöÇΓöÇΓöÇΓöÇΓöÇΓöÇΓöÇΓöÇΓöÇΓöÇΓöÇΓöÇ[0m
[38;5;196mΓöé #0   LoggerService.error (package:steps_recovery_flutter/core/services/logger_service.dart:36:13)[0m
[38;5;196mΓöé #1   DatabaseService.initialize (package:steps_recovery_flutter/core/services/database_service.dart:64:23)[0m
[38;5;196mΓö£ΓöäΓöäΓöäΓöäΓöäΓöäΓöäΓöäΓöäΓöäΓöäΓöäΓöäΓöäΓöäΓöäΓöäΓöäΓöäΓöäΓöäΓöäΓöäΓöäΓöäΓöäΓöäΓöäΓöäΓöäΓöäΓöäΓöäΓöäΓöäΓöäΓöäΓöäΓöäΓöäΓöäΓöäΓöäΓöäΓöäΓöäΓöäΓöäΓöäΓöäΓöäΓöäΓöäΓöäΓöäΓöäΓöäΓöäΓöäΓöäΓöäΓöäΓöäΓöäΓöäΓöäΓöäΓöäΓöäΓöäΓöäΓöäΓöäΓöäΓöäΓöäΓöäΓöäΓöäΓöäΓöäΓöäΓöäΓöäΓöäΓöäΓöäΓöäΓöäΓöäΓöäΓöäΓöäΓöäΓöäΓöäΓöäΓöäΓöäΓöäΓöäΓöäΓöäΓöäΓöäΓöäΓöäΓöäΓöäΓöäΓöäΓöäΓöäΓöäΓöäΓöäΓöäΓöäΓöä[0m
[38;5;196mΓöé 11:20:24.486 (+0:00:00.174879)[0m
[38;5;196mΓö£ΓöäΓöäΓöäΓöäΓöäΓöäΓöäΓöäΓöäΓöäΓöäΓöäΓöäΓöäΓöäΓöäΓöäΓöäΓöäΓöäΓöäΓöäΓöäΓöäΓöäΓöäΓöäΓöäΓöäΓöäΓöäΓöäΓöäΓöäΓöäΓöäΓöäΓöäΓöäΓöäΓöäΓöäΓöäΓöäΓöäΓöäΓöäΓöäΓöäΓöäΓöäΓöäΓöäΓöäΓöäΓöäΓöäΓöäΓöäΓöäΓöäΓöäΓöäΓöäΓöäΓöäΓöäΓöäΓöäΓöäΓöäΓöäΓöäΓöäΓöäΓöäΓöäΓöäΓöäΓöäΓöäΓöäΓöäΓöäΓöäΓöäΓöäΓöäΓöäΓöäΓöäΓöäΓöäΓöäΓöäΓöäΓöäΓöäΓöäΓöäΓöäΓöäΓöäΓöäΓöäΓöäΓöäΓöäΓöäΓöäΓöäΓöäΓöäΓöäΓöäΓöäΓöäΓöäΓöä[0m
[38;5;196mΓöé Γ¢ö SECURITY WARNING: Secure storage unavailable. Sensitive data will not be encrypted.[0m
[38;5;196mΓööΓöÇΓöÇΓöÇΓöÇΓöÇΓöÇΓöÇΓöÇΓöÇΓöÇΓöÇΓöÇΓöÇΓöÇΓöÇΓöÇΓöÇΓöÇΓöÇΓöÇΓöÇΓöÇΓöÇΓöÇΓöÇΓöÇΓöÇΓöÇΓöÇΓöÇΓöÇΓöÇΓöÇΓöÇΓöÇΓöÇΓöÇΓöÇΓöÇΓöÇΓöÇΓöÇΓöÇΓöÇΓöÇΓöÇΓöÇΓöÇΓöÇΓöÇΓöÇΓöÇΓöÇΓöÇΓöÇΓöÇΓöÇΓöÇΓöÇΓöÇΓöÇΓöÇΓöÇΓöÇΓöÇΓöÇΓöÇΓöÇΓöÇΓöÇΓöÇΓöÇΓöÇΓöÇΓöÇΓöÇΓöÇΓöÇΓöÇΓöÇΓöÇΓöÇΓöÇΓöÇΓöÇΓöÇΓöÇΓöÇΓöÇΓöÇΓöÇΓöÇΓöÇΓöÇΓöÇΓöÇΓöÇΓöÇΓöÇΓöÇΓöÇΓöÇΓöÇΓöÇΓöÇΓöÇΓöÇΓöÇΓöÇΓöÇΓöÇΓöÇΓöÇΓöÇΓöÇΓöÇΓöÇΓöÇΓöÇ[0m
00:10 +65 -13: C:/Users/H/Steps-to-recovery-flutter/test/home_milestone_share_test.dart: share milestone CTA stays hidden without unread milestones
00:10 +65 -13: C:/Users/H/Steps-to-recovery-flutter/test/meetings_service_test.dart: MeetingsService Achievements achievements have valid properties [E]
  Binding has not yet been initialized.
  The "instance" getter on the ServicesBinding binding mixin is only available once that binding has been initialized.
  Typically, this is done by calling "WidgetsFlutterBinding.ensureInitialized()" or "runApp()" (the latter calls the former). Typically this call is done in the "void main()" method. The "ensureInitialized" method is idempotent; calling it multiple times is not harmful. After calling that method, the "instance" getter will return the binding.
  In a test, one can call "TestWidgetsFlutterBinding.ensureInitialized()" as the first line in the test's "main()" method to initialize the binding.
  If ServicesBinding is a custom binding mixin, there must also be a custom binding class, like WidgetsFlutterBinding, but that mixes in the selected binding, and that is the class that must be constructed before using the "instance" getter.
  dart:async                                                                              _Completer.completeError
  package:shared_preferences/src/shared_preferences_legacy.dart 90:19                     SharedPreferences.getInstance
  ===== asynchronous gap ===========================
  dart:async                                                                              _CustomZone.registerBinaryCallback
  package:shared_preferences/src/shared_preferences_legacy.dart 85:13                     SharedPreferences.getInstance
  package:steps_recovery_flutter/core/services/database_service.dart 72:38                DatabaseService.initialize
  ===== asynchronous gap ===========================
  dart:async                                                                              _CustomZone.registerUnaryCallback
  package:steps_recovery_flutter/core/services/database_service.dart 60:5                 DatabaseService.initialize
  package:steps_recovery_flutter/core/services/database_service.dart 1156:13              DatabaseService._ensureInitialized
  package:steps_recovery_flutter/core/services/database_service.dart 573:11               DatabaseService.getMeetings
  package:steps_recovery_flutter/features/meetings/services/meetings_service.dart 45:41   MeetingsService.getStats
  package:steps_recovery_flutter/features/meetings/services/meetings_service.dart 138:25  MeetingsService.getAchievements
  test\meetings_service_test.dart 70:44                                                   main.<fn>.<fn>.<fn>
  
00:10 +65 -13: C:/Users/H/Steps-to-recovery-flutter/test/meetings_service_test.dart: MeetingsService Achievements 90-in-90 achievements have correct milestones
[38;5;196mΓöîΓöÇΓöÇΓöÇΓöÇΓöÇΓöÇΓöÇΓöÇΓöÇΓöÇΓöÇΓöÇΓöÇΓöÇΓöÇΓöÇΓöÇΓöÇΓöÇΓöÇΓöÇΓöÇΓöÇΓöÇΓöÇΓöÇΓöÇΓöÇΓöÇΓöÇΓöÇΓöÇΓöÇΓöÇΓöÇΓöÇΓöÇΓöÇΓöÇΓöÇΓöÇΓöÇΓöÇΓöÇΓöÇΓöÇΓöÇΓöÇΓöÇΓöÇΓöÇΓöÇΓöÇΓöÇΓöÇΓöÇΓöÇΓöÇΓöÇΓöÇΓöÇΓöÇΓöÇΓöÇΓöÇΓöÇΓöÇΓöÇΓöÇΓöÇΓöÇΓöÇΓöÇΓöÇΓöÇΓöÇΓöÇΓöÇΓöÇΓöÇΓöÇΓöÇΓöÇΓöÇΓöÇΓöÇΓöÇΓöÇΓöÇΓöÇΓöÇΓöÇΓöÇΓöÇΓöÇΓöÇΓöÇΓöÇΓöÇΓöÇΓöÇΓöÇΓöÇΓöÇΓöÇΓöÇΓöÇΓöÇΓöÇΓöÇΓöÇΓöÇΓöÇΓöÇΓöÇΓöÇΓöÇΓöÇΓöÇ[0m
[38;5;196mΓöé #0   LoggerService.error (package:steps_recovery_flutter/core/services/logger_service.dart:36:13)[0m
[38;5;196mΓöé #1   DatabaseService.initialize (package:steps_recovery_flutter/core/services/database_service.dart:64:23)[0m
[38;5;196mΓö£ΓöäΓöäΓöäΓöäΓöäΓöäΓöäΓöäΓöäΓöäΓöäΓöäΓöäΓöäΓöäΓöäΓöäΓöäΓöäΓöäΓöäΓöäΓöäΓöäΓöäΓöäΓöäΓöäΓöäΓöäΓöäΓöäΓöäΓöäΓöäΓöäΓöäΓöäΓöäΓöäΓöäΓöäΓöäΓöäΓöäΓöäΓöäΓöäΓöäΓöäΓöäΓöäΓöäΓöäΓöäΓöäΓöäΓöäΓöäΓöäΓöäΓöäΓöäΓöäΓöäΓöäΓöäΓöäΓöäΓöäΓöäΓöäΓöäΓöäΓöäΓöäΓöäΓöäΓöäΓöäΓöäΓöäΓöäΓöäΓöäΓöäΓöäΓöäΓöäΓöäΓöäΓöäΓöäΓöäΓöäΓöäΓöäΓöäΓöäΓöäΓöäΓöäΓöäΓöäΓöäΓöäΓöäΓöäΓöäΓöäΓöäΓöäΓöäΓöäΓöäΓöäΓöäΓöäΓöä[0m
[38;5;196mΓöé 11:20:24.497 (+0:00:00.185332)[0m
[38;5;196mΓö£ΓöäΓöäΓöäΓöäΓöäΓöäΓöäΓöäΓöäΓöäΓöäΓöäΓöäΓöäΓöäΓöäΓöäΓöäΓöäΓöäΓöäΓöäΓöäΓöäΓöäΓöäΓöäΓöäΓöäΓöäΓöäΓöäΓöäΓöäΓöäΓöäΓöäΓöäΓöäΓöäΓöäΓöäΓöäΓöäΓöäΓöäΓöäΓöäΓöäΓöäΓöäΓöäΓöäΓöäΓöäΓöäΓöäΓöäΓöäΓöäΓöäΓöäΓöäΓöäΓöäΓöäΓöäΓöäΓöäΓöäΓöäΓöäΓöäΓöäΓöäΓöäΓöäΓöäΓöäΓöäΓöäΓöäΓöäΓöäΓöäΓöäΓöäΓöäΓöäΓöäΓöäΓöäΓöäΓöäΓöäΓöäΓöäΓöäΓöäΓöäΓöäΓöäΓöäΓöäΓöäΓöäΓöäΓöäΓöäΓöäΓöäΓöäΓöäΓöäΓöäΓöäΓöäΓöäΓöä[0m
[38;5;196mΓöé Γ¢ö SECURITY WARNING: Secure storage unavailable. Sensitive data will not be encrypted.[0m
[38;5;196mΓööΓöÇΓöÇΓöÇΓöÇΓöÇΓöÇΓöÇΓöÇΓöÇΓöÇΓöÇΓöÇΓöÇΓöÇΓöÇΓöÇΓöÇΓöÇΓöÇΓöÇΓöÇΓöÇΓöÇΓöÇΓöÇΓöÇΓöÇΓöÇΓöÇΓöÇΓöÇΓöÇΓöÇΓöÇΓöÇΓöÇΓöÇΓöÇΓöÇΓöÇΓöÇΓöÇΓöÇΓöÇΓöÇΓöÇΓöÇΓöÇΓöÇΓöÇΓöÇΓöÇΓöÇΓöÇΓöÇΓöÇΓöÇΓöÇΓöÇΓöÇΓöÇΓöÇΓöÇΓöÇΓöÇΓöÇΓöÇΓöÇΓöÇΓöÇΓöÇΓöÇΓöÇΓöÇΓöÇΓöÇΓöÇΓöÇΓöÇΓöÇΓöÇΓöÇΓöÇΓöÇΓöÇΓöÇΓöÇΓöÇΓöÇΓöÇΓöÇΓöÇΓöÇΓöÇΓöÇΓöÇΓöÇΓöÇΓöÇΓöÇΓöÇΓöÇΓöÇΓöÇΓöÇΓöÇΓöÇΓöÇΓöÇΓöÇΓöÇΓöÇΓöÇΓöÇΓöÇΓöÇΓöÇΓöÇΓöÇ[0m
00:10 +65 -14: C:/Users/H/Steps-to-recovery-flutter/test/home_milestone_share_test.dart: share milestone CTA stays hidden without unread milestones
00:10 +65 -14: C:/Users/H/Steps-to-recovery-flutter/test/meetings_service_test.dart: MeetingsService Achievements 90-in-90 achievements have correct milestones [E]
  Binding has not yet been initialized.
  The "instance" getter on the ServicesBinding binding mixin is only available once that binding has been initialized.
  Typically, this is done by calling "WidgetsFlutterBinding.ensureInitialized()" or "runApp()" (the latter calls the former). Typically this call is done in the "void main()" method. The "ensureInitialized" method is idempotent; calling it multiple times is not harmful. After calling that method, the "instance" getter will return the binding.
  In a test, one can call "TestWidgetsFlutterBinding.ensureInitialized()" as the first line in the test's "main()" method to initialize the binding.
  If ServicesBinding is a custom binding mixin, there must also be a custom binding class, like WidgetsFlutterBinding, but that mixes in the selected binding, and that is the class that must be constructed before using the "instance" getter.
  dart:async                                                                              _Completer.completeError
  package:shared_preferences/src/shared_preferences_legacy.dart 90:19                     SharedPreferences.getInstance
  ===== asynchronous gap ===========================
  dart:async                                                                              _CustomZone.registerBinaryCallback
  package:shared_preferences/src/shared_preferences_legacy.dart 85:13                     SharedPreferences.getInstance
  package:steps_recovery_flutter/core/services/database_service.dart 72:38                DatabaseService.initialize
  ===== asynchronous gap ===========================
  dart:async                                                                              _CustomZone.registerUnaryCallback
  package:steps_recovery_flutter/core/services/database_service.dart 60:5                 DatabaseService.initialize
  package:steps_recovery_flutter/core/services/database_service.dart 1156:13              DatabaseService._ensureInitialized
  package:steps_recovery_flutter/core/services/database_service.dart 573:11               DatabaseService.getMeetings
  package:steps_recovery_flutter/features/meetings/services/meetings_service.dart 45:41   MeetingsService.getStats
  package:steps_recovery_flutter/features/meetings/services/meetings_service.dart 138:25  MeetingsService.getAchievements
  test\meetings_service_test.dart 84:44                                                   main.<fn>.<fn>.<fn>
  
00:10 +65 -14: C:/Users/H/Steps-to-recovery-flutter/test/meetings_service_test.dart: MeetingsService Attendance Streak calculates streak correctly
[38;5;196mΓöîΓöÇΓöÇΓöÇΓöÇΓöÇΓöÇΓöÇΓöÇΓöÇΓöÇΓöÇΓöÇΓöÇΓöÇΓöÇΓöÇΓöÇΓöÇΓöÇΓöÇΓöÇΓöÇΓöÇΓöÇΓöÇΓöÇΓöÇΓöÇΓöÇΓöÇΓöÇΓöÇΓöÇΓöÇΓöÇΓöÇΓöÇΓöÇΓöÇΓöÇΓöÇΓöÇΓöÇΓöÇΓöÇΓöÇΓöÇΓöÇΓöÇΓöÇΓöÇΓöÇΓöÇΓöÇΓöÇΓöÇΓöÇΓöÇΓöÇΓöÇΓöÇΓöÇΓöÇΓöÇΓöÇΓöÇΓöÇΓöÇΓöÇΓöÇΓöÇΓöÇΓöÇΓöÇΓöÇΓöÇΓöÇΓöÇΓöÇΓöÇΓöÇΓöÇΓöÇΓöÇΓöÇΓöÇΓöÇΓöÇΓöÇΓöÇΓöÇΓöÇΓöÇΓöÇΓöÇΓöÇΓöÇΓöÇΓöÇΓöÇΓöÇΓöÇΓöÇΓöÇΓöÇΓöÇΓöÇΓöÇΓöÇΓöÇΓöÇΓöÇΓöÇΓöÇΓöÇΓöÇΓöÇΓöÇΓöÇ[0m
[38;5;196mΓöé #0   LoggerService.error (package:steps_recovery_flutter/core/services/logger_service.dart:36:13)[0m
[38;5;196mΓöé #1   DatabaseService.initialize (package:steps_recovery_flutter/core/services/database_service.dart:64:23)[0m
[38;5;196mΓö£ΓöäΓöäΓöäΓöäΓöäΓöäΓöäΓöäΓöäΓöäΓöäΓöäΓöäΓöäΓöäΓöäΓöäΓöäΓöäΓöäΓöäΓöäΓöäΓöäΓöäΓöäΓöäΓöäΓöäΓöäΓöäΓöäΓöäΓöäΓöäΓöäΓöäΓöäΓöäΓöäΓöäΓöäΓöäΓöäΓöäΓöäΓöäΓöäΓöäΓöäΓöäΓöäΓöäΓöäΓöäΓöäΓöäΓöäΓöäΓöäΓöäΓöäΓöäΓöäΓöäΓöäΓöäΓöäΓöäΓöäΓöäΓöäΓöäΓöäΓöäΓöäΓöäΓöäΓöäΓöäΓöäΓöäΓöäΓöäΓöäΓöäΓöäΓöäΓöäΓöäΓöäΓöäΓöäΓöäΓöäΓöäΓöäΓöäΓöäΓöäΓöäΓöäΓöäΓöäΓöäΓöäΓöäΓöäΓöäΓöäΓöäΓöäΓöäΓöäΓöäΓöäΓöäΓöäΓöä[0m
[38;5;196mΓöé 11:20:24.507 (+0:00:00.195813)[0m
[38;5;196mΓö£ΓöäΓöäΓöäΓöäΓöäΓöäΓöäΓöäΓöäΓöäΓöäΓöäΓöäΓöäΓöäΓöäΓöäΓöäΓöäΓöäΓöäΓöäΓöäΓöäΓöäΓöäΓöäΓöäΓöäΓöäΓöäΓöäΓöäΓöäΓöäΓöäΓöäΓöäΓöäΓöäΓöäΓöäΓöäΓöäΓöäΓöäΓöäΓöäΓöäΓöäΓöäΓöäΓöäΓöäΓöäΓöäΓöäΓöäΓöäΓöäΓöäΓöäΓöäΓöäΓöäΓöäΓöäΓöäΓöäΓöäΓöäΓöäΓöäΓöäΓöäΓöäΓöäΓöäΓöäΓöäΓöäΓöäΓöäΓöäΓöäΓöäΓöäΓöäΓöäΓöäΓöäΓöäΓöäΓöäΓöäΓöäΓöäΓöäΓöäΓöäΓöäΓöäΓöäΓöäΓöäΓöäΓöäΓöäΓöäΓöäΓöäΓöäΓöäΓöäΓöäΓöäΓöäΓöäΓöä[0m
[38;5;196mΓöé Γ¢ö SECURITY WARNING: Secure storage unavailable. Sensitive data will not be encrypted.[0m
[38;5;196mΓööΓöÇΓöÇΓöÇΓöÇΓöÇΓöÇΓöÇΓöÇΓöÇΓöÇΓöÇΓöÇΓöÇΓöÇΓöÇΓöÇΓöÇΓöÇΓöÇΓöÇΓöÇΓöÇΓöÇΓöÇΓöÇΓöÇΓöÇΓöÇΓöÇΓöÇΓöÇΓöÇΓöÇΓöÇΓöÇΓöÇΓöÇΓöÇΓöÇΓöÇΓöÇΓöÇΓöÇΓöÇΓöÇΓöÇΓöÇΓöÇΓöÇΓöÇΓöÇΓöÇΓöÇΓöÇΓöÇΓöÇΓöÇΓöÇΓöÇΓöÇΓöÇΓöÇΓöÇΓöÇΓöÇΓöÇΓöÇΓöÇΓöÇΓöÇΓöÇΓöÇΓöÇΓöÇΓöÇΓöÇΓöÇΓöÇΓöÇΓöÇΓöÇΓöÇΓöÇΓöÇΓöÇΓöÇΓöÇΓöÇΓöÇΓöÇΓöÇΓöÇΓöÇΓöÇΓöÇΓöÇΓöÇΓöÇΓöÇΓöÇΓöÇΓöÇΓöÇΓöÇΓöÇΓöÇΓöÇΓöÇΓöÇΓöÇΓöÇΓöÇΓöÇΓöÇΓöÇΓöÇΓöÇΓöÇΓöÇ[0m
00:10 +65 -15: C:/Users/H/Steps-to-recovery-flutter/test/home_milestone_share_test.dart: share milestone CTA stays hidden without unread milestones
00:10 +65 -15: C:/Users/H/Steps-to-recovery-flutter/test/meetings_service_test.dart: MeetingsService Attendance Streak calculates streak correctly [E]
  Binding has not yet been initialized.
  The "instance" getter on the ServicesBinding binding mixin is only available once that binding has been initialized.
  Typically, this is done by calling "WidgetsFlutterBinding.ensureInitialized()" or "runApp()" (the latter calls the former). Typically this call is done in the "void main()" method. The "ensureInitialized" method is idempotent; calling it multiple times is not harmful. After calling that method, the "instance" getter will return the binding.
  In a test, one can call "TestWidgetsFlutterBinding.ensureInitialized()" as the first line in the test's "main()" method to initialize the binding.
  If ServicesBinding is a custom binding mixin, there must also be a custom binding class, like WidgetsFlutterBinding, but that mixes in the selected binding, and that is the class that must be constructed before using the "instance" getter.
  dart:async                                                                             _Completer.completeError
  package:shared_preferences/src/shared_preferences_legacy.dart 90:19                    SharedPreferences.getInstance
  ===== asynchronous gap ===========================
  dart:async                                                                             _CustomZone.registerBinaryCallback
  package:shared_preferences/src/shared_preferences_legacy.dart 85:13                    SharedPreferences.getInstance
  package:steps_recovery_flutter/core/services/database_service.dart 72:38               DatabaseService.initialize
  ===== asynchronous gap ===========================
  dart:async                                                                             _CustomZone.registerUnaryCallback
  package:steps_recovery_flutter/core/services/database_service.dart 60:5                DatabaseService.initialize
  package:steps_recovery_flutter/core/services/database_service.dart 1156:13             DatabaseService._ensureInitialized
  package:steps_recovery_flutter/core/services/database_service.dart 573:11              DatabaseService.getMeetings
  package:steps_recovery_flutter/features/meetings/services/meetings_service.dart 45:41  MeetingsService.getStats
  test\meetings_service_test.dart 100:37                                                 main.<fn>.<fn>.<fn>
  
00:10 +66 -15: C:/Users/H/Steps-to-recovery-flutter/test/home_milestone_share_test.dart: share milestone CTA stays hidden without unread milestones
00:10 +67 -15: C:/Users/H/Steps-to-recovery-flutter/test/home_milestone_share_test.dart: share milestone CTA stays hidden without unread milestones
00:10 +68 -15: C:/Users/H/Steps-to-recovery-flutter/test/home_milestone_share_test.dart: share milestone CTA stays hidden without unread milestones
00:10 +68 -15: C:/Users/H/Steps-to-recovery-flutter/test/grounding_exercises_screen_test.dart: 5-4-3-2-1 Exercise displays all sensory steps
ΓòÉΓòÉΓòí EXCEPTION CAUGHT BY FLUTTER TEST FRAMEWORK Γò₧ΓòÉΓòÉΓòÉΓòÉΓòÉΓòÉΓòÉΓòÉΓòÉΓòÉΓòÉΓòÉΓòÉΓòÉΓòÉΓòÉΓòÉΓòÉΓòÉΓòÉΓòÉΓòÉΓòÉΓòÉΓòÉΓòÉΓòÉΓòÉΓòÉΓòÉΓòÉΓòÉΓòÉΓòÉΓòÉΓòÉΓòÉΓòÉΓòÉΓòÉΓòÉΓòÉΓòÉΓòÉΓòÉΓòÉΓòÉΓòÉΓòÉΓòÉΓòÉΓòÉ
The following TestFailure was thrown running a test:
Expected: at least one matching candidate
  Actual: _TextContainingWidgetFinder:<Found 0 widgets with text containing 4 things you can TOUCH:
[]>
   Which: means none were found but some were expected

When the exception was thrown, this was the stack:
#4      main.<anonymous closure>.<anonymous closure> (file:///C:/Users/H/Steps-to-recovery-flutter/test/grounding_exercises_screen_test.dart:90:7)
<asynchronous suspension>
#5      testWidgets.<anonymous closure>.<anonymous closure> (package:flutter_test/src/widget_tester.dart:192:15)
<asynchronous suspension>
#6      TestWidgetsFlutterBinding._runTestBody (package:flutter_test/src/binding.dart:1682:5)
<asynchronous suspension>
<asynchronous suspension>
(elided one frame from package:stack_trace)

This was caught by the test expectation on the following line:
  file:///C:/Users/H/Steps-to-recovery-flutter/test/grounding_exercises_screen_test.dart line 90
The test description was:
  displays all sensory steps
ΓòÉΓòÉΓòÉΓòÉΓòÉΓòÉΓòÉΓòÉΓòÉΓòÉΓòÉΓòÉΓòÉΓòÉΓòÉΓòÉΓòÉΓòÉΓòÉΓòÉΓòÉΓòÉΓòÉΓòÉΓòÉΓòÉΓòÉΓòÉΓòÉΓòÉΓòÉΓòÉΓòÉΓòÉΓòÉΓòÉΓòÉΓòÉΓòÉΓòÉΓòÉΓòÉΓòÉΓòÉΓòÉΓòÉΓòÉΓòÉΓòÉΓòÉΓòÉΓòÉΓòÉΓòÉΓòÉΓòÉΓòÉΓòÉΓòÉΓòÉΓòÉΓòÉΓòÉΓòÉΓòÉΓòÉΓòÉΓòÉΓòÉΓòÉΓòÉΓòÉΓòÉΓòÉΓòÉΓòÉΓòÉΓòÉΓòÉΓòÉΓòÉΓòÉΓòÉΓòÉΓòÉΓòÉΓòÉΓòÉΓòÉΓòÉΓòÉΓòÉΓòÉΓòÉΓòÉΓòÉΓòÉΓòÉΓòÉΓòÉ
00:10 +68 -16: C:/Users/H/Steps-to-recovery-flutter/test/home_milestone_share_test.dart: share milestone CTA stays hidden without unread milestones
00:10 +68 -16: C:/Users/H/Steps-to-recovery-flutter/test/grounding_exercises_screen_test.dart: 5-4-3-2-1 Exercise displays all sensory steps [E]
  Test failed. See exception logs above.
  The test description was: displays all sensory steps
  
00:10 +68 -16: C:/Users/H/Steps-to-recovery-flutter/test/grounding_exercises_screen_test.dart: 5-4-3-2-1 Exercise has completion button
ΓòÉΓòÉΓòí EXCEPTION CAUGHT BY FLUTTER TEST FRAMEWORK Γò₧ΓòÉΓòÉΓòÉΓòÉΓòÉΓòÉΓòÉΓòÉΓòÉΓòÉΓòÉΓòÉΓòÉΓòÉΓòÉΓòÉΓòÉΓòÉΓòÉΓòÉΓòÉΓòÉΓòÉΓòÉΓòÉΓòÉΓòÉΓòÉΓòÉΓòÉΓòÉΓòÉΓòÉΓòÉΓòÉΓòÉΓòÉΓòÉΓòÉΓòÉΓòÉΓòÉΓòÉΓòÉΓòÉΓòÉΓòÉΓòÉΓòÉΓòÉΓòÉΓòÉ
The following TestFailure was thrown running a test:
Expected: at least one matching candidate
  Actual: _TextContainingWidgetFinder:<Found 0 widgets with text containing Complete: []>
   Which: means none were found but some were expected

When the exception was thrown, this was the stack:
#4      main.<anonymous closure>.<anonymous closure> (file:///C:/Users/H/Steps-to-recovery-flutter/test/grounding_exercises_screen_test.dart:106:7)
<asynchronous suspension>
#5      testWidgets.<anonymous closure>.<anonymous closure> (package:flutter_test/src/widget_tester.dart:192:15)
<asynchronous suspension>
#6      TestWidgetsFlutterBinding._runTestBody (package:flutter_test/src/binding.dart:1682:5)
<asynchronous suspension>
<asynchronous suspension>
(elided one frame from package:stack_trace)

This was caught by the test expectation on the following line:
  file:///C:/Users/H/Steps-to-recovery-flutter/test/grounding_exercises_screen_test.dart line 106
The test description was:
  has completion button
ΓòÉΓòÉΓòÉΓòÉΓòÉΓòÉΓòÉΓòÉΓòÉΓòÉΓòÉΓòÉΓòÉΓòÉΓòÉΓòÉΓòÉΓòÉΓòÉΓòÉΓòÉΓòÉΓòÉΓòÉΓòÉΓòÉΓòÉΓòÉΓòÉΓòÉΓòÉΓòÉΓòÉΓòÉΓòÉΓòÉΓòÉΓòÉΓòÉΓòÉΓòÉΓòÉΓòÉΓòÉΓòÉΓòÉΓòÉΓòÉΓòÉΓòÉΓòÉΓòÉΓòÉΓòÉΓòÉΓòÉΓòÉΓòÉΓòÉΓòÉΓòÉΓòÉΓòÉΓòÉΓòÉΓòÉΓòÉΓòÉΓòÉΓòÉΓòÉΓòÉΓòÉΓòÉΓòÉΓòÉΓòÉΓòÉΓòÉΓòÉΓòÉΓòÉΓòÉΓòÉΓòÉΓòÉΓòÉΓòÉΓòÉΓòÉΓòÉΓòÉΓòÉΓòÉΓòÉΓòÉΓòÉΓòÉΓòÉΓòÉ
00:10 +68 -17: C:/Users/H/Steps-to-recovery-flutter/test/home_milestone_share_test.dart: share milestone CTA stays hidden without unread milestones
00:10 +68 -17: C:/Users/H/Steps-to-recovery-flutter/test/grounding_exercises_screen_test.dart: 5-4-3-2-1 Exercise has completion button [E]
  Test failed. See exception logs above.
  The test description was: has completion button
  
00:11 +68 -17: C:/Users/H/Steps-to-recovery-flutter/test/home_milestone_share_test.dart: share milestone CTA stays hidden without unread milestones
ΓöîΓöÇΓöÇΓöÇΓöÇΓöÇΓöÇΓöÇΓöÇΓöÇΓöÇΓöÇΓöÇΓöÇΓöÇΓöÇΓöÇΓöÇΓöÇΓöÇΓöÇΓöÇΓöÇΓöÇΓöÇΓöÇΓöÇΓöÇΓöÇΓöÇΓöÇΓöÇΓöÇΓöÇΓöÇΓöÇΓöÇΓöÇΓöÇΓöÇΓöÇΓöÇΓöÇΓöÇΓöÇΓöÇΓöÇΓöÇΓöÇΓöÇΓöÇΓöÇΓöÇΓöÇΓöÇΓöÇΓöÇΓöÇΓöÇΓöÇΓöÇΓöÇΓöÇΓöÇΓöÇΓöÇΓöÇΓöÇΓöÇΓöÇΓöÇΓöÇΓöÇΓöÇΓöÇΓöÇΓöÇΓöÇΓöÇΓöÇΓöÇΓöÇΓöÇΓöÇΓöÇΓöÇΓöÇΓöÇΓöÇΓöÇΓöÇΓöÇΓöÇΓöÇΓöÇΓöÇΓöÇΓöÇΓöÇΓöÇΓöÇΓöÇΓöÇΓöÇΓöÇΓöÇΓöÇΓöÇΓöÇΓöÇΓöÇΓöÇΓöÇΓöÇΓöÇΓöÇΓöÇΓöÇΓöÇΓöÇ
Γöé #0   LoggerService.debug (package:steps_recovery_flutter/core/services/logger_service.dart:23:15)
Γöé #1   EncryptionService.initialize (package:steps_recovery_flutter/core/services/encryption_service.dart:61:23)
Γö£ΓöäΓöäΓöäΓöäΓöäΓöäΓöäΓöäΓöäΓöäΓöäΓöäΓöäΓöäΓöäΓöäΓöäΓöäΓöäΓöäΓöäΓöäΓöäΓöäΓöäΓöäΓöäΓöäΓöäΓöäΓöäΓöäΓöäΓöäΓöäΓöäΓöäΓöäΓöäΓöäΓöäΓöäΓöäΓöäΓöäΓöäΓöäΓöäΓöäΓöäΓöäΓöäΓöäΓöäΓöäΓöäΓöäΓöäΓöäΓöäΓöäΓöäΓöäΓöäΓöäΓöäΓöäΓöäΓöäΓöäΓöäΓöäΓöäΓöäΓöäΓöäΓöäΓöäΓöäΓöäΓöäΓöäΓöäΓöäΓöäΓöäΓöäΓöäΓöäΓöäΓöäΓöäΓöäΓöäΓöäΓöäΓöäΓöäΓöäΓöäΓöäΓöäΓöäΓöäΓöäΓöäΓöäΓöäΓöäΓöäΓöäΓöäΓöäΓöäΓöäΓöäΓöäΓöäΓöä
Γöé 11:20:24.053 (+0:00:00.000000)
Γö£ΓöäΓöäΓöäΓöäΓöäΓöäΓöäΓöäΓöäΓöäΓöäΓöäΓöäΓöäΓöäΓöäΓöäΓöäΓöäΓöäΓöäΓöäΓöäΓöäΓöäΓöäΓöäΓöäΓöäΓöäΓöäΓöäΓöäΓöäΓöäΓöäΓöäΓöäΓöäΓöäΓöäΓöäΓöäΓöäΓöäΓöäΓöäΓöäΓöäΓöäΓöäΓöäΓöäΓöäΓöäΓöäΓöäΓöäΓöäΓöäΓöäΓöäΓöäΓöäΓöäΓöäΓöäΓöäΓöäΓöäΓöäΓöäΓöäΓöäΓöäΓöäΓöäΓöäΓöäΓöäΓöäΓöäΓöäΓöäΓöäΓöäΓöäΓöäΓöäΓöäΓöäΓöäΓöäΓöäΓöäΓöäΓöäΓöäΓöäΓöäΓöäΓöäΓöäΓöäΓöäΓöäΓöäΓöäΓöäΓöäΓöäΓöäΓöäΓöäΓöäΓöäΓöäΓöäΓöä
Γöé ≡ƒÉ¢ Encryption service initialized with secure storage
ΓööΓöÇΓöÇΓöÇΓöÇΓöÇΓöÇΓöÇΓöÇΓöÇΓöÇΓöÇΓöÇΓöÇΓöÇΓöÇΓöÇΓöÇΓöÇΓöÇΓöÇΓöÇΓöÇΓöÇΓöÇΓöÇΓöÇΓöÇΓöÇΓöÇΓöÇΓöÇΓöÇΓöÇΓöÇΓöÇΓöÇΓöÇΓöÇΓöÇΓöÇΓöÇΓöÇΓöÇΓöÇΓöÇΓöÇΓöÇΓöÇΓöÇΓöÇΓöÇΓöÇΓöÇΓöÇΓöÇΓöÇΓöÇΓöÇΓöÇΓöÇΓöÇΓöÇΓöÇΓöÇΓöÇΓöÇΓöÇΓöÇΓöÇΓöÇΓöÇΓöÇΓöÇΓöÇΓöÇΓöÇΓöÇΓöÇΓöÇΓöÇΓöÇΓöÇΓöÇΓöÇΓöÇΓöÇΓöÇΓöÇΓöÇΓöÇΓöÇΓöÇΓöÇΓöÇΓöÇΓöÇΓöÇΓöÇΓöÇΓöÇΓöÇΓöÇΓöÇΓöÇΓöÇΓöÇΓöÇΓöÇΓöÇΓöÇΓöÇΓöÇΓöÇΓöÇΓöÇΓöÇΓöÇΓöÇΓöÇ
ΓöîΓöÇΓöÇΓöÇΓöÇΓöÇΓöÇΓöÇΓöÇΓöÇΓöÇΓöÇΓöÇΓöÇΓöÇΓöÇΓöÇΓöÇΓöÇΓöÇΓöÇΓöÇΓöÇΓöÇΓöÇΓöÇΓöÇΓöÇΓöÇΓöÇΓöÇΓöÇΓöÇΓöÇΓöÇΓöÇΓöÇΓöÇΓöÇΓöÇΓöÇΓöÇΓöÇΓöÇΓöÇΓöÇΓöÇΓöÇΓöÇΓöÇΓöÇΓöÇΓöÇΓöÇΓöÇΓöÇΓöÇΓöÇΓöÇΓöÇΓöÇΓöÇΓöÇΓöÇΓöÇΓöÇΓöÇΓöÇΓöÇΓöÇΓöÇΓöÇΓöÇΓöÇΓöÇΓöÇΓöÇΓöÇΓöÇΓöÇΓöÇΓöÇΓöÇΓöÇΓöÇΓöÇΓöÇΓöÇΓöÇΓöÇΓöÇΓöÇΓöÇΓöÇΓöÇΓöÇΓöÇΓöÇΓöÇΓöÇΓöÇΓöÇΓöÇΓöÇΓöÇΓöÇΓöÇΓöÇΓöÇΓöÇΓöÇΓöÇΓöÇΓöÇΓöÇΓöÇΓöÇΓöÇΓöÇΓöÇ
Γöé #0   LoggerService.debug (package:steps_recovery_flutter/core/services/logger_service.dart:23:15)
Γöé #1   DatabaseService.initialize (package:steps_recovery_flutter/core/services/database_service.dart:77:21)
Γö£ΓöäΓöäΓöäΓöäΓöäΓöäΓöäΓöäΓöäΓöäΓöäΓöäΓöäΓöäΓöäΓöäΓöäΓöäΓöäΓöäΓöäΓöäΓöäΓöäΓöäΓöäΓöäΓöäΓöäΓöäΓöäΓöäΓöäΓöäΓöäΓöäΓöäΓöäΓöäΓöäΓöäΓöäΓöäΓöäΓöäΓöäΓöäΓöäΓöäΓöäΓöäΓöäΓöäΓöäΓöäΓöäΓöäΓöäΓöäΓöäΓöäΓöäΓöäΓöäΓöäΓöäΓöäΓöäΓöäΓöäΓöäΓöäΓöäΓöäΓöäΓöäΓöäΓöäΓöäΓöäΓöäΓöäΓöäΓöäΓöäΓöäΓöäΓöäΓöäΓöäΓöäΓöäΓöäΓöäΓöäΓöäΓöäΓöäΓöäΓöäΓöäΓöäΓöäΓöäΓöäΓöäΓöäΓöäΓöäΓöäΓöäΓöäΓöäΓöäΓöäΓöäΓöäΓöäΓöä
Γöé 11:20:24.053 (+0:00:00.000000)
Γö£ΓöäΓöäΓöäΓöäΓöäΓöäΓöäΓöäΓöäΓöäΓöäΓöäΓöäΓöäΓöäΓöäΓöäΓöäΓöäΓöäΓöäΓöäΓöäΓöäΓöäΓöäΓöäΓöäΓöäΓöäΓöäΓöäΓöäΓöäΓöäΓöäΓöäΓöäΓöäΓöäΓöäΓöäΓöäΓöäΓöäΓöäΓöäΓöäΓöäΓöäΓöäΓöäΓöäΓöäΓöäΓöäΓöäΓöäΓöäΓöäΓöäΓöäΓöäΓöäΓöäΓöäΓöäΓöäΓöäΓöäΓöäΓöäΓöäΓöäΓöäΓöäΓöäΓöäΓöäΓöäΓöäΓöäΓöäΓöäΓöäΓöäΓöäΓöäΓöäΓöäΓöäΓöäΓöäΓöäΓöäΓöäΓöäΓöäΓöäΓöäΓöäΓöäΓöäΓöäΓöäΓöäΓöäΓöäΓöäΓöäΓöäΓöäΓöäΓöäΓöäΓöäΓöäΓöäΓöä
Γöé ≡ƒÉ¢ DatabaseService initialized (encryption secure: true)
ΓööΓöÇΓöÇΓöÇΓöÇΓöÇΓöÇΓöÇΓöÇΓöÇΓöÇΓöÇΓöÇΓöÇΓöÇΓöÇΓöÇΓöÇΓöÇΓöÇΓöÇΓöÇΓöÇΓöÇΓöÇΓöÇΓöÇΓöÇΓöÇΓöÇΓöÇΓöÇΓöÇΓöÇΓöÇΓöÇΓöÇΓöÇΓöÇΓöÇΓöÇΓöÇΓöÇΓöÇΓöÇΓöÇΓöÇΓöÇΓöÇΓöÇΓöÇΓöÇΓöÇΓöÇΓöÇΓöÇΓöÇΓöÇΓöÇΓöÇΓöÇΓöÇΓöÇΓöÇΓöÇΓöÇΓöÇΓöÇΓöÇΓöÇΓöÇΓöÇΓöÇΓöÇΓöÇΓöÇΓöÇΓöÇΓöÇΓöÇΓöÇΓöÇΓöÇΓöÇΓöÇΓöÇΓöÇΓöÇΓöÇΓöÇΓöÇΓöÇΓöÇΓöÇΓöÇΓöÇΓöÇΓöÇΓöÇΓöÇΓöÇΓöÇΓöÇΓöÇΓöÇΓöÇΓöÇΓöÇΓöÇΓöÇΓöÇΓöÇΓöÇΓöÇΓöÇΓöÇΓöÇΓöÇΓöÇΓöÇ
00:11 +69 -17: C:/Users/H/Steps-to-recovery-flutter/test/grounding_exercises_screen_test.dart: Box Breathing Exercise displays breathing animation
00:11 +69 -17: C:/Users/H/Steps-to-recovery-flutter/test/home_milestone_share_test.dart: share milestone CTA prefers the highest unread milestone and clears on success
[38;5;12mΓöîΓöÇΓöÇΓöÇΓöÇΓöÇΓöÇΓöÇΓöÇΓöÇΓöÇΓöÇΓöÇΓöÇΓöÇΓöÇΓöÇΓöÇΓöÇΓöÇΓöÇΓöÇΓöÇΓöÇΓöÇΓöÇΓöÇΓöÇΓöÇΓöÇΓöÇΓöÇΓöÇΓöÇΓöÇΓöÇΓöÇΓöÇΓöÇΓöÇΓöÇΓöÇΓöÇΓöÇΓöÇΓöÇΓöÇΓöÇΓöÇΓöÇΓöÇΓöÇΓöÇΓöÇΓöÇΓöÇΓöÇΓöÇΓöÇΓöÇΓöÇΓöÇΓöÇΓöÇΓöÇΓöÇΓöÇΓöÇΓöÇΓöÇΓöÇΓöÇΓöÇΓöÇΓöÇΓöÇΓöÇΓöÇΓöÇΓöÇΓöÇΓöÇΓöÇΓöÇΓöÇΓöÇΓöÇΓöÇΓöÇΓöÇΓöÇΓöÇΓöÇΓöÇΓöÇΓöÇΓöÇΓöÇΓöÇΓöÇΓöÇΓöÇΓöÇΓöÇΓöÇΓöÇΓöÇΓöÇΓöÇΓöÇΓöÇΓöÇΓöÇΓöÇΓöÇΓöÇΓöÇΓöÇΓöÇΓöÇ[0m
[38;5;12mΓöé #0   LoggerService.info (package:steps_recovery_flutter/core/services/logger_service.dart:28:13)[0m
[38;5;12mΓöé #1   _HomeScreenState._shareMilestone (package:steps_recovery_flutter/features/home/screens/home_screen.dart:223:12)[0m
[38;5;12mΓö£ΓöäΓöäΓöäΓöäΓöäΓöäΓöäΓöäΓöäΓöäΓöäΓöäΓöäΓöäΓöäΓöäΓöäΓöäΓöäΓöäΓöäΓöäΓöäΓöäΓöäΓöäΓöäΓöäΓöäΓöäΓöäΓöäΓöäΓöäΓöäΓöäΓöäΓöäΓöäΓöäΓöäΓöäΓöäΓöäΓöäΓöäΓöäΓöäΓöäΓöäΓöäΓöäΓöäΓöäΓöäΓöäΓöäΓöäΓöäΓöäΓöäΓöäΓöäΓöäΓöäΓöäΓöäΓöäΓöäΓöäΓöäΓöäΓöäΓöäΓöäΓöäΓöäΓöäΓöäΓöäΓöäΓöäΓöäΓöäΓöäΓöäΓöäΓöäΓöäΓöäΓöäΓöäΓöäΓöäΓöäΓöäΓöäΓöäΓöäΓöäΓöäΓöäΓöäΓöäΓöäΓöäΓöäΓöäΓöäΓöäΓöäΓöäΓöäΓöäΓöäΓöäΓöäΓöäΓöä[0m
[38;5;12mΓöé 11:20:25.377 (+0:00:01.324289)[0m
[38;5;12mΓö£ΓöäΓöäΓöäΓöäΓöäΓöäΓöäΓöäΓöäΓöäΓöäΓöäΓöäΓöäΓöäΓöäΓöäΓöäΓöäΓöäΓöäΓöäΓöäΓöäΓöäΓöäΓöäΓöäΓöäΓöäΓöäΓöäΓöäΓöäΓöäΓöäΓöäΓöäΓöäΓöäΓöäΓöäΓöäΓöäΓöäΓöäΓöäΓöäΓöäΓöäΓöäΓöäΓöäΓöäΓöäΓöäΓöäΓöäΓöäΓöäΓöäΓöäΓöäΓöäΓöäΓöäΓöäΓöäΓöäΓöäΓöäΓöäΓöäΓöäΓöäΓöäΓöäΓöäΓöäΓöäΓöäΓöäΓöäΓöäΓöäΓöäΓöäΓöäΓöäΓöäΓöäΓöäΓöäΓöäΓöäΓöäΓöäΓöäΓöäΓöäΓöäΓöäΓöäΓöäΓöäΓöäΓöäΓöäΓöäΓöäΓöäΓöäΓöäΓöäΓöäΓöäΓöäΓöäΓöä[0m
[38;5;12mΓöé ≡ƒÆí event=achievement_share_tapped achievementKey=milestone_30d[0m
[38;5;12mΓööΓöÇΓöÇΓöÇΓöÇΓöÇΓöÇΓöÇΓöÇΓöÇΓöÇΓöÇΓöÇΓöÇΓöÇΓöÇΓöÇΓöÇΓöÇΓöÇΓöÇΓöÇΓöÇΓöÇΓöÇΓöÇΓöÇΓöÇΓöÇΓöÇΓöÇΓöÇΓöÇΓöÇΓöÇΓöÇΓöÇΓöÇΓöÇΓöÇΓöÇΓöÇΓöÇΓöÇΓöÇΓöÇΓöÇΓöÇΓöÇΓöÇΓöÇΓöÇΓöÇΓöÇΓöÇΓöÇΓöÇΓöÇΓöÇΓöÇΓöÇΓöÇΓöÇΓöÇΓöÇΓöÇΓöÇΓöÇΓöÇΓöÇΓöÇΓöÇΓöÇΓöÇΓöÇΓöÇΓöÇΓöÇΓöÇΓöÇΓöÇΓöÇΓöÇΓöÇΓöÇΓöÇΓöÇΓöÇΓöÇΓöÇΓöÇΓöÇΓöÇΓöÇΓöÇΓöÇΓöÇΓöÇΓöÇΓöÇΓöÇΓöÇΓöÇΓöÇΓöÇΓöÇΓöÇΓöÇΓöÇΓöÇΓöÇΓöÇΓöÇΓöÇΓöÇΓöÇΓöÇΓöÇΓöÇΓöÇ[0m
[38;5;12mΓöîΓöÇΓöÇΓöÇΓöÇΓöÇΓöÇΓöÇΓöÇΓöÇΓöÇΓöÇΓöÇΓöÇΓöÇΓöÇΓöÇΓöÇΓöÇΓöÇΓöÇΓöÇΓöÇΓöÇΓöÇΓöÇΓöÇΓöÇΓöÇΓöÇΓöÇΓöÇΓöÇΓöÇΓöÇΓöÇΓöÇΓöÇΓöÇΓöÇΓöÇΓöÇΓöÇΓöÇΓöÇΓöÇΓöÇΓöÇΓöÇΓöÇΓöÇΓöÇΓöÇΓöÇΓöÇΓöÇΓöÇΓöÇΓöÇΓöÇΓöÇΓöÇΓöÇΓöÇΓöÇΓöÇΓöÇΓöÇΓöÇΓöÇΓöÇΓöÇΓöÇΓöÇΓöÇΓöÇΓöÇΓöÇΓöÇΓöÇΓöÇΓöÇΓöÇΓöÇΓöÇΓöÇΓöÇΓöÇΓöÇΓöÇΓöÇΓöÇΓöÇΓöÇΓöÇΓöÇΓöÇΓöÇΓöÇΓöÇΓöÇΓöÇΓöÇΓöÇΓöÇΓöÇΓöÇΓöÇΓöÇΓöÇΓöÇΓöÇΓöÇΓöÇΓöÇΓöÇΓöÇΓöÇΓöÇΓöÇ[0m
[38;5;12mΓöé #0   LoggerService.info (package:steps_recovery_flutter/core/services/logger_service.dart:28:13)[0m
[38;5;12mΓöé #1   _HomeScreenState._shareMilestone (package:steps_recovery_flutter/features/home/screens/home_screen.dart:242:16)[0m
[38;5;12mΓö£ΓöäΓöäΓöäΓöäΓöäΓöäΓöäΓöäΓöäΓöäΓöäΓöäΓöäΓöäΓöäΓöäΓöäΓöäΓöäΓöäΓöäΓöäΓöäΓöäΓöäΓöäΓöäΓöäΓöäΓöäΓöäΓöäΓöäΓöäΓöäΓöäΓöäΓöäΓöäΓöäΓöäΓöäΓöäΓöäΓöäΓöäΓöäΓöäΓöäΓöäΓöäΓöäΓöäΓöäΓöäΓöäΓöäΓöäΓöäΓöäΓöäΓöäΓöäΓöäΓöäΓöäΓöäΓöäΓöäΓöäΓöäΓöäΓöäΓöäΓöäΓöäΓöäΓöäΓöäΓöäΓöäΓöäΓöäΓöäΓöäΓöäΓöäΓöäΓöäΓöäΓöäΓöäΓöäΓöäΓöäΓöäΓöäΓöäΓöäΓöäΓöäΓöäΓöäΓöäΓöäΓöäΓöäΓöäΓöäΓöäΓöäΓöäΓöäΓöäΓöäΓöäΓöäΓöäΓöä[0m
[38;5;12mΓöé 11:20:25.377 (+0:00:01.324289)[0m
[38;5;12mΓö£ΓöäΓöäΓöäΓöäΓöäΓöäΓöäΓöäΓöäΓöäΓöäΓöäΓöäΓöäΓöäΓöäΓöäΓöäΓöäΓöäΓöäΓöäΓöäΓöäΓöäΓöäΓöäΓöäΓöäΓöäΓöäΓöäΓöäΓöäΓöäΓöäΓöäΓöäΓöäΓöäΓöäΓöäΓöäΓöäΓöäΓöäΓöäΓöäΓöäΓöäΓöäΓöäΓöäΓöäΓöäΓöäΓöäΓöäΓöäΓöäΓöäΓöäΓöäΓöäΓöäΓöäΓöäΓöäΓöäΓöäΓöäΓöäΓöäΓöäΓöäΓöäΓöäΓöäΓöäΓöäΓöäΓöäΓöäΓöäΓöäΓöäΓöäΓöäΓöäΓöäΓöäΓöäΓöäΓöäΓöäΓöäΓöäΓöäΓöäΓöäΓöäΓöäΓöäΓöäΓöäΓöäΓöäΓöäΓöäΓöäΓöäΓöäΓöäΓöäΓöäΓöäΓöäΓöäΓöä[0m
[38;5;12mΓöé ≡ƒÆí event=achievement_share_completed achievementKey=milestone_30d[0m
[38;5;12mΓööΓöÇΓöÇΓöÇΓöÇΓöÇΓöÇΓöÇΓöÇΓöÇΓöÇΓöÇΓöÇΓöÇΓöÇΓöÇΓöÇΓöÇΓöÇΓöÇΓöÇΓöÇΓöÇΓöÇΓöÇΓöÇΓöÇΓöÇΓöÇΓöÇΓöÇΓöÇΓöÇΓöÇΓöÇΓöÇΓöÇΓöÇΓöÇΓöÇΓöÇΓöÇΓöÇΓöÇΓöÇΓöÇΓöÇΓöÇΓöÇΓöÇΓöÇΓöÇΓöÇΓöÇΓöÇΓöÇΓöÇΓöÇΓöÇΓöÇΓöÇΓöÇΓöÇΓöÇΓöÇΓöÇΓöÇΓöÇΓöÇΓöÇΓöÇΓöÇΓöÇΓöÇΓöÇΓöÇΓöÇΓöÇΓöÇΓöÇΓöÇΓöÇΓöÇΓöÇΓöÇΓöÇΓöÇΓöÇΓöÇΓöÇΓöÇΓöÇΓöÇΓöÇΓöÇΓöÇΓöÇΓöÇΓöÇΓöÇΓöÇΓöÇΓöÇΓöÇΓöÇΓöÇΓöÇΓöÇΓöÇΓöÇΓöÇΓöÇΓöÇΓöÇΓöÇΓöÇΓöÇΓöÇΓöÇΓöÇ[0m
ΓòÉΓòÉΓòí EXCEPTION CAUGHT BY FLUTTER TEST FRAMEWORK Γò₧ΓòÉΓòÉΓòÉΓòÉΓòÉΓòÉΓòÉΓòÉΓòÉΓòÉΓòÉΓòÉΓòÉΓòÉΓòÉΓòÉΓòÉΓòÉΓòÉΓòÉΓòÉΓòÉΓòÉΓòÉΓòÉΓòÉΓòÉΓòÉΓòÉΓòÉΓòÉΓòÉΓòÉΓòÉΓòÉΓòÉΓòÉΓòÉΓòÉΓòÉΓòÉΓòÉΓòÉΓòÉΓòÉΓòÉΓòÉΓòÉΓòÉΓòÉΓòÉΓòÉ
The following TestFailure was thrown running a test:
Expected: no matching candidates
  Actual: _TextWidgetFinder:<Found 1 widget with text "Share 1 Month": [
            Text("Share 1 Month", dependencies: [DefaultSelectionStyle, DefaultTextStyle,
MediaQuery]),
          ]>
   Which: means one was found but none were expected

When the exception was thrown, this was the stack:
#4      main.<anonymous closure> (file:///C:/Users/H/Steps-to-recovery-flutter/test/home_milestone_share_test.dart:73:7)
<asynchronous suspension>
#5      testWidgets.<anonymous closure>.<anonymous closure> (package:flutter_test/src/widget_tester.dart:192:15)
<asynchronous suspension>
#6      TestWidgetsFlutterBinding._runTestBody (package:flutter_test/src/binding.dart:1682:5)
<asynchronous suspension>
<asynchronous suspension>
(elided one frame from package:stack_trace)

This was caught by the test expectation on the following line:
  file:///C:/Users/H/Steps-to-recovery-flutter/test/home_milestone_share_test.dart line 73
The test description was:
  share milestone CTA prefers the highest unread milestone and clears on success
ΓòÉΓòÉΓòÉΓòÉΓòÉΓòÉΓòÉΓòÉΓòÉΓòÉΓòÉΓòÉΓòÉΓòÉΓòÉΓòÉΓòÉΓòÉΓòÉΓòÉΓòÉΓòÉΓòÉΓòÉΓòÉΓòÉΓòÉΓòÉΓòÉΓòÉΓòÉΓòÉΓòÉΓòÉΓòÉΓòÉΓòÉΓòÉΓòÉΓòÉΓòÉΓòÉΓòÉΓòÉΓòÉΓòÉΓòÉΓòÉΓòÉΓòÉΓòÉΓòÉΓòÉΓòÉΓòÉΓòÉΓòÉΓòÉΓòÉΓòÉΓòÉΓòÉΓòÉΓòÉΓòÉΓòÉΓòÉΓòÉΓòÉΓòÉΓòÉΓòÉΓòÉΓòÉΓòÉΓòÉΓòÉΓòÉΓòÉΓòÉΓòÉΓòÉΓòÉΓòÉΓòÉΓòÉΓòÉΓòÉΓòÉΓòÉΓòÉΓòÉΓòÉΓòÉΓòÉΓòÉΓòÉΓòÉΓòÉΓòÉ
00:11 +69 -18: C:/Users/H/Steps-to-recovery-flutter/test/grounding_exercises_screen_test.dart: Box Breathing Exercise displays breathing animation
00:11 +69 -18: C:/Users/H/Steps-to-recovery-flutter/test/home_milestone_share_test.dart: share milestone CTA prefers the highest unread milestone and clears on success [E]
  Test failed. See exception logs above.
  The test description was: share milestone CTA prefers the highest unread milestone and clears on success
  
00:12 +69 -18: C:/Users/H/Steps-to-recovery-flutter/test/home_milestone_share_test.dart: dismissed share keeps the milestone prompt and skips completion metric
[38;5;12mΓöîΓöÇΓöÇΓöÇΓöÇΓöÇΓöÇΓöÇΓöÇΓöÇΓöÇΓöÇΓöÇΓöÇΓöÇΓöÇΓöÇΓöÇΓöÇΓöÇΓöÇΓöÇΓöÇΓöÇΓöÇΓöÇΓöÇΓöÇΓöÇΓöÇΓöÇΓöÇΓöÇΓöÇΓöÇΓöÇΓöÇΓöÇΓöÇΓöÇΓöÇΓöÇΓöÇΓöÇΓöÇΓöÇΓöÇΓöÇΓöÇΓöÇΓöÇΓöÇΓöÇΓöÇΓöÇΓöÇΓöÇΓöÇΓöÇΓöÇΓöÇΓöÇΓöÇΓöÇΓöÇΓöÇΓöÇΓöÇΓöÇΓöÇΓöÇΓöÇΓöÇΓöÇΓöÇΓöÇΓöÇΓöÇΓöÇΓöÇΓöÇΓöÇΓöÇΓöÇΓöÇΓöÇΓöÇΓöÇΓöÇΓöÇΓöÇΓöÇΓöÇΓöÇΓöÇΓöÇΓöÇΓöÇΓöÇΓöÇΓöÇΓöÇΓöÇΓöÇΓöÇΓöÇΓöÇΓöÇΓöÇΓöÇΓöÇΓöÇΓöÇΓöÇΓöÇΓöÇΓöÇΓöÇΓöÇΓöÇ[0m
[38;5;12mΓöé #0   LoggerService.info (package:steps_recovery_flutter/core/services/logger_service.dart:28:13)[0m
[38;5;12mΓöé #1   _HomeScreenState._shareMilestone (package:steps_recovery_flutter/features/home/screens/home_screen.dart:223:12)[0m
[38;5;12mΓö£ΓöäΓöäΓöäΓöäΓöäΓöäΓöäΓöäΓöäΓöäΓöäΓöäΓöäΓöäΓöäΓöäΓöäΓöäΓöäΓöäΓöäΓöäΓöäΓöäΓöäΓöäΓöäΓöäΓöäΓöäΓöäΓöäΓöäΓöäΓöäΓöäΓöäΓöäΓöäΓöäΓöäΓöäΓöäΓöäΓöäΓöäΓöäΓöäΓöäΓöäΓöäΓöäΓöäΓöäΓöäΓöäΓöäΓöäΓöäΓöäΓöäΓöäΓöäΓöäΓöäΓöäΓöäΓöäΓöäΓöäΓöäΓöäΓöäΓöäΓöäΓöäΓöäΓöäΓöäΓöäΓöäΓöäΓöäΓöäΓöäΓöäΓöäΓöäΓöäΓöäΓöäΓöäΓöäΓöäΓöäΓöäΓöäΓöäΓöäΓöäΓöäΓöäΓöäΓöäΓöäΓöäΓöäΓöäΓöäΓöäΓöäΓöäΓöäΓöäΓöäΓöäΓöäΓöäΓöä[0m
[38;5;12mΓöé 11:20:26.165 (+0:00:02.111879)[0m
[38;5;12mΓö£ΓöäΓöäΓöäΓöäΓöäΓöäΓöäΓöäΓöäΓöäΓöäΓöäΓöäΓöäΓöäΓöäΓöäΓöäΓöäΓöäΓöäΓöäΓöäΓöäΓöäΓöäΓöäΓöäΓöäΓöäΓöäΓöäΓöäΓöäΓöäΓöäΓöäΓöäΓöäΓöäΓöäΓöäΓöäΓöäΓöäΓöäΓöäΓöäΓöäΓöäΓöäΓöäΓöäΓöäΓöäΓöäΓöäΓöäΓöäΓöäΓöäΓöäΓöäΓöäΓöäΓöäΓöäΓöäΓöäΓöäΓöäΓöäΓöäΓöäΓöäΓöäΓöäΓöäΓöäΓöäΓöäΓöäΓöäΓöäΓöäΓöäΓöäΓöäΓöäΓöäΓöäΓöäΓöäΓöäΓöäΓöäΓöäΓöäΓöäΓöäΓöäΓöäΓöäΓöäΓöäΓöäΓöäΓöäΓöäΓöäΓöäΓöäΓöäΓöäΓöäΓöäΓöäΓöäΓöä[0m
[38;5;12mΓöé ≡ƒÆí event=achievement_share_tapped achievementKey=milestone_7d[0m
[38;5;12mΓööΓöÇΓöÇΓöÇΓöÇΓöÇΓöÇΓöÇΓöÇΓöÇΓöÇΓöÇΓöÇΓöÇΓöÇΓöÇΓöÇΓöÇΓöÇΓöÇΓöÇΓöÇΓöÇΓöÇΓöÇΓöÇΓöÇΓöÇΓöÇΓöÇΓöÇΓöÇΓöÇΓöÇΓöÇΓöÇΓöÇΓöÇΓöÇΓöÇΓöÇΓöÇΓöÇΓöÇΓöÇΓöÇΓöÇΓöÇΓöÇΓöÇΓöÇΓöÇΓöÇΓöÇΓöÇΓöÇΓöÇΓöÇΓöÇΓöÇΓöÇΓöÇΓöÇΓöÇΓöÇΓöÇΓöÇΓöÇΓöÇΓöÇΓöÇΓöÇΓöÇΓöÇΓöÇΓöÇΓöÇΓöÇΓöÇΓöÇΓöÇΓöÇΓöÇΓöÇΓöÇΓöÇΓöÇΓöÇΓöÇΓöÇΓöÇΓöÇΓöÇΓöÇΓöÇΓöÇΓöÇΓöÇΓöÇΓöÇΓöÇΓöÇΓöÇΓöÇΓöÇΓöÇΓöÇΓöÇΓöÇΓöÇΓöÇΓöÇΓöÇΓöÇΓöÇΓöÇΓöÇΓöÇΓöÇΓöÇ[0m
[38;5;12mΓöîΓöÇΓöÇΓöÇΓöÇΓöÇΓöÇΓöÇΓöÇΓöÇΓöÇΓöÇΓöÇΓöÇΓöÇΓöÇΓöÇΓöÇΓöÇΓöÇΓöÇΓöÇΓöÇΓöÇΓöÇΓöÇΓöÇΓöÇΓöÇΓöÇΓöÇΓöÇΓöÇΓöÇΓöÇΓöÇΓöÇΓöÇΓöÇΓöÇΓöÇΓöÇΓöÇΓöÇΓöÇΓöÇΓöÇΓöÇΓöÇΓöÇΓöÇΓöÇΓöÇΓöÇΓöÇΓöÇΓöÇΓöÇΓöÇΓöÇΓöÇΓöÇΓöÇΓöÇΓöÇΓöÇΓöÇΓöÇΓöÇΓöÇΓöÇΓöÇΓöÇΓöÇΓöÇΓöÇΓöÇΓöÇΓöÇΓöÇΓöÇΓöÇΓöÇΓöÇΓöÇΓöÇΓöÇΓöÇΓöÇΓöÇΓöÇΓöÇΓöÇΓöÇΓöÇΓöÇΓöÇΓöÇΓöÇΓöÇΓöÇΓöÇΓöÇΓöÇΓöÇΓöÇΓöÇΓöÇΓöÇΓöÇΓöÇΓöÇΓöÇΓöÇΓöÇΓöÇΓöÇΓöÇΓöÇΓöÇ[0m
[38;5;12mΓöé #0   LoggerService.info (package:steps_recovery_flutter/core/services/logger_service.dart:28:13)[0m
[38;5;12mΓöé #1   _HomeScreenState._shareMilestone (package:steps_recovery_flutter/features/home/screens/home_screen.dart:257:16)[0m
[38;5;12mΓö£ΓöäΓöäΓöäΓöäΓöäΓöäΓöäΓöäΓöäΓöäΓöäΓöäΓöäΓöäΓöäΓöäΓöäΓöäΓöäΓöäΓöäΓöäΓöäΓöäΓöäΓöäΓöäΓöäΓöäΓöäΓöäΓöäΓöäΓöäΓöäΓöäΓöäΓöäΓöäΓöäΓöäΓöäΓöäΓöäΓöäΓöäΓöäΓöäΓöäΓöäΓöäΓöäΓöäΓöäΓöäΓöäΓöäΓöäΓöäΓöäΓöäΓöäΓöäΓöäΓöäΓöäΓöäΓöäΓöäΓöäΓöäΓöäΓöäΓöäΓöäΓöäΓöäΓöäΓöäΓöäΓöäΓöäΓöäΓöäΓöäΓöäΓöäΓöäΓöäΓöäΓöäΓöäΓöäΓöäΓöäΓöäΓöäΓöäΓöäΓöäΓöäΓöäΓöäΓöäΓöäΓöäΓöäΓöäΓöäΓöäΓöäΓöäΓöäΓöäΓöäΓöäΓöäΓöäΓöä[0m
[38;5;12mΓöé 11:20:26.165 (+0:00:02.111879)[0m
[38;5;12mΓö£ΓöäΓöäΓöäΓöäΓöäΓöäΓöäΓöäΓöäΓöäΓöäΓöäΓöäΓöäΓöäΓöäΓöäΓöäΓöäΓöäΓöäΓöäΓöäΓöäΓöäΓöäΓöäΓöäΓöäΓöäΓöäΓöäΓöäΓöäΓöäΓöäΓöäΓöäΓöäΓöäΓöäΓöäΓöäΓöäΓöäΓöäΓöäΓöäΓöäΓöäΓöäΓöäΓöäΓöäΓöäΓöäΓöäΓöäΓöäΓöäΓöäΓöäΓöäΓöäΓöäΓöäΓöäΓöäΓöäΓöäΓöäΓöäΓöäΓöäΓöäΓöäΓöäΓöäΓöäΓöäΓöäΓöäΓöäΓöäΓöäΓöäΓöäΓöäΓöäΓöäΓöäΓöäΓöäΓöäΓöäΓöäΓöäΓöäΓöäΓöäΓöäΓöäΓöäΓöäΓöäΓöäΓöäΓöäΓöäΓöäΓöäΓöäΓöäΓöäΓöäΓöäΓöäΓöäΓöä[0m
[38;5;12mΓöé ≡ƒÆí event=achievement_share_dismissed achievementKey=milestone_7d[0m
[38;5;12mΓööΓöÇΓöÇΓöÇΓöÇΓöÇΓöÇΓöÇΓöÇΓöÇΓöÇΓöÇΓöÇΓöÇΓöÇΓöÇΓöÇΓöÇΓöÇΓöÇΓöÇΓöÇΓöÇΓöÇΓöÇΓöÇΓöÇΓöÇΓöÇΓöÇΓöÇΓöÇΓöÇΓöÇΓöÇΓöÇΓöÇΓöÇΓöÇΓöÇΓöÇΓöÇΓöÇΓöÇΓöÇΓöÇΓöÇΓöÇΓöÇΓöÇΓöÇΓöÇΓöÇΓöÇΓöÇΓöÇΓöÇΓöÇΓöÇΓöÇΓöÇΓöÇΓöÇΓöÇΓöÇΓöÇΓöÇΓöÇΓöÇΓöÇΓöÇΓöÇΓöÇΓöÇΓöÇΓöÇΓöÇΓöÇΓöÇΓöÇΓöÇΓöÇΓöÇΓöÇΓöÇΓöÇΓöÇΓöÇΓöÇΓöÇΓöÇΓöÇΓöÇΓöÇΓöÇΓöÇΓöÇΓöÇΓöÇΓöÇΓöÇΓöÇΓöÇΓöÇΓöÇΓöÇΓöÇΓöÇΓöÇΓöÇΓöÇΓöÇΓöÇΓöÇΓöÇΓöÇΓöÇΓöÇΓöÇΓöÇ[0m
00:12 +70 -18: C:/Users/H/Steps-to-recovery-flutter/test/grounding_exercises_screen_test.dart: Box Breathing Exercise displays breathing animation
00:12 +71 -18: C:/Users/H/Steps-to-recovery-flutter/test/grounding_exercises_screen_test.dart: Box Breathing Exercise displays breathing animation
00:13 +71 -18: C:/Users/H/Steps-to-recovery-flutter/test/memory_transparency_screen_test.dart: shows empty state when no memories
ΓöîΓöÇΓöÇΓöÇΓöÇΓöÇΓöÇΓöÇΓöÇΓöÇΓöÇΓöÇΓöÇΓöÇΓöÇΓöÇΓöÇΓöÇΓöÇΓöÇΓöÇΓöÇΓöÇΓöÇΓöÇΓöÇΓöÇΓöÇΓöÇΓöÇΓöÇΓöÇΓöÇΓöÇΓöÇΓöÇΓöÇΓöÇΓöÇΓöÇΓöÇΓöÇΓöÇΓöÇΓöÇΓöÇΓöÇΓöÇΓöÇΓöÇΓöÇΓöÇΓöÇΓöÇΓöÇΓöÇΓöÇΓöÇΓöÇΓöÇΓöÇΓöÇΓöÇΓöÇΓöÇΓöÇΓöÇΓöÇΓöÇΓöÇΓöÇΓöÇΓöÇΓöÇΓöÇΓöÇΓöÇΓöÇΓöÇΓöÇΓöÇΓöÇΓöÇΓöÇΓöÇΓöÇΓöÇΓöÇΓöÇΓöÇΓöÇΓöÇΓöÇΓöÇΓöÇΓöÇΓöÇΓöÇΓöÇΓöÇΓöÇΓöÇΓöÇΓöÇΓöÇΓöÇΓöÇΓöÇΓöÇΓöÇΓöÇΓöÇΓöÇΓöÇΓöÇΓöÇΓöÇΓöÇΓöÇΓöÇ
Γöé #0   LoggerService.debug (package:steps_recovery_flutter/core/services/logger_service.dart:23:15)
Γöé #1   EncryptionService.initialize (package:steps_recovery_flutter/core/services/encryption_service.dart:61:23)
Γö£ΓöäΓöäΓöäΓöäΓöäΓöäΓöäΓöäΓöäΓöäΓöäΓöäΓöäΓöäΓöäΓöäΓöäΓöäΓöäΓöäΓöäΓöäΓöäΓöäΓöäΓöäΓöäΓöäΓöäΓöäΓöäΓöäΓöäΓöäΓöäΓöäΓöäΓöäΓöäΓöäΓöäΓöäΓöäΓöäΓöäΓöäΓöäΓöäΓöäΓöäΓöäΓöäΓöäΓöäΓöäΓöäΓöäΓöäΓöäΓöäΓöäΓöäΓöäΓöäΓöäΓöäΓöäΓöäΓöäΓöäΓöäΓöäΓöäΓöäΓöäΓöäΓöäΓöäΓöäΓöäΓöäΓöäΓöäΓöäΓöäΓöäΓöäΓöäΓöäΓöäΓöäΓöäΓöäΓöäΓöäΓöäΓöäΓöäΓöäΓöäΓöäΓöäΓöäΓöäΓöäΓöäΓöäΓöäΓöäΓöäΓöäΓöäΓöäΓöäΓöäΓöäΓöäΓöäΓöä
Γöé 11:20:27.318 (+0:00:00.002055)
Γö£ΓöäΓöäΓöäΓöäΓöäΓöäΓöäΓöäΓöäΓöäΓöäΓöäΓöäΓöäΓöäΓöäΓöäΓöäΓöäΓöäΓöäΓöäΓöäΓöäΓöäΓöäΓöäΓöäΓöäΓöäΓöäΓöäΓöäΓöäΓöäΓöäΓöäΓöäΓöäΓöäΓöäΓöäΓöäΓöäΓöäΓöäΓöäΓöäΓöäΓöäΓöäΓöäΓöäΓöäΓöäΓöäΓöäΓöäΓöäΓöäΓöäΓöäΓöäΓöäΓöäΓöäΓöäΓöäΓöäΓöäΓöäΓöäΓöäΓöäΓöäΓöäΓöäΓöäΓöäΓöäΓöäΓöäΓöäΓöäΓöäΓöäΓöäΓöäΓöäΓöäΓöäΓöäΓöäΓöäΓöäΓöäΓöäΓöäΓöäΓöäΓöäΓöäΓöäΓöäΓöäΓöäΓöäΓöäΓöäΓöäΓöäΓöäΓöäΓöäΓöäΓöäΓöäΓöäΓöä
Γöé ≡ƒÉ¢ Encryption service initialized with secure storage
ΓööΓöÇΓöÇΓöÇΓöÇΓöÇΓöÇΓöÇΓöÇΓöÇΓöÇΓöÇΓöÇΓöÇΓöÇΓöÇΓöÇΓöÇΓöÇΓöÇΓöÇΓöÇΓöÇΓöÇΓöÇΓöÇΓöÇΓöÇΓöÇΓöÇΓöÇΓöÇΓöÇΓöÇΓöÇΓöÇΓöÇΓöÇΓöÇΓöÇΓöÇΓöÇΓöÇΓöÇΓöÇΓöÇΓöÇΓöÇΓöÇΓöÇΓöÇΓöÇΓöÇΓöÇΓöÇΓöÇΓöÇΓöÇΓöÇΓöÇΓöÇΓöÇΓöÇΓöÇΓöÇΓöÇΓöÇΓöÇΓöÇΓöÇΓöÇΓöÇΓöÇΓöÇΓöÇΓöÇΓöÇΓöÇΓöÇΓöÇΓöÇΓöÇΓöÇΓöÇΓöÇΓöÇΓöÇΓöÇΓöÇΓöÇΓöÇΓöÇΓöÇΓöÇΓöÇΓöÇΓöÇΓöÇΓöÇΓöÇΓöÇΓöÇΓöÇΓöÇΓöÇΓöÇΓöÇΓöÇΓöÇΓöÇΓöÇΓöÇΓöÇΓöÇΓöÇΓöÇΓöÇΓöÇΓöÇΓöÇ
00:14 +72 -18: C:/Users/H/Steps-to-recovery-flutter/test/grounding_exercises_screen_test.dart: Box Breathing Exercise displays breathing animation
00:14 +73 -18: C:/Users/H/Steps-to-recovery-flutter/test/grounding_exercises_screen_test.dart: Box Breathing Exercise displays breathing animation
00:14 +74 -18: C:/Users/H/Steps-to-recovery-flutter/test/grounding_exercises_screen_test.dart: Box Breathing Exercise displays breathing animation
00:14 +75 -18: C:/Users/H/Steps-to-recovery-flutter/test/grounding_exercises_screen_test.dart: Box Breathing Exercise displays breathing animation
00:17 +75 -18: C:/Users/H/Steps-to-recovery-flutter/test/meetings_stats_screen_test.dart: MeetingsStatsScreen displays 90-in-90 challenge card after loading
ΓòÉΓòÉΓòí EXCEPTION CAUGHT BY FLUTTER TEST FRAMEWORK Γò₧ΓòÉΓòÉΓòÉΓòÉΓòÉΓòÉΓòÉΓòÉΓòÉΓòÉΓòÉΓòÉΓòÉΓòÉΓòÉΓòÉΓòÉΓòÉΓòÉΓòÉΓòÉΓòÉΓòÉΓòÉΓòÉΓòÉΓòÉΓòÉΓòÉΓòÉΓòÉΓòÉΓòÉΓòÉΓòÉΓòÉΓòÉΓòÉΓòÉΓòÉΓòÉΓòÉΓòÉΓòÉΓòÉΓòÉΓòÉΓòÉΓòÉΓòÉΓòÉΓòÉ
The following assertion was thrown running a test:
pumpAndSettle timed out

When the exception was thrown, this was the stack:
#0      WidgetTester.pumpAndSettle.<anonymous closure> (package:flutter_test/src/widget_tester.dart:717:11)
<asynchronous suspension>
#1      TestAsyncUtils.guard.<anonymous closure> (package:flutter_test/src/test_async_utils.dart:130:27)
<asynchronous suspension>
#2      main.<anonymous closure>.<anonymous closure> (file:///C:/Users/H/Steps-to-recovery-flutter/test/meetings_stats_screen_test.dart:27:7)
<asynchronous suspension>
#3      testWidgets.<anonymous closure>.<anonymous closure> (package:flutter_test/src/widget_tester.dart:192:15)
<asynchronous suspension>
#4      TestWidgetsFlutterBinding._runTestBody (package:flutter_test/src/binding.dart:1682:5)
<asynchronous suspension>
<asynchronous suspension>
(elided one frame from package:stack_trace)

The test description was:
  displays 90-in-90 challenge card after loading
ΓòÉΓòÉΓòÉΓòÉΓòÉΓòÉΓòÉΓòÉΓòÉΓòÉΓòÉΓòÉΓòÉΓòÉΓòÉΓòÉΓòÉΓòÉΓòÉΓòÉΓòÉΓòÉΓòÉΓòÉΓòÉΓòÉΓòÉΓòÉΓòÉΓòÉΓòÉΓòÉΓòÉΓòÉΓòÉΓòÉΓòÉΓòÉΓòÉΓòÉΓòÉΓòÉΓòÉΓòÉΓòÉΓòÉΓòÉΓòÉΓòÉΓòÉΓòÉΓòÉΓòÉΓòÉΓòÉΓòÉΓòÉΓòÉΓòÉΓòÉΓòÉΓòÉΓòÉΓòÉΓòÉΓòÉΓòÉΓòÉΓòÉΓòÉΓòÉΓòÉΓòÉΓòÉΓòÉΓòÉΓòÉΓòÉΓòÉΓòÉΓòÉΓòÉΓòÉΓòÉΓòÉΓòÉΓòÉΓòÉΓòÉΓòÉΓòÉΓòÉΓòÉΓòÉΓòÉΓòÉΓòÉΓòÉΓòÉΓòÉ
00:17 +75 -19: C:/Users/H/Steps-to-recovery-flutter/test/grounding_exercises_screen_test.dart: Box Breathing Exercise displays breathing animation
00:17 +75 -19: C:/Users/H/Steps-to-recovery-flutter/test/meetings_stats_screen_test.dart: MeetingsStatsScreen displays 90-in-90 challenge card after loading [E]
  Test failed. See exception logs above.
  The test description was: displays 90-in-90 challenge card after loading
  
00:18 +75 -19: C:/Users/H/Steps-to-recovery-flutter/test/milestone_celebration_screen_test.dart: shows milestone title and continue button
ΓöîΓöÇΓöÇΓöÇΓöÇΓöÇΓöÇΓöÇΓöÇΓöÇΓöÇΓöÇΓöÇΓöÇΓöÇΓöÇΓöÇΓöÇΓöÇΓöÇΓöÇΓöÇΓöÇΓöÇΓöÇΓöÇΓöÇΓöÇΓöÇΓöÇΓöÇΓöÇΓöÇΓöÇΓöÇΓöÇΓöÇΓöÇΓöÇΓöÇΓöÇΓöÇΓöÇΓöÇΓöÇΓöÇΓöÇΓöÇΓöÇΓöÇΓöÇΓöÇΓöÇΓöÇΓöÇΓöÇΓöÇΓöÇΓöÇΓöÇΓöÇΓöÇΓöÇΓöÇΓöÇΓöÇΓöÇΓöÇΓöÇΓöÇΓöÇΓöÇΓöÇΓöÇΓöÇΓöÇΓöÇΓöÇΓöÇΓöÇΓöÇΓöÇΓöÇΓöÇΓöÇΓöÇΓöÇΓöÇΓöÇΓöÇΓöÇΓöÇΓöÇΓöÇΓöÇΓöÇΓöÇΓöÇΓöÇΓöÇΓöÇΓöÇΓöÇΓöÇΓöÇΓöÇΓöÇΓöÇΓöÇΓöÇΓöÇΓöÇΓöÇΓöÇΓöÇΓöÇΓöÇΓöÇΓöÇΓöÇ
Γöé #0   LoggerService.debug (package:steps_recovery_flutter/core/services/logger_service.dart:23:15)
Γöé #1   EncryptionService.initialize (package:steps_recovery_flutter/core/services/encryption_service.dart:61:23)
Γö£ΓöäΓöäΓöäΓöäΓöäΓöäΓöäΓöäΓöäΓöäΓöäΓöäΓöäΓöäΓöäΓöäΓöäΓöäΓöäΓöäΓöäΓöäΓöäΓöäΓöäΓöäΓöäΓöäΓöäΓöäΓöäΓöäΓöäΓöäΓöäΓöäΓöäΓöäΓöäΓöäΓöäΓöäΓöäΓöäΓöäΓöäΓöäΓöäΓöäΓöäΓöäΓöäΓöäΓöäΓöäΓöäΓöäΓöäΓöäΓöäΓöäΓöäΓöäΓöäΓöäΓöäΓöäΓöäΓöäΓöäΓöäΓöäΓöäΓöäΓöäΓöäΓöäΓöäΓöäΓöäΓöäΓöäΓöäΓöäΓöäΓöäΓöäΓöäΓöäΓöäΓöäΓöäΓöäΓöäΓöäΓöäΓöäΓöäΓöäΓöäΓöäΓöäΓöäΓöäΓöäΓöäΓöäΓöäΓöäΓöäΓöäΓöäΓöäΓöäΓöäΓöäΓöäΓöäΓöä
Γöé 11:20:31.646 (+0:00:00.002048)
Γö£ΓöäΓöäΓöäΓöäΓöäΓöäΓöäΓöäΓöäΓöäΓöäΓöäΓöäΓöäΓöäΓöäΓöäΓöäΓöäΓöäΓöäΓöäΓöäΓöäΓöäΓöäΓöäΓöäΓöäΓöäΓöäΓöäΓöäΓöäΓöäΓöäΓöäΓöäΓöäΓöäΓöäΓöäΓöäΓöäΓöäΓöäΓöäΓöäΓöäΓöäΓöäΓöäΓöäΓöäΓöäΓöäΓöäΓöäΓöäΓöäΓöäΓöäΓöäΓöäΓöäΓöäΓöäΓöäΓöäΓöäΓöäΓöäΓöäΓöäΓöäΓöäΓöäΓöäΓöäΓöäΓöäΓöäΓöäΓöäΓöäΓöäΓöäΓöäΓöäΓöäΓöäΓöäΓöäΓöäΓöäΓöäΓöäΓöäΓöäΓöäΓöäΓöäΓöäΓöäΓöäΓöäΓöäΓöäΓöäΓöäΓöäΓöäΓöäΓöäΓöäΓöäΓöäΓöäΓöä
Γöé ≡ƒÉ¢ Encryption service initialized with secure storage
ΓööΓöÇΓöÇΓöÇΓöÇΓöÇΓöÇΓöÇΓöÇΓöÇΓöÇΓöÇΓöÇΓöÇΓöÇΓöÇΓöÇΓöÇΓöÇΓöÇΓöÇΓöÇΓöÇΓöÇΓöÇΓöÇΓöÇΓöÇΓöÇΓöÇΓöÇΓöÇΓöÇΓöÇΓöÇΓöÇΓöÇΓöÇΓöÇΓöÇΓöÇΓöÇΓöÇΓöÇΓöÇΓöÇΓöÇΓöÇΓöÇΓöÇΓöÇΓöÇΓöÇΓöÇΓöÇΓöÇΓöÇΓöÇΓöÇΓöÇΓöÇΓöÇΓöÇΓöÇΓöÇΓöÇΓöÇΓöÇΓöÇΓöÇΓöÇΓöÇΓöÇΓöÇΓöÇΓöÇΓöÇΓöÇΓöÇΓöÇΓöÇΓöÇΓöÇΓöÇΓöÇΓöÇΓöÇΓöÇΓöÇΓöÇΓöÇΓöÇΓöÇΓöÇΓöÇΓöÇΓöÇΓöÇΓöÇΓöÇΓöÇΓöÇΓöÇΓöÇΓöÇΓöÇΓöÇΓöÇΓöÇΓöÇΓöÇΓöÇΓöÇΓöÇΓöÇΓöÇΓöÇΓöÇΓöÇΓöÇ
ΓöîΓöÇΓöÇΓöÇΓöÇΓöÇΓöÇΓöÇΓöÇΓöÇΓöÇΓöÇΓöÇΓöÇΓöÇΓöÇΓöÇΓöÇΓöÇΓöÇΓöÇΓöÇΓöÇΓöÇΓöÇΓöÇΓöÇΓöÇΓöÇΓöÇΓöÇΓöÇΓöÇΓöÇΓöÇΓöÇΓöÇΓöÇΓöÇΓöÇΓöÇΓöÇΓöÇΓöÇΓöÇΓöÇΓöÇΓöÇΓöÇΓöÇΓöÇΓöÇΓöÇΓöÇΓöÇΓöÇΓöÇΓöÇΓöÇΓöÇΓöÇΓöÇΓöÇΓöÇΓöÇΓöÇΓöÇΓöÇΓöÇΓöÇΓöÇΓöÇΓöÇΓöÇΓöÇΓöÇΓöÇΓöÇΓöÇΓöÇΓöÇΓöÇΓöÇΓöÇΓöÇΓöÇΓöÇΓöÇΓöÇΓöÇΓöÇΓöÇΓöÇΓöÇΓöÇΓöÇΓöÇΓöÇΓöÇΓöÇΓöÇΓöÇΓöÇΓöÇΓöÇΓöÇΓöÇΓöÇΓöÇΓöÇΓöÇΓöÇΓöÇΓöÇΓöÇΓöÇΓöÇΓöÇΓöÇΓöÇ
Γöé #0   LoggerService.debug (package:steps_recovery_flutter/core/services/logger_service.dart:23:15)
Γöé #1   DatabaseService.initialize (package:steps_recovery_flutter/core/services/database_service.dart:77:21)
Γö£ΓöäΓöäΓöäΓöäΓöäΓöäΓöäΓöäΓöäΓöäΓöäΓöäΓöäΓöäΓöäΓöäΓöäΓöäΓöäΓöäΓöäΓöäΓöäΓöäΓöäΓöäΓöäΓöäΓöäΓöäΓöäΓöäΓöäΓöäΓöäΓöäΓöäΓöäΓöäΓöäΓöäΓöäΓöäΓöäΓöäΓöäΓöäΓöäΓöäΓöäΓöäΓöäΓöäΓöäΓöäΓöäΓöäΓöäΓöäΓöäΓöäΓöäΓöäΓöäΓöäΓöäΓöäΓöäΓöäΓöäΓöäΓöäΓöäΓöäΓöäΓöäΓöäΓöäΓöäΓöäΓöäΓöäΓöäΓöäΓöäΓöäΓöäΓöäΓöäΓöäΓöäΓöäΓöäΓöäΓöäΓöäΓöäΓöäΓöäΓöäΓöäΓöäΓöäΓöäΓöäΓöäΓöäΓöäΓöäΓöäΓöäΓöäΓöäΓöäΓöäΓöäΓöäΓöäΓöä
Γöé 11:20:31.665 (+0:00:00.020917)
Γö£ΓöäΓöäΓöäΓöäΓöäΓöäΓöäΓöäΓöäΓöäΓöäΓöäΓöäΓöäΓöäΓöäΓöäΓöäΓöäΓöäΓöäΓöäΓöäΓöäΓöäΓöäΓöäΓöäΓöäΓöäΓöäΓöäΓöäΓöäΓöäΓöäΓöäΓöäΓöäΓöäΓöäΓöäΓöäΓöäΓöäΓöäΓöäΓöäΓöäΓöäΓöäΓöäΓöäΓöäΓöäΓöäΓöäΓöäΓöäΓöäΓöäΓöäΓöäΓöäΓöäΓöäΓöäΓöäΓöäΓöäΓöäΓöäΓöäΓöäΓöäΓöäΓöäΓöäΓöäΓöäΓöäΓöäΓöäΓöäΓöäΓöäΓöäΓöäΓöäΓöäΓöäΓöäΓöäΓöäΓöäΓöäΓöäΓöäΓöäΓöäΓöäΓöäΓöäΓöäΓöäΓöäΓöäΓöäΓöäΓöäΓöäΓöäΓöäΓöäΓöäΓöäΓöäΓöäΓöä
Γöé ≡ƒÉ¢ DatabaseService initialized (encryption secure: true)
ΓööΓöÇΓöÇΓöÇΓöÇΓöÇΓöÇΓöÇΓöÇΓöÇΓöÇΓöÇΓöÇΓöÇΓöÇΓöÇΓöÇΓöÇΓöÇΓöÇΓöÇΓöÇΓöÇΓöÇΓöÇΓöÇΓöÇΓöÇΓöÇΓöÇΓöÇΓöÇΓöÇΓöÇΓöÇΓöÇΓöÇΓöÇΓöÇΓöÇΓöÇΓöÇΓöÇΓöÇΓöÇΓöÇΓöÇΓöÇΓöÇΓöÇΓöÇΓöÇΓöÇΓöÇΓöÇΓöÇΓöÇΓöÇΓöÇΓöÇΓöÇΓöÇΓöÇΓöÇΓöÇΓöÇΓöÇΓöÇΓöÇΓöÇΓöÇΓöÇΓöÇΓöÇΓöÇΓöÇΓöÇΓöÇΓöÇΓöÇΓöÇΓöÇΓöÇΓöÇΓöÇΓöÇΓöÇΓöÇΓöÇΓöÇΓöÇΓöÇΓöÇΓöÇΓöÇΓöÇΓöÇΓöÇΓöÇΓöÇΓöÇΓöÇΓöÇΓöÇΓöÇΓöÇΓöÇΓöÇΓöÇΓöÇΓöÇΓöÇΓöÇΓöÇΓöÇΓöÇΓöÇΓöÇΓöÇΓöÇ
00:18 +76 -19: C:/Users/H/Steps-to-recovery-flutter/test/grounding_exercises_screen_test.dart: Box Breathing Exercise displays breathing animation
00:18 +77 -19: C:/Users/H/Steps-to-recovery-flutter/test/grounding_exercises_screen_test.dart: Box Breathing Exercise displays breathing animation
00:18 +78 -19: C:/Users/H/Steps-to-recovery-flutter/test/grounding_exercises_screen_test.dart: Box Breathing Exercise displays breathing animation
00:18 +79 -19: C:/Users/H/Steps-to-recovery-flutter/test/grounding_exercises_screen_test.dart: Box Breathing Exercise displays breathing animation
00:19 +80 -19: C:/Users/H/Steps-to-recovery-flutter/test/grounding_exercises_screen_test.dart: Box Breathing Exercise displays breathing animation
00:19 +81 -19: C:/Users/H/Steps-to-recovery-flutter/test/grounding_exercises_screen_test.dart: Box Breathing Exercise displays breathing animation
00:19 +82 -19: C:/Users/H/Steps-to-recovery-flutter/test/grounding_exercises_screen_test.dart: Box Breathing Exercise displays breathing animation
00:19 +83 -19: C:/Users/H/Steps-to-recovery-flutter/test/grounding_exercises_screen_test.dart: Box Breathing Exercise displays breathing animation
ΓòÉΓòÉΓòí EXCEPTION CAUGHT BY FLUTTER TEST FRAMEWORK Γò₧ΓòÉΓòÉΓòÉΓòÉΓòÉΓòÉΓòÉΓòÉΓòÉΓòÉΓòÉΓòÉΓòÉΓòÉΓòÉΓòÉΓòÉΓòÉΓòÉΓòÉΓòÉΓòÉΓòÉΓòÉΓòÉΓòÉΓòÉΓòÉΓòÉΓòÉΓòÉΓòÉΓòÉΓòÉΓòÉΓòÉΓòÉΓòÉΓòÉΓòÉΓòÉΓòÉΓòÉΓòÉΓòÉΓòÉΓòÉΓòÉΓòÉΓòÉΓòÉΓòÉ
The following assertion was thrown running a test:
pumpAndSettle timed out

When the exception was thrown, this was the stack:
#0      WidgetTester.pumpAndSettle.<anonymous closure> (package:flutter_test/src/widget_tester.dart:717:11)
<asynchronous suspension>
#1      TestAsyncUtils.guard.<anonymous closure> (package:flutter_test/src/test_async_utils.dart:130:27)
<asynchronous suspension>
#2      main.<anonymous closure>.<anonymous closure> (file:///C:/Users/H/Steps-to-recovery-flutter/test/grounding_exercises_screen_test.dart:119:7)
<asynchronous suspension>
#3      testWidgets.<anonymous closure>.<anonymous closure> (package:flutter_test/src/widget_tester.dart:192:15)
<asynchronous suspension>
#4      TestWidgetsFlutterBinding._runTestBody (package:flutter_test/src/binding.dart:1682:5)
<asynchronous suspension>
<asynchronous suspension>
(elided one frame from package:stack_trace)

The test description was:
  displays breathing animation
ΓòÉΓòÉΓòÉΓòÉΓòÉΓòÉΓòÉΓòÉΓòÉΓòÉΓòÉΓòÉΓòÉΓòÉΓòÉΓòÉΓòÉΓòÉΓòÉΓòÉΓòÉΓòÉΓòÉΓòÉΓòÉΓòÉΓòÉΓòÉΓòÉΓòÉΓòÉΓòÉΓòÉΓòÉΓòÉΓòÉΓòÉΓòÉΓòÉΓòÉΓòÉΓòÉΓòÉΓòÉΓòÉΓòÉΓòÉΓòÉΓòÉΓòÉΓòÉΓòÉΓòÉΓòÉΓòÉΓòÉΓòÉΓòÉΓòÉΓòÉΓòÉΓòÉΓòÉΓòÉΓòÉΓòÉΓòÉΓòÉΓòÉΓòÉΓòÉΓòÉΓòÉΓòÉΓòÉΓòÉΓòÉΓòÉΓòÉΓòÉΓòÉΓòÉΓòÉΓòÉΓòÉΓòÉΓòÉΓòÉΓòÉΓòÉΓòÉΓòÉΓòÉΓòÉΓòÉΓòÉΓòÉΓòÉΓòÉΓòÉ
00:20 +83 -20: C:/Users/H/Steps-to-recovery-flutter/test/meetings_stats_screen_test.dart: MeetingsStatsScreen displays attendance overview section
00:20 +83 -20: C:/Users/H/Steps-to-recovery-flutter/test/grounding_exercises_screen_test.dart: Box Breathing Exercise displays breathing animation [E]
  Test failed. See exception logs above.
  The test description was: displays breathing animation
  
00:20 +84 -20: C:/Users/H/Steps-to-recovery-flutter/test/meetings_stats_screen_test.dart: MeetingsStatsScreen displays attendance overview section
00:20 +85 -20: C:/Users/H/Steps-to-recovery-flutter/test/meetings_stats_screen_test.dart: MeetingsStatsScreen displays attendance overview section
00:20 +86 -20: C:/Users/H/Steps-to-recovery-flutter/test/meetings_stats_screen_test.dart: MeetingsStatsScreen displays attendance overview section
00:20 +87 -20: C:/Users/H/Steps-to-recovery-flutter/test/meetings_stats_screen_test.dart: MeetingsStatsScreen displays attendance overview section
00:20 +88 -20: C:/Users/H/Steps-to-recovery-flutter/test/meetings_stats_screen_test.dart: MeetingsStatsScreen displays attendance overview section
00:20 +89 -20: C:/Users/H/Steps-to-recovery-flutter/test/meetings_stats_screen_test.dart: MeetingsStatsScreen displays attendance overview section
00:20 +90 -20: C:/Users/H/Steps-to-recovery-flutter/test/meetings_stats_screen_test.dart: MeetingsStatsScreen displays attendance overview section
00:20 +91 -20: C:/Users/H/Steps-to-recovery-flutter/test/meetings_stats_screen_test.dart: MeetingsStatsScreen displays attendance overview section
00:20 +92 -20: C:/Users/H/Steps-to-recovery-flutter/test/meetings_stats_screen_test.dart: MeetingsStatsScreen displays attendance overview section
00:20 +93 -20: C:/Users/H/Steps-to-recovery-flutter/test/meetings_stats_screen_test.dart: MeetingsStatsScreen displays attendance overview section
00:20 +94 -20: C:/Users/H/Steps-to-recovery-flutter/test/meetings_stats_screen_test.dart: MeetingsStatsScreen displays attendance overview section
00:20 +95 -20: C:/Users/H/Steps-to-recovery-flutter/test/meetings_stats_screen_test.dart: MeetingsStatsScreen displays attendance overview section
00:20 +96 -20: C:/Users/H/Steps-to-recovery-flutter/test/meetings_stats_screen_test.dart: MeetingsStatsScreen displays attendance overview section
00:20 +97 -20: C:/Users/H/Steps-to-recovery-flutter/test/meetings_stats_screen_test.dart: MeetingsStatsScreen displays attendance overview section
00:20 +98 -20: C:/Users/H/Steps-to-recovery-flutter/test/meetings_stats_screen_test.dart: MeetingsStatsScreen displays attendance overview section
00:20 +99 -20: C:/Users/H/Steps-to-recovery-flutter/test/meetings_stats_screen_test.dart: MeetingsStatsScreen displays attendance overview section
00:21 +100 -20: C:/Users/H/Steps-to-recovery-flutter/test/meetings_stats_screen_test.dart: MeetingsStatsScreen displays attendance overview section
00:21 +101 -20: C:/Users/H/Steps-to-recovery-flutter/test/meetings_stats_screen_test.dart: MeetingsStatsScreen displays attendance overview section
00:21 +102 -20: C:/Users/H/Steps-to-recovery-flutter/test/meetings_stats_screen_test.dart: MeetingsStatsScreen displays attendance overview section
00:21 +103 -20: C:/Users/H/Steps-to-recovery-flutter/test/meetings_stats_screen_test.dart: MeetingsStatsScreen displays attendance overview section
00:21 +104 -20: C:/Users/H/Steps-to-recovery-flutter/test/meetings_stats_screen_test.dart: MeetingsStatsScreen displays attendance overview section
00:21 +105 -20: C:/Users/H/Steps-to-recovery-flutter/test/meetings_stats_screen_test.dart: MeetingsStatsScreen displays attendance overview section
00:21 +106 -20: C:/Users/H/Steps-to-recovery-flutter/test/meetings_stats_screen_test.dart: MeetingsStatsScreen displays attendance overview section
ΓòÉΓòÉΓòí EXCEPTION CAUGHT BY FLUTTER TEST FRAMEWORK Γò₧ΓòÉΓòÉΓòÉΓòÉΓòÉΓòÉΓòÉΓòÉΓòÉΓòÉΓòÉΓòÉΓòÉΓòÉΓòÉΓòÉΓòÉΓòÉΓòÉΓòÉΓòÉΓòÉΓòÉΓòÉΓòÉΓòÉΓòÉΓòÉΓòÉΓòÉΓòÉΓòÉΓòÉΓòÉΓòÉΓòÉΓòÉΓòÉΓòÉΓòÉΓòÉΓòÉΓòÉΓòÉΓòÉΓòÉΓòÉΓòÉΓòÉΓòÉΓòÉΓòÉ
The following assertion was thrown running a test:
pumpAndSettle timed out

When the exception was thrown, this was the stack:
#0      WidgetTester.pumpAndSettle.<anonymous closure> (package:flutter_test/src/widget_tester.dart:717:11)
<asynchronous suspension>
#1      TestAsyncUtils.guard.<anonymous closure> (package:flutter_test/src/test_async_utils.dart:130:27)
<asynchronous suspension>
#2      main.<anonymous closure>.<anonymous closure> (file:///C:/Users/H/Steps-to-recovery-flutter/test/meetings_stats_screen_test.dart:40:7)
<asynchronous suspension>
#3      testWidgets.<anonymous closure>.<anonymous closure> (package:flutter_test/src/widget_tester.dart:192:15)
<asynchronous suspension>
#4      TestWidgetsFlutterBinding._runTestBody (package:flutter_test/src/binding.dart:1682:5)
<asynchronous suspension>
<asynchronous suspension>
(elided one frame from package:stack_trace)

The test description was:
  displays attendance overview section
ΓòÉΓòÉΓòÉΓòÉΓòÉΓòÉΓòÉΓòÉΓòÉΓòÉΓòÉΓòÉΓòÉΓòÉΓòÉΓòÉΓòÉΓòÉΓòÉΓòÉΓòÉΓòÉΓòÉΓòÉΓòÉΓòÉΓòÉΓòÉΓòÉΓòÉΓòÉΓòÉΓòÉΓòÉΓòÉΓòÉΓòÉΓòÉΓòÉΓòÉΓòÉΓòÉΓòÉΓòÉΓòÉΓòÉΓòÉΓòÉΓòÉΓòÉΓòÉΓòÉΓòÉΓòÉΓòÉΓòÉΓòÉΓòÉΓòÉΓòÉΓòÉΓòÉΓòÉΓòÉΓòÉΓòÉΓòÉΓòÉΓòÉΓòÉΓòÉΓòÉΓòÉΓòÉΓòÉΓòÉΓòÉΓòÉΓòÉΓòÉΓòÉΓòÉΓòÉΓòÉΓòÉΓòÉΓòÉΓòÉΓòÉΓòÉΓòÉΓòÉΓòÉΓòÉΓòÉΓòÉΓòÉΓòÉΓòÉΓòÉ
00:21 +106 -21: C:/Users/H/Steps-to-recovery-flutter/test/grounding_exercises_screen_test.dart: Box Breathing Exercise shows breathing instructions
00:21 +106 -21: C:/Users/H/Steps-to-recovery-flutter/test/meetings_stats_screen_test.dart: MeetingsStatsScreen displays attendance overview section [E]
  Test failed. See exception logs above.
  The test description was: displays attendance overview section
  
00:22 +107 -21: C:/Users/H/Steps-to-recovery-flutter/test/grounding_exercises_screen_test.dart: Box Breathing Exercise shows breathing instructions
00:22 +108 -21: C:/Users/H/Steps-to-recovery-flutter/test/grounding_exercises_screen_test.dart: Box Breathing Exercise shows breathing instructions
00:22 +109 -21: C:/Users/H/Steps-to-recovery-flutter/test/grounding_exercises_screen_test.dart: Box Breathing Exercise shows breathing instructions
00:22 +110 -21: C:/Users/H/Steps-to-recovery-flutter/test/grounding_exercises_screen_test.dart: Box Breathing Exercise shows breathing instructions
00:22 +111 -21: C:/Users/H/Steps-to-recovery-flutter/test/grounding_exercises_screen_test.dart: Box Breathing Exercise shows breathing instructions
00:22 +112 -21: C:/Users/H/Steps-to-recovery-flutter/test/grounding_exercises_screen_test.dart: Box Breathing Exercise shows breathing instructions
00:22 +113 -21: C:/Users/H/Steps-to-recovery-flutter/test/grounding_exercises_screen_test.dart: Box Breathing Exercise shows breathing instructions
00:22 +114 -21: C:/Users/H/Steps-to-recovery-flutter/test/grounding_exercises_screen_test.dart: Box Breathing Exercise shows breathing instructions
00:22 +115 -21: C:/Users/H/Steps-to-recovery-flutter/test/grounding_exercises_screen_test.dart: Box Breathing Exercise shows breathing instructions
00:22 +116 -21: C:/Users/H/Steps-to-recovery-flutter/test/grounding_exercises_screen_test.dart: Box Breathing Exercise shows breathing instructions
00:22 +117 -21: C:/Users/H/Steps-to-recovery-flutter/test/grounding_exercises_screen_test.dart: Box Breathing Exercise shows breathing instructions
00:22 +118 -21: C:/Users/H/Steps-to-recovery-flutter/test/grounding_exercises_screen_test.dart: Box Breathing Exercise shows breathing instructions
00:22 +119 -21: C:/Users/H/Steps-to-recovery-flutter/test/grounding_exercises_screen_test.dart: Box Breathing Exercise shows breathing instructions
00:22 +120 -21: C:/Users/H/Steps-to-recovery-flutter/test/grounding_exercises_screen_test.dart: Box Breathing Exercise shows breathing instructions
00:22 +121 -21: C:/Users/H/Steps-to-recovery-flutter/test/grounding_exercises_screen_test.dart: Box Breathing Exercise shows breathing instructions
00:22 +122 -21: C:/Users/H/Steps-to-recovery-flutter/test/grounding_exercises_screen_test.dart: Box Breathing Exercise shows breathing instructions
00:22 +123 -21: C:/Users/H/Steps-to-recovery-flutter/test/grounding_exercises_screen_test.dart: Box Breathing Exercise shows breathing instructions
00:22 +124 -21: C:/Users/H/Steps-to-recovery-flutter/test/grounding_exercises_screen_test.dart: Box Breathing Exercise shows breathing instructions
00:22 +125 -21: C:/Users/H/Steps-to-recovery-flutter/test/grounding_exercises_screen_test.dart: Box Breathing Exercise shows breathing instructions
00:22 +126 -21: C:/Users/H/Steps-to-recovery-flutter/test/grounding_exercises_screen_test.dart: Box Breathing Exercise shows breathing instructions
00:22 +127 -21: C:/Users/H/Steps-to-recovery-flutter/test/grounding_exercises_screen_test.dart: Box Breathing Exercise shows breathing instructions
00:22 +128 -21: C:/Users/H/Steps-to-recovery-flutter/test/grounding_exercises_screen_test.dart: Box Breathing Exercise shows breathing instructions
00:22 +129 -21: C:/Users/H/Steps-to-recovery-flutter/test/grounding_exercises_screen_test.dart: Box Breathing Exercise shows breathing instructions
00:22 +130 -21: C:/Users/H/Steps-to-recovery-flutter/test/grounding_exercises_screen_test.dart: Box Breathing Exercise shows breathing instructions
00:22 +131 -21: C:/Users/H/Steps-to-recovery-flutter/test/grounding_exercises_screen_test.dart: Box Breathing Exercise shows breathing instructions
00:22 +132 -21: C:/Users/H/Steps-to-recovery-flutter/test/grounding_exercises_screen_test.dart: Box Breathing Exercise shows breathing instructions
00:22 +133 -21: C:/Users/H/Steps-to-recovery-flutter/test/grounding_exercises_screen_test.dart: Box Breathing Exercise shows breathing instructions
00:22 +134 -21: C:/Users/H/Steps-to-recovery-flutter/test/grounding_exercises_screen_test.dart: Box Breathing Exercise shows breathing instructions
00:22 +135 -21: C:/Users/H/Steps-to-recovery-flutter/test/grounding_exercises_screen_test.dart: Box Breathing Exercise shows breathing instructions
00:22 +136 -21: C:/Users/H/Steps-to-recovery-flutter/test/grounding_exercises_screen_test.dart: Box Breathing Exercise shows breathing instructions
00:22 +137 -21: C:/Users/H/Steps-to-recovery-flutter/test/grounding_exercises_screen_test.dart: Box Breathing Exercise shows breathing instructions
00:22 +138 -21: C:/Users/H/Steps-to-recovery-flutter/test/grounding_exercises_screen_test.dart: Box Breathing Exercise shows breathing instructions
00:22 +139 -21: C:/Users/H/Steps-to-recovery-flutter/test/grounding_exercises_screen_test.dart: Box Breathing Exercise shows breathing instructions
00:22 +140 -21: C:/Users/H/Steps-to-recovery-flutter/test/grounding_exercises_screen_test.dart: Box Breathing Exercise shows breathing instructions
00:22 +141 -21: C:/Users/H/Steps-to-recovery-flutter/test/grounding_exercises_screen_test.dart: Box Breathing Exercise shows breathing instructions
00:22 +142 -21: C:/Users/H/Steps-to-recovery-flutter/test/grounding_exercises_screen_test.dart: Box Breathing Exercise shows breathing instructions
00:22 +143 -21: C:/Users/H/Steps-to-recovery-flutter/test/grounding_exercises_screen_test.dart: Box Breathing Exercise shows breathing instructions
00:22 +144 -21: C:/Users/H/Steps-to-recovery-flutter/test/grounding_exercises_screen_test.dart: Box Breathing Exercise shows breathing instructions
00:22 +145 -21: C:/Users/H/Steps-to-recovery-flutter/test/grounding_exercises_screen_test.dart: Box Breathing Exercise shows breathing instructions
00:22 +146 -21: C:/Users/H/Steps-to-recovery-flutter/test/grounding_exercises_screen_test.dart: Box Breathing Exercise shows breathing instructions
00:23 +146 -21: C:/Users/H/Steps-to-recovery-flutter/test/meetings_stats_screen_test.dart: MeetingsStatsScreen displays stat cards
ΓòÉΓòÉΓòí EXCEPTION CAUGHT BY FLUTTER TEST FRAMEWORK Γò₧ΓòÉΓòÉΓòÉΓòÉΓòÉΓòÉΓòÉΓòÉΓòÉΓòÉΓòÉΓòÉΓòÉΓòÉΓòÉΓòÉΓòÉΓòÉΓòÉΓòÉΓòÉΓòÉΓòÉΓòÉΓòÉΓòÉΓòÉΓòÉΓòÉΓòÉΓòÉΓòÉΓòÉΓòÉΓòÉΓòÉΓòÉΓòÉΓòÉΓòÉΓòÉΓòÉΓòÉΓòÉΓòÉΓòÉΓòÉΓòÉΓòÉΓòÉΓòÉΓòÉ
The following assertion was thrown running a test:
pumpAndSettle timed out

When the exception was thrown, this was the stack:
#0      WidgetTester.pumpAndSettle.<anonymous closure> (package:flutter_test/src/widget_tester.dart:717:11)
<asynchronous suspension>
#1      TestAsyncUtils.guard.<anonymous closure> (package:flutter_test/src/test_async_utils.dart:130:27)
<asynchronous suspension>
#2      main.<anonymous closure>.<anonymous closure> (file:///C:/Users/H/Steps-to-recovery-flutter/test/meetings_stats_screen_test.dart:52:7)
<asynchronous suspension>
#3      testWidgets.<anonymous closure>.<anonymous closure> (package:flutter_test/src/widget_tester.dart:192:15)
<asynchronous suspension>
#4      TestWidgetsFlutterBinding._runTestBody (package:flutter_test/src/binding.dart:1682:5)
<asynchronous suspension>
<asynchronous suspension>
(elided one frame from package:stack_trace)

The test description was:
  displays stat cards
ΓòÉΓòÉΓòÉΓòÉΓòÉΓòÉΓòÉΓòÉΓòÉΓòÉΓòÉΓòÉΓòÉΓòÉΓòÉΓòÉΓòÉΓòÉΓòÉΓòÉΓòÉΓòÉΓòÉΓòÉΓòÉΓòÉΓòÉΓòÉΓòÉΓòÉΓòÉΓòÉΓòÉΓòÉΓòÉΓòÉΓòÉΓòÉΓòÉΓòÉΓòÉΓòÉΓòÉΓòÉΓòÉΓòÉΓòÉΓòÉΓòÉΓòÉΓòÉΓòÉΓòÉΓòÉΓòÉΓòÉΓòÉΓòÉΓòÉΓòÉΓòÉΓòÉΓòÉΓòÉΓòÉΓòÉΓòÉΓòÉΓòÉΓòÉΓòÉΓòÉΓòÉΓòÉΓòÉΓòÉΓòÉΓòÉΓòÉΓòÉΓòÉΓòÉΓòÉΓòÉΓòÉΓòÉΓòÉΓòÉΓòÉΓòÉΓòÉΓòÉΓòÉΓòÉΓòÉΓòÉΓòÉΓòÉΓòÉΓòÉ
00:23 +146 -22: C:/Users/H/Steps-to-recovery-flutter/test/grounding_exercises_screen_test.dart: Box Breathing Exercise shows breathing instructions
00:23 +146 -22: C:/Users/H/Steps-to-recovery-flutter/test/meetings_stats_screen_test.dart: MeetingsStatsScreen displays stat cards [E]
  Test failed. See exception logs above.
  The test description was: displays stat cards
  
00:25 +146 -22: C:/Users/H/Steps-to-recovery-flutter/test/router_feature_shell_test.dart: signed-in shell uses the richer feature home, journal, and meetings screens
ΓöîΓöÇΓöÇΓöÇΓöÇΓöÇΓöÇΓöÇΓöÇΓöÇΓöÇΓöÇΓöÇΓöÇΓöÇΓöÇΓöÇΓöÇΓöÇΓöÇΓöÇΓöÇΓöÇΓöÇΓöÇΓöÇΓöÇΓöÇΓöÇΓöÇΓöÇΓöÇΓöÇΓöÇΓöÇΓöÇΓöÇΓöÇΓöÇΓöÇΓöÇΓöÇΓöÇΓöÇΓöÇΓöÇΓöÇΓöÇΓöÇΓöÇΓöÇΓöÇΓöÇΓöÇΓöÇΓöÇΓöÇΓöÇΓöÇΓöÇΓöÇΓöÇΓöÇΓöÇΓöÇΓöÇΓöÇΓöÇΓöÇΓöÇΓöÇΓöÇΓöÇΓöÇΓöÇΓöÇΓöÇΓöÇΓöÇΓöÇΓöÇΓöÇΓöÇΓöÇΓöÇΓöÇΓöÇΓöÇΓöÇΓöÇΓöÇΓöÇΓöÇΓöÇΓöÇΓöÇΓöÇΓöÇΓöÇΓöÇΓöÇΓöÇΓöÇΓöÇΓöÇΓöÇΓöÇΓöÇΓöÇΓöÇΓöÇΓöÇΓöÇΓöÇΓöÇΓöÇΓöÇΓöÇΓöÇΓöÇ
Γöé #0   LoggerService.debug (package:steps_recovery_flutter/core/services/logger_service.dart:23:15)
Γöé #1   EncryptionService.initialize (package:steps_recovery_flutter/core/services/encryption_service.dart:61:23)
Γö£ΓöäΓöäΓöäΓöäΓöäΓöäΓöäΓöäΓöäΓöäΓöäΓöäΓöäΓöäΓöäΓöäΓöäΓöäΓöäΓöäΓöäΓöäΓöäΓöäΓöäΓöäΓöäΓöäΓöäΓöäΓöäΓöäΓöäΓöäΓöäΓöäΓöäΓöäΓöäΓöäΓöäΓöäΓöäΓöäΓöäΓöäΓöäΓöäΓöäΓöäΓöäΓöäΓöäΓöäΓöäΓöäΓöäΓöäΓöäΓöäΓöäΓöäΓöäΓöäΓöäΓöäΓöäΓöäΓöäΓöäΓöäΓöäΓöäΓöäΓöäΓöäΓöäΓöäΓöäΓöäΓöäΓöäΓöäΓöäΓöäΓöäΓöäΓöäΓöäΓöäΓöäΓöäΓöäΓöäΓöäΓöäΓöäΓöäΓöäΓöäΓöäΓöäΓöäΓöäΓöäΓöäΓöäΓöäΓöäΓöäΓöäΓöäΓöäΓöäΓöäΓöäΓöäΓöäΓöä
Γöé 11:20:37.641 (+0:00:00.000000)
Γö£ΓöäΓöäΓöäΓöäΓöäΓöäΓöäΓöäΓöäΓöäΓöäΓöäΓöäΓöäΓöäΓöäΓöäΓöäΓöäΓöäΓöäΓöäΓöäΓöäΓöäΓöäΓöäΓöäΓöäΓöäΓöäΓöäΓöäΓöäΓöäΓöäΓöäΓöäΓöäΓöäΓöäΓöäΓöäΓöäΓöäΓöäΓöäΓöäΓöäΓöäΓöäΓöäΓöäΓöäΓöäΓöäΓöäΓöäΓöäΓöäΓöäΓöäΓöäΓöäΓöäΓöäΓöäΓöäΓöäΓöäΓöäΓöäΓöäΓöäΓöäΓöäΓöäΓöäΓöäΓöäΓöäΓöäΓöäΓöäΓöäΓöäΓöäΓöäΓöäΓöäΓöäΓöäΓöäΓöäΓöäΓöäΓöäΓöäΓöäΓöäΓöäΓöäΓöäΓöäΓöäΓöäΓöäΓöäΓöäΓöäΓöäΓöäΓöäΓöäΓöäΓöäΓöäΓöäΓöä
Γöé ≡ƒÉ¢ Encryption service initialized with secure storage
ΓööΓöÇΓöÇΓöÇΓöÇΓöÇΓöÇΓöÇΓöÇΓöÇΓöÇΓöÇΓöÇΓöÇΓöÇΓöÇΓöÇΓöÇΓöÇΓöÇΓöÇΓöÇΓöÇΓöÇΓöÇΓöÇΓöÇΓöÇΓöÇΓöÇΓöÇΓöÇΓöÇΓöÇΓöÇΓöÇΓöÇΓöÇΓöÇΓöÇΓöÇΓöÇΓöÇΓöÇΓöÇΓöÇΓöÇΓöÇΓöÇΓöÇΓöÇΓöÇΓöÇΓöÇΓöÇΓöÇΓöÇΓöÇΓöÇΓöÇΓöÇΓöÇΓöÇΓöÇΓöÇΓöÇΓöÇΓöÇΓöÇΓöÇΓöÇΓöÇΓöÇΓöÇΓöÇΓöÇΓöÇΓöÇΓöÇΓöÇΓöÇΓöÇΓöÇΓöÇΓöÇΓöÇΓöÇΓöÇΓöÇΓöÇΓöÇΓöÇΓöÇΓöÇΓöÇΓöÇΓöÇΓöÇΓöÇΓöÇΓöÇΓöÇΓöÇΓöÇΓöÇΓöÇΓöÇΓöÇΓöÇΓöÇΓöÇΓöÇΓöÇΓöÇΓöÇΓöÇΓöÇΓöÇΓöÇΓöÇ
ΓöîΓöÇΓöÇΓöÇΓöÇΓöÇΓöÇΓöÇΓöÇΓöÇΓöÇΓöÇΓöÇΓöÇΓöÇΓöÇΓöÇΓöÇΓöÇΓöÇΓöÇΓöÇΓöÇΓöÇΓöÇΓöÇΓöÇΓöÇΓöÇΓöÇΓöÇΓöÇΓöÇΓöÇΓöÇΓöÇΓöÇΓöÇΓöÇΓöÇΓöÇΓöÇΓöÇΓöÇΓöÇΓöÇΓöÇΓöÇΓöÇΓöÇΓöÇΓöÇΓöÇΓöÇΓöÇΓöÇΓöÇΓöÇΓöÇΓöÇΓöÇΓöÇΓöÇΓöÇΓöÇΓöÇΓöÇΓöÇΓöÇΓöÇΓöÇΓöÇΓöÇΓöÇΓöÇΓöÇΓöÇΓöÇΓöÇΓöÇΓöÇΓöÇΓöÇΓöÇΓöÇΓöÇΓöÇΓöÇΓöÇΓöÇΓöÇΓöÇΓöÇΓöÇΓöÇΓöÇΓöÇΓöÇΓöÇΓöÇΓöÇΓöÇΓöÇΓöÇΓöÇΓöÇΓöÇΓöÇΓöÇΓöÇΓöÇΓöÇΓöÇΓöÇΓöÇΓöÇΓöÇΓöÇΓöÇΓöÇ
Γöé #0   LoggerService.debug (package:steps_recovery_flutter/core/services/logger_service.dart:23:15)
Γöé #1   DatabaseService.initialize (package:steps_recovery_flutter/core/services/database_service.dart:77:21)
Γö£ΓöäΓöäΓöäΓöäΓöäΓöäΓöäΓöäΓöäΓöäΓöäΓöäΓöäΓöäΓöäΓöäΓöäΓöäΓöäΓöäΓöäΓöäΓöäΓöäΓöäΓöäΓöäΓöäΓöäΓöäΓöäΓöäΓöäΓöäΓöäΓöäΓöäΓöäΓöäΓöäΓöäΓöäΓöäΓöäΓöäΓöäΓöäΓöäΓöäΓöäΓöäΓöäΓöäΓöäΓöäΓöäΓöäΓöäΓöäΓöäΓöäΓöäΓöäΓöäΓöäΓöäΓöäΓöäΓöäΓöäΓöäΓöäΓöäΓöäΓöäΓöäΓöäΓöäΓöäΓöäΓöäΓöäΓöäΓöäΓöäΓöäΓöäΓöäΓöäΓöäΓöäΓöäΓöäΓöäΓöäΓöäΓöäΓöäΓöäΓöäΓöäΓöäΓöäΓöäΓöäΓöäΓöäΓöäΓöäΓöäΓöäΓöäΓöäΓöäΓöäΓöäΓöäΓöäΓöä
Γöé 11:20:37.641 (+0:00:00.000000)
Γö£ΓöäΓöäΓöäΓöäΓöäΓöäΓöäΓöäΓöäΓöäΓöäΓöäΓöäΓöäΓöäΓöäΓöäΓöäΓöäΓöäΓöäΓöäΓöäΓöäΓöäΓöäΓöäΓöäΓöäΓöäΓöäΓöäΓöäΓöäΓöäΓöäΓöäΓöäΓöäΓöäΓöäΓöäΓöäΓöäΓöäΓöäΓöäΓöäΓöäΓöäΓöäΓöäΓöäΓöäΓöäΓöäΓöäΓöäΓöäΓöäΓöäΓöäΓöäΓöäΓöäΓöäΓöäΓöäΓöäΓöäΓöäΓöäΓöäΓöäΓöäΓöäΓöäΓöäΓöäΓöäΓöäΓöäΓöäΓöäΓöäΓöäΓöäΓöäΓöäΓöäΓöäΓöäΓöäΓöäΓöäΓöäΓöäΓöäΓöäΓöäΓöäΓöäΓöäΓöäΓöäΓöäΓöäΓöäΓöäΓöäΓöäΓöäΓöäΓöäΓöäΓöäΓöäΓöäΓöä
Γöé ≡ƒÉ¢ DatabaseService initialized (encryption secure: true)
ΓööΓöÇΓöÇΓöÇΓöÇΓöÇΓöÇΓöÇΓöÇΓöÇΓöÇΓöÇΓöÇΓöÇΓöÇΓöÇΓöÇΓöÇΓöÇΓöÇΓöÇΓöÇΓöÇΓöÇΓöÇΓöÇΓöÇΓöÇΓöÇΓöÇΓöÇΓöÇΓöÇΓöÇΓöÇΓöÇΓöÇΓöÇΓöÇΓöÇΓöÇΓöÇΓöÇΓöÇΓöÇΓöÇΓöÇΓöÇΓöÇΓöÇΓöÇΓöÇΓöÇΓöÇΓöÇΓöÇΓöÇΓöÇΓöÇΓöÇΓöÇΓöÇΓöÇΓöÇΓöÇΓöÇΓöÇΓöÇΓöÇΓöÇΓöÇΓöÇΓöÇΓöÇΓöÇΓöÇΓöÇΓöÇΓöÇΓöÇΓöÇΓöÇΓöÇΓöÇΓöÇΓöÇΓöÇΓöÇΓöÇΓöÇΓöÇΓöÇΓöÇΓöÇΓöÇΓöÇΓöÇΓöÇΓöÇΓöÇΓöÇΓöÇΓöÇΓöÇΓöÇΓöÇΓöÇΓöÇΓöÇΓöÇΓöÇΓöÇΓöÇΓöÇΓöÇΓöÇΓöÇΓöÇΓöÇΓöÇ
00:25 +147 -22: C:/Users/H/Steps-to-recovery-flutter/test/grounding_exercises_screen_test.dart: Box Breathing Exercise shows breathing instructions
00:25 +147 -22: C:/Users/H/Steps-to-recovery-flutter/test/meetings_stats_screen_test.dart: MeetingsStatsScreen displays achievements section
ΓòÉΓòÉΓòí EXCEPTION CAUGHT BY FLUTTER TEST FRAMEWORK Γò₧ΓòÉΓòÉΓòÉΓòÉΓòÉΓòÉΓòÉΓòÉΓòÉΓòÉΓòÉΓòÉΓòÉΓòÉΓòÉΓòÉΓòÉΓòÉΓòÉΓòÉΓòÉΓòÉΓòÉΓòÉΓòÉΓòÉΓòÉΓòÉΓòÉΓòÉΓòÉΓòÉΓòÉΓòÉΓòÉΓòÉΓòÉΓòÉΓòÉΓòÉΓòÉΓòÉΓòÉΓòÉΓòÉΓòÉΓòÉΓòÉΓòÉΓòÉΓòÉΓòÉ
The following assertion was thrown running a test:
pumpAndSettle timed out

When the exception was thrown, this was the stack:
#0      WidgetTester.pumpAndSettle.<anonymous closure> (package:flutter_test/src/widget_tester.dart:717:11)
<asynchronous suspension>
#1      TestAsyncUtils.guard.<anonymous closure> (package:flutter_test/src/test_async_utils.dart:130:27)
<asynchronous suspension>
#2      main.<anonymous closure>.<anonymous closure> (file:///C:/Users/H/Steps-to-recovery-flutter/test/meetings_stats_screen_test.dart:68:7)
<asynchronous suspension>
#3      testWidgets.<anonymous closure>.<anonymous closure> (package:flutter_test/src/widget_tester.dart:192:15)
<asynchronous suspension>
#4      TestWidgetsFlutterBinding._runTestBody (package:flutter_test/src/binding.dart:1682:5)
<asynchronous suspension>
<asynchronous suspension>
(elided one frame from package:stack_trace)

The test description was:
  displays achievements section
ΓòÉΓòÉΓòÉΓòÉΓòÉΓòÉΓòÉΓòÉΓòÉΓòÉΓòÉΓòÉΓòÉΓòÉΓòÉΓòÉΓòÉΓòÉΓòÉΓòÉΓòÉΓòÉΓòÉΓòÉΓòÉΓòÉΓòÉΓòÉΓòÉΓòÉΓòÉΓòÉΓòÉΓòÉΓòÉΓòÉΓòÉΓòÉΓòÉΓòÉΓòÉΓòÉΓòÉΓòÉΓòÉΓòÉΓòÉΓòÉΓòÉΓòÉΓòÉΓòÉΓòÉΓòÉΓòÉΓòÉΓòÉΓòÉΓòÉΓòÉΓòÉΓòÉΓòÉΓòÉΓòÉΓòÉΓòÉΓòÉΓòÉΓòÉΓòÉΓòÉΓòÉΓòÉΓòÉΓòÉΓòÉΓòÉΓòÉΓòÉΓòÉΓòÉΓòÉΓòÉΓòÉΓòÉΓòÉΓòÉΓòÉΓòÉΓòÉΓòÉΓòÉΓòÉΓòÉΓòÉΓòÉΓòÉΓòÉΓòÉ
00:25 +147 -23: C:/Users/H/Steps-to-recovery-flutter/test/grounding_exercises_screen_test.dart: Box Breathing Exercise shows breathing instructions
00:25 +147 -23: C:/Users/H/Steps-to-recovery-flutter/test/meetings_stats_screen_test.dart: MeetingsStatsScreen displays achievements section [E]
  Test failed. See exception logs above.
  The test description was: displays achievements section
  
00:27 +147 -23: C:/Users/H/Steps-to-recovery-flutter/test/grounding_exercises_screen_test.dart: Box Breathing Exercise shows breathing instructions
ΓòÉΓòÉΓòí EXCEPTION CAUGHT BY FLUTTER TEST FRAMEWORK Γò₧ΓòÉΓòÉΓòÉΓòÉΓòÉΓòÉΓòÉΓòÉΓòÉΓòÉΓòÉΓòÉΓòÉΓòÉΓòÉΓòÉΓòÉΓòÉΓòÉΓòÉΓòÉΓòÉΓòÉΓòÉΓòÉΓòÉΓòÉΓòÉΓòÉΓòÉΓòÉΓòÉΓòÉΓòÉΓòÉΓòÉΓòÉΓòÉΓòÉΓòÉΓòÉΓòÉΓòÉΓòÉΓòÉΓòÉΓòÉΓòÉΓòÉΓòÉΓòÉΓòÉ
The following assertion was thrown running a test:
pumpAndSettle timed out

When the exception was thrown, this was the stack:
#0      WidgetTester.pumpAndSettle.<anonymous closure> (package:flutter_test/src/widget_tester.dart:717:11)
<asynchronous suspension>
#1      TestAsyncUtils.guard.<anonymous closure> (package:flutter_test/src/test_async_utils.dart:130:27)
<asynchronous suspension>
#2      main.<anonymous closure>.<anonymous closure> (file:///C:/Users/H/Steps-to-recovery-flutter/test/grounding_exercises_screen_test.dart:134:7)
<asynchronous suspension>
#3      testWidgets.<anonymous closure>.<anonymous closure> (package:flutter_test/src/widget_tester.dart:192:15)
<asynchronous suspension>
#4      TestWidgetsFlutterBinding._runTestBody (package:flutter_test/src/binding.dart:1682:5)
<asynchronous suspension>
<asynchronous suspension>
(elided one frame from package:stack_trace)

The test description was:
  shows breathing instructions
ΓòÉΓòÉΓòÉΓòÉΓòÉΓòÉΓòÉΓòÉΓòÉΓòÉΓòÉΓòÉΓòÉΓòÉΓòÉΓòÉΓòÉΓòÉΓòÉΓòÉΓòÉΓòÉΓòÉΓòÉΓòÉΓòÉΓòÉΓòÉΓòÉΓòÉΓòÉΓòÉΓòÉΓòÉΓòÉΓòÉΓòÉΓòÉΓòÉΓòÉΓòÉΓòÉΓòÉΓòÉΓòÉΓòÉΓòÉΓòÉΓòÉΓòÉΓòÉΓòÉΓòÉΓòÉΓòÉΓòÉΓòÉΓòÉΓòÉΓòÉΓòÉΓòÉΓòÉΓòÉΓòÉΓòÉΓòÉΓòÉΓòÉΓòÉΓòÉΓòÉΓòÉΓòÉΓòÉΓòÉΓòÉΓòÉΓòÉΓòÉΓòÉΓòÉΓòÉΓòÉΓòÉΓòÉΓòÉΓòÉΓòÉΓòÉΓòÉΓòÉΓòÉΓòÉΓòÉΓòÉΓòÉΓòÉΓòÉΓòÉ
00:27 +147 -24: C:/Users/H/Steps-to-recovery-flutter/test/meetings_stats_screen_test.dart: MeetingsStatsScreen has refresh indicator
00:27 +147 -24: C:/Users/H/Steps-to-recovery-flutter/test/grounding_exercises_screen_test.dart: Box Breathing Exercise shows breathing instructions [E]
  Test failed. See exception logs above.
  The test description was: shows breathing instructions
  
00:28 +147 -24: C:/Users/H/Steps-to-recovery-flutter/test/meetings_stats_screen_test.dart: MeetingsStatsScreen has refresh indicator
ΓòÉΓòÉΓòí EXCEPTION CAUGHT BY FLUTTER TEST FRAMEWORK Γò₧ΓòÉΓòÉΓòÉΓòÉΓòÉΓòÉΓòÉΓòÉΓòÉΓòÉΓòÉΓòÉΓòÉΓòÉΓòÉΓòÉΓòÉΓòÉΓòÉΓòÉΓòÉΓòÉΓòÉΓòÉΓòÉΓòÉΓòÉΓòÉΓòÉΓòÉΓòÉΓòÉΓòÉΓòÉΓòÉΓòÉΓòÉΓòÉΓòÉΓòÉΓòÉΓòÉΓòÉΓòÉΓòÉΓòÉΓòÉΓòÉΓòÉΓòÉΓòÉΓòÉ
The following assertion was thrown running a test:
pumpAndSettle timed out

When the exception was thrown, this was the stack:
#0      WidgetTester.pumpAndSettle.<anonymous closure> (package:flutter_test/src/widget_tester.dart:717:11)
<asynchronous suspension>
#1      TestAsyncUtils.guard.<anonymous closure> (package:flutter_test/src/test_async_utils.dart:130:27)
<asynchronous suspension>
#2      main.<anonymous closure>.<anonymous closure> (file:///C:/Users/H/Steps-to-recovery-flutter/test/meetings_stats_screen_test.dart:80:7)
<asynchronous suspension>
#3      testWidgets.<anonymous closure>.<anonymous closure> (package:flutter_test/src/widget_tester.dart:192:15)
<asynchronous suspension>
#4      TestWidgetsFlutterBinding._runTestBody (package:flutter_test/src/binding.dart:1682:5)
<asynchronous suspension>
<asynchronous suspension>
(elided one frame from package:stack_trace)

The test description was:
  has refresh indicator
ΓòÉΓòÉΓòÉΓòÉΓòÉΓòÉΓòÉΓòÉΓòÉΓòÉΓòÉΓòÉΓòÉΓòÉΓòÉΓòÉΓòÉΓòÉΓòÉΓòÉΓòÉΓòÉΓòÉΓòÉΓòÉΓòÉΓòÉΓòÉΓòÉΓòÉΓòÉΓòÉΓòÉΓòÉΓòÉΓòÉΓòÉΓòÉΓòÉΓòÉΓòÉΓòÉΓòÉΓòÉΓòÉΓòÉΓòÉΓòÉΓòÉΓòÉΓòÉΓòÉΓòÉΓòÉΓòÉΓòÉΓòÉΓòÉΓòÉΓòÉΓòÉΓòÉΓòÉΓòÉΓòÉΓòÉΓòÉΓòÉΓòÉΓòÉΓòÉΓòÉΓòÉΓòÉΓòÉΓòÉΓòÉΓòÉΓòÉΓòÉΓòÉΓòÉΓòÉΓòÉΓòÉΓòÉΓòÉΓòÉΓòÉΓòÉΓòÉΓòÉΓòÉΓòÉΓòÉΓòÉΓòÉΓòÉΓòÉΓòÉ
00:28 +147 -25: C:/Users/H/Steps-to-recovery-flutter/test/settings_screen_test.dart: settings screen saves reminder times chosen from time pickers
00:28 +147 -25: C:/Users/H/Steps-to-recovery-flutter/test/meetings_stats_screen_test.dart: MeetingsStatsScreen has refresh indicator [E]
  Test failed. See exception logs above.
  The test description was: has refresh indicator
  
00:29 +147 -25: C:/Users/H/Steps-to-recovery-flutter/test/settings_screen_test.dart: settings screen saves reminder times chosen from time pickers
ΓöîΓöÇΓöÇΓöÇΓöÇΓöÇΓöÇΓöÇΓöÇΓöÇΓöÇΓöÇΓöÇΓöÇΓöÇΓöÇΓöÇΓöÇΓöÇΓöÇΓöÇΓöÇΓöÇΓöÇΓöÇΓöÇΓöÇΓöÇΓöÇΓöÇΓöÇΓöÇΓöÇΓöÇΓöÇΓöÇΓöÇΓöÇΓöÇΓöÇΓöÇΓöÇΓöÇΓöÇΓöÇΓöÇΓöÇΓöÇΓöÇΓöÇΓöÇΓöÇΓöÇΓöÇΓöÇΓöÇΓöÇΓöÇΓöÇΓöÇΓöÇΓöÇΓöÇΓöÇΓöÇΓöÇΓöÇΓöÇΓöÇΓöÇΓöÇΓöÇΓöÇΓöÇΓöÇΓöÇΓöÇΓöÇΓöÇΓöÇΓöÇΓöÇΓöÇΓöÇΓöÇΓöÇΓöÇΓöÇΓöÇΓöÇΓöÇΓöÇΓöÇΓöÇΓöÇΓöÇΓöÇΓöÇΓöÇΓöÇΓöÇΓöÇΓöÇΓöÇΓöÇΓöÇΓöÇΓöÇΓöÇΓöÇΓöÇΓöÇΓöÇΓöÇΓöÇΓöÇΓöÇΓöÇΓöÇΓöÇ
Γöé #0   LoggerService.debug (package:steps_recovery_flutter/core/services/logger_service.dart:23:15)
Γöé #1   EncryptionService.initialize (package:steps_recovery_flutter/core/services/encryption_service.dart:61:23)
Γö£ΓöäΓöäΓöäΓöäΓöäΓöäΓöäΓöäΓöäΓöäΓöäΓöäΓöäΓöäΓöäΓöäΓöäΓöäΓöäΓöäΓöäΓöäΓöäΓöäΓöäΓöäΓöäΓöäΓöäΓöäΓöäΓöäΓöäΓöäΓöäΓöäΓöäΓöäΓöäΓöäΓöäΓöäΓöäΓöäΓöäΓöäΓöäΓöäΓöäΓöäΓöäΓöäΓöäΓöäΓöäΓöäΓöäΓöäΓöäΓöäΓöäΓöäΓöäΓöäΓöäΓöäΓöäΓöäΓöäΓöäΓöäΓöäΓöäΓöäΓöäΓöäΓöäΓöäΓöäΓöäΓöäΓöäΓöäΓöäΓöäΓöäΓöäΓöäΓöäΓöäΓöäΓöäΓöäΓöäΓöäΓöäΓöäΓöäΓöäΓöäΓöäΓöäΓöäΓöäΓöäΓöäΓöäΓöäΓöäΓöäΓöäΓöäΓöäΓöäΓöäΓöäΓöäΓöäΓöä
Γöé 11:20:40.661 (+0:00:00.000000)
Γö£ΓöäΓöäΓöäΓöäΓöäΓöäΓöäΓöäΓöäΓöäΓöäΓöäΓöäΓöäΓöäΓöäΓöäΓöäΓöäΓöäΓöäΓöäΓöäΓöäΓöäΓöäΓöäΓöäΓöäΓöäΓöäΓöäΓöäΓöäΓöäΓöäΓöäΓöäΓöäΓöäΓöäΓöäΓöäΓöäΓöäΓöäΓöäΓöäΓöäΓöäΓöäΓöäΓöäΓöäΓöäΓöäΓöäΓöäΓöäΓöäΓöäΓöäΓöäΓöäΓöäΓöäΓöäΓöäΓöäΓöäΓöäΓöäΓöäΓöäΓöäΓöäΓöäΓöäΓöäΓöäΓöäΓöäΓöäΓöäΓöäΓöäΓöäΓöäΓöäΓöäΓöäΓöäΓöäΓöäΓöäΓöäΓöäΓöäΓöäΓöäΓöäΓöäΓöäΓöäΓöäΓöäΓöäΓöäΓöäΓöäΓöäΓöäΓöäΓöäΓöäΓöäΓöäΓöäΓöä
Γöé ≡ƒÉ¢ Encryption service initialized with secure storage
ΓööΓöÇΓöÇΓöÇΓöÇΓöÇΓöÇΓöÇΓöÇΓöÇΓöÇΓöÇΓöÇΓöÇΓöÇΓöÇΓöÇΓöÇΓöÇΓöÇΓöÇΓöÇΓöÇΓöÇΓöÇΓöÇΓöÇΓöÇΓöÇΓöÇΓöÇΓöÇΓöÇΓöÇΓöÇΓöÇΓöÇΓöÇΓöÇΓöÇΓöÇΓöÇΓöÇΓöÇΓöÇΓöÇΓöÇΓöÇΓöÇΓöÇΓöÇΓöÇΓöÇΓöÇΓöÇΓöÇΓöÇΓöÇΓöÇΓöÇΓöÇΓöÇΓöÇΓöÇΓöÇΓöÇΓöÇΓöÇΓöÇΓöÇΓöÇΓöÇΓöÇΓöÇΓöÇΓöÇΓöÇΓöÇΓöÇΓöÇΓöÇΓöÇΓöÇΓöÇΓöÇΓöÇΓöÇΓöÇΓöÇΓöÇΓöÇΓöÇΓöÇΓöÇΓöÇΓöÇΓöÇΓöÇΓöÇΓöÇΓöÇΓöÇΓöÇΓöÇΓöÇΓöÇΓöÇΓöÇΓöÇΓöÇΓöÇΓöÇΓöÇΓöÇΓöÇΓöÇΓöÇΓöÇΓöÇΓöÇ
ΓöîΓöÇΓöÇΓöÇΓöÇΓöÇΓöÇΓöÇΓöÇΓöÇΓöÇΓöÇΓöÇΓöÇΓöÇΓöÇΓöÇΓöÇΓöÇΓöÇΓöÇΓöÇΓöÇΓöÇΓöÇΓöÇΓöÇΓöÇΓöÇΓöÇΓöÇΓöÇΓöÇΓöÇΓöÇΓöÇΓöÇΓöÇΓöÇΓöÇΓöÇΓöÇΓöÇΓöÇΓöÇΓöÇΓöÇΓöÇΓöÇΓöÇΓöÇΓöÇΓöÇΓöÇΓöÇΓöÇΓöÇΓöÇΓöÇΓöÇΓöÇΓöÇΓöÇΓöÇΓöÇΓöÇΓöÇΓöÇΓöÇΓöÇΓöÇΓöÇΓöÇΓöÇΓöÇΓöÇΓöÇΓöÇΓöÇΓöÇΓöÇΓöÇΓöÇΓöÇΓöÇΓöÇΓöÇΓöÇΓöÇΓöÇΓöÇΓöÇΓöÇΓöÇΓöÇΓöÇΓöÇΓöÇΓöÇΓöÇΓöÇΓöÇΓöÇΓöÇΓöÇΓöÇΓöÇΓöÇΓöÇΓöÇΓöÇΓöÇΓöÇΓöÇΓöÇΓöÇΓöÇΓöÇΓöÇΓöÇ
Γöé #0   LoggerService.debug (package:steps_recovery_flutter/core/services/logger_service.dart:23:15)
Γöé #1   DatabaseService.initialize (package:steps_recovery_flutter/core/services/database_service.dart:77:21)
Γö£ΓöäΓöäΓöäΓöäΓöäΓöäΓöäΓöäΓöäΓöäΓöäΓöäΓöäΓöäΓöäΓöäΓöäΓöäΓöäΓöäΓöäΓöäΓöäΓöäΓöäΓöäΓöäΓöäΓöäΓöäΓöäΓöäΓöäΓöäΓöäΓöäΓöäΓöäΓöäΓöäΓöäΓöäΓöäΓöäΓöäΓöäΓöäΓöäΓöäΓöäΓöäΓöäΓöäΓöäΓöäΓöäΓöäΓöäΓöäΓöäΓöäΓöäΓöäΓöäΓöäΓöäΓöäΓöäΓöäΓöäΓöäΓöäΓöäΓöäΓöäΓöäΓöäΓöäΓöäΓöäΓöäΓöäΓöäΓöäΓöäΓöäΓöäΓöäΓöäΓöäΓöäΓöäΓöäΓöäΓöäΓöäΓöäΓöäΓöäΓöäΓöäΓöäΓöäΓöäΓöäΓöäΓöäΓöäΓöäΓöäΓöäΓöäΓöäΓöäΓöäΓöäΓöäΓöäΓöä
Γöé 11:20:40.661 (+0:00:00.000000)
Γö£ΓöäΓöäΓöäΓöäΓöäΓöäΓöäΓöäΓöäΓöäΓöäΓöäΓöäΓöäΓöäΓöäΓöäΓöäΓöäΓöäΓöäΓöäΓöäΓöäΓöäΓöäΓöäΓöäΓöäΓöäΓöäΓöäΓöäΓöäΓöäΓöäΓöäΓöäΓöäΓöäΓöäΓöäΓöäΓöäΓöäΓöäΓöäΓöäΓöäΓöäΓöäΓöäΓöäΓöäΓöäΓöäΓöäΓöäΓöäΓöäΓöäΓöäΓöäΓöäΓöäΓöäΓöäΓöäΓöäΓöäΓöäΓöäΓöäΓöäΓöäΓöäΓöäΓöäΓöäΓöäΓöäΓöäΓöäΓöäΓöäΓöäΓöäΓöäΓöäΓöäΓöäΓöäΓöäΓöäΓöäΓöäΓöäΓöäΓöäΓöäΓöäΓöäΓöäΓöäΓöäΓöäΓöäΓöäΓöäΓöäΓöäΓöäΓöäΓöäΓöäΓöäΓöäΓöäΓöä
Γöé ≡ƒÉ¢ DatabaseService initialized (encryption secure: true)
ΓööΓöÇΓöÇΓöÇΓöÇΓöÇΓöÇΓöÇΓöÇΓöÇΓöÇΓöÇΓöÇΓöÇΓöÇΓöÇΓöÇΓöÇΓöÇΓöÇΓöÇΓöÇΓöÇΓöÇΓöÇΓöÇΓöÇΓöÇΓöÇΓöÇΓöÇΓöÇΓöÇΓöÇΓöÇΓöÇΓöÇΓöÇΓöÇΓöÇΓöÇΓöÇΓöÇΓöÇΓöÇΓöÇΓöÇΓöÇΓöÇΓöÇΓöÇΓöÇΓöÇΓöÇΓöÇΓöÇΓöÇΓöÇΓöÇΓöÇΓöÇΓöÇΓöÇΓöÇΓöÇΓöÇΓöÇΓöÇΓöÇΓöÇΓöÇΓöÇΓöÇΓöÇΓöÇΓöÇΓöÇΓöÇΓöÇΓöÇΓöÇΓöÇΓöÇΓöÇΓöÇΓöÇΓöÇΓöÇΓöÇΓöÇΓöÇΓöÇΓöÇΓöÇΓöÇΓöÇΓöÇΓöÇΓöÇΓöÇΓöÇΓöÇΓöÇΓöÇΓöÇΓöÇΓöÇΓöÇΓöÇΓöÇΓöÇΓöÇΓöÇΓöÇΓöÇΓöÇΓöÇΓöÇΓöÇΓöÇ

Warning: A call to tap() with finder "Found 1 widget with text "Save changes": [
  Text("Save changes", dependencies: [DefaultSelectionStyle, DefaultTextStyle, MediaQuery, _ScrollableScope]),
]" derived an Offset (Offset(400.0, 600.0)) that would not hit test on the specified widget.
Maybe the widget is actually off-screen, or another widget is obscuring it, or the widget cannot receive pointer events.
Indeed, Offset(400.0, 600.0) is outside the bounds of the root of the render tree, Size(800.0, 600.0).
The finder corresponds to this RenderBox: RenderParagraph#ed8b0 relayoutBoundary=up17
The hit test result at that offset is: HitTestResult(HitTestEntry<HitTestTarget>#2e050(_ReusableRenderView#ba587), HitTestEntry<HitTestTarget>#82ed8(<AutomatedTestWidgetsFlutterBinding>))
#0      WidgetController._getElementPoint (package:flutter_test/src/controller.dart:2158:25)
#1      WidgetController.getCenter (package:flutter_test/src/controller.dart:1942:12)
#2      WidgetController.tap (package:flutter_test/src/controller.dart:1075:7)
#3      main.<anonymous closure> (file:///C:/Users/H/Steps-to-recovery-flutter/test/settings_screen_test.dart:41:18)
<asynchronous suspension>
#4      testWidgets.<anonymous closure>.<anonymous closure> (package:flutter_test/src/widget_tester.dart:192:15)
<asynchronous suspension>
#5      TestWidgetsFlutterBinding._runTestBody (package:flutter_test/src/binding.dart:1682:5)
<asynchronous suspension>
#6      StackZoneSpecification._registerCallback.<anonymous closure> (package:stack_trace/src/stack_zone_specification.dart:114:42)
<asynchronous suspension>
To silence this warning, pass "warnIfMissed: false" to "tap()".
To make this warning fatal, set WidgetController.hitTestWarningShouldBeFatal to true.

ΓòÉΓòÉΓòí EXCEPTION CAUGHT BY FLUTTER TEST FRAMEWORK Γò₧ΓòÉΓòÉΓòÉΓòÉΓòÉΓòÉΓòÉΓòÉΓòÉΓòÉΓòÉΓòÉΓòÉΓòÉΓòÉΓòÉΓòÉΓòÉΓòÉΓòÉΓòÉΓòÉΓòÉΓòÉΓòÉΓòÉΓòÉΓòÉΓòÉΓòÉΓòÉΓòÉΓòÉΓòÉΓòÉΓòÉΓòÉΓòÉΓòÉΓòÉΓòÉΓòÉΓòÉΓòÉΓòÉΓòÉΓòÉΓòÉΓòÉΓòÉΓòÉΓòÉ
The following TestFailure was thrown running a test:
Expected: '07:15'
  Actual: '08:00'
   Which: is different.
          Expected: 07:15
            Actual: 08:00
                     ^
           Differ at offset 1

When the exception was thrown, this was the stack:
#4      main.<anonymous closure> (file:///C:/Users/H/Steps-to-recovery-flutter/test/settings_screen_test.dart:44:5)
<asynchronous suspension>
#5      testWidgets.<anonymous closure>.<anonymous closure> (package:flutter_test/src/widget_tester.dart:192:15)
<asynchronous suspension>
#6      TestWidgetsFlutterBinding._runTestBody (package:flutter_test/src/binding.dart:1682:5)
<asynchronous suspension>
<asynchronous suspension>
(elided one frame from package:stack_trace)

This was caught by the test expectation on the following line:
  file:///C:/Users/H/Steps-to-recovery-flutter/test/settings_screen_test.dart line 44
The test description was:
  settings screen saves reminder times chosen from time pickers
ΓòÉΓòÉΓòÉΓòÉΓòÉΓòÉΓòÉΓòÉΓòÉΓòÉΓòÉΓòÉΓòÉΓòÉΓòÉΓòÉΓòÉΓòÉΓòÉΓòÉΓòÉΓòÉΓòÉΓòÉΓòÉΓòÉΓòÉΓòÉΓòÉΓòÉΓòÉΓòÉΓòÉΓòÉΓòÉΓòÉΓòÉΓòÉΓòÉΓòÉΓòÉΓòÉΓòÉΓòÉΓòÉΓòÉΓòÉΓòÉΓòÉΓòÉΓòÉΓòÉΓòÉΓòÉΓòÉΓòÉΓòÉΓòÉΓòÉΓòÉΓòÉΓòÉΓòÉΓòÉΓòÉΓòÉΓòÉΓòÉΓòÉΓòÉΓòÉΓòÉΓòÉΓòÉΓòÉΓòÉΓòÉΓòÉΓòÉΓòÉΓòÉΓòÉΓòÉΓòÉΓòÉΓòÉΓòÉΓòÉΓòÉΓòÉΓòÉΓòÉΓòÉΓòÉΓòÉΓòÉΓòÉΓòÉΓòÉΓòÉ
00:29 +147 -26: C:/Users/H/Steps-to-recovery-flutter/test/grounding_exercises_screen_test.dart: Box Breathing Exercise has start/stop controls
00:29 +147 -26: C:/Users/H/Steps-to-recovery-flutter/test/settings_screen_test.dart: settings screen saves reminder times chosen from time pickers [E]
  Test failed. See exception logs above.
  The test description was: settings screen saves reminder times chosen from time pickers
  
00:29 +147 -26: C:/Users/H/Steps-to-recovery-flutter/test/settings_screen_test.dart: settings screen disables reminder pickers when notifications are off
ΓòÉΓòÉΓòí EXCEPTION CAUGHT BY FLUTTER TEST FRAMEWORK Γò₧ΓòÉΓòÉΓòÉΓòÉΓòÉΓòÉΓòÉΓòÉΓòÉΓòÉΓòÉΓòÉΓòÉΓòÉΓòÉΓòÉΓòÉΓòÉΓòÉΓòÉΓòÉΓòÉΓòÉΓòÉΓòÉΓòÉΓòÉΓòÉΓòÉΓòÉΓòÉΓòÉΓòÉΓòÉΓòÉΓòÉΓòÉΓòÉΓòÉΓòÉΓòÉΓòÉΓòÉΓòÉΓòÉΓòÉΓòÉΓòÉΓòÉΓòÉΓòÉΓòÉ
The following TestFailure was thrown running a test:
Expected: exactly 2 matching candidates
  Actual: _TextWidgetFinder:<Found 0 widgets with text "Enable notifications to edit": []>
   Which: means none were found but some were expected

When the exception was thrown, this was the stack:
#4      main.<anonymous closure> (file:///C:/Users/H/Steps-to-recovery-flutter/test/settings_screen_test.dart:68:7)
<asynchronous suspension>
#5      testWidgets.<anonymous closure>.<anonymous closure> (package:flutter_test/src/widget_tester.dart:192:15)
<asynchronous suspension>
#6      TestWidgetsFlutterBinding._runTestBody (package:flutter_test/src/binding.dart:1682:5)
<asynchronous suspension>
<asynchronous suspension>
(elided one frame from package:stack_trace)

This was caught by the test expectation on the following line:
  file:///C:/Users/H/Steps-to-recovery-flutter/test/settings_screen_test.dart line 68
The test description was:
  settings screen disables reminder pickers when notifications are off
ΓòÉΓòÉΓòÉΓòÉΓòÉΓòÉΓòÉΓòÉΓòÉΓòÉΓòÉΓòÉΓòÉΓòÉΓòÉΓòÉΓòÉΓòÉΓòÉΓòÉΓòÉΓòÉΓòÉΓòÉΓòÉΓòÉΓòÉΓòÉΓòÉΓòÉΓòÉΓòÉΓòÉΓòÉΓòÉΓòÉΓòÉΓòÉΓòÉΓòÉΓòÉΓòÉΓòÉΓòÉΓòÉΓòÉΓòÉΓòÉΓòÉΓòÉΓòÉΓòÉΓòÉΓòÉΓòÉΓòÉΓòÉΓòÉΓòÉΓòÉΓòÉΓòÉΓòÉΓòÉΓòÉΓòÉΓòÉΓòÉΓòÉΓòÉΓòÉΓòÉΓòÉΓòÉΓòÉΓòÉΓòÉΓòÉΓòÉΓòÉΓòÉΓòÉΓòÉΓòÉΓòÉΓòÉΓòÉΓòÉΓòÉΓòÉΓòÉΓòÉΓòÉΓòÉΓòÉΓòÉΓòÉΓòÉΓòÉΓòÉ
00:29 +147 -27: C:/Users/H/Steps-to-recovery-flutter/test/grounding_exercises_screen_test.dart: Box Breathing Exercise has start/stop controls
00:29 +147 -27: C:/Users/H/Steps-to-recovery-flutter/test/settings_screen_test.dart: settings screen disables reminder pickers when notifications are off [E]
  Test failed. See exception logs above.
  The test description was: settings screen disables reminder pickers when notifications are off
  
00:31 +147 -27: C:/Users/H/Steps-to-recovery-flutter/test/meetings_stats_screen_test.dart: MeetingsStatsScreen Find a Meeting button navigates
ΓòÉΓòÉΓòí EXCEPTION CAUGHT BY FLUTTER TEST FRAMEWORK Γò₧ΓòÉΓòÉΓòÉΓòÉΓòÉΓòÉΓòÉΓòÉΓòÉΓòÉΓòÉΓòÉΓòÉΓòÉΓòÉΓòÉΓòÉΓòÉΓòÉΓòÉΓòÉΓòÉΓòÉΓòÉΓòÉΓòÉΓòÉΓòÉΓòÉΓòÉΓòÉΓòÉΓòÉΓòÉΓòÉΓòÉΓòÉΓòÉΓòÉΓòÉΓòÉΓòÉΓòÉΓòÉΓòÉΓòÉΓòÉΓòÉΓòÉΓòÉΓòÉΓòÉ
The following assertion was thrown running a test:
pumpAndSettle timed out

When the exception was thrown, this was the stack:
#0      WidgetTester.pumpAndSettle.<anonymous closure> (package:flutter_test/src/widget_tester.dart:717:11)
<asynchronous suspension>
#1      TestAsyncUtils.guard.<anonymous closure> (package:flutter_test/src/test_async_utils.dart:130:27)
<asynchronous suspension>
#2      main.<anonymous closure>.<anonymous closure> (file:///C:/Users/H/Steps-to-recovery-flutter/test/meetings_stats_screen_test.dart:109:7)
<asynchronous suspension>
#3      testWidgets.<anonymous closure>.<anonymous closure> (package:flutter_test/src/widget_tester.dart:192:15)
<asynchronous suspension>
#4      TestWidgetsFlutterBinding._runTestBody (package:flutter_test/src/binding.dart:1682:5)
<asynchronous suspension>
<asynchronous suspension>
(elided one frame from package:stack_trace)

The test description was:
  Find a Meeting button navigates
ΓòÉΓòÉΓòÉΓòÉΓòÉΓòÉΓòÉΓòÉΓòÉΓòÉΓòÉΓòÉΓòÉΓòÉΓòÉΓòÉΓòÉΓòÉΓòÉΓòÉΓòÉΓòÉΓòÉΓòÉΓòÉΓòÉΓòÉΓòÉΓòÉΓòÉΓòÉΓòÉΓòÉΓòÉΓòÉΓòÉΓòÉΓòÉΓòÉΓòÉΓòÉΓòÉΓòÉΓòÉΓòÉΓòÉΓòÉΓòÉΓòÉΓòÉΓòÉΓòÉΓòÉΓòÉΓòÉΓòÉΓòÉΓòÉΓòÉΓòÉΓòÉΓòÉΓòÉΓòÉΓòÉΓòÉΓòÉΓòÉΓòÉΓòÉΓòÉΓòÉΓòÉΓòÉΓòÉΓòÉΓòÉΓòÉΓòÉΓòÉΓòÉΓòÉΓòÉΓòÉΓòÉΓòÉΓòÉΓòÉΓòÉΓòÉΓòÉΓòÉΓòÉΓòÉΓòÉΓòÉΓòÉΓòÉΓòÉΓòÉ
00:31 +147 -28: C:/Users/H/Steps-to-recovery-flutter/test/grounding_exercises_screen_test.dart: Box Breathing Exercise has start/stop controls
00:31 +147 -28: C:/Users/H/Steps-to-recovery-flutter/test/meetings_stats_screen_test.dart: MeetingsStatsScreen Find a Meeting button navigates [E]
  Test failed. See exception logs above.
  The test description was: Find a Meeting button navigates
  
00:31 +148 -28: C:/Users/H/Steps-to-recovery-flutter/test/grounding_exercises_screen_test.dart: Box Breathing Exercise has start/stop controls
00:32 +149 -28: C:/Users/H/Steps-to-recovery-flutter/test/grounding_exercises_screen_test.dart: Box Breathing Exercise has start/stop controls
00:32 +150 -28: C:/Users/H/Steps-to-recovery-flutter/test/grounding_exercises_screen_test.dart: Box Breathing Exercise has start/stop controls
00:33 +150 -28: C:/Users/H/Steps-to-recovery-flutter/test/meetings_stats_screen_test.dart: MeetingsStatsScreen displays meeting types when available
ΓòÉΓòÉΓòí EXCEPTION CAUGHT BY FLUTTER TEST FRAMEWORK Γò₧ΓòÉΓòÉΓòÉΓòÉΓòÉΓòÉΓòÉΓòÉΓòÉΓòÉΓòÉΓòÉΓòÉΓòÉΓòÉΓòÉΓòÉΓòÉΓòÉΓòÉΓòÉΓòÉΓòÉΓòÉΓòÉΓòÉΓòÉΓòÉΓòÉΓòÉΓòÉΓòÉΓòÉΓòÉΓòÉΓòÉΓòÉΓòÉΓòÉΓòÉΓòÉΓòÉΓòÉΓòÉΓòÉΓòÉΓòÉΓòÉΓòÉΓòÉΓòÉΓòÉ
The following assertion was thrown running a test:
pumpAndSettle timed out

When the exception was thrown, this was the stack:
#0      WidgetTester.pumpAndSettle.<anonymous closure> (package:flutter_test/src/widget_tester.dart:717:11)
<asynchronous suspension>
#1      TestAsyncUtils.guard.<anonymous closure> (package:flutter_test/src/test_async_utils.dart:130:27)
<asynchronous suspension>
#2      main.<anonymous closure>.<anonymous closure> (file:///C:/Users/H/Steps-to-recovery-flutter/test/meetings_stats_screen_test.dart:127:7)
<asynchronous suspension>
#3      testWidgets.<anonymous closure>.<anonymous closure> (package:flutter_test/src/widget_tester.dart:192:15)
<asynchronous suspension>
#4      TestWidgetsFlutterBinding._runTestBody (package:flutter_test/src/binding.dart:1682:5)
<asynchronous suspension>
<asynchronous suspension>
(elided one frame from package:stack_trace)

The test description was:
  displays meeting types when available
ΓòÉΓòÉΓòÉΓòÉΓòÉΓòÉΓòÉΓòÉΓòÉΓòÉΓòÉΓòÉΓòÉΓòÉΓòÉΓòÉΓòÉΓòÉΓòÉΓòÉΓòÉΓòÉΓòÉΓòÉΓòÉΓòÉΓòÉΓòÉΓòÉΓòÉΓòÉΓòÉΓòÉΓòÉΓòÉΓòÉΓòÉΓòÉΓòÉΓòÉΓòÉΓòÉΓòÉΓòÉΓòÉΓòÉΓòÉΓòÉΓòÉΓòÉΓòÉΓòÉΓòÉΓòÉΓòÉΓòÉΓòÉΓòÉΓòÉΓòÉΓòÉΓòÉΓòÉΓòÉΓòÉΓòÉΓòÉΓòÉΓòÉΓòÉΓòÉΓòÉΓòÉΓòÉΓòÉΓòÉΓòÉΓòÉΓòÉΓòÉΓòÉΓòÉΓòÉΓòÉΓòÉΓòÉΓòÉΓòÉΓòÉΓòÉΓòÉΓòÉΓòÉΓòÉΓòÉΓòÉΓòÉΓòÉΓòÉΓòÉ
00:33 +150 -29: C:/Users/H/Steps-to-recovery-flutter/test/grounding_exercises_screen_test.dart: Box Breathing Exercise has start/stop controls
00:33 +150 -29: C:/Users/H/Steps-to-recovery-flutter/test/meetings_stats_screen_test.dart: MeetingsStatsScreen displays meeting types when available [E]
  Test failed. See exception logs above.
  The test description was: displays meeting types when available
  
00:33 +150 -29: C:/Users/H/Steps-to-recovery-flutter/test/sponsor_intro_screen_test.dart: renders headline and subtext
ΓöîΓöÇΓöÇΓöÇΓöÇΓöÇΓöÇΓöÇΓöÇΓöÇΓöÇΓöÇΓöÇΓöÇΓöÇΓöÇΓöÇΓöÇΓöÇΓöÇΓöÇΓöÇΓöÇΓöÇΓöÇΓöÇΓöÇΓöÇΓöÇΓöÇΓöÇΓöÇΓöÇΓöÇΓöÇΓöÇΓöÇΓöÇΓöÇΓöÇΓöÇΓöÇΓöÇΓöÇΓöÇΓöÇΓöÇΓöÇΓöÇΓöÇΓöÇΓöÇΓöÇΓöÇΓöÇΓöÇΓöÇΓöÇΓöÇΓöÇΓöÇΓöÇΓöÇΓöÇΓöÇΓöÇΓöÇΓöÇΓöÇΓöÇΓöÇΓöÇΓöÇΓöÇΓöÇΓöÇΓöÇΓöÇΓöÇΓöÇΓöÇΓöÇΓöÇΓöÇΓöÇΓöÇΓöÇΓöÇΓöÇΓöÇΓöÇΓöÇΓöÇΓöÇΓöÇΓöÇΓöÇΓöÇΓöÇΓöÇΓöÇΓöÇΓöÇΓöÇΓöÇΓöÇΓöÇΓöÇΓöÇΓöÇΓöÇΓöÇΓöÇΓöÇΓöÇΓöÇΓöÇΓöÇΓöÇΓöÇ
00:33 +150 -29: C:/Users/H/Steps-to-recovery-flutter/test/grounding_exercises_screen_test.dart: Box Breathing Exercise has start/stop controls
ΓòÉΓòÉΓòí EXCEPTION CAUGHT BY FLUTTER TEST FRAMEWORK Γò₧ΓòÉΓòÉΓòÉΓòÉΓòÉΓòÉΓòÉΓòÉΓòÉΓòÉΓòÉΓòÉΓòÉΓòÉΓòÉΓòÉΓòÉΓòÉΓòÉΓòÉΓòÉΓòÉΓòÉΓòÉΓòÉΓòÉΓòÉΓòÉΓòÉΓòÉΓòÉΓòÉΓòÉΓòÉΓòÉΓòÉΓòÉΓòÉΓòÉΓòÉΓòÉΓòÉΓòÉΓòÉΓòÉΓòÉΓòÉΓòÉΓòÉΓòÉΓòÉΓòÉ
The following assertion was thrown running a test:
pumpAndSettle timed out

When the exception was thrown, this was the stack:
#0      WidgetTester.pumpAndSettle.<anonymous closure> (package:flutter_test/src/widget_tester.dart:717:11)
<asynchronous suspension>
#1      TestAsyncUtils.guard.<anonymous closure> (package:flutter_test/src/test_async_utils.dart:130:27)
<asynchronous suspension>
#2      main.<anonymous closure>.<anonymous closure> (file:///C:/Users/H/Steps-to-recovery-flutter/test/grounding_exercises_screen_test.dart:149:7)
<asynchronous suspension>
#3      testWidgets.<anonymous closure>.<anonymous closure> (package:flutter_test/src/widget_tester.dart:192:15)
<asynchronous suspension>
#4      TestWidgetsFlutterBinding._runTestBody (package:flutter_test/src/binding.dart:1682:5)
<asynchronous suspension>
<asynchronous suspension>
(elided one frame from package:stack_trace)

The test description was:
  has start/stop controls
ΓòÉΓòÉΓòÉΓòÉΓòÉΓòÉΓòÉΓòÉΓòÉΓòÉΓòÉΓòÉΓòÉΓòÉΓòÉΓòÉΓòÉΓòÉΓòÉΓòÉΓòÉΓòÉΓòÉΓòÉΓòÉΓòÉΓòÉΓòÉΓòÉΓòÉΓòÉΓòÉΓòÉΓòÉΓòÉΓòÉΓòÉΓòÉΓòÉΓòÉΓòÉΓòÉΓòÉΓòÉΓòÉΓòÉΓòÉΓòÉΓòÉΓòÉΓòÉΓòÉΓòÉΓòÉΓòÉΓòÉΓòÉΓòÉΓòÉΓòÉΓòÉΓòÉΓòÉΓòÉΓòÉΓòÉΓòÉΓòÉΓòÉΓòÉΓòÉΓòÉΓòÉΓòÉΓòÉΓòÉΓòÉΓòÉΓòÉΓòÉΓòÉΓòÉΓòÉΓòÉΓòÉΓòÉΓòÉΓòÉΓòÉΓòÉΓòÉΓòÉΓòÉΓòÉΓòÉΓòÉΓòÉΓòÉΓòÉΓòÉ
00:33 +150 -30: C:/Users/H/Steps-to-recovery-flutter/test/meetings_stats_screen_test.dart: MeetingsStatsScreen uses correct color scheme
00:33 +150 -30: C:/Users/H/Steps-to-recovery-flutter/test/grounding_exercises_screen_test.dart: Box Breathing Exercise has start/stop controls [E]
  Test failed. See exception logs above.
  The test description was: has start/stop controls
  
00:34 +150 -30: C:/Users/H/Steps-to-recovery-flutter/test/grounding_exercises_screen_test.dart: Body Scan Exercise displays body scan instructions

Warning: A call to tap() with finder "Found 1 widget with text "Body Scan": [
  Text("Body Scan", inherit: true, family: Nunito, size: 16.0, weight: 500, height: 1.5x, dependencies: [DefaultSelectionStyle, DefaultTextStyle, MediaQuery]),
]" derived an Offset (Offset(185.1, 619.0)) that would not hit test on the specified widget.
Maybe the widget is actually off-screen, or another widget is obscuring it, or the widget cannot receive pointer events.
Indeed, Offset(185.1, 619.0) is outside the bounds of the root of the render tree, Size(800.0, 600.0).
The finder corresponds to this RenderBox: RenderParagraph#67c45 relayoutBoundary=up19
The hit test result at that offset is: HitTestResult(HitTestEntry<HitTestTarget>#e0159(_ReusableRenderView#8bb7f), HitTestEntry<HitTestTarget>#7c70d(<AutomatedTestWidgetsFlutterBinding>))
#0      WidgetController._getElementPoint (package:flutter_test/src/controller.dart:2158:25)
#1      WidgetController.getCenter (package:flutter_test/src/controller.dart:1942:12)
#2      WidgetController.tap (package:flutter_test/src/controller.dart:1075:7)
#3      main.<anonymous closure>.<anonymous closure> (file:///C:/Users/H/Steps-to-recovery-flutter/test/grounding_exercises_screen_test.dart:163:20)
<asynchronous suspension>
#4      testWidgets.<anonymous closure>.<anonymous closure> (package:flutter_test/src/widget_tester.dart:192:15)
<asynchronous suspension>
#5      TestWidgetsFlutterBinding._runTestBody (package:flutter_test/src/binding.dart:1682:5)
<asynchronous suspension>
#6      StackZoneSpecification._registerCallback.<anonymous closure> (package:stack_trace/src/stack_zone_specification.dart:114:42)
<asynchronous suspension>
To silence this warning, pass "warnIfMissed: false" to "tap()".
To make this warning fatal, set WidgetController.hitTestWarningShouldBeFatal to true.

ΓòÉΓòÉΓòí EXCEPTION CAUGHT BY FLUTTER TEST FRAMEWORK Γò₧ΓòÉΓòÉΓòÉΓòÉΓòÉΓòÉΓòÉΓòÉΓòÉΓòÉΓòÉΓòÉΓòÉΓòÉΓòÉΓòÉΓòÉΓòÉΓòÉΓòÉΓòÉΓòÉΓòÉΓòÉΓòÉΓòÉΓòÉΓòÉΓòÉΓòÉΓòÉΓòÉΓòÉΓòÉΓòÉΓòÉΓòÉΓòÉΓòÉΓòÉΓòÉΓòÉΓòÉΓòÉΓòÉΓòÉΓòÉΓòÉΓòÉΓòÉΓòÉΓòÉ
The following TestFailure was thrown running a test:
Expected: at least one matching candidate
  Actual: _TextContainingWidgetFinder:<Found 0 widgets with text containing relaxation: []>
   Which: means none were found but some were expected

When the exception was thrown, this was the stack:
#4      main.<anonymous closure>.<anonymous closure> (file:///C:/Users/H/Steps-to-recovery-flutter/test/grounding_exercises_screen_test.dart:166:7)
<asynchronous suspension>
#5      testWidgets.<anonymous closure>.<anonymous closure> (package:flutter_test/src/widget_tester.dart:192:15)
<asynchronous suspension>
#6      TestWidgetsFlutterBinding._runTestBody (package:flutter_test/src/binding.dart:1682:5)
<asynchronous suspension>
<asynchronous suspension>
(elided one frame from package:stack_trace)

This was caught by the test expectation on the following line:
  file:///C:/Users/H/Steps-to-recovery-flutter/test/grounding_exercises_screen_test.dart line 166
The test description was:
  displays body scan instructions
ΓòÉΓòÉΓòÉΓòÉΓòÉΓòÉΓòÉΓòÉΓòÉΓòÉΓòÉΓòÉΓòÉΓòÉΓòÉΓòÉΓòÉΓòÉΓòÉΓòÉΓòÉΓòÉΓòÉΓòÉΓòÉΓòÉΓòÉΓòÉΓòÉΓòÉΓòÉΓòÉΓòÉΓòÉΓòÉΓòÉΓòÉΓòÉΓòÉΓòÉΓòÉΓòÉΓòÉΓòÉΓòÉΓòÉΓòÉΓòÉΓòÉΓòÉΓòÉΓòÉΓòÉΓòÉΓòÉΓòÉΓòÉΓòÉΓòÉΓòÉΓòÉΓòÉΓòÉΓòÉΓòÉΓòÉΓòÉΓòÉΓòÉΓòÉΓòÉΓòÉΓòÉΓòÉΓòÉΓòÉΓòÉΓòÉΓòÉΓòÉΓòÉΓòÉΓòÉΓòÉΓòÉΓòÉΓòÉΓòÉΓòÉΓòÉΓòÉΓòÉΓòÉΓòÉΓòÉΓòÉΓòÉΓòÉΓòÉΓòÉ
00:34 +150 -31: C:/Users/H/Steps-to-recovery-flutter/test/meetings_stats_screen_test.dart: MeetingsStatsScreen uses correct color scheme
00:34 +150 -31: C:/Users/H/Steps-to-recovery-flutter/test/grounding_exercises_screen_test.dart: Body Scan Exercise displays body scan instructions [E]
  Test failed. See exception logs above.
  The test description was: displays body scan instructions
  
00:34 +150 -31: C:/Users/H/Steps-to-recovery-flutter/test/grounding_exercises_screen_test.dart: Body Scan Exercise has timer display

Warning: A call to tap() with finder "Found 1 widget with text "Body Scan": [
  Text("Body Scan", inherit: true, family: Nunito, size: 16.0, weight: 500, height: 1.5x, dependencies: [DefaultSelectionStyle, DefaultTextStyle, MediaQuery]),
]" derived an Offset (Offset(185.1, 619.0)) that would not hit test on the specified widget.
Maybe the widget is actually off-screen, or another widget is obscuring it, or the widget cannot receive pointer events.
Indeed, Offset(185.1, 619.0) is outside the bounds of the root of the render tree, Size(800.0, 600.0).
The finder corresponds to this RenderBox: RenderParagraph#d38bd relayoutBoundary=up19
The hit test result at that offset is: HitTestResult(HitTestEntry<HitTestTarget>#1bae3(_ReusableRenderView#8bb7f), HitTestEntry<HitTestTarget>#0ff35(<AutomatedTestWidgetsFlutterBinding>))
#0      WidgetController._getElementPoint (package:flutter_test/src/controller.dart:2158:25)
#1      WidgetController.getCenter (package:flutter_test/src/controller.dart:1942:12)
#2      WidgetController.tap (package:flutter_test/src/controller.dart:1075:7)
#3      main.<anonymous closure>.<anonymous closure> (file:///C:/Users/H/Steps-to-recovery-flutter/test/grounding_exercises_screen_test.dart:177:20)
<asynchronous suspension>
#4      testWidgets.<anonymous closure>.<anonymous closure> (package:flutter_test/src/widget_tester.dart:192:15)
<asynchronous suspension>
#5      TestWidgetsFlutterBinding._runTestBody (package:flutter_test/src/binding.dart:1682:5)
<asynchronous suspension>
#6      StackZoneSpecification._registerCallback.<anonymous closure> (package:stack_trace/src/stack_zone_specification.dart:114:42)
<asynchronous suspension>
To silence this warning, pass "warnIfMissed: false" to "tap()".
To make this warning fatal, set WidgetController.hitTestWarningShouldBeFatal to true.

ΓòÉΓòÉΓòí EXCEPTION CAUGHT BY FLUTTER TEST FRAMEWORK Γò₧ΓòÉΓòÉΓòÉΓòÉΓòÉΓòÉΓòÉΓòÉΓòÉΓòÉΓòÉΓòÉΓòÉΓòÉΓòÉΓòÉΓòÉΓòÉΓòÉΓòÉΓòÉΓòÉΓòÉΓòÉΓòÉΓòÉΓòÉΓòÉΓòÉΓòÉΓòÉΓòÉΓòÉΓòÉΓòÉΓòÉΓòÉΓòÉΓòÉΓòÉΓòÉΓòÉΓòÉΓòÉΓòÉΓòÉΓòÉΓòÉΓòÉΓòÉΓòÉΓòÉ
The following TestFailure was thrown running a test:
Expected: at least one matching candidate
  Actual: _TextContainingWidgetFinder:<Found 0 widgets with text containing minutes: []>
   Which: means none were found but some were expected

When the exception was thrown, this was the stack:
#4      main.<anonymous closure>.<anonymous closure> (file:///C:/Users/H/Steps-to-recovery-flutter/test/grounding_exercises_screen_test.dart:180:7)
<asynchronous suspension>
#5      testWidgets.<anonymous closure>.<anonymous closure> (package:flutter_test/src/widget_tester.dart:192:15)
<asynchronous suspension>
#6      TestWidgetsFlutterBinding._runTestBody (package:flutter_test/src/binding.dart:1682:5)
<asynchronous suspension>
<asynchronous suspension>
(elided one frame from package:stack_trace)

This was caught by the test expectation on the following line:
  file:///C:/Users/H/Steps-to-recovery-flutter/test/grounding_exercises_screen_test.dart line 180
The test description was:
  has timer display
ΓòÉΓòÉΓòÉΓòÉΓòÉΓòÉΓòÉΓòÉΓòÉΓòÉΓòÉΓòÉΓòÉΓòÉΓòÉΓòÉΓòÉΓòÉΓòÉΓòÉΓòÉΓòÉΓòÉΓòÉΓòÉΓòÉΓòÉΓòÉΓòÉΓòÉΓòÉΓòÉΓòÉΓòÉΓòÉΓòÉΓòÉΓòÉΓòÉΓòÉΓòÉΓòÉΓòÉΓòÉΓòÉΓòÉΓòÉΓòÉΓòÉΓòÉΓòÉΓòÉΓòÉΓòÉΓòÉΓòÉΓòÉΓòÉΓòÉΓòÉΓòÉΓòÉΓòÉΓòÉΓòÉΓòÉΓòÉΓòÉΓòÉΓòÉΓòÉΓòÉΓòÉΓòÉΓòÉΓòÉΓòÉΓòÉΓòÉΓòÉΓòÉΓòÉΓòÉΓòÉΓòÉΓòÉΓòÉΓòÉΓòÉΓòÉΓòÉΓòÉΓòÉΓòÉΓòÉΓòÉΓòÉΓòÉΓòÉΓòÉ
00:34 +150 -32: C:/Users/H/Steps-to-recovery-flutter/test/meetings_stats_screen_test.dart: MeetingsStatsScreen uses correct color scheme
00:34 +150 -32: C:/Users/H/Steps-to-recovery-flutter/test/grounding_exercises_screen_test.dart: Body Scan Exercise has timer display [E]
  Test failed. See exception logs above.
  The test description was: has timer display
  
00:34 +150 -32: C:/Users/H/Steps-to-recovery-flutter/test/grounding_exercises_screen_test.dart: Safe Place Visualization displays visualization guide
ΓòÉΓòÉΓòí EXCEPTION CAUGHT BY FLUTTER TEST FRAMEWORK Γò₧ΓòÉΓòÉΓòÉΓòÉΓòÉΓòÉΓòÉΓòÉΓòÉΓòÉΓòÉΓòÉΓòÉΓòÉΓòÉΓòÉΓòÉΓòÉΓòÉΓòÉΓòÉΓòÉΓòÉΓòÉΓòÉΓòÉΓòÉΓòÉΓòÉΓòÉΓòÉΓòÉΓòÉΓòÉΓòÉΓòÉΓòÉΓòÉΓòÉΓòÉΓòÉΓòÉΓòÉΓòÉΓòÉΓòÉΓòÉΓòÉΓòÉΓòÉΓòÉΓòÉ
The following assertion was thrown running a test:
The finder "Found 0 widgets with text "Safe Place Visualization": []" (used in a call to "tap()")
could not find any matching widgets.

When the exception was thrown, this was the stack:
#0      WidgetController._getElementPoint (package:flutter_test/src/controller.dart:2090:7)
#1      WidgetController.getCenter (package:flutter_test/src/controller.dart:1942:12)
#2      WidgetController.tap (package:flutter_test/src/controller.dart:1075:7)
#3      main.<anonymous closure>.<anonymous closure> (file:///C:/Users/H/Steps-to-recovery-flutter/test/grounding_exercises_screen_test.dart:192:20)
<asynchronous suspension>
#4      testWidgets.<anonymous closure>.<anonymous closure> (package:flutter_test/src/widget_tester.dart:192:15)
<asynchronous suspension>
#5      TestWidgetsFlutterBinding._runTestBody (package:flutter_test/src/binding.dart:1682:5)
<asynchronous suspension>
<asynchronous suspension>
(elided one frame from package:stack_trace)

The test description was:
  displays visualization guide
ΓòÉΓòÉΓòÉΓòÉΓòÉΓòÉΓòÉΓòÉΓòÉΓòÉΓòÉΓòÉΓòÉΓòÉΓòÉΓòÉΓòÉΓòÉΓòÉΓòÉΓòÉΓòÉΓòÉΓòÉΓòÉΓòÉΓòÉΓòÉΓòÉΓòÉΓòÉΓòÉΓòÉΓòÉΓòÉΓòÉΓòÉΓòÉΓòÉΓòÉΓòÉΓòÉΓòÉΓòÉΓòÉΓòÉΓòÉΓòÉΓòÉΓòÉΓòÉΓòÉΓòÉΓòÉΓòÉΓòÉΓòÉΓòÉΓòÉΓòÉΓòÉΓòÉΓòÉΓòÉΓòÉΓòÉΓòÉΓòÉΓòÉΓòÉΓòÉΓòÉΓòÉΓòÉΓòÉΓòÉΓòÉΓòÉΓòÉΓòÉΓòÉΓòÉΓòÉΓòÉΓòÉΓòÉΓòÉΓòÉΓòÉΓòÉΓòÉΓòÉΓòÉΓòÉΓòÉΓòÉΓòÉΓòÉΓòÉΓòÉ
00:34 +150 -33: C:/Users/H/Steps-to-recovery-flutter/test/meetings_stats_screen_test.dart: MeetingsStatsScreen uses correct color scheme
00:34 +150 -33: C:/Users/H/Steps-to-recovery-flutter/test/grounding_exercises_screen_test.dart: Safe Place Visualization displays visualization guide [E]
  Test failed. See exception logs above.
  The test description was: displays visualization guide
  
00:34 +150 -33: C:/Users/H/Steps-to-recovery-flutter/test/grounding_exercises_screen_test.dart: Safe Place Visualization provides guided imagery prompts
ΓòÉΓòÉΓòí EXCEPTION CAUGHT BY FLUTTER TEST FRAMEWORK Γò₧ΓòÉΓòÉΓòÉΓòÉΓòÉΓòÉΓòÉΓòÉΓòÉΓòÉΓòÉΓòÉΓòÉΓòÉΓòÉΓòÉΓòÉΓòÉΓòÉΓòÉΓòÉΓòÉΓòÉΓòÉΓòÉΓòÉΓòÉΓòÉΓòÉΓòÉΓòÉΓòÉΓòÉΓòÉΓòÉΓòÉΓòÉΓòÉΓòÉΓòÉΓòÉΓòÉΓòÉΓòÉΓòÉΓòÉΓòÉΓòÉΓòÉΓòÉΓòÉΓòÉ
The following assertion was thrown running a test:
The finder "Found 0 widgets with text "Safe Place Visualization": []" (used in a call to "tap()")
could not find any matching widgets.

When the exception was thrown, this was the stack:
#0      WidgetController._getElementPoint (package:flutter_test/src/controller.dart:2090:7)
#1      WidgetController.getCenter (package:flutter_test/src/controller.dart:1942:12)
#2      WidgetController.tap (package:flutter_test/src/controller.dart:1075:7)
#3      main.<anonymous closure>.<anonymous closure> (file:///C:/Users/H/Steps-to-recovery-flutter/test/grounding_exercises_screen_test.dart:206:20)
<asynchronous suspension>
#4      testWidgets.<anonymous closure>.<anonymous closure> (package:flutter_test/src/widget_tester.dart:192:15)
<asynchronous suspension>
#5      TestWidgetsFlutterBinding._runTestBody (package:flutter_test/src/binding.dart:1682:5)
<asynchronous suspension>
<asynchronous suspension>
(elided one frame from package:stack_trace)

The test description was:
  provides guided imagery prompts
ΓòÉΓòÉΓòÉΓòÉΓòÉΓòÉΓòÉΓòÉΓòÉΓòÉΓòÉΓòÉΓòÉΓòÉΓòÉΓòÉΓòÉΓòÉΓòÉΓòÉΓòÉΓòÉΓòÉΓòÉΓòÉΓòÉΓòÉΓòÉΓòÉΓòÉΓòÉΓòÉΓòÉΓòÉΓòÉΓòÉΓòÉΓòÉΓòÉΓòÉΓòÉΓòÉΓòÉΓòÉΓòÉΓòÉΓòÉΓòÉΓòÉΓòÉΓòÉΓòÉΓòÉΓòÉΓòÉΓòÉΓòÉΓòÉΓòÉΓòÉΓòÉΓòÉΓòÉΓòÉΓòÉΓòÉΓòÉΓòÉΓòÉΓòÉΓòÉΓòÉΓòÉΓòÉΓòÉΓòÉΓòÉΓòÉΓòÉΓòÉΓòÉΓòÉΓòÉΓòÉΓòÉΓòÉΓòÉΓòÉΓòÉΓòÉΓòÉΓòÉΓòÉΓòÉΓòÉΓòÉΓòÉΓòÉΓòÉΓòÉ
00:34 +150 -34: C:/Users/H/Steps-to-recovery-flutter/test/meetings_stats_screen_test.dart: MeetingsStatsScreen uses correct color scheme
00:34 +150 -34: C:/Users/H/Steps-to-recovery-flutter/test/grounding_exercises_screen_test.dart: Safe Place Visualization provides guided imagery prompts [E]
  Test failed. See exception logs above.
  The test description was: provides guided imagery prompts
  
00:34 +150 -34: C:/Users/H/Steps-to-recovery-flutter/test/sponsor_intro_screen_test.dart: renders headline and subtext
Γöé #0   LoggerService.debug (package:steps_recovery_flutter/core/services/logger_service.dart:23:15)
Γöé #1   EncryptionService.initialize (package:steps_recovery_flutter/core/services/encryption_service.dart:61:23)
Γö£ΓöäΓöäΓöäΓöäΓöäΓöäΓöäΓöäΓöäΓöäΓöäΓöäΓöäΓöäΓöäΓöäΓöäΓöäΓöäΓöäΓöäΓöäΓöäΓöäΓöäΓöäΓöäΓöäΓöäΓöäΓöäΓöäΓöäΓöäΓöäΓöäΓöäΓöäΓöäΓöäΓöäΓöäΓöäΓöäΓöäΓöäΓöäΓöäΓöäΓöäΓöäΓöäΓöäΓöäΓöäΓöäΓöäΓöäΓöäΓöäΓöäΓöäΓöäΓöäΓöäΓöäΓöäΓöäΓöäΓöäΓöäΓöäΓöäΓöäΓöäΓöäΓöäΓöäΓöäΓöäΓöäΓöäΓöäΓöäΓöäΓöäΓöäΓöäΓöäΓöäΓöäΓöäΓöäΓöäΓöäΓöäΓöäΓöäΓöäΓöäΓöäΓöäΓöäΓöäΓöäΓöäΓöäΓöäΓöäΓöäΓöäΓöäΓöäΓöäΓöäΓöäΓöäΓöäΓöä
Γöé 11:20:47.612 (+0:00:00.002509)
Γö£ΓöäΓöäΓöäΓöäΓöäΓöäΓöäΓöäΓöäΓöäΓöäΓöäΓöäΓöäΓöäΓöäΓöäΓöäΓöäΓöäΓöäΓöäΓöäΓöäΓöäΓöäΓöäΓöäΓöäΓöäΓöäΓöäΓöäΓöäΓöäΓöäΓöäΓöäΓöäΓöäΓöäΓöäΓöäΓöäΓöäΓöäΓöäΓöäΓöäΓöäΓöäΓöäΓöäΓöäΓöäΓöäΓöäΓöäΓöäΓöäΓöäΓöäΓöäΓöäΓöäΓöäΓöäΓöäΓöäΓöäΓöäΓöäΓöäΓöäΓöäΓöäΓöäΓöäΓöäΓöäΓöäΓöäΓöäΓöäΓöäΓöäΓöäΓöäΓöäΓöäΓöäΓöäΓöäΓöäΓöäΓöäΓöäΓöäΓöäΓöäΓöäΓöäΓöäΓöäΓöäΓöäΓöäΓöäΓöäΓöäΓöäΓöäΓöäΓöäΓöäΓöäΓöäΓöäΓöä
Γöé ≡ƒÉ¢ Encryption service initialized with secure storage
ΓööΓöÇΓöÇΓöÇΓöÇΓöÇΓöÇΓöÇΓöÇΓöÇΓöÇΓöÇΓöÇΓöÇΓöÇΓöÇΓöÇΓöÇΓöÇΓöÇΓöÇΓöÇΓöÇΓöÇΓöÇΓöÇΓöÇΓöÇΓöÇΓöÇΓöÇΓöÇΓöÇΓöÇΓöÇΓöÇΓöÇΓöÇΓöÇΓöÇΓöÇΓöÇΓöÇΓöÇΓöÇΓöÇΓöÇΓöÇΓöÇΓöÇΓöÇΓöÇΓöÇΓöÇΓöÇΓöÇΓöÇΓöÇΓöÇΓöÇΓöÇΓöÇΓöÇΓöÇΓöÇΓöÇΓöÇΓöÇΓöÇΓöÇΓöÇΓöÇΓöÇΓöÇΓöÇΓöÇΓöÇΓöÇΓöÇΓöÇΓöÇΓöÇΓöÇΓöÇΓöÇΓöÇΓöÇΓöÇΓöÇΓöÇΓöÇΓöÇΓöÇΓöÇΓöÇΓöÇΓöÇΓöÇΓöÇΓöÇΓöÇΓöÇΓöÇΓöÇΓöÇΓöÇΓöÇΓöÇΓöÇΓöÇΓöÇΓöÇΓöÇΓöÇΓöÇΓöÇΓöÇΓöÇΓöÇΓöÇ
00:34 +151 -34: C:/Users/H/Steps-to-recovery-flutter/test/meetings_stats_screen_test.dart: MeetingsStatsScreen uses correct color scheme
00:34 +152 -34: C:/Users/H/Steps-to-recovery-flutter/test/meetings_stats_screen_test.dart: MeetingsStatsScreen uses correct color scheme
00:34 +153 -34: C:/Users/H/Steps-to-recovery-flutter/test/meetings_stats_screen_test.dart: MeetingsStatsScreen uses correct color scheme
00:34 +154 -34: C:/Users/H/Steps-to-recovery-flutter/test/meetings_stats_screen_test.dart: MeetingsStatsScreen uses correct color scheme
00:35 +155 -34: C:/Users/H/Steps-to-recovery-flutter/test/meetings_stats_screen_test.dart: MeetingsStatsScreen uses correct color scheme
00:35 +156 -34: C:/Users/H/Steps-to-recovery-flutter/test/meetings_stats_screen_test.dart: MeetingsStatsScreen uses correct color scheme
ΓòÉΓòÉΓòí EXCEPTION CAUGHT BY FLUTTER TEST FRAMEWORK Γò₧ΓòÉΓòÉΓòÉΓòÉΓòÉΓòÉΓòÉΓòÉΓòÉΓòÉΓòÉΓòÉΓòÉΓòÉΓòÉΓòÉΓòÉΓòÉΓòÉΓòÉΓòÉΓòÉΓòÉΓòÉΓòÉΓòÉΓòÉΓòÉΓòÉΓòÉΓòÉΓòÉΓòÉΓòÉΓòÉΓòÉΓòÉΓòÉΓòÉΓòÉΓòÉΓòÉΓòÉΓòÉΓòÉΓòÉΓòÉΓòÉΓòÉΓòÉΓòÉΓòÉ
The following assertion was thrown running a test:
pumpAndSettle timed out

When the exception was thrown, this was the stack:
#0      WidgetTester.pumpAndSettle.<anonymous closure> (package:flutter_test/src/widget_tester.dart:717:11)
<asynchronous suspension>
#1      TestAsyncUtils.guard.<anonymous closure> (package:flutter_test/src/test_async_utils.dart:130:27)
<asynchronous suspension>
#2      main.<anonymous closure>.<anonymous closure> (file:///C:/Users/H/Steps-to-recovery-flutter/test/meetings_stats_screen_test.dart:144:7)
<asynchronous suspension>
#3      testWidgets.<anonymous closure>.<anonymous closure> (package:flutter_test/src/widget_tester.dart:192:15)
<asynchronous suspension>
#4      TestWidgetsFlutterBinding._runTestBody (package:flutter_test/src/binding.dart:1682:5)
<asynchronous suspension>
<asynchronous suspension>
(elided one frame from package:stack_trace)

The test description was:
  uses correct color scheme
ΓòÉΓòÉΓòÉΓòÉΓòÉΓòÉΓòÉΓòÉΓòÉΓòÉΓòÉΓòÉΓòÉΓòÉΓòÉΓòÉΓòÉΓòÉΓòÉΓòÉΓòÉΓòÉΓòÉΓòÉΓòÉΓòÉΓòÉΓòÉΓòÉΓòÉΓòÉΓòÉΓòÉΓòÉΓòÉΓòÉΓòÉΓòÉΓòÉΓòÉΓòÉΓòÉΓòÉΓòÉΓòÉΓòÉΓòÉΓòÉΓòÉΓòÉΓòÉΓòÉΓòÉΓòÉΓòÉΓòÉΓòÉΓòÉΓòÉΓòÉΓòÉΓòÉΓòÉΓòÉΓòÉΓòÉΓòÉΓòÉΓòÉΓòÉΓòÉΓòÉΓòÉΓòÉΓòÉΓòÉΓòÉΓòÉΓòÉΓòÉΓòÉΓòÉΓòÉΓòÉΓòÉΓòÉΓòÉΓòÉΓòÉΓòÉΓòÉΓòÉΓòÉΓòÉΓòÉΓòÉΓòÉΓòÉΓòÉΓòÉ
00:35 +156 -35: C:/Users/H/Steps-to-recovery-flutter/test/grounding_exercises_screen_test.dart: Navigation back button returns to list
00:35 +156 -35: C:/Users/H/Steps-to-recovery-flutter/test/meetings_stats_screen_test.dart: MeetingsStatsScreen uses correct color scheme [E]
  Test failed. See exception logs above.
  The test description was: uses correct color scheme
  
00:36 +156 -35: C:/Users/H/Steps-to-recovery-flutter/test/sponsor_memory_store_test.dart: starts empty
ΓöîΓöÇΓöÇΓöÇΓöÇΓöÇΓöÇΓöÇΓöÇΓöÇΓöÇΓöÇΓöÇΓöÇΓöÇΓöÇΓöÇΓöÇΓöÇΓöÇΓöÇΓöÇΓöÇΓöÇΓöÇΓöÇΓöÇΓöÇΓöÇΓöÇΓöÇΓöÇΓöÇΓöÇΓöÇΓöÇΓöÇΓöÇΓöÇΓöÇΓöÇΓöÇΓöÇΓöÇΓöÇΓöÇΓöÇΓöÇΓöÇΓöÇΓöÇΓöÇΓöÇΓöÇΓöÇΓöÇΓöÇΓöÇΓöÇΓöÇΓöÇΓöÇΓöÇΓöÇΓöÇΓöÇΓöÇΓöÇΓöÇΓöÇΓöÇΓöÇΓöÇΓöÇΓöÇΓöÇΓöÇΓöÇΓöÇΓöÇΓöÇΓöÇΓöÇΓöÇΓöÇΓöÇΓöÇΓöÇΓöÇΓöÇΓöÇΓöÇΓöÇΓöÇΓöÇΓöÇΓöÇΓöÇΓöÇΓöÇΓöÇΓöÇΓöÇΓöÇΓöÇΓöÇΓöÇΓöÇΓöÇΓöÇΓöÇΓöÇΓöÇΓöÇΓöÇΓöÇΓöÇΓöÇΓöÇΓöÇ
Γöé #0   LoggerService.debug (package:steps_recovery_flutter/core/services/logger_service.dart:23:15)
Γöé #1   EncryptionService.initialize (package:steps_recovery_flutter/core/services/encryption_service.dart:61:23)
Γö£ΓöäΓöäΓöäΓöäΓöäΓöäΓöäΓöäΓöäΓöäΓöäΓöäΓöäΓöäΓöäΓöäΓöäΓöäΓöäΓöäΓöäΓöäΓöäΓöäΓöäΓöäΓöäΓöäΓöäΓöäΓöäΓöäΓöäΓöäΓöäΓöäΓöäΓöäΓöäΓöäΓöäΓöäΓöäΓöäΓöäΓöäΓöäΓöäΓöäΓöäΓöäΓöäΓöäΓöäΓöäΓöäΓöäΓöäΓöäΓöäΓöäΓöäΓöäΓöäΓöäΓöäΓöäΓöäΓöäΓöäΓöäΓöäΓöäΓöäΓöäΓöäΓöäΓöäΓöäΓöäΓöäΓöäΓöäΓöäΓöäΓöäΓöäΓöäΓöäΓöäΓöäΓöäΓöäΓöäΓöäΓöäΓöäΓöäΓöäΓöäΓöäΓöäΓöäΓöäΓöäΓöäΓöäΓöäΓöäΓöäΓöäΓöäΓöäΓöäΓöäΓöäΓöäΓöäΓöä
Γöé 11:20:50.531 (+0:00:00.002006)
Γö£ΓöäΓöäΓöäΓöäΓöäΓöäΓöäΓöäΓöäΓöäΓöäΓöäΓöäΓöäΓöäΓöäΓöäΓöäΓöäΓöäΓöäΓöäΓöäΓöäΓöäΓöäΓöäΓöäΓöäΓöäΓöäΓöäΓöäΓöäΓöäΓöäΓöäΓöäΓöäΓöäΓöäΓöäΓöäΓöäΓöäΓöäΓöäΓöäΓöäΓöäΓöäΓöäΓöäΓöäΓöäΓöäΓöäΓöäΓöäΓöäΓöäΓöäΓöäΓöäΓöäΓöäΓöäΓöäΓöäΓöäΓöäΓöäΓöäΓöäΓöäΓöäΓöäΓöäΓöäΓöäΓöäΓöäΓöäΓöäΓöäΓöäΓöäΓöäΓöäΓöäΓöäΓöäΓöäΓöäΓöäΓöäΓöäΓöäΓöäΓöäΓöäΓöäΓöäΓöäΓöäΓöäΓöäΓöäΓöäΓöäΓöäΓöäΓöäΓöäΓöäΓöäΓöäΓöäΓöä
Γöé ≡ƒÉ¢ Encryption service initialized with secure storage
ΓööΓöÇΓöÇΓöÇΓöÇΓöÇΓöÇΓöÇΓöÇΓöÇΓöÇΓöÇΓöÇΓöÇΓöÇΓöÇΓöÇΓöÇΓöÇΓöÇΓöÇΓöÇΓöÇΓöÇΓöÇΓöÇΓöÇΓöÇΓöÇΓöÇΓöÇΓöÇΓöÇΓöÇΓöÇΓöÇΓöÇΓöÇΓöÇΓöÇΓöÇΓöÇΓöÇΓöÇΓöÇΓöÇΓöÇΓöÇΓöÇΓöÇΓöÇΓöÇΓöÇΓöÇΓöÇΓöÇΓöÇΓöÇΓöÇΓöÇΓöÇΓöÇΓöÇΓöÇΓöÇΓöÇΓöÇΓöÇΓöÇΓöÇΓöÇΓöÇΓöÇΓöÇΓöÇΓöÇΓöÇΓöÇΓöÇΓöÇΓöÇΓöÇΓöÇΓöÇΓöÇΓöÇΓöÇΓöÇΓöÇΓöÇΓöÇΓöÇΓöÇΓöÇΓöÇΓöÇΓöÇΓöÇΓöÇΓöÇΓöÇΓöÇΓöÇΓöÇΓöÇΓöÇΓöÇΓöÇΓöÇΓöÇΓöÇΓöÇΓöÇΓöÇΓöÇΓöÇΓöÇΓöÇΓöÇΓöÇ
00:36 +157 -35: C:/Users/H/Steps-to-recovery-flutter/test/grounding_exercises_screen_test.dart: Navigation back button returns to list
00:36 +158 -35: C:/Users/H/Steps-to-recovery-flutter/test/grounding_exercises_screen_test.dart: Navigation back button returns to list
00:36 +159 -35: C:/Users/H/Steps-to-recovery-flutter/test/grounding_exercises_screen_test.dart: Navigation back button returns to list
00:36 +160 -35: C:/Users/H/Steps-to-recovery-flutter/test/grounding_exercises_screen_test.dart: Navigation back button returns to list
00:36 +161 -35: C:/Users/H/Steps-to-recovery-flutter/test/grounding_exercises_screen_test.dart: Navigation back button returns to list
00:36 +162 -35: C:/Users/H/Steps-to-recovery-flutter/test/grounding_exercises_screen_test.dart: Navigation back button returns to list
00:36 +163 -35: C:/Users/H/Steps-to-recovery-flutter/test/grounding_exercises_screen_test.dart: Navigation back button returns to list
00:36 +164 -35: C:/Users/H/Steps-to-recovery-flutter/test/grounding_exercises_screen_test.dart: Navigation back button returns to list
00:36 +165 -35: C:/Users/H/Steps-to-recovery-flutter/test/grounding_exercises_screen_test.dart: Navigation back button returns to list
00:36 +166 -35: C:/Users/H/Steps-to-recovery-flutter/test/grounding_exercises_screen_test.dart: Navigation back button returns to list
00:36 +167 -35: C:/Users/H/Steps-to-recovery-flutter/test/grounding_exercises_screen_test.dart: Navigation back button returns to list
00:36 +168 -35: C:/Users/H/Steps-to-recovery-flutter/test/grounding_exercises_screen_test.dart: Navigation back button returns to list
00:36 +169 -35: C:/Users/H/Steps-to-recovery-flutter/test/grounding_exercises_screen_test.dart: Navigation back button returns to list
00:37 +170 -35: C:/Users/H/Steps-to-recovery-flutter/test/grounding_exercises_screen_test.dart: Navigation back button returns to list
00:37 +171 -35: C:/Users/H/Steps-to-recovery-flutter/test/grounding_exercises_screen_test.dart: Navigation back button returns to list
00:38 +172 -35: C:/Users/H/Steps-to-recovery-flutter/test/grounding_exercises_screen_test.dart: Navigation back button returns to list
00:38 +173 -35: C:/Users/H/Steps-to-recovery-flutter/test/grounding_exercises_screen_test.dart: Navigation back button returns to list
00:38 +174 -35: C:/Users/H/Steps-to-recovery-flutter/test/grounding_exercises_screen_test.dart: Navigation back button returns to list
00:38 +174 -35: C:/Users/H/Steps-to-recovery-flutter/test/sponsor_service_test.dart: Identity hasIdentity is false on fresh init
ΓöîΓöÇΓöÇΓöÇΓöÇΓöÇΓöÇΓöÇΓöÇΓöÇΓöÇΓöÇΓöÇΓöÇΓöÇΓöÇΓöÇΓöÇΓöÇΓöÇΓöÇΓöÇΓöÇΓöÇΓöÇΓöÇΓöÇΓöÇΓöÇΓöÇΓöÇΓöÇΓöÇΓöÇΓöÇΓöÇΓöÇΓöÇΓöÇΓöÇΓöÇΓöÇΓöÇΓöÇΓöÇΓöÇΓöÇΓöÇΓöÇΓöÇΓöÇΓöÇΓöÇΓöÇΓöÇΓöÇΓöÇΓöÇΓöÇΓöÇΓöÇΓöÇΓöÇΓöÇΓöÇΓöÇΓöÇΓöÇΓöÇΓöÇΓöÇΓöÇΓöÇΓöÇΓöÇΓöÇΓöÇΓöÇΓöÇΓöÇΓöÇΓöÇΓöÇΓöÇΓöÇΓöÇΓöÇΓöÇΓöÇΓöÇΓöÇΓöÇΓöÇΓöÇΓöÇΓöÇΓöÇΓöÇΓöÇΓöÇΓöÇΓöÇΓöÇΓöÇΓöÇΓöÇΓöÇΓöÇΓöÇΓöÇΓöÇΓöÇΓöÇΓöÇΓöÇΓöÇΓöÇΓöÇΓöÇΓöÇ
Γöé #0   LoggerService.debug (package:steps_recovery_flutter/core/services/logger_service.dart:23:15)
Γöé #1   EncryptionService.initialize (package:steps_recovery_flutter/core/services/encryption_service.dart:61:23)
Γö£ΓöäΓöäΓöäΓöäΓöäΓöäΓöäΓöäΓöäΓöäΓöäΓöäΓöäΓöäΓöäΓöäΓöäΓöäΓöäΓöäΓöäΓöäΓöäΓöäΓöäΓöäΓöäΓöäΓöäΓöäΓöäΓöäΓöäΓöäΓöäΓöäΓöäΓöäΓöäΓöäΓöäΓöäΓöäΓöäΓöäΓöäΓöäΓöäΓöäΓöäΓöäΓöäΓöäΓöäΓöäΓöäΓöäΓöäΓöäΓöäΓöäΓöäΓöäΓöäΓöäΓöäΓöäΓöäΓöäΓöäΓöäΓöäΓöäΓöäΓöäΓöäΓöäΓöäΓöäΓöäΓöäΓöäΓöäΓöäΓöäΓöäΓöäΓöäΓöäΓöäΓöäΓöäΓöäΓöäΓöäΓöäΓöäΓöäΓöäΓöäΓöäΓöäΓöäΓöäΓöäΓöäΓöäΓöäΓöäΓöäΓöäΓöäΓöäΓöäΓöäΓöäΓöäΓöäΓöä
Γöé 11:20:52.219 (+0:00:00.002772)
Γö£ΓöäΓöäΓöäΓöäΓöäΓöäΓöäΓöäΓöäΓöäΓöäΓöäΓöäΓöäΓöäΓöäΓöäΓöäΓöäΓöäΓöäΓöäΓöäΓöäΓöäΓöäΓöäΓöäΓöäΓöäΓöäΓöäΓöäΓöäΓöäΓöäΓöäΓöäΓöäΓöäΓöäΓöäΓöäΓöäΓöäΓöäΓöäΓöäΓöäΓöäΓöäΓöäΓöäΓöäΓöäΓöäΓöäΓöäΓöäΓöäΓöäΓöäΓöäΓöäΓöäΓöäΓöäΓöäΓöäΓöäΓöäΓöäΓöäΓöäΓöäΓöäΓöäΓöäΓöäΓöäΓöäΓöäΓöäΓöäΓöäΓöäΓöäΓöäΓöäΓöäΓöäΓöäΓöäΓöäΓöäΓöäΓöäΓöäΓöäΓöäΓöäΓöäΓöäΓöäΓöäΓöäΓöäΓöäΓöäΓöäΓöäΓöäΓöäΓöäΓöäΓöäΓöäΓöäΓöä
Γöé ≡ƒÉ¢ Encryption service initialized with secure storage
ΓööΓöÇΓöÇΓöÇΓöÇΓöÇΓöÇΓöÇΓöÇΓöÇΓöÇΓöÇΓöÇΓöÇΓöÇΓöÇΓöÇΓöÇΓöÇΓöÇΓöÇΓöÇΓöÇΓöÇΓöÇΓöÇΓöÇΓöÇΓöÇΓöÇΓöÇΓöÇΓöÇΓöÇΓöÇΓöÇΓöÇΓöÇΓöÇΓöÇΓöÇΓöÇΓöÇΓöÇΓöÇΓöÇΓöÇΓöÇΓöÇΓöÇΓöÇΓöÇΓöÇΓöÇΓöÇΓöÇΓöÇΓöÇΓöÇΓöÇΓöÇΓöÇΓöÇΓöÇΓöÇΓöÇΓöÇΓöÇΓöÇΓöÇΓöÇΓöÇΓöÇΓöÇΓöÇΓöÇΓöÇΓöÇΓöÇΓöÇΓöÇΓöÇΓöÇΓöÇΓöÇΓöÇΓöÇΓöÇΓöÇΓöÇΓöÇΓöÇΓöÇΓöÇΓöÇΓöÇΓöÇΓöÇΓöÇΓöÇΓöÇΓöÇΓöÇΓöÇΓöÇΓöÇΓöÇΓöÇΓöÇΓöÇΓöÇΓöÇΓöÇΓöÇΓöÇΓöÇΓöÇΓöÇΓöÇΓöÇ
00:38 +175 -35: C:/Users/H/Steps-to-recovery-flutter/test/grounding_exercises_screen_test.dart: Navigation back button returns to list
00:38 +176 -35: C:/Users/H/Steps-to-recovery-flutter/test/grounding_exercises_screen_test.dart: Navigation back button returns to list
00:38 +177 -35: C:/Users/H/Steps-to-recovery-flutter/test/grounding_exercises_screen_test.dart: Navigation back button returns to list
00:38 +178 -35: C:/Users/H/Steps-to-recovery-flutter/test/grounding_exercises_screen_test.dart: Navigation back button returns to list
00:38 +179 -35: C:/Users/H/Steps-to-recovery-flutter/test/grounding_exercises_screen_test.dart: Navigation back button returns to list
00:38 +180 -35: C:/Users/H/Steps-to-recovery-flutter/test/grounding_exercises_screen_test.dart: Navigation back button returns to list
00:38 +181 -35: C:/Users/H/Steps-to-recovery-flutter/test/grounding_exercises_screen_test.dart: Navigation back button returns to list
00:38 +182 -35: C:/Users/H/Steps-to-recovery-flutter/test/grounding_exercises_screen_test.dart: Navigation back button returns to list
00:38 +183 -35: C:/Users/H/Steps-to-recovery-flutter/test/grounding_exercises_screen_test.dart: Navigation back button returns to list
00:38 +184 -35: C:/Users/H/Steps-to-recovery-flutter/test/grounding_exercises_screen_test.dart: Navigation back button returns to list
00:38 +185 -35: C:/Users/H/Steps-to-recovery-flutter/test/grounding_exercises_screen_test.dart: Navigation back button returns to list
00:38 +186 -35: C:/Users/H/Steps-to-recovery-flutter/test/grounding_exercises_screen_test.dart: Navigation back button returns to list
00:39 +186 -35: C:/Users/H/Steps-to-recovery-flutter/test/sync_service_test.dart: SyncService isAvailable is false when Supabase is not configured
ΓöîΓöÇΓöÇΓöÇΓöÇΓöÇΓöÇΓöÇΓöÇΓöÇΓöÇΓöÇΓöÇΓöÇΓöÇΓöÇΓöÇΓöÇΓöÇΓöÇΓöÇΓöÇΓöÇΓöÇΓöÇΓöÇΓöÇΓöÇΓöÇΓöÇΓöÇΓöÇΓöÇΓöÇΓöÇΓöÇΓöÇΓöÇΓöÇΓöÇΓöÇΓöÇΓöÇΓöÇΓöÇΓöÇΓöÇΓöÇΓöÇΓöÇΓöÇΓöÇΓöÇΓöÇΓöÇΓöÇΓöÇΓöÇΓöÇΓöÇΓöÇΓöÇΓöÇΓöÇΓöÇΓöÇΓöÇΓöÇΓöÇΓöÇΓöÇΓöÇΓöÇΓöÇΓöÇΓöÇΓöÇΓöÇΓöÇΓöÇΓöÇΓöÇΓöÇΓöÇΓöÇΓöÇΓöÇΓöÇΓöÇΓöÇΓöÇΓöÇΓöÇΓöÇΓöÇΓöÇΓöÇΓöÇΓöÇΓöÇΓöÇΓöÇΓöÇΓöÇΓöÇΓöÇΓöÇΓöÇΓöÇΓöÇΓöÇΓöÇΓöÇΓöÇΓöÇΓöÇΓöÇΓöÇΓöÇΓöÇ
Γöé #0   LoggerService.debug (package:steps_recovery_flutter/core/services/logger_service.dart:23:15)
Γöé #1   EncryptionService.initialize (package:steps_recovery_flutter/core/services/encryption_service.dart:61:23)
Γö£ΓöäΓöäΓöäΓöäΓöäΓöäΓöäΓöäΓöäΓöäΓöäΓöäΓöäΓöäΓöäΓöäΓöäΓöäΓöäΓöäΓöäΓöäΓöäΓöäΓöäΓöäΓöäΓöäΓöäΓöäΓöäΓöäΓöäΓöäΓöäΓöäΓöäΓöäΓöäΓöäΓöäΓöäΓöäΓöäΓöäΓöäΓöäΓöäΓöäΓöäΓöäΓöäΓöäΓöäΓöäΓöäΓöäΓöäΓöäΓöäΓöäΓöäΓöäΓöäΓöäΓöäΓöäΓöäΓöäΓöäΓöäΓöäΓöäΓöäΓöäΓöäΓöäΓöäΓöäΓöäΓöäΓöäΓöäΓöäΓöäΓöäΓöäΓöäΓöäΓöäΓöäΓöäΓöäΓöäΓöäΓöäΓöäΓöäΓöäΓöäΓöäΓöäΓöäΓöäΓöäΓöäΓöäΓöäΓöäΓöäΓöäΓöäΓöäΓöäΓöäΓöäΓöäΓöäΓöä
Γöé 11:20:53.415 (+0:00:00.002013)
Γö£ΓöäΓöäΓöäΓöäΓöäΓöäΓöäΓöäΓöäΓöäΓöäΓöäΓöäΓöäΓöäΓöäΓöäΓöäΓöäΓöäΓöäΓöäΓöäΓöäΓöäΓöäΓöäΓöäΓöäΓöäΓöäΓöäΓöäΓöäΓöäΓöäΓöäΓöäΓöäΓöäΓöäΓöäΓöäΓöäΓöäΓöäΓöäΓöäΓöäΓöäΓöäΓöäΓöäΓöäΓöäΓöäΓöäΓöäΓöäΓöäΓöäΓöäΓöäΓöäΓöäΓöäΓöäΓöäΓöäΓöäΓöäΓöäΓöäΓöäΓöäΓöäΓöäΓöäΓöäΓöäΓöäΓöäΓöäΓöäΓöäΓöäΓöäΓöäΓöäΓöäΓöäΓöäΓöäΓöäΓöäΓöäΓöäΓöäΓöäΓöäΓöäΓöäΓöäΓöäΓöäΓöäΓöäΓöäΓöäΓöäΓöäΓöäΓöäΓöäΓöäΓöäΓöäΓöäΓöä
Γöé ≡ƒÉ¢ Encryption service initialized with secure storage
ΓööΓöÇΓöÇΓöÇΓöÇΓöÇΓöÇΓöÇΓöÇΓöÇΓöÇΓöÇΓöÇΓöÇΓöÇΓöÇΓöÇΓöÇΓöÇΓöÇΓöÇΓöÇΓöÇΓöÇΓöÇΓöÇΓöÇΓöÇΓöÇΓöÇΓöÇΓöÇΓöÇΓöÇΓöÇΓöÇΓöÇΓöÇΓöÇΓöÇΓöÇΓöÇΓöÇΓöÇΓöÇΓöÇΓöÇΓöÇΓöÇΓöÇΓöÇΓöÇΓöÇΓöÇΓöÇΓöÇΓöÇΓöÇΓöÇΓöÇΓöÇΓöÇΓöÇΓöÇΓöÇΓöÇΓöÇΓöÇΓöÇΓöÇΓöÇΓöÇΓöÇΓöÇΓöÇΓöÇΓöÇΓöÇΓöÇΓöÇΓöÇΓöÇΓöÇΓöÇΓöÇΓöÇΓöÇΓöÇΓöÇΓöÇΓöÇΓöÇΓöÇΓöÇΓöÇΓöÇΓöÇΓöÇΓöÇΓöÇΓöÇΓöÇΓöÇΓöÇΓöÇΓöÇΓöÇΓöÇΓöÇΓöÇΓöÇΓöÇΓöÇΓöÇΓöÇΓöÇΓöÇΓöÇΓöÇΓöÇ
ΓöîΓöÇΓöÇΓöÇΓöÇΓöÇΓöÇΓöÇΓöÇΓöÇΓöÇΓöÇΓöÇΓöÇΓöÇΓöÇΓöÇΓöÇΓöÇΓöÇΓöÇΓöÇΓöÇΓöÇΓöÇΓöÇΓöÇΓöÇΓöÇΓöÇΓöÇΓöÇΓöÇΓöÇΓöÇΓöÇΓöÇΓöÇΓöÇΓöÇΓöÇΓöÇΓöÇΓöÇΓöÇΓöÇΓöÇΓöÇΓöÇΓöÇΓöÇΓöÇΓöÇΓöÇΓöÇΓöÇΓöÇΓöÇΓöÇΓöÇΓöÇΓöÇΓöÇΓöÇΓöÇΓöÇΓöÇΓöÇΓöÇΓöÇΓöÇΓöÇΓöÇΓöÇΓöÇΓöÇΓöÇΓöÇΓöÇΓöÇΓöÇΓöÇΓöÇΓöÇΓöÇΓöÇΓöÇΓöÇΓöÇΓöÇΓöÇΓöÇΓöÇΓöÇΓöÇΓöÇΓöÇΓöÇΓöÇΓöÇΓöÇΓöÇΓöÇΓöÇΓöÇΓöÇΓöÇΓöÇΓöÇΓöÇΓöÇΓöÇΓöÇΓöÇΓöÇΓöÇΓöÇΓöÇΓöÇΓöÇ
Γöé #0   LoggerService.debug (package:steps_recovery_flutter/core/services/logger_service.dart:23:15)
Γöé #1   DatabaseService.initialize (package:steps_recovery_flutter/core/services/database_service.dart:77:21)
Γö£ΓöäΓöäΓöäΓöäΓöäΓöäΓöäΓöäΓöäΓöäΓöäΓöäΓöäΓöäΓöäΓöäΓöäΓöäΓöäΓöäΓöäΓöäΓöäΓöäΓöäΓöäΓöäΓöäΓöäΓöäΓöäΓöäΓöäΓöäΓöäΓöäΓöäΓöäΓöäΓöäΓöäΓöäΓöäΓöäΓöäΓöäΓöäΓöäΓöäΓöäΓöäΓöäΓöäΓöäΓöäΓöäΓöäΓöäΓöäΓöäΓöäΓöäΓöäΓöäΓöäΓöäΓöäΓöäΓöäΓöäΓöäΓöäΓöäΓöäΓöäΓöäΓöäΓöäΓöäΓöäΓöäΓöäΓöäΓöäΓöäΓöäΓöäΓöäΓöäΓöäΓöäΓöäΓöäΓöäΓöäΓöäΓöäΓöäΓöäΓöäΓöäΓöäΓöäΓöäΓöäΓöäΓöäΓöäΓöäΓöäΓöäΓöäΓöäΓöäΓöäΓöäΓöäΓöäΓöä
Γöé 11:20:53.433 (+0:00:00.019525)
Γö£ΓöäΓöäΓöäΓöäΓöäΓöäΓöäΓöäΓöäΓöäΓöäΓöäΓöäΓöäΓöäΓöäΓöäΓöäΓöäΓöäΓöäΓöäΓöäΓöäΓöäΓöäΓöäΓöäΓöäΓöäΓöäΓöäΓöäΓöäΓöäΓöäΓöäΓöäΓöäΓöäΓöäΓöäΓöäΓöäΓöäΓöäΓöäΓöäΓöäΓöäΓöäΓöäΓöäΓöäΓöäΓöäΓöäΓöäΓöäΓöäΓöäΓöäΓöäΓöäΓöäΓöäΓöäΓöäΓöäΓöäΓöäΓöäΓöäΓöäΓöäΓöäΓöäΓöäΓöäΓöäΓöäΓöäΓöäΓöäΓöäΓöäΓöäΓöäΓöäΓöäΓöäΓöäΓöäΓöäΓöäΓöäΓöäΓöäΓöäΓöäΓöäΓöäΓöäΓöäΓöäΓöäΓöäΓöäΓöäΓöäΓöäΓöäΓöäΓöäΓöäΓöäΓöäΓöäΓöä
Γöé ≡ƒÉ¢ DatabaseService initialized (encryption secure: true)
ΓööΓöÇΓöÇΓöÇΓöÇΓöÇΓöÇΓöÇΓöÇΓöÇΓöÇΓöÇΓöÇΓöÇΓöÇΓöÇΓöÇΓöÇΓöÇΓöÇΓöÇΓöÇΓöÇΓöÇΓöÇΓöÇΓöÇΓöÇΓöÇΓöÇΓöÇΓöÇΓöÇΓöÇΓöÇΓöÇΓöÇΓöÇΓöÇΓöÇΓöÇΓöÇΓöÇΓöÇΓöÇΓöÇΓöÇΓöÇΓöÇΓöÇΓöÇΓöÇΓöÇΓöÇΓöÇΓöÇΓöÇΓöÇΓöÇΓöÇΓöÇΓöÇΓöÇΓöÇΓöÇΓöÇΓöÇΓöÇΓöÇΓöÇΓöÇΓöÇΓöÇΓöÇΓöÇΓöÇΓöÇΓöÇΓöÇΓöÇΓöÇΓöÇΓöÇΓöÇΓöÇΓöÇΓöÇΓöÇΓöÇΓöÇΓöÇΓöÇΓöÇΓöÇΓöÇΓöÇΓöÇΓöÇΓöÇΓöÇΓöÇΓöÇΓöÇΓöÇΓöÇΓöÇΓöÇΓöÇΓöÇΓöÇΓöÇΓöÇΓöÇΓöÇΓöÇΓöÇΓöÇΓöÇΓöÇΓöÇ
00:39 +187 -35: C:/Users/H/Steps-to-recovery-flutter/test/grounding_exercises_screen_test.dart: Navigation back button returns to list
00:39 +188 -35: C:/Users/H/Steps-to-recovery-flutter/test/grounding_exercises_screen_test.dart: Navigation back button returns to list
00:39 +189 -35: C:/Users/H/Steps-to-recovery-flutter/test/grounding_exercises_screen_test.dart: Navigation back button returns to list
00:39 +190 -35: C:/Users/H/Steps-to-recovery-flutter/test/grounding_exercises_screen_test.dart: Navigation back button returns to list
00:39 +191 -35: C:/Users/H/Steps-to-recovery-flutter/test/grounding_exercises_screen_test.dart: Navigation back button returns to list
00:39 +192 -35: C:/Users/H/Steps-to-recovery-flutter/test/grounding_exercises_screen_test.dart: Navigation back button returns to list
00:39 +193 -35: C:/Users/H/Steps-to-recovery-flutter/test/grounding_exercises_screen_test.dart: Navigation back button returns to list
00:39 +194 -35: C:/Users/H/Steps-to-recovery-flutter/test/grounding_exercises_screen_test.dart: Navigation back button returns to list
00:39 +195 -35: C:/Users/H/Steps-to-recovery-flutter/test/grounding_exercises_screen_test.dart: Navigation back button returns to list
00:39 +196 -35: C:/Users/H/Steps-to-recovery-flutter/test/grounding_exercises_screen_test.dart: Navigation back button returns to list
00:39 +197 -35: C:/Users/H/Steps-to-recovery-flutter/test/grounding_exercises_screen_test.dart: Navigation back button returns to list
00:39 +197 -36: C:/Users/H/Steps-to-recovery-flutter/test/grounding_exercises_screen_test.dart: Navigation back button returns to list
00:39 +197 -36: C:/Users/H/Steps-to-recovery-flutter/test/voice_recording_service_test.dart: VoiceRecordingService Initialization service is singleton [E]
  Binding has not yet been initialized.
  The "instance" getter on the ServicesBinding binding mixin is only available once that binding has been initialized.
  Typically, this is done by calling "WidgetsFlutterBinding.ensureInitialized()" or "runApp()" (the latter calls the former). Typically this call is done in the "void main()" method. The "ensureInitialized" method is idempotent; calling it multiple times is not harmful. After calling that method, the "instance" getter will return the binding.
  In a test, one can call "TestWidgetsFlutterBinding.ensureInitialized()" as the first line in the test's "main()" method to initialize the binding.
  If ServicesBinding is a custom binding mixin, there must also be a custom binding class, like WidgetsFlutterBinding, but that mixes in the selected binding, and that is the class that must be constructed before using the "instance" getter.
  package:flutter/src/foundation/binding.dart 314:9                                BindingBase.checkInstance.<fn>
  package:flutter/src/foundation/binding.dart 401:6                                BindingBase.checkInstance
  package:flutter/src/services/binding.dart 73:54                                  ServicesBinding.instance
  package:flutter/src/services/platform_channel.dart 178:25                        _findBinaryMessenger
  package:flutter/src/services/platform_channel.dart 319:56                        MethodChannel.binaryMessenger
  package:flutter/src/services/platform_channel.dart 359:17                        MethodChannel._invokeMethod
  package:flutter/src/services/platform_channel.dart 539:12                        MethodChannel.invokeMethod
  package:record_platform_interface/src/record_method_channel_mixin.dart 15:27     RecordMethodChannel.create
  package:record/src/record.dart 34:39                                             AudioRecorder._create
  package:record/src/record.dart 29:5                                              new AudioRecorder
  package:steps_recovery_flutter/core/services/voice_recording_service.dart 16:40  new VoiceRecordingService._internal
  package:steps_recovery_flutter/core/services/voice_recording_service.dart 10:72  VoiceRecordingService._instance
  package:steps_recovery_flutter/core/services/voice_recording_service.dart        VoiceRecordingService._instance
  package:steps_recovery_flutter/core/services/voice_recording_service.dart 11:38  new VoiceRecordingService
  test\voice_recording_service_test.dart 9:17                                      main.<fn>.<fn>
  ===== asynchronous gap ===========================
  dart:async                                                                       Future._asyncCompleteError
  package:flutter/src/services/platform_channel.dart 539:12                        MethodChannel.invokeMethod
  package:record_platform_interface/src/record_method_channel_mixin.dart 15:27     RecordMethodChannel.create
  package:record/src/record.dart 34:39                                             AudioRecorder._create
  package:record/src/record.dart 29:5                                              new AudioRecorder
  package:steps_recovery_flutter/core/services/voice_recording_service.dart 16:40  new VoiceRecordingService._internal
  package:steps_recovery_flutter/core/services/voice_recording_service.dart 10:72  VoiceRecordingService._instance
  package:steps_recovery_flutter/core/services/voice_recording_service.dart        VoiceRecordingService._instance
  package:steps_recovery_flutter/core/services/voice_recording_service.dart 11:38  new VoiceRecordingService
  test\voice_recording_service_test.dart 9:17                                      main.<fn>.<fn>
  
  Binding has not yet been initialized.
  The "instance" getter on the ServicesBinding binding mixin is only available once that binding has been initialized.
  Typically, this is done by calling "WidgetsFlutterBinding.ensureInitialized()" or "runApp()" (the latter calls the former). Typically this call is done in the "void main()" method. The "ensureInitialized" method is idempotent; calling it multiple times is not harmful. After calling that method, the "instance" getter will return the binding.
  In a test, one can call "TestWidgetsFlutterBinding.ensureInitialized()" as the first line in the test's "main()" method to initialize the binding.
  If ServicesBinding is a custom binding mixin, there must also be a custom binding class, like WidgetsFlutterBinding, but that mixes in the selected binding, and that is the class that must be constructed before using the "instance" getter.
  package:flutter/src/foundation/binding.dart 314:9                                 BindingBase.checkInstance.<fn>
  package:flutter/src/foundation/binding.dart 401:6                                 BindingBase.checkInstance
  package:flutter/src/services/binding.dart 73:54                                   ServicesBinding.instance
  package:flutter/src/services/platform_channel.dart 178:25                         _findBinaryMessenger
  package:flutter/src/services/platform_channel.dart 319:56                         MethodChannel.binaryMessenger
  package:flutter/src/services/platform_channel.dart 359:17                         MethodChannel._invokeMethod
  package:flutter/src/services/platform_channel.dart 539:12                         MethodChannel.invokeMethod
  package:record_platform_interface/src/record_method_channel_mixin.dart 114:26     RecordMethodChannel.dispose
  package:record/src/record.dart 182:23                                             AudioRecorder.dispose.<fn>
  ===== asynchronous gap ===========================
  dart:async                                                                        _CustomZone.registerBinaryCallback
  package:record/src/record.dart 286:5                                              AudioRecorder._safeCall
  package:record/src/record.dart 171:12                                             AudioRecorder.dispose
  package:steps_recovery_flutter/core/services/voice_recording_service.dart 227:20  VoiceRecordingService.dispose
  test\voice_recording_service_test.dart 13:15                                      main.<fn>.<fn>
  
00:39 +197 -37: C:/Users/H/Steps-to-recovery-flutter/test/grounding_exercises_screen_test.dart: Navigation back button returns to list
00:39 +197 -37: C:/Users/H/Steps-to-recovery-flutter/test/voice_recording_service_test.dart: VoiceRecordingService Initialization initial state is correct [E]
  A VoiceRecordingService was used after being disposed.
  Once you have called dispose() on a VoiceRecordingService, it can no longer be used.
  package:flutter/src/foundation/change_notifier.dart 182:9                         ChangeNotifier.debugAssertNotDisposed.<fn>
  package:flutter/src/foundation/change_notifier.dart 189:6                         ChangeNotifier.debugAssertNotDisposed
  package:flutter/src/foundation/change_notifier.dart 374:27                        ChangeNotifier.dispose
  package:steps_recovery_flutter/core/services/voice_recording_service.dart 228:11  VoiceRecordingService.dispose
  test\voice_recording_service_test.dart 13:15                                      main.<fn>.<fn>
  
  Binding has not yet been initialized.
  The "instance" getter on the ServicesBinding binding mixin is only available once that binding has been initialized.
  Typically, this is done by calling "WidgetsFlutterBinding.ensureInitialized()" or "runApp()" (the latter calls the former). Typically this call is done in the "void main()" method. The "ensureInitialized" method is idempotent; calling it multiple times is not harmful. After calling that method, the "instance" getter will return the binding.
  In a test, one can call "TestWidgetsFlutterBinding.ensureInitialized()" as the first line in the test's "main()" method to initialize the binding.
  If ServicesBinding is a custom binding mixin, there must also be a custom binding class, like WidgetsFlutterBinding, but that mixes in the selected binding, and that is the class that must be constructed before using the "instance" getter.
  package:flutter/src/foundation/binding.dart 314:9                                 BindingBase.checkInstance.<fn>
  package:flutter/src/foundation/binding.dart 401:6                                 BindingBase.checkInstance
  package:flutter/src/services/binding.dart 73:54                                   ServicesBinding.instance
  package:flutter/src/services/platform_channel.dart 178:25                         _findBinaryMessenger
  package:flutter/src/services/platform_channel.dart 319:56                         MethodChannel.binaryMessenger
  package:flutter/src/services/platform_channel.dart 359:17                         MethodChannel._invokeMethod
  package:flutter/src/services/platform_channel.dart 539:12                         MethodChannel.invokeMethod
  package:record_platform_interface/src/record_method_channel_mixin.dart 114:26     RecordMethodChannel.dispose
  package:record/src/record.dart 182:23                                             AudioRecorder.dispose.<fn>
  ===== asynchronous gap ===========================
  dart:async                                                                        _CustomZone.registerBinaryCallback
  package:record/src/record.dart 286:5                                              AudioRecorder._safeCall
  package:record/src/record.dart 171:12                                             AudioRecorder.dispose
  package:steps_recovery_flutter/core/services/voice_recording_service.dart 227:20  VoiceRecordingService.dispose
  test\voice_recording_service_test.dart 13:15                                      main.<fn>.<fn>
  
00:39 +197 -38: C:/Users/H/Steps-to-recovery-flutter/test/grounding_exercises_screen_test.dart: Navigation back button returns to list
00:39 +197 -38: C:/Users/H/Steps-to-recovery-flutter/test/voice_recording_service_test.dart: VoiceRecordingService Speech Recognition isAvailable returns boolean [E]
  A VoiceRecordingService was used after being disposed.
  Once you have called dispose() on a VoiceRecordingService, it can no longer be used.
  package:flutter/src/foundation/change_notifier.dart 182:9                         ChangeNotifier.debugAssertNotDisposed.<fn>
  package:flutter/src/foundation/change_notifier.dart 189:6                         ChangeNotifier.debugAssertNotDisposed
  package:flutter/src/foundation/change_notifier.dart 374:27                        ChangeNotifier.dispose
  package:steps_recovery_flutter/core/services/voice_recording_service.dart 228:11  VoiceRecordingService.dispose
  test\voice_recording_service_test.dart 13:15                                      main.<fn>.<fn>
  
  Binding has not yet been initialized.
  The "instance" getter on the ServicesBinding binding mixin is only available once that binding has been initialized.
  Typically, this is done by calling "WidgetsFlutterBinding.ensureInitialized()" or "runApp()" (the latter calls the former). Typically this call is done in the "void main()" method. The "ensureInitialized" method is idempotent; calling it multiple times is not harmful. After calling that method, the "instance" getter will return the binding.
  In a test, one can call "TestWidgetsFlutterBinding.ensureInitialized()" as the first line in the test's "main()" method to initialize the binding.
  If ServicesBinding is a custom binding mixin, there must also be a custom binding class, like WidgetsFlutterBinding, but that mixes in the selected binding, and that is the class that must be constructed before using the "instance" getter.
  package:flutter/src/foundation/binding.dart 314:9                                 BindingBase.checkInstance.<fn>
  package:flutter/src/foundation/binding.dart 401:6                                 BindingBase.checkInstance
  package:flutter/src/services/binding.dart 73:54                                   ServicesBinding.instance
  package:flutter/src/services/platform_channel.dart 178:25                         _findBinaryMessenger
  package:flutter/src/services/platform_channel.dart 319:56                         MethodChannel.binaryMessenger
  package:flutter/src/services/platform_channel.dart 359:17                         MethodChannel._invokeMethod
  package:flutter/src/services/platform_channel.dart 539:12                         MethodChannel.invokeMethod
  package:record_platform_interface/src/record_method_channel_mixin.dart 114:26     RecordMethodChannel.dispose
  package:record/src/record.dart 182:23                                             AudioRecorder.dispose.<fn>
  ===== asynchronous gap ===========================
  dart:async                                                                        _CustomZone.registerBinaryCallback
  package:record/src/record.dart 286:5                                              AudioRecorder._safeCall
  package:record/src/record.dart 171:12                                             AudioRecorder.dispose
  package:steps_recovery_flutter/core/services/voice_recording_service.dart 227:20  VoiceRecordingService.dispose
  test\voice_recording_service_test.dart 13:15                                      main.<fn>.<fn>
  
00:39 +197 -38: C:/Users/H/Steps-to-recovery-flutter/test/voice_recording_service_test.dart: VoiceRecordingService Speech Recognition initialize returns boolean
[38;5;196mΓöîΓöÇΓöÇΓöÇΓöÇΓöÇΓöÇΓöÇΓöÇΓöÇΓöÇΓöÇΓöÇΓöÇΓöÇΓöÇΓöÇΓöÇΓöÇΓöÇΓöÇΓöÇΓöÇΓöÇΓöÇΓöÇΓöÇΓöÇΓöÇΓöÇΓöÇΓöÇΓöÇΓöÇΓöÇΓöÇΓöÇΓöÇΓöÇΓöÇΓöÇΓöÇΓöÇΓöÇΓöÇΓöÇΓöÇΓöÇΓöÇΓöÇΓöÇΓöÇΓöÇΓöÇΓöÇΓöÇΓöÇΓöÇΓöÇΓöÇΓöÇΓöÇΓöÇΓöÇΓöÇΓöÇΓöÇΓöÇΓöÇΓöÇΓöÇΓöÇΓöÇΓöÇΓöÇΓöÇΓöÇΓöÇΓöÇΓöÇΓöÇΓöÇΓöÇΓöÇΓöÇΓöÇΓöÇΓöÇΓöÇΓöÇΓöÇΓöÇΓöÇΓöÇΓöÇΓöÇΓöÇΓöÇΓöÇΓöÇΓöÇΓöÇΓöÇΓöÇΓöÇΓöÇΓöÇΓöÇΓöÇΓöÇΓöÇΓöÇΓöÇΓöÇΓöÇΓöÇΓöÇΓöÇΓöÇΓöÇ[0m
[38;5;196mΓöé Binding has not yet been initialized.[0m
[38;5;196mΓöé The "instance" getter on the ServicesBinding binding mixin is only available once that binding has been initialized.[0m
[38;5;196mΓöé Typically, this is done by calling "WidgetsFlutterBinding.ensureInitialized()" or "runApp()" (the latter calls the former). Typically this call is done in the "void main()" method. The "ensureInitialized" method is idempotent; calling it multiple times is not harmful. After calling that method, the "instance" getter will return the binding.[0m
[38;5;196mΓöé In a test, one can call "TestWidgetsFlutterBinding.ensureInitialized()" as the first line in the test's "main()" method to initialize the binding.[0m
[38;5;196mΓöé If ServicesBinding is a custom binding mixin, there must also be a custom binding class, like WidgetsFlutterBinding, but that mixes in the selected binding, and that is the class that must be constructed before using the "instance" getter.[0m
[38;5;196mΓö£ΓöäΓöäΓöäΓöäΓöäΓöäΓöäΓöäΓöäΓöäΓöäΓöäΓöäΓöäΓöäΓöäΓöäΓöäΓöäΓöäΓöäΓöäΓöäΓöäΓöäΓöäΓöäΓöäΓöäΓöäΓöäΓöäΓöäΓöäΓöäΓöäΓöäΓöäΓöäΓöäΓöäΓöäΓöäΓöäΓöäΓöäΓöäΓöäΓöäΓöäΓöäΓöäΓöäΓöäΓöäΓöäΓöäΓöäΓöäΓöäΓöäΓöäΓöäΓöäΓöäΓöäΓöäΓöäΓöäΓöäΓöäΓöäΓöäΓöäΓöäΓöäΓöäΓöäΓöäΓöäΓöäΓöäΓöäΓöäΓöäΓöäΓöäΓöäΓöäΓöäΓöäΓöäΓöäΓöäΓöäΓöäΓöäΓöäΓöäΓöäΓöäΓöäΓöäΓöäΓöäΓöäΓöäΓöäΓöäΓöäΓöäΓöäΓöäΓöäΓöäΓöäΓöäΓöäΓöä[0m
[38;5;196mΓöé #0   BindingBase.checkInstance.<anonymous closure> (package:flutter/src/foundation/binding.dart:314:9)[0m
[38;5;196mΓöé #1   BindingBase.checkInstance (package:flutter/src/foundation/binding.dart:401:6)[0m
[38;5;196mΓöé #2   ServicesBinding.instance (package:flutter/src/services/binding.dart:73:54)[0m
[38;5;196mΓöé #3   _findBinaryMessenger (package:flutter/src/services/platform_channel.dart:178:25)[0m
[38;5;196mΓöé #4   MethodChannel.binaryMessenger (package:flutter/src/services/platform_channel.dart:319:56)[0m
[38;5;196mΓöé #5   MethodChannel._invokeMethod (package:flutter/src/services/platform_channel.dart:359:17)[0m
[38;5;196mΓöé #6   MethodChannel.invokeMethod (package:flutter/src/services/platform_channel.dart:539:12)[0m
[38;5;196mΓöé #7   MethodChannelPermissionHandler.requestPermissions (package:permission_handler_platform_interface/src/method_channel/method_channel_permission_handler.dart:80:30)[0m
[38;5;196mΓö£ΓöäΓöäΓöäΓöäΓöäΓöäΓöäΓöäΓöäΓöäΓöäΓöäΓöäΓöäΓöäΓöäΓöäΓöäΓöäΓöäΓöäΓöäΓöäΓöäΓöäΓöäΓöäΓöäΓöäΓöäΓöäΓöäΓöäΓöäΓöäΓöäΓöäΓöäΓöäΓöäΓöäΓöäΓöäΓöäΓöäΓöäΓöäΓöäΓöäΓöäΓöäΓöäΓöäΓöäΓöäΓöäΓöäΓöäΓöäΓöäΓöäΓöäΓöäΓöäΓöäΓöäΓöäΓöäΓöäΓöäΓöäΓöäΓöäΓöäΓöäΓöäΓöäΓöäΓöäΓöäΓöäΓöäΓöäΓöäΓöäΓöäΓöäΓöäΓöäΓöäΓöäΓöäΓöäΓöäΓöäΓöäΓöäΓöäΓöäΓöäΓöäΓöäΓöäΓöäΓöäΓöäΓöäΓöäΓöäΓöäΓöäΓöäΓöäΓöäΓöäΓöäΓöäΓöäΓöä[0m
[38;5;196mΓöé 11:20:53.716 (+0:00:00.127173)[0m
[38;5;196mΓö£ΓöäΓöäΓöäΓöäΓöäΓöäΓöäΓöäΓöäΓöäΓöäΓöäΓöäΓöäΓöäΓöäΓöäΓöäΓöäΓöäΓöäΓöäΓöäΓöäΓöäΓöäΓöäΓöäΓöäΓöäΓöäΓöäΓöäΓöäΓöäΓöäΓöäΓöäΓöäΓöäΓöäΓöäΓöäΓöäΓöäΓöäΓöäΓöäΓöäΓöäΓöäΓöäΓöäΓöäΓöäΓöäΓöäΓöäΓöäΓöäΓöäΓöäΓöäΓöäΓöäΓöäΓöäΓöäΓöäΓöäΓöäΓöäΓöäΓöäΓöäΓöäΓöäΓöäΓöäΓöäΓöäΓöäΓöäΓöäΓöäΓöäΓöäΓöäΓöäΓöäΓöäΓöäΓöäΓöäΓöäΓöäΓöäΓöäΓöäΓöäΓöäΓöäΓöäΓöäΓöäΓöäΓöäΓöäΓöäΓöäΓöäΓöäΓöäΓöäΓöäΓöäΓöäΓöäΓöä[0m
[38;5;196mΓöé Γ¢ö Failed to request microphone permission[0m
[38;5;196mΓööΓöÇΓöÇΓöÇΓöÇΓöÇΓöÇΓöÇΓöÇΓöÇΓöÇΓöÇΓöÇΓöÇΓöÇΓöÇΓöÇΓöÇΓöÇΓöÇΓöÇΓöÇΓöÇΓöÇΓöÇΓöÇΓöÇΓöÇΓöÇΓöÇΓöÇΓöÇΓöÇΓöÇΓöÇΓöÇΓöÇΓöÇΓöÇΓöÇΓöÇΓöÇΓöÇΓöÇΓöÇΓöÇΓöÇΓöÇΓöÇΓöÇΓöÇΓöÇΓöÇΓöÇΓöÇΓöÇΓöÇΓöÇΓöÇΓöÇΓöÇΓöÇΓöÇΓöÇΓöÇΓöÇΓöÇΓöÇΓöÇΓöÇΓöÇΓöÇΓöÇΓöÇΓöÇΓöÇΓöÇΓöÇΓöÇΓöÇΓöÇΓöÇΓöÇΓöÇΓöÇΓöÇΓöÇΓöÇΓöÇΓöÇΓöÇΓöÇΓöÇΓöÇΓöÇΓöÇΓöÇΓöÇΓöÇΓöÇΓöÇΓöÇΓöÇΓöÇΓöÇΓöÇΓöÇΓöÇΓöÇΓöÇΓöÇΓöÇΓöÇΓöÇΓöÇΓöÇΓöÇΓöÇΓöÇΓöÇ[0m
[38;5;208mΓöîΓöÇΓöÇΓöÇΓöÇΓöÇΓöÇΓöÇΓöÇΓöÇΓöÇΓöÇΓöÇΓöÇΓöÇΓöÇΓöÇΓöÇΓöÇΓöÇΓöÇΓöÇΓöÇΓöÇΓöÇΓöÇΓöÇΓöÇΓöÇΓöÇΓöÇΓöÇΓöÇΓöÇΓöÇΓöÇΓöÇΓöÇΓöÇΓöÇΓöÇΓöÇΓöÇΓöÇΓöÇΓöÇΓöÇΓöÇΓöÇΓöÇΓöÇΓöÇΓöÇΓöÇΓöÇΓöÇΓöÇΓöÇΓöÇΓöÇΓöÇΓöÇΓöÇΓöÇΓöÇΓöÇΓöÇΓöÇΓöÇΓöÇΓöÇΓöÇΓöÇΓöÇΓöÇΓöÇΓöÇΓöÇΓöÇΓöÇΓöÇΓöÇΓöÇΓöÇΓöÇΓöÇΓöÇΓöÇΓöÇΓöÇΓöÇΓöÇΓöÇΓöÇΓöÇΓöÇΓöÇΓöÇΓöÇΓöÇΓöÇΓöÇΓöÇΓöÇΓöÇΓöÇΓöÇΓöÇΓöÇΓöÇΓöÇΓöÇΓöÇΓöÇΓöÇΓöÇΓöÇΓöÇΓöÇΓöÇ[0m
[38;5;208mΓöé #0   LoggerService.warning (package:steps_recovery_flutter/core/services/logger_service.dart:32:13)[0m
[38;5;208mΓöé #1   VoiceRecordingService.initialize (package:steps_recovery_flutter/core/services/voice_recording_service.dart:42:19)[0m
[38;5;208mΓö£ΓöäΓöäΓöäΓöäΓöäΓöäΓöäΓöäΓöäΓöäΓöäΓöäΓöäΓöäΓöäΓöäΓöäΓöäΓöäΓöäΓöäΓöäΓöäΓöäΓöäΓöäΓöäΓöäΓöäΓöäΓöäΓöäΓöäΓöäΓöäΓöäΓöäΓöäΓöäΓöäΓöäΓöäΓöäΓöäΓöäΓöäΓöäΓöäΓöäΓöäΓöäΓöäΓöäΓöäΓöäΓöäΓöäΓöäΓöäΓöäΓöäΓöäΓöäΓöäΓöäΓöäΓöäΓöäΓöäΓöäΓöäΓöäΓöäΓöäΓöäΓöäΓöäΓöäΓöäΓöäΓöäΓöäΓöäΓöäΓöäΓöäΓöäΓöäΓöäΓöäΓöäΓöäΓöäΓöäΓöäΓöäΓöäΓöäΓöäΓöäΓöäΓöäΓöäΓöäΓöäΓöäΓöäΓöäΓöäΓöäΓöäΓöäΓöäΓöäΓöäΓöäΓöäΓöäΓöä[0m
[38;5;208mΓöé 11:20:53.726 (+0:00:00.137902)[0m
[38;5;208mΓö£ΓöäΓöäΓöäΓöäΓöäΓöäΓöäΓöäΓöäΓöäΓöäΓöäΓöäΓöäΓöäΓöäΓöäΓöäΓöäΓöäΓöäΓöäΓöäΓöäΓöäΓöäΓöäΓöäΓöäΓöäΓöäΓöäΓöäΓöäΓöäΓöäΓöäΓöäΓöäΓöäΓöäΓöäΓöäΓöäΓöäΓöäΓöäΓöäΓöäΓöäΓöäΓöäΓöäΓöäΓöäΓöäΓöäΓöäΓöäΓöäΓöäΓöäΓöäΓöäΓöäΓöäΓöäΓöäΓöäΓöäΓöäΓöäΓöäΓöäΓöäΓöäΓöäΓöäΓöäΓöäΓöäΓöäΓöäΓöäΓöäΓöäΓöäΓöäΓöäΓöäΓöäΓöäΓöäΓöäΓöäΓöäΓöäΓöäΓöäΓöäΓöäΓöäΓöäΓöäΓöäΓöäΓöäΓöäΓöäΓöäΓöäΓöäΓöäΓöäΓöäΓöäΓöäΓöäΓöä[0m
[38;5;208mΓöé ΓÜá∩╕Å Microphone permission denied[0m
[38;5;208mΓööΓöÇΓöÇΓöÇΓöÇΓöÇΓöÇΓöÇΓöÇΓöÇΓöÇΓöÇΓöÇΓöÇΓöÇΓöÇΓöÇΓöÇΓöÇΓöÇΓöÇΓöÇΓöÇΓöÇΓöÇΓöÇΓöÇΓöÇΓöÇΓöÇΓöÇΓöÇΓöÇΓöÇΓöÇΓöÇΓöÇΓöÇΓöÇΓöÇΓöÇΓöÇΓöÇΓöÇΓöÇΓöÇΓöÇΓöÇΓöÇΓöÇΓöÇΓöÇΓöÇΓöÇΓöÇΓöÇΓöÇΓöÇΓöÇΓöÇΓöÇΓöÇΓöÇΓöÇΓöÇΓöÇΓöÇΓöÇΓöÇΓöÇΓöÇΓöÇΓöÇΓöÇΓöÇΓöÇΓöÇΓöÇΓöÇΓöÇΓöÇΓöÇΓöÇΓöÇΓöÇΓöÇΓöÇΓöÇΓöÇΓöÇΓöÇΓöÇΓöÇΓöÇΓöÇΓöÇΓöÇΓöÇΓöÇΓöÇΓöÇΓöÇΓöÇΓöÇΓöÇΓöÇΓöÇΓöÇΓöÇΓöÇΓöÇΓöÇΓöÇΓöÇΓöÇΓöÇΓöÇΓöÇΓöÇΓöÇ[0m
00:39 +197 -39: C:/Users/H/Steps-to-recovery-flutter/test/grounding_exercises_screen_test.dart: Navigation back button returns to list
00:39 +197 -39: C:/Users/H/Steps-to-recovery-flutter/test/voice_recording_service_test.dart: VoiceRecordingService Speech Recognition initialize returns boolean [E]
  A VoiceRecordingService was used after being disposed.
  Once you have called dispose() on a VoiceRecordingService, it can no longer be used.
  package:flutter/src/foundation/change_notifier.dart 182:9                         ChangeNotifier.debugAssertNotDisposed.<fn>
  package:flutter/src/foundation/change_notifier.dart 189:6                         ChangeNotifier.debugAssertNotDisposed
  package:flutter/src/foundation/change_notifier.dart 374:27                        ChangeNotifier.dispose
  package:steps_recovery_flutter/core/services/voice_recording_service.dart 228:11  VoiceRecordingService.dispose
  test\voice_recording_service_test.dart 13:15                                      main.<fn>.<fn>
  
  Binding has not yet been initialized.
  The "instance" getter on the ServicesBinding binding mixin is only available once that binding has been initialized.
  Typically, this is done by calling "WidgetsFlutterBinding.ensureInitialized()" or "runApp()" (the latter calls the former). Typically this call is done in the "void main()" method. The "ensureInitialized" method is idempotent; calling it multiple times is not harmful. After calling that method, the "instance" getter will return the binding.
  In a test, one can call "TestWidgetsFlutterBinding.ensureInitialized()" as the first line in the test's "main()" method to initialize the binding.
  If ServicesBinding is a custom binding mixin, there must also be a custom binding class, like WidgetsFlutterBinding, but that mixes in the selected binding, and that is the class that must be constructed before using the "instance" getter.
  package:flutter/src/foundation/binding.dart 314:9                                 BindingBase.checkInstance.<fn>
  package:flutter/src/foundation/binding.dart 401:6                                 BindingBase.checkInstance
  package:flutter/src/services/binding.dart 73:54                                   ServicesBinding.instance
  package:flutter/src/services/platform_channel.dart 178:25                         _findBinaryMessenger
  package:flutter/src/services/platform_channel.dart 319:56                         MethodChannel.binaryMessenger
  package:flutter/src/services/platform_channel.dart 359:17                         MethodChannel._invokeMethod
  package:flutter/src/services/platform_channel.dart 539:12                         MethodChannel.invokeMethod
  package:record_platform_interface/src/record_method_channel_mixin.dart 114:26     RecordMethodChannel.dispose
  package:record/src/record.dart 182:23                                             AudioRecorder.dispose.<fn>
  ===== asynchronous gap ===========================
  dart:async                                                                        _CustomZone.registerBinaryCallback
  package:record/src/record.dart 286:5                                              AudioRecorder._safeCall
  package:record/src/record.dart 171:12                                             AudioRecorder.dispose
  package:steps_recovery_flutter/core/services/voice_recording_service.dart 227:20  VoiceRecordingService.dispose
  test\voice_recording_service_test.dart 13:15                                      main.<fn>.<fn>
  
00:39 +197 -40: C:/Users/H/Steps-to-recovery-flutter/test/grounding_exercises_screen_test.dart: Navigation back button returns to list
00:39 +197 -40: C:/Users/H/Steps-to-recovery-flutter/test/voice_recording_service_test.dart: VoiceRecordingService Speech Recognition clearText empties recognized text [E]
  A VoiceRecordingService was used after being disposed.
  Once you have called dispose() on a VoiceRecordingService, it can no longer be used.
  package:flutter/src/foundation/change_notifier.dart 182:9                        ChangeNotifier.debugAssertNotDisposed.<fn>
  package:flutter/src/foundation/change_notifier.dart 189:6                        ChangeNotifier.debugAssertNotDisposed
  package:flutter/src/foundation/change_notifier.dart 411:27                       ChangeNotifier.notifyListeners
  package:steps_recovery_flutter/core/services/voice_recording_service.dart 129:5  VoiceRecordingService.clearText
  test\voice_recording_service_test.dart 44:17                                     main.<fn>.<fn>.<fn>
  
  A VoiceRecordingService was used after being disposed.
  Once you have called dispose() on a VoiceRecordingService, it can no longer be used.
  package:flutter/src/foundation/change_notifier.dart 182:9                         ChangeNotifier.debugAssertNotDisposed.<fn>
  package:flutter/src/foundation/change_notifier.dart 189:6                         ChangeNotifier.debugAssertNotDisposed
  package:flutter/src/foundation/change_notifier.dart 374:27                        ChangeNotifier.dispose
  package:steps_recovery_flutter/core/services/voice_recording_service.dart 228:11  VoiceRecordingService.dispose
  test\voice_recording_service_test.dart 13:15                                      main.<fn>.<fn>
  
  Binding has not yet been initialized.
  The "instance" getter on the ServicesBinding binding mixin is only available once that binding has been initialized.
  Typically, this is done by calling "WidgetsFlutterBinding.ensureInitialized()" or "runApp()" (the latter calls the former). Typically this call is done in the "void main()" method. The "ensureInitialized" method is idempotent; calling it multiple times is not harmful. After calling that method, the "instance" getter will return the binding.
  In a test, one can call "TestWidgetsFlutterBinding.ensureInitialized()" as the first line in the test's "main()" method to initialize the binding.
  If ServicesBinding is a custom binding mixin, there must also be a custom binding class, like WidgetsFlutterBinding, but that mixes in the selected binding, and that is the class that must be constructed before using the "instance" getter.
  package:flutter/src/foundation/binding.dart 314:9                                 BindingBase.checkInstance.<fn>
  package:flutter/src/foundation/binding.dart 401:6                                 BindingBase.checkInstance
  package:flutter/src/services/binding.dart 73:54                                   ServicesBinding.instance
  package:flutter/src/services/platform_channel.dart 178:25                         _findBinaryMessenger
  package:flutter/src/services/platform_channel.dart 319:56                         MethodChannel.binaryMessenger
  package:flutter/src/services/platform_channel.dart 359:17                         MethodChannel._invokeMethod
  package:flutter/src/services/platform_channel.dart 539:12                         MethodChannel.invokeMethod
  package:record_platform_interface/src/record_method_channel_mixin.dart 114:26     RecordMethodChannel.dispose
  package:record/src/record.dart 182:23                                             AudioRecorder.dispose.<fn>
  ===== asynchronous gap ===========================
  dart:async                                                                        _CustomZone.registerBinaryCallback
  package:record/src/record.dart 286:5                                              AudioRecorder._safeCall
  package:record/src/record.dart 171:12                                             AudioRecorder.dispose
  package:steps_recovery_flutter/core/services/voice_recording_service.dart 227:20  VoiceRecordingService.dispose
  test\voice_recording_service_test.dart 13:15                                      main.<fn>.<fn>
  
00:39 +197 -41: C:/Users/H/Steps-to-recovery-flutter/test/grounding_exercises_screen_test.dart: Navigation back button returns to list
00:39 +197 -41: C:/Users/H/Steps-to-recovery-flutter/test/voice_recording_service_test.dart: VoiceRecordingService Speech Recognition getFormattedDuration returns correct format [E]
  A VoiceRecordingService was used after being disposed.
  Once you have called dispose() on a VoiceRecordingService, it can no longer be used.
  package:flutter/src/foundation/change_notifier.dart 182:9                         ChangeNotifier.debugAssertNotDisposed.<fn>
  package:flutter/src/foundation/change_notifier.dart 189:6                         ChangeNotifier.debugAssertNotDisposed
  package:flutter/src/foundation/change_notifier.dart 374:27                        ChangeNotifier.dispose
  package:steps_recovery_flutter/core/services/voice_recording_service.dart 228:11  VoiceRecordingService.dispose
  test\voice_recording_service_test.dart 13:15                                      main.<fn>.<fn>
  
  Binding has not yet been initialized.
  The "instance" getter on the ServicesBinding binding mixin is only available once that binding has been initialized.
  Typically, this is done by calling "WidgetsFlutterBinding.ensureInitialized()" or "runApp()" (the latter calls the former). Typically this call is done in the "void main()" method. The "ensureInitialized" method is idempotent; calling it multiple times is not harmful. After calling that method, the "instance" getter will return the binding.
  In a test, one can call "TestWidgetsFlutterBinding.ensureInitialized()" as the first line in the test's "main()" method to initialize the binding.
  If ServicesBinding is a custom binding mixin, there must also be a custom binding class, like WidgetsFlutterBinding, but that mixes in the selected binding, and that is the class that must be constructed before using the "instance" getter.
  package:flutter/src/foundation/binding.dart 314:9                                 BindingBase.checkInstance.<fn>
  package:flutter/src/foundation/binding.dart 401:6                                 BindingBase.checkInstance
  package:flutter/src/services/binding.dart 73:54                                   ServicesBinding.instance
  package:flutter/src/services/platform_channel.dart 178:25                         _findBinaryMessenger
  package:flutter/src/services/platform_channel.dart 319:56                         MethodChannel.binaryMessenger
  package:flutter/src/services/platform_channel.dart 359:17                         MethodChannel._invokeMethod
  package:flutter/src/services/platform_channel.dart 539:12                         MethodChannel.invokeMethod
  package:record_platform_interface/src/record_method_channel_mixin.dart 114:26     RecordMethodChannel.dispose
  package:record/src/record.dart 182:23                                             AudioRecorder.dispose.<fn>
  ===== asynchronous gap ===========================
  dart:async                                                                        _CustomZone.registerBinaryCallback
  package:record/src/record.dart 286:5                                              AudioRecorder._safeCall
  package:record/src/record.dart 171:12                                             AudioRecorder.dispose
  package:steps_recovery_flutter/core/services/voice_recording_service.dart 227:20  VoiceRecordingService.dispose
  test\voice_recording_service_test.dart 13:15                                      main.<fn>.<fn>
  
00:39 +197 -41: C:/Users/H/Steps-to-recovery-flutter/test/voice_recording_service_test.dart: VoiceRecordingService Audio Recording Permissions hasPermission returns boolean
[38;5;196mΓöîΓöÇΓöÇΓöÇΓöÇΓöÇΓöÇΓöÇΓöÇΓöÇΓöÇΓöÇΓöÇΓöÇΓöÇΓöÇΓöÇΓöÇΓöÇΓöÇΓöÇΓöÇΓöÇΓöÇΓöÇΓöÇΓöÇΓöÇΓöÇΓöÇΓöÇΓöÇΓöÇΓöÇΓöÇΓöÇΓöÇΓöÇΓöÇΓöÇΓöÇΓöÇΓöÇΓöÇΓöÇΓöÇΓöÇΓöÇΓöÇΓöÇΓöÇΓöÇΓöÇΓöÇΓöÇΓöÇΓöÇΓöÇΓöÇΓöÇΓöÇΓöÇΓöÇΓöÇΓöÇΓöÇΓöÇΓöÇΓöÇΓöÇΓöÇΓöÇΓöÇΓöÇΓöÇΓöÇΓöÇΓöÇΓöÇΓöÇΓöÇΓöÇΓöÇΓöÇΓöÇΓöÇΓöÇΓöÇΓöÇΓöÇΓöÇΓöÇΓöÇΓöÇΓöÇΓöÇΓöÇΓöÇΓöÇΓöÇΓöÇΓöÇΓöÇΓöÇΓöÇΓöÇΓöÇΓöÇΓöÇΓöÇΓöÇΓöÇΓöÇΓöÇΓöÇΓöÇΓöÇΓöÇΓöÇΓöÇ[0m
[38;5;196mΓöé Binding has not yet been initialized.[0m
[38;5;196mΓöé The "instance" getter on the ServicesBinding binding mixin is only available once that binding has been initialized.[0m
[38;5;196mΓöé Typically, this is done by calling "WidgetsFlutterBinding.ensureInitialized()" or "runApp()" (the latter calls the former). Typically this call is done in the "void main()" method. The "ensureInitialized" method is idempotent; calling it multiple times is not harmful. After calling that method, the "instance" getter will return the binding.[0m
[38;5;196mΓöé In a test, one can call "TestWidgetsFlutterBinding.ensureInitialized()" as the first line in the test's "main()" method to initialize the binding.[0m
[38;5;196mΓöé If ServicesBinding is a custom binding mixin, there must also be a custom binding class, like WidgetsFlutterBinding, but that mixes in the selected binding, and that is the class that must be constructed before using the "instance" getter.[0m
[38;5;196mΓö£ΓöäΓöäΓöäΓöäΓöäΓöäΓöäΓöäΓöäΓöäΓöäΓöäΓöäΓöäΓöäΓöäΓöäΓöäΓöäΓöäΓöäΓöäΓöäΓöäΓöäΓöäΓöäΓöäΓöäΓöäΓöäΓöäΓöäΓöäΓöäΓöäΓöäΓöäΓöäΓöäΓöäΓöäΓöäΓöäΓöäΓöäΓöäΓöäΓöäΓöäΓöäΓöäΓöäΓöäΓöäΓöäΓöäΓöäΓöäΓöäΓöäΓöäΓöäΓöäΓöäΓöäΓöäΓöäΓöäΓöäΓöäΓöäΓöäΓöäΓöäΓöäΓöäΓöäΓöäΓöäΓöäΓöäΓöäΓöäΓöäΓöäΓöäΓöäΓöäΓöäΓöäΓöäΓöäΓöäΓöäΓöäΓöäΓöäΓöäΓöäΓöäΓöäΓöäΓöäΓöäΓöäΓöäΓöäΓöäΓöäΓöäΓöäΓöäΓöäΓöäΓöäΓöäΓöäΓöä[0m
[38;5;196mΓöé #0   BindingBase.checkInstance.<anonymous closure> (package:flutter/src/foundation/binding.dart:314:9)[0m
[38;5;196mΓöé #1   BindingBase.checkInstance (package:flutter/src/foundation/binding.dart:401:6)[0m
[38;5;196mΓöé #2   ServicesBinding.instance (package:flutter/src/services/binding.dart:73:54)[0m
[38;5;196mΓöé #3   _findBinaryMessenger (package:flutter/src/services/platform_channel.dart:178:25)[0m
[38;5;196mΓöé #4   MethodChannel.binaryMessenger (package:flutter/src/services/platform_channel.dart:319:56)[0m
[38;5;196mΓöé #5   MethodChannel._invokeMethod (package:flutter/src/services/platform_channel.dart:359:17)[0m
[38;5;196mΓöé #6   MethodChannel.invokeMethod (package:flutter/src/services/platform_channel.dart:539:12)[0m
[38;5;196mΓöé #7   MethodChannelPermissionHandler.requestPermissions (package:permission_handler_platform_interface/src/method_channel/method_channel_permission_handler.dart:80:30)[0m
[38;5;196mΓö£ΓöäΓöäΓöäΓöäΓöäΓöäΓöäΓöäΓöäΓöäΓöäΓöäΓöäΓöäΓöäΓöäΓöäΓöäΓöäΓöäΓöäΓöäΓöäΓöäΓöäΓöäΓöäΓöäΓöäΓöäΓöäΓöäΓöäΓöäΓöäΓöäΓöäΓöäΓöäΓöäΓöäΓöäΓöäΓöäΓöäΓöäΓöäΓöäΓöäΓöäΓöäΓöäΓöäΓöäΓöäΓöäΓöäΓöäΓöäΓöäΓöäΓöäΓöäΓöäΓöäΓöäΓöäΓöäΓöäΓöäΓöäΓöäΓöäΓöäΓöäΓöäΓöäΓöäΓöäΓöäΓöäΓöäΓöäΓöäΓöäΓöäΓöäΓöäΓöäΓöäΓöäΓöäΓöäΓöäΓöäΓöäΓöäΓöäΓöäΓöäΓöäΓöäΓöäΓöäΓöäΓöäΓöäΓöäΓöäΓöäΓöäΓöäΓöäΓöäΓöäΓöäΓöäΓöäΓöä[0m
[38;5;196mΓöé 11:20:53.782 (+0:00:00.192942)[0m
[38;5;196mΓö£ΓöäΓöäΓöäΓöäΓöäΓöäΓöäΓöäΓöäΓöäΓöäΓöäΓöäΓöäΓöäΓöäΓöäΓöäΓöäΓöäΓöäΓöäΓöäΓöäΓöäΓöäΓöäΓöäΓöäΓöäΓöäΓöäΓöäΓöäΓöäΓöäΓöäΓöäΓöäΓöäΓöäΓöäΓöäΓöäΓöäΓöäΓöäΓöäΓöäΓöäΓöäΓöäΓöäΓöäΓöäΓöäΓöäΓöäΓöäΓöäΓöäΓöäΓöäΓöäΓöäΓöäΓöäΓöäΓöäΓöäΓöäΓöäΓöäΓöäΓöäΓöäΓöäΓöäΓöäΓöäΓöäΓöäΓöäΓöäΓöäΓöäΓöäΓöäΓöäΓöäΓöäΓöäΓöäΓöäΓöäΓöäΓöäΓöäΓöäΓöäΓöäΓöäΓöäΓöäΓöäΓöäΓöäΓöäΓöäΓöäΓöäΓöäΓöäΓöäΓöäΓöäΓöäΓöäΓöä[0m
[38;5;196mΓöé Γ¢ö Failed to request microphone permission[0m
[38;5;196mΓööΓöÇΓöÇΓöÇΓöÇΓöÇΓöÇΓöÇΓöÇΓöÇΓöÇΓöÇΓöÇΓöÇΓöÇΓöÇΓöÇΓöÇΓöÇΓöÇΓöÇΓöÇΓöÇΓöÇΓöÇΓöÇΓöÇΓöÇΓöÇΓöÇΓöÇΓöÇΓöÇΓöÇΓöÇΓöÇΓöÇΓöÇΓöÇΓöÇΓöÇΓöÇΓöÇΓöÇΓöÇΓöÇΓöÇΓöÇΓöÇΓöÇΓöÇΓöÇΓöÇΓöÇΓöÇΓöÇΓöÇΓöÇΓöÇΓöÇΓöÇΓöÇΓöÇΓöÇΓöÇΓöÇΓöÇΓöÇΓöÇΓöÇΓöÇΓöÇΓöÇΓöÇΓöÇΓöÇΓöÇΓöÇΓöÇΓöÇΓöÇΓöÇΓöÇΓöÇΓöÇΓöÇΓöÇΓöÇΓöÇΓöÇΓöÇΓöÇΓöÇΓöÇΓöÇΓöÇΓöÇΓöÇΓöÇΓöÇΓöÇΓöÇΓöÇΓöÇΓöÇΓöÇΓöÇΓöÇΓöÇΓöÇΓöÇΓöÇΓöÇΓöÇΓöÇΓöÇΓöÇΓöÇΓöÇΓöÇ[0m
00:39 +197 -42: C:/Users/H/Steps-to-recovery-flutter/test/grounding_exercises_screen_test.dart: Navigation back button returns to list
00:39 +197 -42: C:/Users/H/Steps-to-recovery-flutter/test/voice_recording_service_test.dart: VoiceRecordingService Audio Recording Permissions hasPermission returns boolean [E]
  A VoiceRecordingService was used after being disposed.
  Once you have called dispose() on a VoiceRecordingService, it can no longer be used.
  package:flutter/src/foundation/change_notifier.dart 182:9                         ChangeNotifier.debugAssertNotDisposed.<fn>
  package:flutter/src/foundation/change_notifier.dart 189:6                         ChangeNotifier.debugAssertNotDisposed
  package:flutter/src/foundation/change_notifier.dart 374:27                        ChangeNotifier.dispose
  package:steps_recovery_flutter/core/services/voice_recording_service.dart 228:11  VoiceRecordingService.dispose
  test\voice_recording_service_test.dart 13:15                                      main.<fn>.<fn>
  
  Binding has not yet been initialized.
  The "instance" getter on the ServicesBinding binding mixin is only available once that binding has been initialized.
  Typically, this is done by calling "WidgetsFlutterBinding.ensureInitialized()" or "runApp()" (the latter calls the former). Typically this call is done in the "void main()" method. The "ensureInitialized" method is idempotent; calling it multiple times is not harmful. After calling that method, the "instance" getter will return the binding.
  In a test, one can call "TestWidgetsFlutterBinding.ensureInitialized()" as the first line in the test's "main()" method to initialize the binding.
  If ServicesBinding is a custom binding mixin, there must also be a custom binding class, like WidgetsFlutterBinding, but that mixes in the selected binding, and that is the class that must be constructed before using the "instance" getter.
  package:flutter/src/foundation/binding.dart 314:9                                 BindingBase.checkInstance.<fn>
  package:flutter/src/foundation/binding.dart 401:6                                 BindingBase.checkInstance
  package:flutter/src/services/binding.dart 73:54                                   ServicesBinding.instance
  package:flutter/src/services/platform_channel.dart 178:25                         _findBinaryMessenger
  package:flutter/src/services/platform_channel.dart 319:56                         MethodChannel.binaryMessenger
  package:flutter/src/services/platform_channel.dart 359:17                         MethodChannel._invokeMethod
  package:flutter/src/services/platform_channel.dart 539:12                         MethodChannel.invokeMethod
  package:record_platform_interface/src/record_method_channel_mixin.dart 114:26     RecordMethodChannel.dispose
  package:record/src/record.dart 182:23                                             AudioRecorder.dispose.<fn>
  ===== asynchronous gap ===========================
  dart:async                                                                        _CustomZone.registerBinaryCallback
  package:record/src/record.dart 286:5                                              AudioRecorder._safeCall
  package:record/src/record.dart 171:12                                             AudioRecorder.dispose
  package:steps_recovery_flutter/core/services/voice_recording_service.dart 227:20  VoiceRecordingService.dispose
  test\voice_recording_service_test.dart 13:15                                      main.<fn>.<fn>
  
00:39 +197 -42: C:/Users/H/Steps-to-recovery-flutter/test/voice_recording_service_test.dart: VoiceRecordingService Recording State Management toggleListening changes state
[38;5;196mΓöîΓöÇΓöÇΓöÇΓöÇΓöÇΓöÇΓöÇΓöÇΓöÇΓöÇΓöÇΓöÇΓöÇΓöÇΓöÇΓöÇΓöÇΓöÇΓöÇΓöÇΓöÇΓöÇΓöÇΓöÇΓöÇΓöÇΓöÇΓöÇΓöÇΓöÇΓöÇΓöÇΓöÇΓöÇΓöÇΓöÇΓöÇΓöÇΓöÇΓöÇΓöÇΓöÇΓöÇΓöÇΓöÇΓöÇΓöÇΓöÇΓöÇΓöÇΓöÇΓöÇΓöÇΓöÇΓöÇΓöÇΓöÇΓöÇΓöÇΓöÇΓöÇΓöÇΓöÇΓöÇΓöÇΓöÇΓöÇΓöÇΓöÇΓöÇΓöÇΓöÇΓöÇΓöÇΓöÇΓöÇΓöÇΓöÇΓöÇΓöÇΓöÇΓöÇΓöÇΓöÇΓöÇΓöÇΓöÇΓöÇΓöÇΓöÇΓöÇΓöÇΓöÇΓöÇΓöÇΓöÇΓöÇΓöÇΓöÇΓöÇΓöÇΓöÇΓöÇΓöÇΓöÇΓöÇΓöÇΓöÇΓöÇΓöÇΓöÇΓöÇΓöÇΓöÇΓöÇΓöÇΓöÇΓöÇΓöÇ[0m
[38;5;196mΓöé Binding has not yet been initialized.[0m
[38;5;196mΓöé The "instance" getter on the ServicesBinding binding mixin is only available once that binding has been initialized.[0m
[38;5;196mΓöé Typically, this is done by calling "WidgetsFlutterBinding.ensureInitialized()" or "runApp()" (the latter calls the former). Typically this call is done in the "void main()" method. The "ensureInitialized" method is idempotent; calling it multiple times is not harmful. After calling that method, the "instance" getter will return the binding.[0m
[38;5;196mΓöé In a test, one can call "TestWidgetsFlutterBinding.ensureInitialized()" as the first line in the test's "main()" method to initialize the binding.[0m
[38;5;196mΓöé If ServicesBinding is a custom binding mixin, there must also be a custom binding class, like WidgetsFlutterBinding, but that mixes in the selected binding, and that is the class that must be constructed before using the "instance" getter.[0m
[38;5;196mΓö£ΓöäΓöäΓöäΓöäΓöäΓöäΓöäΓöäΓöäΓöäΓöäΓöäΓöäΓöäΓöäΓöäΓöäΓöäΓöäΓöäΓöäΓöäΓöäΓöäΓöäΓöäΓöäΓöäΓöäΓöäΓöäΓöäΓöäΓöäΓöäΓöäΓöäΓöäΓöäΓöäΓöäΓöäΓöäΓöäΓöäΓöäΓöäΓöäΓöäΓöäΓöäΓöäΓöäΓöäΓöäΓöäΓöäΓöäΓöäΓöäΓöäΓöäΓöäΓöäΓöäΓöäΓöäΓöäΓöäΓöäΓöäΓöäΓöäΓöäΓöäΓöäΓöäΓöäΓöäΓöäΓöäΓöäΓöäΓöäΓöäΓöäΓöäΓöäΓöäΓöäΓöäΓöäΓöäΓöäΓöäΓöäΓöäΓöäΓöäΓöäΓöäΓöäΓöäΓöäΓöäΓöäΓöäΓöäΓöäΓöäΓöäΓöäΓöäΓöäΓöäΓöäΓöäΓöäΓöä[0m
[38;5;196mΓöé #0   BindingBase.checkInstance.<anonymous closure> (package:flutter/src/foundation/binding.dart:314:9)[0m
[38;5;196mΓöé #1   BindingBase.checkInstance (package:flutter/src/foundation/binding.dart:401:6)[0m
[38;5;196mΓöé #2   ServicesBinding.instance (package:flutter/src/services/binding.dart:73:54)[0m
[38;5;196mΓöé #3   _findBinaryMessenger (package:flutter/src/services/platform_channel.dart:178:25)[0m
[38;5;196mΓöé #4   MethodChannel.binaryMessenger (package:flutter/src/services/platform_channel.dart:319:56)[0m
[38;5;196mΓöé #5   MethodChannel._invokeMethod (package:flutter/src/services/platform_channel.dart:359:17)[0m
[38;5;196mΓöé #6   MethodChannel.invokeMethod (package:flutter/src/services/platform_channel.dart:539:12)[0m
[38;5;196mΓöé #7   MethodChannelPermissionHandler.requestPermissions (package:permission_handler_platform_interface/src/method_channel/method_channel_permission_handler.dart:80:30)[0m
[38;5;196mΓö£ΓöäΓöäΓöäΓöäΓöäΓöäΓöäΓöäΓöäΓöäΓöäΓöäΓöäΓöäΓöäΓöäΓöäΓöäΓöäΓöäΓöäΓöäΓöäΓöäΓöäΓöäΓöäΓöäΓöäΓöäΓöäΓöäΓöäΓöäΓöäΓöäΓöäΓöäΓöäΓöäΓöäΓöäΓöäΓöäΓöäΓöäΓöäΓöäΓöäΓöäΓöäΓöäΓöäΓöäΓöäΓöäΓöäΓöäΓöäΓöäΓöäΓöäΓöäΓöäΓöäΓöäΓöäΓöäΓöäΓöäΓöäΓöäΓöäΓöäΓöäΓöäΓöäΓöäΓöäΓöäΓöäΓöäΓöäΓöäΓöäΓöäΓöäΓöäΓöäΓöäΓöäΓöäΓöäΓöäΓöäΓöäΓöäΓöäΓöäΓöäΓöäΓöäΓöäΓöäΓöäΓöäΓöäΓöäΓöäΓöäΓöäΓöäΓöäΓöäΓöäΓöäΓöäΓöäΓöä[0m
[38;5;196mΓöé 11:20:53.806 (+0:00:00.217171)[0m
[38;5;196mΓö£ΓöäΓöäΓöäΓöäΓöäΓöäΓöäΓöäΓöäΓöäΓöäΓöäΓöäΓöäΓöäΓöäΓöäΓöäΓöäΓöäΓöäΓöäΓöäΓöäΓöäΓöäΓöäΓöäΓöäΓöäΓöäΓöäΓöäΓöäΓöäΓöäΓöäΓöäΓöäΓöäΓöäΓöäΓöäΓöäΓöäΓöäΓöäΓöäΓöäΓöäΓöäΓöäΓöäΓöäΓöäΓöäΓöäΓöäΓöäΓöäΓöäΓöäΓöäΓöäΓöäΓöäΓöäΓöäΓöäΓöäΓöäΓöäΓöäΓöäΓöäΓöäΓöäΓöäΓöäΓöäΓöäΓöäΓöäΓöäΓöäΓöäΓöäΓöäΓöäΓöäΓöäΓöäΓöäΓöäΓöäΓöäΓöäΓöäΓöäΓöäΓöäΓöäΓöäΓöäΓöäΓöäΓöäΓöäΓöäΓöäΓöäΓöäΓöäΓöäΓöäΓöäΓöäΓöäΓöä[0m
[38;5;196mΓöé Γ¢ö Failed to request microphone permission[0m
[38;5;196mΓööΓöÇΓöÇΓöÇΓöÇΓöÇΓöÇΓöÇΓöÇΓöÇΓöÇΓöÇΓöÇΓöÇΓöÇΓöÇΓöÇΓöÇΓöÇΓöÇΓöÇΓöÇΓöÇΓöÇΓöÇΓöÇΓöÇΓöÇΓöÇΓöÇΓöÇΓöÇΓöÇΓöÇΓöÇΓöÇΓöÇΓöÇΓöÇΓöÇΓöÇΓöÇΓöÇΓöÇΓöÇΓöÇΓöÇΓöÇΓöÇΓöÇΓöÇΓöÇΓöÇΓöÇΓöÇΓöÇΓöÇΓöÇΓöÇΓöÇΓöÇΓöÇΓöÇΓöÇΓöÇΓöÇΓöÇΓöÇΓöÇΓöÇΓöÇΓöÇΓöÇΓöÇΓöÇΓöÇΓöÇΓöÇΓöÇΓöÇΓöÇΓöÇΓöÇΓöÇΓöÇΓöÇΓöÇΓöÇΓöÇΓöÇΓöÇΓöÇΓöÇΓöÇΓöÇΓöÇΓöÇΓöÇΓöÇΓöÇΓöÇΓöÇΓöÇΓöÇΓöÇΓöÇΓöÇΓöÇΓöÇΓöÇΓöÇΓöÇΓöÇΓöÇΓöÇΓöÇΓöÇΓöÇΓöÇΓöÇ[0m
[38;5;208mΓöîΓöÇΓöÇΓöÇΓöÇΓöÇΓöÇΓöÇΓöÇΓöÇΓöÇΓöÇΓöÇΓöÇΓöÇΓöÇΓöÇΓöÇΓöÇΓöÇΓöÇΓöÇΓöÇΓöÇΓöÇΓöÇΓöÇΓöÇΓöÇΓöÇΓöÇΓöÇΓöÇΓöÇΓöÇΓöÇΓöÇΓöÇΓöÇΓöÇΓöÇΓöÇΓöÇΓöÇΓöÇΓöÇΓöÇΓöÇΓöÇΓöÇΓöÇΓöÇΓöÇΓöÇΓöÇΓöÇΓöÇΓöÇΓöÇΓöÇΓöÇΓöÇΓöÇΓöÇΓöÇΓöÇΓöÇΓöÇΓöÇΓöÇΓöÇΓöÇΓöÇΓöÇΓöÇΓöÇΓöÇΓöÇΓöÇΓöÇΓöÇΓöÇΓöÇΓöÇΓöÇΓöÇΓöÇΓöÇΓöÇΓöÇΓöÇΓöÇΓöÇΓöÇΓöÇΓöÇΓöÇΓöÇΓöÇΓöÇΓöÇΓöÇΓöÇΓöÇΓöÇΓöÇΓöÇΓöÇΓöÇΓöÇΓöÇΓöÇΓöÇΓöÇΓöÇΓöÇΓöÇΓöÇΓöÇΓöÇ[0m
[38;5;208mΓöé #0   LoggerService.warning (package:steps_recovery_flutter/core/services/logger_service.dart:32:13)[0m
[38;5;208mΓöé #1   VoiceRecordingService.initialize (package:steps_recovery_flutter/core/services/voice_recording_service.dart:42:19)[0m
[38;5;208mΓö£ΓöäΓöäΓöäΓöäΓöäΓöäΓöäΓöäΓöäΓöäΓöäΓöäΓöäΓöäΓöäΓöäΓöäΓöäΓöäΓöäΓöäΓöäΓöäΓöäΓöäΓöäΓöäΓöäΓöäΓöäΓöäΓöäΓöäΓöäΓöäΓöäΓöäΓöäΓöäΓöäΓöäΓöäΓöäΓöäΓöäΓöäΓöäΓöäΓöäΓöäΓöäΓöäΓöäΓöäΓöäΓöäΓöäΓöäΓöäΓöäΓöäΓöäΓöäΓöäΓöäΓöäΓöäΓöäΓöäΓöäΓöäΓöäΓöäΓöäΓöäΓöäΓöäΓöäΓöäΓöäΓöäΓöäΓöäΓöäΓöäΓöäΓöäΓöäΓöäΓöäΓöäΓöäΓöäΓöäΓöäΓöäΓöäΓöäΓöäΓöäΓöäΓöäΓöäΓöäΓöäΓöäΓöäΓöäΓöäΓöäΓöäΓöäΓöäΓöäΓöäΓöäΓöäΓöäΓöä[0m
[38;5;208mΓöé 11:20:53.806 (+0:00:00.217171)[0m
[38;5;208mΓö£ΓöäΓöäΓöäΓöäΓöäΓöäΓöäΓöäΓöäΓöäΓöäΓöäΓöäΓöäΓöäΓöäΓöäΓöäΓöäΓöäΓöäΓöäΓöäΓöäΓöäΓöäΓöäΓöäΓöäΓöäΓöäΓöäΓöäΓöäΓöäΓöäΓöäΓöäΓöäΓöäΓöäΓöäΓöäΓöäΓöäΓöäΓöäΓöäΓöäΓöäΓöäΓöäΓöäΓöäΓöäΓöäΓöäΓöäΓöäΓöäΓöäΓöäΓöäΓöäΓöäΓöäΓöäΓöäΓöäΓöäΓöäΓöäΓöäΓöäΓöäΓöäΓöäΓöäΓöäΓöäΓöäΓöäΓöäΓöäΓöäΓöäΓöäΓöäΓöäΓöäΓöäΓöäΓöäΓöäΓöäΓöäΓöäΓöäΓöäΓöäΓöäΓöäΓöäΓöäΓöäΓöäΓöäΓöäΓöäΓöäΓöäΓöäΓöäΓöäΓöäΓöäΓöäΓöäΓöä[0m
[38;5;208mΓöé ΓÜá∩╕Å Microphone permission denied[0m
[38;5;208mΓööΓöÇΓöÇΓöÇΓöÇΓöÇΓöÇΓöÇΓöÇΓöÇΓöÇΓöÇΓöÇΓöÇΓöÇΓöÇΓöÇΓöÇΓöÇΓöÇΓöÇΓöÇΓöÇΓöÇΓöÇΓöÇΓöÇΓöÇΓöÇΓöÇΓöÇΓöÇΓöÇΓöÇΓöÇΓöÇΓöÇΓöÇΓöÇΓöÇΓöÇΓöÇΓöÇΓöÇΓöÇΓöÇΓöÇΓöÇΓöÇΓöÇΓöÇΓöÇΓöÇΓöÇΓöÇΓöÇΓöÇΓöÇΓöÇΓöÇΓöÇΓöÇΓöÇΓöÇΓöÇΓöÇΓöÇΓöÇΓöÇΓöÇΓöÇΓöÇΓöÇΓöÇΓöÇΓöÇΓöÇΓöÇΓöÇΓöÇΓöÇΓöÇΓöÇΓöÇΓöÇΓöÇΓöÇΓöÇΓöÇΓöÇΓöÇΓöÇΓöÇΓöÇΓöÇΓöÇΓöÇΓöÇΓöÇΓöÇΓöÇΓöÇΓöÇΓöÇΓöÇΓöÇΓöÇΓöÇΓöÇΓöÇΓöÇΓöÇΓöÇΓöÇΓöÇΓöÇΓöÇΓöÇΓöÇΓöÇ[0m
[38;5;196mΓöîΓöÇΓöÇΓöÇΓöÇΓöÇΓöÇΓöÇΓöÇΓöÇΓöÇΓöÇΓöÇΓöÇΓöÇΓöÇΓöÇΓöÇΓöÇΓöÇΓöÇΓöÇΓöÇΓöÇΓöÇΓöÇΓöÇΓöÇΓöÇΓöÇΓöÇΓöÇΓöÇΓöÇΓöÇΓöÇΓöÇΓöÇΓöÇΓöÇΓöÇΓöÇΓöÇΓöÇΓöÇΓöÇΓöÇΓöÇΓöÇΓöÇΓöÇΓöÇΓöÇΓöÇΓöÇΓöÇΓöÇΓöÇΓöÇΓöÇΓöÇΓöÇΓöÇΓöÇΓöÇΓöÇΓöÇΓöÇΓöÇΓöÇΓöÇΓöÇΓöÇΓöÇΓöÇΓöÇΓöÇΓöÇΓöÇΓöÇΓöÇΓöÇΓöÇΓöÇΓöÇΓöÇΓöÇΓöÇΓöÇΓöÇΓöÇΓöÇΓöÇΓöÇΓöÇΓöÇΓöÇΓöÇΓöÇΓöÇΓöÇΓöÇΓöÇΓöÇΓöÇΓöÇΓöÇΓöÇΓöÇΓöÇΓöÇΓöÇΓöÇΓöÇΓöÇΓöÇΓöÇΓöÇΓöÇΓöÇ[0m
[38;5;196mΓöé A VoiceRecordingService was used after being disposed.[0m
[38;5;196mΓöé Once you have called dispose() on a VoiceRecordingService, it can no longer be used.[0m
[38;5;196mΓö£ΓöäΓöäΓöäΓöäΓöäΓöäΓöäΓöäΓöäΓöäΓöäΓöäΓöäΓöäΓöäΓöäΓöäΓöäΓöäΓöäΓöäΓöäΓöäΓöäΓöäΓöäΓöäΓöäΓöäΓöäΓöäΓöäΓöäΓöäΓöäΓöäΓöäΓöäΓöäΓöäΓöäΓöäΓöäΓöäΓöäΓöäΓöäΓöäΓöäΓöäΓöäΓöäΓöäΓöäΓöäΓöäΓöäΓöäΓöäΓöäΓöäΓöäΓöäΓöäΓöäΓöäΓöäΓöäΓöäΓöäΓöäΓöäΓöäΓöäΓöäΓöäΓöäΓöäΓöäΓöäΓöäΓöäΓöäΓöäΓöäΓöäΓöäΓöäΓöäΓöäΓöäΓöäΓöäΓöäΓöäΓöäΓöäΓöäΓöäΓöäΓöäΓöäΓöäΓöäΓöäΓöäΓöäΓöäΓöäΓöäΓöäΓöäΓöäΓöäΓöäΓöäΓöäΓöäΓöä[0m
[38;5;196mΓöé #0   ChangeNotifier.debugAssertNotDisposed.<anonymous closure> (package:flutter/src/foundation/change_notifier.dart:182:9)[0m
[38;5;196mΓöé #1   ChangeNotifier.debugAssertNotDisposed (package:flutter/src/foundation/change_notifier.dart:189:6)[0m
[38;5;196mΓöé #2   ChangeNotifier.notifyListeners (package:flutter/src/foundation/change_notifier.dart:411:27)[0m
[38;5;196mΓöé #3   VoiceRecordingService.startListening (package:steps_recovery_flutter/core/services/voice_recording_service.dart:79:7)[0m
[38;5;196mΓöé #4   VoiceRecordingService.toggleListening (package:steps_recovery_flutter/core/services/voice_recording_service.dart:122:13)[0m
[38;5;196mΓöé #5   main.<anonymous closure>.<anonymous closure>.<anonymous closure> (file:///C:/Users/H/Steps-to-recovery-flutter/test/voice_recording_service_test.dart:77:25)[0m
[38;5;196mΓöé #6   <asynchronous suspension>[0m
[38;5;196mΓöé #7   Declarer.test.<anonymous closure>.<anonymous closure> (package:test_api/src/backend/declarer.dart:253:15)[0m
[38;5;196mΓö£ΓöäΓöäΓöäΓöäΓöäΓöäΓöäΓöäΓöäΓöäΓöäΓöäΓöäΓöäΓöäΓöäΓöäΓöäΓöäΓöäΓöäΓöäΓöäΓöäΓöäΓöäΓöäΓöäΓöäΓöäΓöäΓöäΓöäΓöäΓöäΓöäΓöäΓöäΓöäΓöäΓöäΓöäΓöäΓöäΓöäΓöäΓöäΓöäΓöäΓöäΓöäΓöäΓöäΓöäΓöäΓöäΓöäΓöäΓöäΓöäΓöäΓöäΓöäΓöäΓöäΓöäΓöäΓöäΓöäΓöäΓöäΓöäΓöäΓöäΓöäΓöäΓöäΓöäΓöäΓöäΓöäΓöäΓöäΓöäΓöäΓöäΓöäΓöäΓöäΓöäΓöäΓöäΓöäΓöäΓöäΓöäΓöäΓöäΓöäΓöäΓöäΓöäΓöäΓöäΓöäΓöäΓöäΓöäΓöäΓöäΓöäΓöäΓöäΓöäΓöäΓöäΓöäΓöäΓöä[0m
[38;5;196mΓöé 11:20:53.807 (+0:00:00.218678)[0m
[38;5;196mΓö£ΓöäΓöäΓöäΓöäΓöäΓöäΓöäΓöäΓöäΓöäΓöäΓöäΓöäΓöäΓöäΓöäΓöäΓöäΓöäΓöäΓöäΓöäΓöäΓöäΓöäΓöäΓöäΓöäΓöäΓöäΓöäΓöäΓöäΓöäΓöäΓöäΓöäΓöäΓöäΓöäΓöäΓöäΓöäΓöäΓöäΓöäΓöäΓöäΓöäΓöäΓöäΓöäΓöäΓöäΓöäΓöäΓöäΓöäΓöäΓöäΓöäΓöäΓöäΓöäΓöäΓöäΓöäΓöäΓöäΓöäΓöäΓöäΓöäΓöäΓöäΓöäΓöäΓöäΓöäΓöäΓöäΓöäΓöäΓöäΓöäΓöäΓöäΓöäΓöäΓöäΓöäΓöäΓöäΓöäΓöäΓöäΓöäΓöäΓöäΓöäΓöäΓöäΓöäΓöäΓöäΓöäΓöäΓöäΓöäΓöäΓöäΓöäΓöäΓöäΓöäΓöäΓöäΓöäΓöä[0m
[38;5;196mΓöé Γ¢ö Failed to start listening[0m
[38;5;196mΓööΓöÇΓöÇΓöÇΓöÇΓöÇΓöÇΓöÇΓöÇΓöÇΓöÇΓöÇΓöÇΓöÇΓöÇΓöÇΓöÇΓöÇΓöÇΓöÇΓöÇΓöÇΓöÇΓöÇΓöÇΓöÇΓöÇΓöÇΓöÇΓöÇΓöÇΓöÇΓöÇΓöÇΓöÇΓöÇΓöÇΓöÇΓöÇΓöÇΓöÇΓöÇΓöÇΓöÇΓöÇΓöÇΓöÇΓöÇΓöÇΓöÇΓöÇΓöÇΓöÇΓöÇΓöÇΓöÇΓöÇΓöÇΓöÇΓöÇΓöÇΓöÇΓöÇΓöÇΓöÇΓöÇΓöÇΓöÇΓöÇΓöÇΓöÇΓöÇΓöÇΓöÇΓöÇΓöÇΓöÇΓöÇΓöÇΓöÇΓöÇΓöÇΓöÇΓöÇΓöÇΓöÇΓöÇΓöÇΓöÇΓöÇΓöÇΓöÇΓöÇΓöÇΓöÇΓöÇΓöÇΓöÇΓöÇΓöÇΓöÇΓöÇΓöÇΓöÇΓöÇΓöÇΓöÇΓöÇΓöÇΓöÇΓöÇΓöÇΓöÇΓöÇΓöÇΓöÇΓöÇΓöÇΓöÇΓöÇ[0m
00:39 +197 -43: C:/Users/H/Steps-to-recovery-flutter/test/grounding_exercises_screen_test.dart: Navigation back button returns to list
00:39 +197 -43: C:/Users/H/Steps-to-recovery-flutter/test/voice_recording_service_test.dart: VoiceRecordingService Recording State Management toggleListening changes state [E]
  Expected: <Instance of 'Exception'>
    Actual: FlutterError:<A VoiceRecordingService was used after being disposed.
            Once you have called dispose() on a VoiceRecordingService, it can no longer be used.>
     Which: is not an instance of 'Exception'
  
  package:matcher                                     expect
  package:flutter_test/src/widget_tester.dart 473:18  expect
  test\voice_recording_service_test.dart 81:11        main.<fn>.<fn>.<fn>
  
00:39 +197 -43: C:/Users/H/Steps-to-recovery-flutter/test/grounding_exercises_screen_test.dart: Navigation back button returns to list
00:39 +197 -43: C:/Users/H/Steps-to-recovery-flutter/test/voice_recording_service_test.dart: VoiceRecordingService Recording State Management toggleListening changes state [E]
  A VoiceRecordingService was used after being disposed.
  Once you have called dispose() on a VoiceRecordingService, it can no longer be used.
  package:flutter/src/foundation/change_notifier.dart 182:9                         ChangeNotifier.debugAssertNotDisposed.<fn>
  package:flutter/src/foundation/change_notifier.dart 189:6                         ChangeNotifier.debugAssertNotDisposed
  package:flutter/src/foundation/change_notifier.dart 374:27                        ChangeNotifier.dispose
  package:steps_recovery_flutter/core/services/voice_recording_service.dart 228:11  VoiceRecordingService.dispose
  test\voice_recording_service_test.dart 13:15                                      main.<fn>.<fn>
  
  Binding has not yet been initialized.
  The "instance" getter on the ServicesBinding binding mixin is only available once that binding has been initialized.
  Typically, this is done by calling "WidgetsFlutterBinding.ensureInitialized()" or "runApp()" (the latter calls the former). Typically this call is done in the "void main()" method. The "ensureInitialized" method is idempotent; calling it multiple times is not harmful. After calling that method, the "instance" getter will return the binding.
  In a test, one can call "TestWidgetsFlutterBinding.ensureInitialized()" as the first line in the test's "main()" method to initialize the binding.
  If ServicesBinding is a custom binding mixin, there must also be a custom binding class, like WidgetsFlutterBinding, but that mixes in the selected binding, and that is the class that must be constructed before using the "instance" getter.
  package:flutter/src/foundation/binding.dart 314:9                                 BindingBase.checkInstance.<fn>
  package:flutter/src/foundation/binding.dart 401:6                                 BindingBase.checkInstance
  package:flutter/src/services/binding.dart 73:54                                   ServicesBinding.instance
  package:flutter/src/services/platform_channel.dart 178:25                         _findBinaryMessenger
  package:flutter/src/services/platform_channel.dart 319:56                         MethodChannel.binaryMessenger
  package:flutter/src/services/platform_channel.dart 359:17                         MethodChannel._invokeMethod
  package:flutter/src/services/platform_channel.dart 539:12                         MethodChannel.invokeMethod
  package:record_platform_interface/src/record_method_channel_mixin.dart 114:26     RecordMethodChannel.dispose
  package:record/src/record.dart 182:23                                             AudioRecorder.dispose.<fn>
  ===== asynchronous gap ===========================
  dart:async                                                                        _CustomZone.registerBinaryCallback
  package:record/src/record.dart 286:5                                              AudioRecorder._safeCall
  package:record/src/record.dart 171:12                                             AudioRecorder.dispose
  package:steps_recovery_flutter/core/services/voice_recording_service.dart 227:20  VoiceRecordingService.dispose
  test\voice_recording_service_test.dart 13:15                                      main.<fn>.<fn>
  
00:39 +197 -43: C:/Users/H/Steps-to-recovery-flutter/test/voice_recording_service_test.dart: VoiceRecordingService Recording State Management stopListening when not listening does not throw
[38;5;196mΓöîΓöÇΓöÇΓöÇΓöÇΓöÇΓöÇΓöÇΓöÇΓöÇΓöÇΓöÇΓöÇΓöÇΓöÇΓöÇΓöÇΓöÇΓöÇΓöÇΓöÇΓöÇΓöÇΓöÇΓöÇΓöÇΓöÇΓöÇΓöÇΓöÇΓöÇΓöÇΓöÇΓöÇΓöÇΓöÇΓöÇΓöÇΓöÇΓöÇΓöÇΓöÇΓöÇΓöÇΓöÇΓöÇΓöÇΓöÇΓöÇΓöÇΓöÇΓöÇΓöÇΓöÇΓöÇΓöÇΓöÇΓöÇΓöÇΓöÇΓöÇΓöÇΓöÇΓöÇΓöÇΓöÇΓöÇΓöÇΓöÇΓöÇΓöÇΓöÇΓöÇΓöÇΓöÇΓöÇΓöÇΓöÇΓöÇΓöÇΓöÇΓöÇΓöÇΓöÇΓöÇΓöÇΓöÇΓöÇΓöÇΓöÇΓöÇΓöÇΓöÇΓöÇΓöÇΓöÇΓöÇΓöÇΓöÇΓöÇΓöÇΓöÇΓöÇΓöÇΓöÇΓöÇΓöÇΓöÇΓöÇΓöÇΓöÇΓöÇΓöÇΓöÇΓöÇΓöÇΓöÇΓöÇΓöÇΓöÇ[0m
[38;5;196mΓöé A VoiceRecordingService was used after being disposed.[0m
[38;5;196mΓöé Once you have called dispose() on a VoiceRecordingService, it can no longer be used.[0m
[38;5;196mΓö£ΓöäΓöäΓöäΓöäΓöäΓöäΓöäΓöäΓöäΓöäΓöäΓöäΓöäΓöäΓöäΓöäΓöäΓöäΓöäΓöäΓöäΓöäΓöäΓöäΓöäΓöäΓöäΓöäΓöäΓöäΓöäΓöäΓöäΓöäΓöäΓöäΓöäΓöäΓöäΓöäΓöäΓöäΓöäΓöäΓöäΓöäΓöäΓöäΓöäΓöäΓöäΓöäΓöäΓöäΓöäΓöäΓöäΓöäΓöäΓöäΓöäΓöäΓöäΓöäΓöäΓöäΓöäΓöäΓöäΓöäΓöäΓöäΓöäΓöäΓöäΓöäΓöäΓöäΓöäΓöäΓöäΓöäΓöäΓöäΓöäΓöäΓöäΓöäΓöäΓöäΓöäΓöäΓöäΓöäΓöäΓöäΓöäΓöäΓöäΓöäΓöäΓöäΓöäΓöäΓöäΓöäΓöäΓöäΓöäΓöäΓöäΓöäΓöäΓöäΓöäΓöäΓöäΓöäΓöä[0m
[38;5;196mΓöé #0   ChangeNotifier.debugAssertNotDisposed.<anonymous closure> (package:flutter/src/foundation/change_notifier.dart:182:9)[0m
[38;5;196mΓöé #1   ChangeNotifier.debugAssertNotDisposed (package:flutter/src/foundation/change_notifier.dart:189:6)[0m
[38;5;196mΓöé #2   ChangeNotifier.notifyListeners (package:flutter/src/foundation/change_notifier.dart:411:27)[0m
[38;5;196mΓöé #3   VoiceRecordingService.stopListening (package:steps_recovery_flutter/core/services/voice_recording_service.dart:111:7)[0m
[38;5;196mΓöé #4   <asynchronous suspension>[0m
[38;5;196mΓöé #5   main.<anonymous closure>.<anonymous closure>.<anonymous closure> (file:///C:/Users/H/Steps-to-recovery-flutter/test/voice_recording_service_test.dart:87:9)[0m
[38;5;196mΓöé #6   <asynchronous suspension>[0m
[38;5;196mΓöé #7   Declarer.test.<anonymous closure>.<anonymous closure> (package:test_api/src/backend/declarer.dart:253:15)[0m
[38;5;196mΓö£ΓöäΓöäΓöäΓöäΓöäΓöäΓöäΓöäΓöäΓöäΓöäΓöäΓöäΓöäΓöäΓöäΓöäΓöäΓöäΓöäΓöäΓöäΓöäΓöäΓöäΓöäΓöäΓöäΓöäΓöäΓöäΓöäΓöäΓöäΓöäΓöäΓöäΓöäΓöäΓöäΓöäΓöäΓöäΓöäΓöäΓöäΓöäΓöäΓöäΓöäΓöäΓöäΓöäΓöäΓöäΓöäΓöäΓöäΓöäΓöäΓöäΓöäΓöäΓöäΓöäΓöäΓöäΓöäΓöäΓöäΓöäΓöäΓöäΓöäΓöäΓöäΓöäΓöäΓöäΓöäΓöäΓöäΓöäΓöäΓöäΓöäΓöäΓöäΓöäΓöäΓöäΓöäΓöäΓöäΓöäΓöäΓöäΓöäΓöäΓöäΓöäΓöäΓöäΓöäΓöäΓöäΓöäΓöäΓöäΓöäΓöäΓöäΓöäΓöäΓöäΓöäΓöäΓöäΓöä[0m
[38;5;196mΓöé 11:20:53.837 (+0:00:00.248470)[0m
[38;5;196mΓö£ΓöäΓöäΓöäΓöäΓöäΓöäΓöäΓöäΓöäΓöäΓöäΓöäΓöäΓöäΓöäΓöäΓöäΓöäΓöäΓöäΓöäΓöäΓöäΓöäΓöäΓöäΓöäΓöäΓöäΓöäΓöäΓöäΓöäΓöäΓöäΓöäΓöäΓöäΓöäΓöäΓöäΓöäΓöäΓöäΓöäΓöäΓöäΓöäΓöäΓöäΓöäΓöäΓöäΓöäΓöäΓöäΓöäΓöäΓöäΓöäΓöäΓöäΓöäΓöäΓöäΓöäΓöäΓöäΓöäΓöäΓöäΓöäΓöäΓöäΓöäΓöäΓöäΓöäΓöäΓöäΓöäΓöäΓöäΓöäΓöäΓöäΓöäΓöäΓöäΓöäΓöäΓöäΓöäΓöäΓöäΓöäΓöäΓöäΓöäΓöäΓöäΓöäΓöäΓöäΓöäΓöäΓöäΓöäΓöäΓöäΓöäΓöäΓöäΓöäΓöäΓöäΓöäΓöäΓöä[0m
[38;5;196mΓöé Γ¢ö Failed to stop listening[0m
[38;5;196mΓööΓöÇΓöÇΓöÇΓöÇΓöÇΓöÇΓöÇΓöÇΓöÇΓöÇΓöÇΓöÇΓöÇΓöÇΓöÇΓöÇΓöÇΓöÇΓöÇΓöÇΓöÇΓöÇΓöÇΓöÇΓöÇΓöÇΓöÇΓöÇΓöÇΓöÇΓöÇΓöÇΓöÇΓöÇΓöÇΓöÇΓöÇΓöÇΓöÇΓöÇΓöÇΓöÇΓöÇΓöÇΓöÇΓöÇΓöÇΓöÇΓöÇΓöÇΓöÇΓöÇΓöÇΓöÇΓöÇΓöÇΓöÇΓöÇΓöÇΓöÇΓöÇΓöÇΓöÇΓöÇΓöÇΓöÇΓöÇΓöÇΓöÇΓöÇΓöÇΓöÇΓöÇΓöÇΓöÇΓöÇΓöÇΓöÇΓöÇΓöÇΓöÇΓöÇΓöÇΓöÇΓöÇΓöÇΓöÇΓöÇΓöÇΓöÇΓöÇΓöÇΓöÇΓöÇΓöÇΓöÇΓöÇΓöÇΓöÇΓöÇΓöÇΓöÇΓöÇΓöÇΓöÇΓöÇΓöÇΓöÇΓöÇΓöÇΓöÇΓöÇΓöÇΓöÇΓöÇΓöÇΓöÇΓöÇΓöÇ[0m
00:39 +197 -44: C:/Users/H/Steps-to-recovery-flutter/test/grounding_exercises_screen_test.dart: Navigation back button returns to list
00:39 +197 -44: C:/Users/H/Steps-to-recovery-flutter/test/voice_recording_service_test.dart: VoiceRecordingService Recording State Management stopListening when not listening does not throw [E]
  A VoiceRecordingService was used after being disposed.
  Once you have called dispose() on a VoiceRecordingService, it can no longer be used.
  package:flutter/src/foundation/change_notifier.dart 182:9                         ChangeNotifier.debugAssertNotDisposed.<fn>
  package:flutter/src/foundation/change_notifier.dart 189:6                         ChangeNotifier.debugAssertNotDisposed
  package:flutter/src/foundation/change_notifier.dart 374:27                        ChangeNotifier.dispose
  package:steps_recovery_flutter/core/services/voice_recording_service.dart 228:11  VoiceRecordingService.dispose
  test\voice_recording_service_test.dart 13:15                                      main.<fn>.<fn>
  
  Binding has not yet been initialized.
  The "instance" getter on the ServicesBinding binding mixin is only available once that binding has been initialized.
  Typically, this is done by calling "WidgetsFlutterBinding.ensureInitialized()" or "runApp()" (the latter calls the former). Typically this call is done in the "void main()" method. The "ensureInitialized" method is idempotent; calling it multiple times is not harmful. After calling that method, the "instance" getter will return the binding.
  In a test, one can call "TestWidgetsFlutterBinding.ensureInitialized()" as the first line in the test's "main()" method to initialize the binding.
  If ServicesBinding is a custom binding mixin, there must also be a custom binding class, like WidgetsFlutterBinding, but that mixes in the selected binding, and that is the class that must be constructed before using the "instance" getter.
  package:flutter/src/foundation/binding.dart 314:9                                 BindingBase.checkInstance.<fn>
  package:flutter/src/foundation/binding.dart 401:6                                 BindingBase.checkInstance
  package:flutter/src/services/binding.dart 73:54                                   ServicesBinding.instance
  package:flutter/src/services/platform_channel.dart 178:25                         _findBinaryMessenger
  package:flutter/src/services/platform_channel.dart 319:56                         MethodChannel.binaryMessenger
  package:flutter/src/services/platform_channel.dart 359:17                         MethodChannel._invokeMethod
  package:flutter/src/services/platform_channel.dart 539:12                         MethodChannel.invokeMethod
  package:record_platform_interface/src/record_method_channel_mixin.dart 114:26     RecordMethodChannel.dispose
  package:record/src/record.dart 182:23                                             AudioRecorder.dispose.<fn>
  ===== asynchronous gap ===========================
  dart:async                                                                        _CustomZone.registerBinaryCallback
  package:record/src/record.dart 286:5                                              AudioRecorder._safeCall
  package:record/src/record.dart 171:12                                             AudioRecorder.dispose
  package:steps_recovery_flutter/core/services/voice_recording_service.dart 227:20  VoiceRecordingService.dispose
  test\voice_recording_service_test.dart 13:15                                      main.<fn>.<fn>
  
00:39 +197 -45: C:/Users/H/Steps-to-recovery-flutter/test/grounding_exercises_screen_test.dart: Navigation back button returns to list
00:39 +197 -45: C:/Users/H/Steps-to-recovery-flutter/test/voice_recording_service_test.dart: VoiceRecordingService Recording Timer recording duration starts at zero [E]
  A VoiceRecordingService was used after being disposed.
  Once you have called dispose() on a VoiceRecordingService, it can no longer be used.
  package:flutter/src/foundation/change_notifier.dart 182:9                         ChangeNotifier.debugAssertNotDisposed.<fn>
  package:flutter/src/foundation/change_notifier.dart 189:6                         ChangeNotifier.debugAssertNotDisposed
  package:flutter/src/foundation/change_notifier.dart 374:27                        ChangeNotifier.dispose
  package:steps_recovery_flutter/core/services/voice_recording_service.dart 228:11  VoiceRecordingService.dispose
  test\voice_recording_service_test.dart 13:15                                      main.<fn>.<fn>
  
  Binding has not yet been initialized.
  The "instance" getter on the ServicesBinding binding mixin is only available once that binding has been initialized.
  Typically, this is done by calling "WidgetsFlutterBinding.ensureInitialized()" or "runApp()" (the latter calls the former). Typically this call is done in the "void main()" method. The "ensureInitialized" method is idempotent; calling it multiple times is not harmful. After calling that method, the "instance" getter will return the binding.
  In a test, one can call "TestWidgetsFlutterBinding.ensureInitialized()" as the first line in the test's "main()" method to initialize the binding.
  If ServicesBinding is a custom binding mixin, there must also be a custom binding class, like WidgetsFlutterBinding, but that mixes in the selected binding, and that is the class that must be constructed before using the "instance" getter.
  package:flutter/src/foundation/binding.dart 314:9                                 BindingBase.checkInstance.<fn>
  package:flutter/src/foundation/binding.dart 401:6                                 BindingBase.checkInstance
  package:flutter/src/services/binding.dart 73:54                                   ServicesBinding.instance
  package:flutter/src/services/platform_channel.dart 178:25                         _findBinaryMessenger
  package:flutter/src/services/platform_channel.dart 319:56                         MethodChannel.binaryMessenger
  package:flutter/src/services/platform_channel.dart 359:17                         MethodChannel._invokeMethod
  package:flutter/src/services/platform_channel.dart 539:12                         MethodChannel.invokeMethod
  package:record_platform_interface/src/record_method_channel_mixin.dart 114:26     RecordMethodChannel.dispose
  package:record/src/record.dart 182:23                                             AudioRecorder.dispose.<fn>
  ===== asynchronous gap ===========================
  dart:async                                                                        _CustomZone.registerBinaryCallback
  package:record/src/record.dart 286:5                                              AudioRecorder._safeCall
  package:record/src/record.dart 171:12                                             AudioRecorder.dispose
  package:steps_recovery_flutter/core/services/voice_recording_service.dart 227:20  VoiceRecordingService.dispose
  test\voice_recording_service_test.dart 13:15                                      main.<fn>.<fn>
  
00:39 +197 -46: C:/Users/H/Steps-to-recovery-flutter/test/grounding_exercises_screen_test.dart: Navigation back button returns to list
00:39 +197 -46: C:/Users/H/Steps-to-recovery-flutter/test/voice_recording_service_test.dart: VoiceRecordingService Recording Timer formatted duration handles zero correctly [E]
  A VoiceRecordingService was used after being disposed.
  Once you have called dispose() on a VoiceRecordingService, it can no longer be used.
  package:flutter/src/foundation/change_notifier.dart 182:9                         ChangeNotifier.debugAssertNotDisposed.<fn>
  package:flutter/src/foundation/change_notifier.dart 189:6                         ChangeNotifier.debugAssertNotDisposed
  package:flutter/src/foundation/change_notifier.dart 374:27                        ChangeNotifier.dispose
  package:steps_recovery_flutter/core/services/voice_recording_service.dart 228:11  VoiceRecordingService.dispose
  test\voice_recording_service_test.dart 13:15                                      main.<fn>.<fn>
  
  Binding has not yet been initialized.
  The "instance" getter on the ServicesBinding binding mixin is only available once that binding has been initialized.
  Typically, this is done by calling "WidgetsFlutterBinding.ensureInitialized()" or "runApp()" (the latter calls the former). Typically this call is done in the "void main()" method. The "ensureInitialized" method is idempotent; calling it multiple times is not harmful. After calling that method, the "instance" getter will return the binding.
  In a test, one can call "TestWidgetsFlutterBinding.ensureInitialized()" as the first line in the test's "main()" method to initialize the binding.
  If ServicesBinding is a custom binding mixin, there must also be a custom binding class, like WidgetsFlutterBinding, but that mixes in the selected binding, and that is the class that must be constructed before using the "instance" getter.
  package:flutter/src/foundation/binding.dart 314:9                                 BindingBase.checkInstance.<fn>
  package:flutter/src/foundation/binding.dart 401:6                                 BindingBase.checkInstance
  package:flutter/src/services/binding.dart 73:54                                   ServicesBinding.instance
  package:flutter/src/services/platform_channel.dart 178:25                         _findBinaryMessenger
  package:flutter/src/services/platform_channel.dart 319:56                         MethodChannel.binaryMessenger
  package:flutter/src/services/platform_channel.dart 359:17                         MethodChannel._invokeMethod
  package:flutter/src/services/platform_channel.dart 539:12                         MethodChannel.invokeMethod
  package:record_platform_interface/src/record_method_channel_mixin.dart 114:26     RecordMethodChannel.dispose
  package:record/src/record.dart 182:23                                             AudioRecorder.dispose.<fn>
  ===== asynchronous gap ===========================
  dart:async                                                                        _CustomZone.registerBinaryCallback
  package:record/src/record.dart 286:5                                              AudioRecorder._safeCall
  package:record/src/record.dart 171:12                                             AudioRecorder.dispose
  package:steps_recovery_flutter/core/services/voice_recording_service.dart 227:20  VoiceRecordingService.dispose
  test\voice_recording_service_test.dart 13:15                                      main.<fn>.<fn>
  
00:39 +197 -47: C:/Users/H/Steps-to-recovery-flutter/test/grounding_exercises_screen_test.dart: Navigation back button returns to list
00:39 +197 -47: C:/Users/H/Steps-to-recovery-flutter/test/voice_recording_service_test.dart: VoiceRecordingService Recording Timer formatted duration handles minutes and seconds [E]
  A VoiceRecordingService was used after being disposed.
  Once you have called dispose() on a VoiceRecordingService, it can no longer be used.
  package:flutter/src/foundation/change_notifier.dart 182:9                         ChangeNotifier.debugAssertNotDisposed.<fn>
  package:flutter/src/foundation/change_notifier.dart 189:6                         ChangeNotifier.debugAssertNotDisposed
  package:flutter/src/foundation/change_notifier.dart 374:27                        ChangeNotifier.dispose
  package:steps_recovery_flutter/core/services/voice_recording_service.dart 228:11  VoiceRecordingService.dispose
  test\voice_recording_service_test.dart 13:15                                      main.<fn>.<fn>
  
  Binding has not yet been initialized.
  The "instance" getter on the ServicesBinding binding mixin is only available once that binding has been initialized.
  Typically, this is done by calling "WidgetsFlutterBinding.ensureInitialized()" or "runApp()" (the latter calls the former). Typically this call is done in the "void main()" method. The "ensureInitialized" method is idempotent; calling it multiple times is not harmful. After calling that method, the "instance" getter will return the binding.
  In a test, one can call "TestWidgetsFlutterBinding.ensureInitialized()" as the first line in the test's "main()" method to initialize the binding.
  If ServicesBinding is a custom binding mixin, there must also be a custom binding class, like WidgetsFlutterBinding, but that mixes in the selected binding, and that is the class that must be constructed before using the "instance" getter.
  package:flutter/src/foundation/binding.dart 314:9                                 BindingBase.checkInstance.<fn>
  package:flutter/src/foundation/binding.dart 401:6                                 BindingBase.checkInstance
  package:flutter/src/services/binding.dart 73:54                                   ServicesBinding.instance
  package:flutter/src/services/platform_channel.dart 178:25                         _findBinaryMessenger
  package:flutter/src/services/platform_channel.dart 319:56                         MethodChannel.binaryMessenger
  package:flutter/src/services/platform_channel.dart 359:17                         MethodChannel._invokeMethod
  package:flutter/src/services/platform_channel.dart 539:12                         MethodChannel.invokeMethod
  package:record_platform_interface/src/record_method_channel_mixin.dart 114:26     RecordMethodChannel.dispose
  package:record/src/record.dart 182:23                                             AudioRecorder.dispose.<fn>
  ===== asynchronous gap ===========================
  dart:async                                                                        _CustomZone.registerBinaryCallback
  package:record/src/record.dart 286:5                                              AudioRecorder._safeCall
  package:record/src/record.dart 171:12                                             AudioRecorder.dispose
  package:steps_recovery_flutter/core/services/voice_recording_service.dart 227:20  VoiceRecordingService.dispose
  test\voice_recording_service_test.dart 13:15                                      main.<fn>.<fn>
  
00:39 +197 -47: C:/Users/H/Steps-to-recovery-flutter/test/voice_recording_service_test.dart: VoiceRecordingService Error Handling startListening without initialization handles gracefully
[38;5;196mΓöîΓöÇΓöÇΓöÇΓöÇΓöÇΓöÇΓöÇΓöÇΓöÇΓöÇΓöÇΓöÇΓöÇΓöÇΓöÇΓöÇΓöÇΓöÇΓöÇΓöÇΓöÇΓöÇΓöÇΓöÇΓöÇΓöÇΓöÇΓöÇΓöÇΓöÇΓöÇΓöÇΓöÇΓöÇΓöÇΓöÇΓöÇΓöÇΓöÇΓöÇΓöÇΓöÇΓöÇΓöÇΓöÇΓöÇΓöÇΓöÇΓöÇΓöÇΓöÇΓöÇΓöÇΓöÇΓöÇΓöÇΓöÇΓöÇΓöÇΓöÇΓöÇΓöÇΓöÇΓöÇΓöÇΓöÇΓöÇΓöÇΓöÇΓöÇΓöÇΓöÇΓöÇΓöÇΓöÇΓöÇΓöÇΓöÇΓöÇΓöÇΓöÇΓöÇΓöÇΓöÇΓöÇΓöÇΓöÇΓöÇΓöÇΓöÇΓöÇΓöÇΓöÇΓöÇΓöÇΓöÇΓöÇΓöÇΓöÇΓöÇΓöÇΓöÇΓöÇΓöÇΓöÇΓöÇΓöÇΓöÇΓöÇΓöÇΓöÇΓöÇΓöÇΓöÇΓöÇΓöÇΓöÇΓöÇΓöÇ[0m
[38;5;196mΓöé A VoiceRecordingService was used after being disposed.[0m
[38;5;196mΓöé Once you have called dispose() on a VoiceRecordingService, it can no longer be used.[0m
[38;5;196mΓö£ΓöäΓöäΓöäΓöäΓöäΓöäΓöäΓöäΓöäΓöäΓöäΓöäΓöäΓöäΓöäΓöäΓöäΓöäΓöäΓöäΓöäΓöäΓöäΓöäΓöäΓöäΓöäΓöäΓöäΓöäΓöäΓöäΓöäΓöäΓöäΓöäΓöäΓöäΓöäΓöäΓöäΓöäΓöäΓöäΓöäΓöäΓöäΓöäΓöäΓöäΓöäΓöäΓöäΓöäΓöäΓöäΓöäΓöäΓöäΓöäΓöäΓöäΓöäΓöäΓöäΓöäΓöäΓöäΓöäΓöäΓöäΓöäΓöäΓöäΓöäΓöäΓöäΓöäΓöäΓöäΓöäΓöäΓöäΓöäΓöäΓöäΓöäΓöäΓöäΓöäΓöäΓöäΓöäΓöäΓöäΓöäΓöäΓöäΓöäΓöäΓöäΓöäΓöäΓöäΓöäΓöäΓöäΓöäΓöäΓöäΓöäΓöäΓöäΓöäΓöäΓöäΓöäΓöäΓöä[0m
[38;5;196mΓöé #0   ChangeNotifier.debugAssertNotDisposed.<anonymous closure> (package:flutter/src/foundation/change_notifier.dart:182:9)[0m
[38;5;196mΓöé #1   ChangeNotifier.debugAssertNotDisposed (package:flutter/src/foundation/change_notifier.dart:189:6)[0m
[38;5;196mΓöé #2   ChangeNotifier.notifyListeners (package:flutter/src/foundation/change_notifier.dart:411:27)[0m
[38;5;196mΓöé #3   VoiceRecordingService.startListening (package:steps_recovery_flutter/core/services/voice_recording_service.dart:79:7)[0m
[38;5;196mΓöé #4   main.<anonymous closure>.<anonymous closure>.<anonymous closure> (file:///C:/Users/H/Steps-to-recovery-flutter/test/voice_recording_service_test.dart:120:25)[0m
[38;5;196mΓöé #5   Declarer.test.<anonymous closure>.<anonymous closure> (package:test_api/src/backend/declarer.dart:253:25)[0m
[38;5;196mΓöé #6   <asynchronous suspension>[0m
[38;5;196mΓöé #7   Declarer.test.<anonymous closure> (package:test_api/src/backend/declarer.dart:250:11)[0m
[38;5;196mΓö£ΓöäΓöäΓöäΓöäΓöäΓöäΓöäΓöäΓöäΓöäΓöäΓöäΓöäΓöäΓöäΓöäΓöäΓöäΓöäΓöäΓöäΓöäΓöäΓöäΓöäΓöäΓöäΓöäΓöäΓöäΓöäΓöäΓöäΓöäΓöäΓöäΓöäΓöäΓöäΓöäΓöäΓöäΓöäΓöäΓöäΓöäΓöäΓöäΓöäΓöäΓöäΓöäΓöäΓöäΓöäΓöäΓöäΓöäΓöäΓöäΓöäΓöäΓöäΓöäΓöäΓöäΓöäΓöäΓöäΓöäΓöäΓöäΓöäΓöäΓöäΓöäΓöäΓöäΓöäΓöäΓöäΓöäΓöäΓöäΓöäΓöäΓöäΓöäΓöäΓöäΓöäΓöäΓöäΓöäΓöäΓöäΓöäΓöäΓöäΓöäΓöäΓöäΓöäΓöäΓöäΓöäΓöäΓöäΓöäΓöäΓöäΓöäΓöäΓöäΓöäΓöäΓöäΓöäΓöä[0m
[38;5;196mΓöé 11:20:53.883 (+0:00:00.294694)[0m
[38;5;196mΓö£ΓöäΓöäΓöäΓöäΓöäΓöäΓöäΓöäΓöäΓöäΓöäΓöäΓöäΓöäΓöäΓöäΓöäΓöäΓöäΓöäΓöäΓöäΓöäΓöäΓöäΓöäΓöäΓöäΓöäΓöäΓöäΓöäΓöäΓöäΓöäΓöäΓöäΓöäΓöäΓöäΓöäΓöäΓöäΓöäΓöäΓöäΓöäΓöäΓöäΓöäΓöäΓöäΓöäΓöäΓöäΓöäΓöäΓöäΓöäΓöäΓöäΓöäΓöäΓöäΓöäΓöäΓöäΓöäΓöäΓöäΓöäΓöäΓöäΓöäΓöäΓöäΓöäΓöäΓöäΓöäΓöäΓöäΓöäΓöäΓöäΓöäΓöäΓöäΓöäΓöäΓöäΓöäΓöäΓöäΓöäΓöäΓöäΓöäΓöäΓöäΓöäΓöäΓöäΓöäΓöäΓöäΓöäΓöäΓöäΓöäΓöäΓöäΓöäΓöäΓöäΓöäΓöäΓöäΓöä[0m
[38;5;196mΓöé Γ¢ö Failed to start listening[0m
[38;5;196mΓööΓöÇΓöÇΓöÇΓöÇΓöÇΓöÇΓöÇΓöÇΓöÇΓöÇΓöÇΓöÇΓöÇΓöÇΓöÇΓöÇΓöÇΓöÇΓöÇΓöÇΓöÇΓöÇΓöÇΓöÇΓöÇΓöÇΓöÇΓöÇΓöÇΓöÇΓöÇΓöÇΓöÇΓöÇΓöÇΓöÇΓöÇΓöÇΓöÇΓöÇΓöÇΓöÇΓöÇΓöÇΓöÇΓöÇΓöÇΓöÇΓöÇΓöÇΓöÇΓöÇΓöÇΓöÇΓöÇΓöÇΓöÇΓöÇΓöÇΓöÇΓöÇΓöÇΓöÇΓöÇΓöÇΓöÇΓöÇΓöÇΓöÇΓöÇΓöÇΓöÇΓöÇΓöÇΓöÇΓöÇΓöÇΓöÇΓöÇΓöÇΓöÇΓöÇΓöÇΓöÇΓöÇΓöÇΓöÇΓöÇΓöÇΓöÇΓöÇΓöÇΓöÇΓöÇΓöÇΓöÇΓöÇΓöÇΓöÇΓöÇΓöÇΓöÇΓöÇΓöÇΓöÇΓöÇΓöÇΓöÇΓöÇΓöÇΓöÇΓöÇΓöÇΓöÇΓöÇΓöÇΓöÇΓöÇΓöÇ[0m
00:39 +197 -48: C:/Users/H/Steps-to-recovery-flutter/test/grounding_exercises_screen_test.dart: Navigation back button returns to list
00:39 +197 -48: C:/Users/H/Steps-to-recovery-flutter/test/voice_recording_service_test.dart: VoiceRecordingService Error Handling startListening without initialization handles gracefully [E]
  A VoiceRecordingService was used after being disposed.
  Once you have called dispose() on a VoiceRecordingService, it can no longer be used.
  package:flutter/src/foundation/change_notifier.dart 182:9                         ChangeNotifier.debugAssertNotDisposed.<fn>
  package:flutter/src/foundation/change_notifier.dart 189:6                         ChangeNotifier.debugAssertNotDisposed
  package:flutter/src/foundation/change_notifier.dart 374:27                        ChangeNotifier.dispose
  package:steps_recovery_flutter/core/services/voice_recording_service.dart 228:11  VoiceRecordingService.dispose
  test\voice_recording_service_test.dart 13:15                                      main.<fn>.<fn>
  
  Binding has not yet been initialized.
  The "instance" getter on the ServicesBinding binding mixin is only available once that binding has been initialized.
  Typically, this is done by calling "WidgetsFlutterBinding.ensureInitialized()" or "runApp()" (the latter calls the former). Typically this call is done in the "void main()" method. The "ensureInitialized" method is idempotent; calling it multiple times is not harmful. After calling that method, the "instance" getter will return the binding.
  In a test, one can call "TestWidgetsFlutterBinding.ensureInitialized()" as the first line in the test's "main()" method to initialize the binding.
  If ServicesBinding is a custom binding mixin, there must also be a custom binding class, like WidgetsFlutterBinding, but that mixes in the selected binding, and that is the class that must be constructed before using the "instance" getter.
  package:flutter/src/foundation/binding.dart 314:9                                 BindingBase.checkInstance.<fn>
  package:flutter/src/foundation/binding.dart 401:6                                 BindingBase.checkInstance
  package:flutter/src/services/binding.dart 73:54                                   ServicesBinding.instance
  package:flutter/src/services/platform_channel.dart 178:25                         _findBinaryMessenger
  package:flutter/src/services/platform_channel.dart 319:56                         MethodChannel.binaryMessenger
  package:flutter/src/services/platform_channel.dart 359:17                         MethodChannel._invokeMethod
  package:flutter/src/services/platform_channel.dart 539:12                         MethodChannel.invokeMethod
  package:record_platform_interface/src/record_method_channel_mixin.dart 114:26     RecordMethodChannel.dispose
  package:record/src/record.dart 182:23                                             AudioRecorder.dispose.<fn>
  ===== asynchronous gap ===========================
  dart:async                                                                        _CustomZone.registerBinaryCallback
  package:record/src/record.dart 286:5                                              AudioRecorder._safeCall
  package:record/src/record.dart 171:12                                             AudioRecorder.dispose
  package:steps_recovery_flutter/core/services/voice_recording_service.dart 227:20  VoiceRecordingService.dispose
  test\voice_recording_service_test.dart 13:15                                      main.<fn>.<fn>
  
00:39 +197 -48: C:/Users/H/Steps-to-recovery-flutter/test/voice_recording_service_test.dart: VoiceRecordingService Error Handling stopRecording when not recording returns null
[38;5;196mΓöîΓöÇΓöÇΓöÇΓöÇΓöÇΓöÇΓöÇΓöÇΓöÇΓöÇΓöÇΓöÇΓöÇΓöÇΓöÇΓöÇΓöÇΓöÇΓöÇΓöÇΓöÇΓöÇΓöÇΓöÇΓöÇΓöÇΓöÇΓöÇΓöÇΓöÇΓöÇΓöÇΓöÇΓöÇΓöÇΓöÇΓöÇΓöÇΓöÇΓöÇΓöÇΓöÇΓöÇΓöÇΓöÇΓöÇΓöÇΓöÇΓöÇΓöÇΓöÇΓöÇΓöÇΓöÇΓöÇΓöÇΓöÇΓöÇΓöÇΓöÇΓöÇΓöÇΓöÇΓöÇΓöÇΓöÇΓöÇΓöÇΓöÇΓöÇΓöÇΓöÇΓöÇΓöÇΓöÇΓöÇΓöÇΓöÇΓöÇΓöÇΓöÇΓöÇΓöÇΓöÇΓöÇΓöÇΓöÇΓöÇΓöÇΓöÇΓöÇΓöÇΓöÇΓöÇΓöÇΓöÇΓöÇΓöÇΓöÇΓöÇΓöÇΓöÇΓöÇΓöÇΓöÇΓöÇΓöÇΓöÇΓöÇΓöÇΓöÇΓöÇΓöÇΓöÇΓöÇΓöÇΓöÇΓöÇΓöÇ[0m
[38;5;196mΓöé A VoiceRecordingService was used after being disposed.[0m
[38;5;196mΓöé Once you have called dispose() on a VoiceRecordingService, it can no longer be used.[0m
[38;5;196mΓö£ΓöäΓöäΓöäΓöäΓöäΓöäΓöäΓöäΓöäΓöäΓöäΓöäΓöäΓöäΓöäΓöäΓöäΓöäΓöäΓöäΓöäΓöäΓöäΓöäΓöäΓöäΓöäΓöäΓöäΓöäΓöäΓöäΓöäΓöäΓöäΓöäΓöäΓöäΓöäΓöäΓöäΓöäΓöäΓöäΓöäΓöäΓöäΓöäΓöäΓöäΓöäΓöäΓöäΓöäΓöäΓöäΓöäΓöäΓöäΓöäΓöäΓöäΓöäΓöäΓöäΓöäΓöäΓöäΓöäΓöäΓöäΓöäΓöäΓöäΓöäΓöäΓöäΓöäΓöäΓöäΓöäΓöäΓöäΓöäΓöäΓöäΓöäΓöäΓöäΓöäΓöäΓöäΓöäΓöäΓöäΓöäΓöäΓöäΓöäΓöäΓöäΓöäΓöäΓöäΓöäΓöäΓöäΓöäΓöäΓöäΓöäΓöäΓöäΓöäΓöäΓöäΓöäΓöäΓöä[0m
[38;5;196mΓöé #0   ChangeNotifier.debugAssertNotDisposed.<anonymous closure> (package:flutter/src/foundation/change_notifier.dart:182:9)[0m
[38;5;196mΓöé #1   ChangeNotifier.debugAssertNotDisposed (package:flutter/src/foundation/change_notifier.dart:189:6)[0m
[38;5;196mΓöé #2   ChangeNotifier.notifyListeners (package:flutter/src/foundation/change_notifier.dart:411:27)[0m
[38;5;196mΓöé #3   VoiceRecordingService.stopRecording (package:steps_recovery_flutter/core/services/voice_recording_service.dart:190:7)[0m
[38;5;196mΓöé #4   main.<anonymous closure>.<anonymous closure>.<anonymous closure> (file:///C:/Users/H/Steps-to-recovery-flutter/test/voice_recording_service_test.dart:128:36)[0m
[38;5;196mΓöé #5   Declarer.test.<anonymous closure>.<anonymous closure> (package:test_api/src/backend/declarer.dart:253:25)[0m
[38;5;196mΓöé #6   <asynchronous suspension>[0m
[38;5;196mΓöé #7   Declarer.test.<anonymous closure> (package:test_api/src/backend/declarer.dart:250:11)[0m
[38;5;196mΓö£ΓöäΓöäΓöäΓöäΓöäΓöäΓöäΓöäΓöäΓöäΓöäΓöäΓöäΓöäΓöäΓöäΓöäΓöäΓöäΓöäΓöäΓöäΓöäΓöäΓöäΓöäΓöäΓöäΓöäΓöäΓöäΓöäΓöäΓöäΓöäΓöäΓöäΓöäΓöäΓöäΓöäΓöäΓöäΓöäΓöäΓöäΓöäΓöäΓöäΓöäΓöäΓöäΓöäΓöäΓöäΓöäΓöäΓöäΓöäΓöäΓöäΓöäΓöäΓöäΓöäΓöäΓöäΓöäΓöäΓöäΓöäΓöäΓöäΓöäΓöäΓöäΓöäΓöäΓöäΓöäΓöäΓöäΓöäΓöäΓöäΓöäΓöäΓöäΓöäΓöäΓöäΓöäΓöäΓöäΓöäΓöäΓöäΓöäΓöäΓöäΓöäΓöäΓöäΓöäΓöäΓöäΓöäΓöäΓöäΓöäΓöäΓöäΓöäΓöäΓöäΓöäΓöäΓöäΓöä[0m
[38;5;196mΓöé 11:20:53.900 (+0:00:00.311242)[0m
[38;5;196mΓö£ΓöäΓöäΓöäΓöäΓöäΓöäΓöäΓöäΓöäΓöäΓöäΓöäΓöäΓöäΓöäΓöäΓöäΓöäΓöäΓöäΓöäΓöäΓöäΓöäΓöäΓöäΓöäΓöäΓöäΓöäΓöäΓöäΓöäΓöäΓöäΓöäΓöäΓöäΓöäΓöäΓöäΓöäΓöäΓöäΓöäΓöäΓöäΓöäΓöäΓöäΓöäΓöäΓöäΓöäΓöäΓöäΓöäΓöäΓöäΓöäΓöäΓöäΓöäΓöäΓöäΓöäΓöäΓöäΓöäΓöäΓöäΓöäΓöäΓöäΓöäΓöäΓöäΓöäΓöäΓöäΓöäΓöäΓöäΓöäΓöäΓöäΓöäΓöäΓöäΓöäΓöäΓöäΓöäΓöäΓöäΓöäΓöäΓöäΓöäΓöäΓöäΓöäΓöäΓöäΓöäΓöäΓöäΓöäΓöäΓöäΓöäΓöäΓöäΓöäΓöäΓöäΓöäΓöäΓöä[0m
[38;5;196mΓöé Γ¢ö Failed to stop recording[0m
[38;5;196mΓööΓöÇΓöÇΓöÇΓöÇΓöÇΓöÇΓöÇΓöÇΓöÇΓöÇΓöÇΓöÇΓöÇΓöÇΓöÇΓöÇΓöÇΓöÇΓöÇΓöÇΓöÇΓöÇΓöÇΓöÇΓöÇΓöÇΓöÇΓöÇΓöÇΓöÇΓöÇΓöÇΓöÇΓöÇΓöÇΓöÇΓöÇΓöÇΓöÇΓöÇΓöÇΓöÇΓöÇΓöÇΓöÇΓöÇΓöÇΓöÇΓöÇΓöÇΓöÇΓöÇΓöÇΓöÇΓöÇΓöÇΓöÇΓöÇΓöÇΓöÇΓöÇΓöÇΓöÇΓöÇΓöÇΓöÇΓöÇΓöÇΓöÇΓöÇΓöÇΓöÇΓöÇΓöÇΓöÇΓöÇΓöÇΓöÇΓöÇΓöÇΓöÇΓöÇΓöÇΓöÇΓöÇΓöÇΓöÇΓöÇΓöÇΓöÇΓöÇΓöÇΓöÇΓöÇΓöÇΓöÇΓöÇΓöÇΓöÇΓöÇΓöÇΓöÇΓöÇΓöÇΓöÇΓöÇΓöÇΓöÇΓöÇΓöÇΓöÇΓöÇΓöÇΓöÇΓöÇΓöÇΓöÇΓöÇΓöÇ[0m
00:39 +197 -49: C:/Users/H/Steps-to-recovery-flutter/test/grounding_exercises_screen_test.dart: Navigation back button returns to list
00:39 +197 -49: C:/Users/H/Steps-to-recovery-flutter/test/voice_recording_service_test.dart: VoiceRecordingService Error Handling stopRecording when not recording returns null [E]
  A VoiceRecordingService was used after being disposed.
  Once you have called dispose() on a VoiceRecordingService, it can no longer be used.
  package:flutter/src/foundation/change_notifier.dart 182:9                        ChangeNotifier.debugAssertNotDisposed.<fn>
  package:flutter/src/foundation/change_notifier.dart 189:6                        ChangeNotifier.debugAssertNotDisposed
  package:flutter/src/foundation/change_notifier.dart 411:27                       ChangeNotifier.notifyListeners
  package:steps_recovery_flutter/core/services/voice_recording_service.dart 198:7  VoiceRecordingService.stopRecording
  test\voice_recording_service_test.dart 128:36                                    main.<fn>.<fn>.<fn>
  
  A VoiceRecordingService was used after being disposed.
  Once you have called dispose() on a VoiceRecordingService, it can no longer be used.
  package:flutter/src/foundation/change_notifier.dart 182:9                         ChangeNotifier.debugAssertNotDisposed.<fn>
  package:flutter/src/foundation/change_notifier.dart 189:6                         ChangeNotifier.debugAssertNotDisposed
  package:flutter/src/foundation/change_notifier.dart 374:27                        ChangeNotifier.dispose
  package:steps_recovery_flutter/core/services/voice_recording_service.dart 228:11  VoiceRecordingService.dispose
  test\voice_recording_service_test.dart 13:15                                      main.<fn>.<fn>
  
  Binding has not yet been initialized.
  The "instance" getter on the ServicesBinding binding mixin is only available once that binding has been initialized.
  Typically, this is done by calling "WidgetsFlutterBinding.ensureInitialized()" or "runApp()" (the latter calls the former). Typically this call is done in the "void main()" method. The "ensureInitialized" method is idempotent; calling it multiple times is not harmful. After calling that method, the "instance" getter will return the binding.
  In a test, one can call "TestWidgetsFlutterBinding.ensureInitialized()" as the first line in the test's "main()" method to initialize the binding.
  If ServicesBinding is a custom binding mixin, there must also be a custom binding class, like WidgetsFlutterBinding, but that mixes in the selected binding, and that is the class that must be constructed before using the "instance" getter.
  package:flutter/src/foundation/binding.dart 314:9                                 BindingBase.checkInstance.<fn>
  package:flutter/src/foundation/binding.dart 401:6                                 BindingBase.checkInstance
  package:flutter/src/services/binding.dart 73:54                                   ServicesBinding.instance
  package:flutter/src/services/platform_channel.dart 178:25                         _findBinaryMessenger
  package:flutter/src/services/platform_channel.dart 319:56                         MethodChannel.binaryMessenger
  package:flutter/src/services/platform_channel.dart 359:17                         MethodChannel._invokeMethod
  package:flutter/src/services/platform_channel.dart 539:12                         MethodChannel.invokeMethod
  package:record_platform_interface/src/record_method_channel_mixin.dart 114:26     RecordMethodChannel.dispose
  package:record/src/record.dart 182:23                                             AudioRecorder.dispose.<fn>
  ===== asynchronous gap ===========================
  dart:async                                                                        _CustomZone.registerBinaryCallback
  package:record/src/record.dart 286:5                                              AudioRecorder._safeCall
  package:record/src/record.dart 171:12                                             AudioRecorder.dispose
  package:steps_recovery_flutter/core/services/voice_recording_service.dart 227:20  VoiceRecordingService.dispose
  test\voice_recording_service_test.dart 13:15                                      main.<fn>.<fn>
  
00:39 +197 -49: C:/Users/H/Steps-to-recovery-flutter/test/voice_recording_service_test.dart: VoiceRecordingService Error Handling cancelRecording when not recording does not throw
[38;5;196mΓöîΓöÇΓöÇΓöÇΓöÇΓöÇΓöÇΓöÇΓöÇΓöÇΓöÇΓöÇΓöÇΓöÇΓöÇΓöÇΓöÇΓöÇΓöÇΓöÇΓöÇΓöÇΓöÇΓöÇΓöÇΓöÇΓöÇΓöÇΓöÇΓöÇΓöÇΓöÇΓöÇΓöÇΓöÇΓöÇΓöÇΓöÇΓöÇΓöÇΓöÇΓöÇΓöÇΓöÇΓöÇΓöÇΓöÇΓöÇΓöÇΓöÇΓöÇΓöÇΓöÇΓöÇΓöÇΓöÇΓöÇΓöÇΓöÇΓöÇΓöÇΓöÇΓöÇΓöÇΓöÇΓöÇΓöÇΓöÇΓöÇΓöÇΓöÇΓöÇΓöÇΓöÇΓöÇΓöÇΓöÇΓöÇΓöÇΓöÇΓöÇΓöÇΓöÇΓöÇΓöÇΓöÇΓöÇΓöÇΓöÇΓöÇΓöÇΓöÇΓöÇΓöÇΓöÇΓöÇΓöÇΓöÇΓöÇΓöÇΓöÇΓöÇΓöÇΓöÇΓöÇΓöÇΓöÇΓöÇΓöÇΓöÇΓöÇΓöÇΓöÇΓöÇΓöÇΓöÇΓöÇΓöÇΓöÇΓöÇ[0m
[38;5;196mΓöé Binding has not yet been initialized.[0m
[38;5;196mΓöé The "instance" getter on the ServicesBinding binding mixin is only available once that binding has been initialized.[0m
[38;5;196mΓöé Typically, this is done by calling "WidgetsFlutterBinding.ensureInitialized()" or "runApp()" (the latter calls the former). Typically this call is done in the "void main()" method. The "ensureInitialized" method is idempotent; calling it multiple times is not harmful. After calling that method, the "instance" getter will return the binding.[0m
[38;5;196mΓöé In a test, one can call "TestWidgetsFlutterBinding.ensureInitialized()" as the first line in the test's "main()" method to initialize the binding.[0m
[38;5;196mΓöé If ServicesBinding is a custom binding mixin, there must also be a custom binding class, like WidgetsFlutterBinding, but that mixes in the selected binding, and that is the class that must be constructed before using the "instance" getter.[0m
[38;5;196mΓö£ΓöäΓöäΓöäΓöäΓöäΓöäΓöäΓöäΓöäΓöäΓöäΓöäΓöäΓöäΓöäΓöäΓöäΓöäΓöäΓöäΓöäΓöäΓöäΓöäΓöäΓöäΓöäΓöäΓöäΓöäΓöäΓöäΓöäΓöäΓöäΓöäΓöäΓöäΓöäΓöäΓöäΓöäΓöäΓöäΓöäΓöäΓöäΓöäΓöäΓöäΓöäΓöäΓöäΓöäΓöäΓöäΓöäΓöäΓöäΓöäΓöäΓöäΓöäΓöäΓöäΓöäΓöäΓöäΓöäΓöäΓöäΓöäΓöäΓöäΓöäΓöäΓöäΓöäΓöäΓöäΓöäΓöäΓöäΓöäΓöäΓöäΓöäΓöäΓöäΓöäΓöäΓöäΓöäΓöäΓöäΓöäΓöäΓöäΓöäΓöäΓöäΓöäΓöäΓöäΓöäΓöäΓöäΓöäΓöäΓöäΓöäΓöäΓöäΓöäΓöäΓöäΓöäΓöäΓöä[0m
[38;5;196mΓöé #0   BindingBase.checkInstance.<anonymous closure> (package:flutter/src/foundation/binding.dart:314:9)[0m
[38;5;196mΓöé #1   BindingBase.checkInstance (package:flutter/src/foundation/binding.dart:401:6)[0m
[38;5;196mΓöé #2   ServicesBinding.instance (package:flutter/src/services/binding.dart:73:54)[0m
[38;5;196mΓöé #3   _findBinaryMessenger (package:flutter/src/services/platform_channel.dart:178:25)[0m
[38;5;196mΓöé #4   MethodChannel.binaryMessenger (package:flutter/src/services/platform_channel.dart:319:56)[0m
[38;5;196mΓöé #5   MethodChannel._invokeMethod (package:flutter/src/services/platform_channel.dart:359:17)[0m
[38;5;196mΓöé #6   MethodChannel.invokeMethod (package:flutter/src/services/platform_channel.dart:539:12)[0m
[38;5;196mΓöé #7   RecordMethodChannel.stop (package:record_platform_interface/src/record_method_channel_mixin.dart:96:45)[0m
[38;5;196mΓö£ΓöäΓöäΓöäΓöäΓöäΓöäΓöäΓöäΓöäΓöäΓöäΓöäΓöäΓöäΓöäΓöäΓöäΓöäΓöäΓöäΓöäΓöäΓöäΓöäΓöäΓöäΓöäΓöäΓöäΓöäΓöäΓöäΓöäΓöäΓöäΓöäΓöäΓöäΓöäΓöäΓöäΓöäΓöäΓöäΓöäΓöäΓöäΓöäΓöäΓöäΓöäΓöäΓöäΓöäΓöäΓöäΓöäΓöäΓöäΓöäΓöäΓöäΓöäΓöäΓöäΓöäΓöäΓöäΓöäΓöäΓöäΓöäΓöäΓöäΓöäΓöäΓöäΓöäΓöäΓöäΓöäΓöäΓöäΓöäΓöäΓöäΓöäΓöäΓöäΓöäΓöäΓöäΓöäΓöäΓöäΓöäΓöäΓöäΓöäΓöäΓöäΓöäΓöäΓöäΓöäΓöäΓöäΓöäΓöäΓöäΓöäΓöäΓöäΓöäΓöäΓöäΓöäΓöäΓöä[0m
[38;5;196mΓöé 11:20:53.919 (+0:00:00.330842)[0m
[38;5;196mΓö£ΓöäΓöäΓöäΓöäΓöäΓöäΓöäΓöäΓöäΓöäΓöäΓöäΓöäΓöäΓöäΓöäΓöäΓöäΓöäΓöäΓöäΓöäΓöäΓöäΓöäΓöäΓöäΓöäΓöäΓöäΓöäΓöäΓöäΓöäΓöäΓöäΓöäΓöäΓöäΓöäΓöäΓöäΓöäΓöäΓöäΓöäΓöäΓöäΓöäΓöäΓöäΓöäΓöäΓöäΓöäΓöäΓöäΓöäΓöäΓöäΓöäΓöäΓöäΓöäΓöäΓöäΓöäΓöäΓöäΓöäΓöäΓöäΓöäΓöäΓöäΓöäΓöäΓöäΓöäΓöäΓöäΓöäΓöäΓöäΓöäΓöäΓöäΓöäΓöäΓöäΓöäΓöäΓöäΓöäΓöäΓöäΓöäΓöäΓöäΓöäΓöäΓöäΓöäΓöäΓöäΓöäΓöäΓöäΓöäΓöäΓöäΓöäΓöäΓöäΓöäΓöäΓöäΓöäΓöä[0m
[38;5;196mΓöé Γ¢ö Failed to cancel recording[0m
[38;5;196mΓööΓöÇΓöÇΓöÇΓöÇΓöÇΓöÇΓöÇΓöÇΓöÇΓöÇΓöÇΓöÇΓöÇΓöÇΓöÇΓöÇΓöÇΓöÇΓöÇΓöÇΓöÇΓöÇΓöÇΓöÇΓöÇΓöÇΓöÇΓöÇΓöÇΓöÇΓöÇΓöÇΓöÇΓöÇΓöÇΓöÇΓöÇΓöÇΓöÇΓöÇΓöÇΓöÇΓöÇΓöÇΓöÇΓöÇΓöÇΓöÇΓöÇΓöÇΓöÇΓöÇΓöÇΓöÇΓöÇΓöÇΓöÇΓöÇΓöÇΓöÇΓöÇΓöÇΓöÇΓöÇΓöÇΓöÇΓöÇΓöÇΓöÇΓöÇΓöÇΓöÇΓöÇΓöÇΓöÇΓöÇΓöÇΓöÇΓöÇΓöÇΓöÇΓöÇΓöÇΓöÇΓöÇΓöÇΓöÇΓöÇΓöÇΓöÇΓöÇΓöÇΓöÇΓöÇΓöÇΓöÇΓöÇΓöÇΓöÇΓöÇΓöÇΓöÇΓöÇΓöÇΓöÇΓöÇΓöÇΓöÇΓöÇΓöÇΓöÇΓöÇΓöÇΓöÇΓöÇΓöÇΓöÇΓöÇΓöÇ[0m
00:39 +197 -50: C:/Users/H/Steps-to-recovery-flutter/test/grounding_exercises_screen_test.dart: Navigation back button returns to list
00:39 +197 -50: C:/Users/H/Steps-to-recovery-flutter/test/voice_recording_service_test.dart: VoiceRecordingService Error Handling cancelRecording when not recording does not throw [E]
  A VoiceRecordingService was used after being disposed.
  Once you have called dispose() on a VoiceRecordingService, it can no longer be used.
  package:flutter/src/foundation/change_notifier.dart 182:9                         ChangeNotifier.debugAssertNotDisposed.<fn>
  package:flutter/src/foundation/change_notifier.dart 189:6                         ChangeNotifier.debugAssertNotDisposed
  package:flutter/src/foundation/change_notifier.dart 374:27                        ChangeNotifier.dispose
  package:steps_recovery_flutter/core/services/voice_recording_service.dart 228:11  VoiceRecordingService.dispose
  test\voice_recording_service_test.dart 13:15                                      main.<fn>.<fn>
  
  Binding has not yet been initialized.
  The "instance" getter on the ServicesBinding binding mixin is only available once that binding has been initialized.
  Typically, this is done by calling "WidgetsFlutterBinding.ensureInitialized()" or "runApp()" (the latter calls the former). Typically this call is done in the "void main()" method. The "ensureInitialized" method is idempotent; calling it multiple times is not harmful. After calling that method, the "instance" getter will return the binding.
  In a test, one can call "TestWidgetsFlutterBinding.ensureInitialized()" as the first line in the test's "main()" method to initialize the binding.
  If ServicesBinding is a custom binding mixin, there must also be a custom binding class, like WidgetsFlutterBinding, but that mixes in the selected binding, and that is the class that must be constructed before using the "instance" getter.
  package:flutter/src/foundation/binding.dart 314:9                                 BindingBase.checkInstance.<fn>
  package:flutter/src/foundation/binding.dart 401:6                                 BindingBase.checkInstance
  package:flutter/src/services/binding.dart 73:54                                   ServicesBinding.instance
  package:flutter/src/services/platform_channel.dart 178:25                         _findBinaryMessenger
  package:flutter/src/services/platform_channel.dart 319:56                         MethodChannel.binaryMessenger
  package:flutter/src/services/platform_channel.dart 359:17                         MethodChannel._invokeMethod
  package:flutter/src/services/platform_channel.dart 539:12                         MethodChannel.invokeMethod
  package:record_platform_interface/src/record_method_channel_mixin.dart 114:26     RecordMethodChannel.dispose
  package:record/src/record.dart 182:23                                             AudioRecorder.dispose.<fn>
  ===== asynchronous gap ===========================
  dart:async                                                                        _CustomZone.registerBinaryCallback
  package:record/src/record.dart 286:5                                              AudioRecorder._safeCall
  package:record/src/record.dart 171:12                                             AudioRecorder.dispose
  package:steps_recovery_flutter/core/services/voice_recording_service.dart 227:20  VoiceRecordingService.dispose
  test\voice_recording_service_test.dart 13:15                                      main.<fn>.<fn>
  
00:39 +197 -51: C:/Users/H/Steps-to-recovery-flutter/test/grounding_exercises_screen_test.dart: Navigation back button returns to list
00:39 +197 -51: C:/Users/H/Steps-to-recovery-flutter/test/voice_recording_service_test.dart: VoiceRecordingService Service Lifecycle dispose cleans up resources [E]
  A VoiceRecordingService was used after being disposed.
  Once you have called dispose() on a VoiceRecordingService, it can no longer be used.
  package:flutter/src/foundation/change_notifier.dart 182:9                         ChangeNotifier.debugAssertNotDisposed.<fn>
  package:flutter/src/foundation/change_notifier.dart 189:6                         ChangeNotifier.debugAssertNotDisposed
  package:flutter/src/foundation/change_notifier.dart 374:27                        ChangeNotifier.dispose
  package:steps_recovery_flutter/core/services/voice_recording_service.dart 228:11  VoiceRecordingService.dispose
  test\voice_recording_service_test.dart 142:17                                     main.<fn>.<fn>.<fn>
  
  A VoiceRecordingService was used after being disposed.
  Once you have called dispose() on a VoiceRecordingService, it can no longer be used.
  package:flutter/src/foundation/change_notifier.dart 182:9                         ChangeNotifier.debugAssertNotDisposed.<fn>
  package:flutter/src/foundation/change_notifier.dart 189:6                         ChangeNotifier.debugAssertNotDisposed
  package:flutter/src/foundation/change_notifier.dart 374:27                        ChangeNotifier.dispose
  package:steps_recovery_flutter/core/services/voice_recording_service.dart 228:11  VoiceRecordingService.dispose
  test\voice_recording_service_test.dart 13:15                                      main.<fn>.<fn>
  
  Binding has not yet been initialized.
  The "instance" getter on the ServicesBinding binding mixin is only available once that binding has been initialized.
  Typically, this is done by calling "WidgetsFlutterBinding.ensureInitialized()" or "runApp()" (the latter calls the former). Typically this call is done in the "void main()" method. The "ensureInitialized" method is idempotent; calling it multiple times is not harmful. After calling that method, the "instance" getter will return the binding.
  In a test, one can call "TestWidgetsFlutterBinding.ensureInitialized()" as the first line in the test's "main()" method to initialize the binding.
  If ServicesBinding is a custom binding mixin, there must also be a custom binding class, like WidgetsFlutterBinding, but that mixes in the selected binding, and that is the class that must be constructed before using the "instance" getter.
  package:flutter/src/foundation/binding.dart 314:9                                 BindingBase.checkInstance.<fn>
  package:flutter/src/foundation/binding.dart 401:6                                 BindingBase.checkInstance
  package:flutter/src/services/binding.dart 73:54                                   ServicesBinding.instance
  package:flutter/src/services/platform_channel.dart 178:25                         _findBinaryMessenger
  package:flutter/src/services/platform_channel.dart 319:56                         MethodChannel.binaryMessenger
  package:flutter/src/services/platform_channel.dart 359:17                         MethodChannel._invokeMethod
  package:flutter/src/services/platform_channel.dart 539:12                         MethodChannel.invokeMethod
  package:record_platform_interface/src/record_method_channel_mixin.dart 114:26     RecordMethodChannel.dispose
  package:record/src/record.dart 182:23                                             AudioRecorder.dispose.<fn>
  ===== asynchronous gap ===========================
  dart:async                                                                        _CustomZone.registerBinaryCallback
  package:record/src/record.dart 286:5                                              AudioRecorder._safeCall
  package:record/src/record.dart 171:12                                             AudioRecorder.dispose
  package:steps_recovery_flutter/core/services/voice_recording_service.dart 227:20  VoiceRecordingService.dispose
  test\voice_recording_service_test.dart 142:17                                     main.<fn>.<fn>.<fn>
  
  Binding has not yet been initialized.
  The "instance" getter on the ServicesBinding binding mixin is only available once that binding has been initialized.
  Typically, this is done by calling "WidgetsFlutterBinding.ensureInitialized()" or "runApp()" (the latter calls the former). Typically this call is done in the "void main()" method. The "ensureInitialized" method is idempotent; calling it multiple times is not harmful. After calling that method, the "instance" getter will return the binding.
  In a test, one can call "TestWidgetsFlutterBinding.ensureInitialized()" as the first line in the test's "main()" method to initialize the binding.
  If ServicesBinding is a custom binding mixin, there must also be a custom binding class, like WidgetsFlutterBinding, but that mixes in the selected binding, and that is the class that must be constructed before using the "instance" getter.
  package:flutter/src/foundation/binding.dart 314:9                                 BindingBase.checkInstance.<fn>
  package:flutter/src/foundation/binding.dart 401:6                                 BindingBase.checkInstance
  package:flutter/src/services/binding.dart 73:54                                   ServicesBinding.instance
  package:flutter/src/services/platform_channel.dart 178:25                         _findBinaryMessenger
  package:flutter/src/services/platform_channel.dart 319:56                         MethodChannel.binaryMessenger
  package:flutter/src/services/platform_channel.dart 359:17                         MethodChannel._invokeMethod
  package:flutter/src/services/platform_channel.dart 539:12                         MethodChannel.invokeMethod
  package:record_platform_interface/src/record_method_channel_mixin.dart 114:26     RecordMethodChannel.dispose
  package:record/src/record.dart 182:23                                             AudioRecorder.dispose.<fn>
  ===== asynchronous gap ===========================
  dart:async                                                                        _CustomZone.registerBinaryCallback
  package:record/src/record.dart 286:5                                              AudioRecorder._safeCall
  package:record/src/record.dart 171:12                                             AudioRecorder.dispose
  package:steps_recovery_flutter/core/services/voice_recording_service.dart 227:20  VoiceRecordingService.dispose
  test\voice_recording_service_test.dart 13:15                                      main.<fn>.<fn>
  
00:40 +197 -51: C:/Users/H/Steps-to-recovery-flutter/test/grounding_exercises_screen_test.dart: Navigation back button returns to list
ΓòÉΓòÉΓòí EXCEPTION CAUGHT BY FLUTTER TEST FRAMEWORK Γò₧ΓòÉΓòÉΓòÉΓòÉΓòÉΓòÉΓòÉΓòÉΓòÉΓòÉΓòÉΓòÉΓòÉΓòÉΓòÉΓòÉΓòÉΓòÉΓòÉΓòÉΓòÉΓòÉΓòÉΓòÉΓòÉΓòÉΓòÉΓòÉΓòÉΓòÉΓòÉΓòÉΓòÉΓòÉΓòÉΓòÉΓòÉΓòÉΓòÉΓòÉΓòÉΓòÉΓòÉΓòÉΓòÉΓòÉΓòÉΓòÉΓòÉΓòÉΓòÉΓòÉ
The following assertion was thrown running a test:
pumpAndSettle timed out

When the exception was thrown, this was the stack:
#0      WidgetTester.pumpAndSettle.<anonymous closure> (package:flutter_test/src/widget_tester.dart:717:11)
<asynchronous suspension>
#1      TestAsyncUtils.guard.<anonymous closure> (package:flutter_test/src/test_async_utils.dart:130:27)
<asynchronous suspension>
#2      main.<anonymous closure>.<anonymous closure> (file:///C:/Users/H/Steps-to-recovery-flutter/test/grounding_exercises_screen_test.dart:227:7)
<asynchronous suspension>
#3      testWidgets.<anonymous closure>.<anonymous closure> (package:flutter_test/src/widget_tester.dart:192:15)
<asynchronous suspension>
#4      TestWidgetsFlutterBinding._runTestBody (package:flutter_test/src/binding.dart:1682:5)
<asynchronous suspension>
<asynchronous suspension>
(elided one frame from package:stack_trace)

The test description was:
  back button returns to list
ΓòÉΓòÉΓòÉΓòÉΓòÉΓòÉΓòÉΓòÉΓòÉΓòÉΓòÉΓòÉΓòÉΓòÉΓòÉΓòÉΓòÉΓòÉΓòÉΓòÉΓòÉΓòÉΓòÉΓòÉΓòÉΓòÉΓòÉΓòÉΓòÉΓòÉΓòÉΓòÉΓòÉΓòÉΓòÉΓòÉΓòÉΓòÉΓòÉΓòÉΓòÉΓòÉΓòÉΓòÉΓòÉΓòÉΓòÉΓòÉΓòÉΓòÉΓòÉΓòÉΓòÉΓòÉΓòÉΓòÉΓòÉΓòÉΓòÉΓòÉΓòÉΓòÉΓòÉΓòÉΓòÉΓòÉΓòÉΓòÉΓòÉΓòÉΓòÉΓòÉΓòÉΓòÉΓòÉΓòÉΓòÉΓòÉΓòÉΓòÉΓòÉΓòÉΓòÉΓòÉΓòÉΓòÉΓòÉΓòÉΓòÉΓòÉΓòÉΓòÉΓòÉΓòÉΓòÉΓòÉΓòÉΓòÉΓòÉΓòÉ
00:40 +197 -52: C:/Users/H/Steps-to-recovery-flutter/test/grounding_exercises_screen_test.dart: Navigation back button returns to list [E]
  Test failed. See exception logs above.
  The test description was: back button returns to list
  
00:40 +197 -52: C:/Users/H/Steps-to-recovery-flutter/test/widget_test.dart: App boots
ΓòÉΓòÉΓòí EXCEPTION CAUGHT BY FLUTTER TEST FRAMEWORK Γò₧ΓòÉΓòÉΓòÉΓòÉΓòÉΓòÉΓòÉΓòÉΓòÉΓòÉΓòÉΓòÉΓòÉΓòÉΓòÉΓòÉΓòÉΓòÉΓòÉΓòÉΓòÉΓòÉΓòÉΓòÉΓòÉΓòÉΓòÉΓòÉΓòÉΓòÉΓòÉΓòÉΓòÉΓòÉΓòÉΓòÉΓòÉΓòÉΓòÉΓòÉΓòÉΓòÉΓòÉΓòÉΓòÉΓòÉΓòÉΓòÉΓòÉΓòÉΓòÉΓòÉ
The following assertion was thrown running a test:
pumpAndSettle timed out

When the exception was thrown, this was the stack:
#0      WidgetTester.pumpAndSettle.<anonymous closure> (package:flutter_test/src/widget_tester.dart:717:11)
<asynchronous suspension>
#1      TestAsyncUtils.guard.<anonymous closure> (package:flutter_test/src/test_async_utils.dart:130:27)
<asynchronous suspension>
#2      main.<anonymous closure> (file:///C:/Users/H/Steps-to-recovery-flutter/test/widget_test.dart:12:5)
<asynchronous suspension>
#3      testWidgets.<anonymous closure>.<anonymous closure> (package:flutter_test/src/widget_tester.dart:192:15)
<asynchronous suspension>
#4      TestWidgetsFlutterBinding._runTestBody (package:flutter_test/src/binding.dart:1682:5)
<asynchronous suspension>
<asynchronous suspension>
(elided one frame from package:stack_trace)

The test description was:
  App boots
ΓòÉΓòÉΓòÉΓòÉΓòÉΓòÉΓòÉΓòÉΓòÉΓòÉΓòÉΓòÉΓòÉΓòÉΓòÉΓòÉΓòÉΓòÉΓòÉΓòÉΓòÉΓòÉΓòÉΓòÉΓòÉΓòÉΓòÉΓòÉΓòÉΓòÉΓòÉΓòÉΓòÉΓòÉΓòÉΓòÉΓòÉΓòÉΓòÉΓòÉΓòÉΓòÉΓòÉΓòÉΓòÉΓòÉΓòÉΓòÉΓòÉΓòÉΓòÉΓòÉΓòÉΓòÉΓòÉΓòÉΓòÉΓòÉΓòÉΓòÉΓòÉΓòÉΓòÉΓòÉΓòÉΓòÉΓòÉΓòÉΓòÉΓòÉΓòÉΓòÉΓòÉΓòÉΓòÉΓòÉΓòÉΓòÉΓòÉΓòÉΓòÉΓòÉΓòÉΓòÉΓòÉΓòÉΓòÉΓòÉΓòÉΓòÉΓòÉΓòÉΓòÉΓòÉΓòÉΓòÉΓòÉΓòÉΓòÉΓòÉ
00:44 +197 -53: C:/Users/H/Steps-to-recovery-flutter/test/widget_test.dart: App boots [E]
  Test failed. See exception logs above.
  The test description was: App boots
  
00:44 +197 -53: Some tests failed.
